Java HotSpot(TM) 64-Bit Server VM (25.144-b01) for bsd-amd64 JRE (1.8.0_144-b01), built on Jul 21 2017 22:07:42 by "java_re" with gcc 4.2.1 (Based on Apple Inc. build 5658) (LLVM build 2336.11.00)
Memory: 4k page, physical 16777216k(1771000k free)

/proc/meminfo:

CommandLine flags: -XX:CMSInitiatingOccupancyFraction=50 -XX:CMSMaxAbortablePrecleanTime=6000 -XX:+CMSParallelRemarkEnabled -XX:+CMSScavengeBeforeRemark -XX:ConcGCThreads=4 -XX:GCLogFileSize=20971520 -XX:InitialHeapSize=536870912 -XX:MaxHeapSize=536870912 -XX:MaxTenuringThreshold=8 -XX:NewRatio=3 -XX:NumberOfGCLogFiles=9 -XX:OldPLABSize=16 -XX:-OmitStackTraceInFastThrow -XX:OnOutOfMemoryError=/Users/jakublemiszewski/Desktop/LuceneSolrTutorial/solr-7.2.0/bin/oom_solr.sh 8983 /Users/jakublemiszewski/Desktop/LuceneSolrTutorial/solr-7.2.0/example/cloud/node1/solr/../logs -XX:ParallelGCThreads=4 -XX:+ParallelRefProcEnabled -XX:PretenureSizeThreshold=67108864 -XX:+PrintGC -XX:+PrintGCApplicationStoppedTime -XX:+PrintGCDateStamps -XX:+PrintGCDetails -XX:+PrintGCTimeStamps -XX:+PrintHeapAtGC -XX:+PrintTenuringDistribution -XX:SurvivorRatio=4 -XX:TargetSurvivorRatio=90 -XX:ThreadStackSize=256 -XX:+UseCMSInitiatingOccupancyOnly -XX:+UseCompressedClassPointers -XX:+UseCompressedOops -XX:+UseConcMarkSweepGC -XX:+UseGCLogFileRotation -XX:+UseParNewGC 
2018-01-08T10:32:47.379-0100: 0.147: Total time for which application threads were stopped: 0.0000801 seconds, Stopping threads took: 0.0000103 seconds
2018-01-08T10:32:47.453-0100: 0.221: Total time for which application threads were stopped: 0.0000905 seconds, Stopping threads took: 0.0000091 seconds
2018-01-08T10:32:47.793-0100: 0.560: Total time for which application threads were stopped: 0.0001712 seconds, Stopping threads took: 0.0000117 seconds
2018-01-08T10:32:47.899-0100: 0.667: Total time for which application threads were stopped: 0.0001864 seconds, Stopping threads took: 0.0000127 seconds
2018-01-08T10:32:47.915-0100: 0.683: Total time for which application threads were stopped: 0.0002204 seconds, Stopping threads took: 0.0000212 seconds
2018-01-08T10:32:48.109-0100: 0.877: Total time for which application threads were stopped: 0.0001903 seconds, Stopping threads took: 0.0000110 seconds
2018-01-08T10:32:48.136-0100: 0.904: Total time for which application threads were stopped: 0.0002049 seconds, Stopping threads took: 0.0000128 seconds
2018-01-08T10:32:48.400-0100: 1.168: Total time for which application threads were stopped: 0.0002239 seconds, Stopping threads took: 0.0000117 seconds
2018-01-08T10:32:48.403-0100: 1.171: Total time for which application threads were stopped: 0.0001391 seconds, Stopping threads took: 0.0000073 seconds
2018-01-08T10:32:48.408-0100: 1.175: Total time for which application threads were stopped: 0.0001646 seconds, Stopping threads took: 0.0000090 seconds
2018-01-08T10:32:48.429-0100: 1.197: Total time for which application threads were stopped: 0.0002068 seconds, Stopping threads took: 0.0000126 seconds
2018-01-08T10:32:48.513-0100: 1.281: Total time for which application threads were stopped: 0.0002887 seconds, Stopping threads took: 0.0000156 seconds
{Heap before GC invocations=0 (full 0):
 par new generation   total 109248K, used 87424K [0x00000007a0000000, 0x00000007a8000000, 0x00000007a8000000)
  eden space 87424K, 100% used [0x00000007a0000000, 0x00000007a5560000, 0x00000007a5560000)
  from space 21824K,   0% used [0x00000007a5560000, 0x00000007a5560000, 0x00000007a6ab0000)
  to   space 21824K,   0% used [0x00000007a6ab0000, 0x00000007a6ab0000, 0x00000007a8000000)
 concurrent mark-sweep generation total 393216K, used 0K [0x00000007a8000000, 0x00000007c0000000, 0x00000007c0000000)
 Metaspace       used 18443K, capacity 18734K, committed 19200K, reserved 1067008K
  class space    used 2122K, capacity 2261K, committed 2304K, reserved 1048576K
2018-01-08T10:32:48.610-0100: 1.378: [GC (Allocation Failure) 2018-01-08T10:32:48.611-0100: 1.378: [ParNew
Desired survivor size 20112992 bytes, new threshold 8 (max 8)
- age   1:   11552720 bytes,   11552720 total
: 87424K->11381K(109248K), 0.0105352 secs] 87424K->11381K(502464K), 0.0106825 secs] [Times: user=0.03 sys=0.01, real=0.01 secs] 
Heap after GC invocations=1 (full 0):
 par new generation   total 109248K, used 11381K [0x00000007a0000000, 0x00000007a8000000, 0x00000007a8000000)
  eden space 87424K,   0% used [0x00000007a0000000, 0x00000007a0000000, 0x00000007a5560000)
  from space 21824K,  52% used [0x00000007a6ab0000, 0x00000007a75cd6d8, 0x00000007a8000000)
  to   space 21824K,   0% used [0x00000007a5560000, 0x00000007a5560000, 0x00000007a6ab0000)
 concurrent mark-sweep generation total 393216K, used 0K [0x00000007a8000000, 0x00000007c0000000, 0x00000007c0000000)
 Metaspace       used 18443K, capacity 18734K, committed 19200K, reserved 1067008K
  class space    used 2122K, capacity 2261K, committed 2304K, reserved 1048576K
}
2018-01-08T10:32:48.621-0100: 1.389: Total time for which application threads were stopped: 0.0112224 seconds, Stopping threads took: 0.0000138 seconds
2018-01-08T10:32:48.809-0100: 1.577: Total time for which application threads were stopped: 0.0001024 seconds, Stopping threads took: 0.0000250 seconds
2018-01-08T10:32:49.189-0100: 1.957: Total time for which application threads were stopped: 0.0000829 seconds, Stopping threads took: 0.0000148 seconds
2018-01-08T10:32:49.214-0100: 1.981: Total time for which application threads were stopped: 0.0000771 seconds, Stopping threads took: 0.0000135 seconds
2018-01-08T10:32:49.242-0100: 2.010: Total time for which application threads were stopped: 0.0001013 seconds, Stopping threads took: 0.0000194 seconds
2018-01-08T10:32:49.315-0100: 2.083: Total time for which application threads were stopped: 0.0001049 seconds, Stopping threads took: 0.0000158 seconds
2018-01-08T10:32:49.471-0100: 2.239: Total time for which application threads were stopped: 0.0001182 seconds, Stopping threads took: 0.0000154 seconds
2018-01-08T10:32:49.522-0100: 2.289: Total time for which application threads were stopped: 0.0001315 seconds, Stopping threads took: 0.0000190 seconds
2018-01-08T10:32:49.548-0100: 2.316: Total time for which application threads were stopped: 0.0001090 seconds, Stopping threads took: 0.0000196 seconds
2018-01-08T10:32:49.560-0100: 2.328: Total time for which application threads were stopped: 0.0004313 seconds, Stopping threads took: 0.0000194 seconds
2018-01-08T10:32:49.577-0100: 2.345: Total time for which application threads were stopped: 0.0001386 seconds, Stopping threads took: 0.0000410 seconds
2018-01-08T10:32:49.609-0100: 2.377: Total time for which application threads were stopped: 0.0001849 seconds, Stopping threads took: 0.0000417 seconds
2018-01-08T10:32:49.655-0100: 2.423: Total time for which application threads were stopped: 0.0001478 seconds, Stopping threads took: 0.0000493 seconds
2018-01-08T10:32:49.684-0100: 2.452: Total time for which application threads were stopped: 0.0001281 seconds, Stopping threads took: 0.0000231 seconds
2018-01-08T10:32:49.694-0100: 2.462: Total time for which application threads were stopped: 0.0003695 seconds, Stopping threads took: 0.0000218 seconds
2018-01-08T10:32:49.722-0100: 2.490: Total time for which application threads were stopped: 0.0001156 seconds, Stopping threads took: 0.0000168 seconds
2018-01-08T10:32:49.751-0100: 2.519: Total time for which application threads were stopped: 0.0001043 seconds, Stopping threads took: 0.0000152 seconds
2018-01-08T10:32:49.775-0100: 2.543: Total time for which application threads were stopped: 0.0000962 seconds, Stopping threads took: 0.0000162 seconds
2018-01-08T10:32:49.809-0100: 2.577: Total time for which application threads were stopped: 0.0000915 seconds, Stopping threads took: 0.0000163 seconds
2018-01-08T10:32:50.623-0100: 3.391: [GC (CMS Initial Mark) [1 CMS-initial-mark: 0K(393216K)] 74068K(502464K), 0.0059794 secs] [Times: user=0.03 sys=0.00, real=0.00 secs] 
2018-01-08T10:32:50.629-0100: 3.397: Total time for which application threads were stopped: 0.0061663 seconds, Stopping threads took: 0.0000233 seconds
2018-01-08T10:32:50.629-0100: 3.397: [CMS-concurrent-mark-start]
2018-01-08T10:32:50.629-0100: 3.397: [CMS-concurrent-mark: 0.000/0.000 secs] [Times: user=0.00 sys=0.00, real=0.00 secs] 
2018-01-08T10:32:50.629-0100: 3.397: [CMS-concurrent-preclean-start]
2018-01-08T10:32:50.630-0100: 3.398: [CMS-concurrent-preclean: 0.001/0.001 secs] [Times: user=0.00 sys=0.00, real=0.01 secs] 
2018-01-08T10:32:50.630-0100: 3.398: [CMS-concurrent-abortable-preclean-start]
2018-01-08T10:32:51.335-0100: 4.103: Total time for which application threads were stopped: 0.0002557 seconds, Stopping threads took: 0.0000209 seconds
2018-01-08T10:32:52.048-0100: 4.816: Total time for which application threads were stopped: 0.0000934 seconds, Stopping threads took: 0.0000183 seconds
2018-01-08T10:32:52.051-0100: 4.818: Total time for which application threads were stopped: 0.0001197 seconds, Stopping threads took: 0.0000153 seconds
2018-01-08T10:32:52.063-0100: 4.831: Total time for which application threads were stopped: 0.0003243 seconds, Stopping threads took: 0.0000313 seconds
2018-01-08T10:32:52.066-0100: 4.834: Total time for which application threads were stopped: 0.0000831 seconds, Stopping threads took: 0.0000138 seconds
2018-01-08T10:32:52.094-0100: 4.862: Total time for which application threads were stopped: 0.0001738 seconds, Stopping threads took: 0.0000171 seconds
2018-01-08T10:32:52.113-0100: 4.881: Total time for which application threads were stopped: 0.0004269 seconds, Stopping threads took: 0.0000195 seconds
2018-01-08T10:32:52.114-0100: 4.881: Total time for which application threads were stopped: 0.0003383 seconds, Stopping threads took: 0.0000108 seconds
2018-01-08T10:32:52.114-0100: 4.882: Total time for which application threads were stopped: 0.0000789 seconds, Stopping threads took: 0.0000139 seconds
2018-01-08T10:32:52.114-0100: 4.882: Total time for which application threads were stopped: 0.0000584 seconds, Stopping threads took: 0.0000075 seconds
2018-01-08T10:32:52.115-0100: 4.882: Total time for which application threads were stopped: 0.0000961 seconds, Stopping threads took: 0.0000316 seconds
2018-01-08T10:32:52.115-0100: 4.883: Total time for which application threads were stopped: 0.0001242 seconds, Stopping threads took: 0.0000407 seconds
2018-01-08T10:32:52.115-0100: 4.883: Total time for which application threads were stopped: 0.0000669 seconds, Stopping threads took: 0.0000082 seconds
2018-01-08T10:32:52.122-0100: 4.890: Total time for which application threads were stopped: 0.0001030 seconds, Stopping threads took: 0.0000292 seconds
2018-01-08T10:32:52.122-0100: 4.890: Total time for which application threads were stopped: 0.0000721 seconds, Stopping threads took: 0.0000192 seconds
2018-01-08T10:32:52.122-0100: 4.890: Total time for which application threads were stopped: 0.0001355 seconds, Stopping threads took: 0.0000875 seconds
2018-01-08T10:32:52.122-0100: 4.890: Total time for which application threads were stopped: 0.0000658 seconds, Stopping threads took: 0.0000220 seconds
2018-01-08T10:32:52.123-0100: 4.890: Total time for which application threads were stopped: 0.0000680 seconds, Stopping threads took: 0.0000251 seconds
2018-01-08T10:32:52.125-0100: 4.893: Total time for which application threads were stopped: 0.0000727 seconds, Stopping threads took: 0.0000097 seconds
2018-01-08T10:32:52.151-0100: 4.919: Total time for which application threads were stopped: 0.0001725 seconds, Stopping threads took: 0.0000767 seconds
2018-01-08T10:32:52.155-0100: 4.923: Total time for which application threads were stopped: 0.0000868 seconds, Stopping threads took: 0.0000190 seconds
2018-01-08T10:32:52.156-0100: 4.924: Total time for which application threads were stopped: 0.0000775 seconds, Stopping threads took: 0.0000157 seconds
2018-01-08T10:32:52.159-0100: 4.927: Total time for which application threads were stopped: 0.0000838 seconds, Stopping threads took: 0.0000175 seconds
2018-01-08T10:32:53.164-0100: 5.931: Total time for which application threads were stopped: 0.0001564 seconds, Stopping threads took: 0.0000268 seconds
2018-01-08T10:32:54.592-0100: 7.360: Total time for which application threads were stopped: 0.0000859 seconds, Stopping threads took: 0.0000187 seconds
2018-01-08T10:32:54.594-0100: 7.362: Total time for which application threads were stopped: 0.0000877 seconds, Stopping threads took: 0.0000191 seconds
2018-01-08T10:32:54.608-0100: 7.376: Total time for which application threads were stopped: 0.0000938 seconds, Stopping threads took: 0.0000189 seconds
2018-01-08T10:32:54.609-0100: 7.376: Total time for which application threads were stopped: 0.0000765 seconds, Stopping threads took: 0.0000136 seconds
2018-01-08T10:32:54.978-0100: 7.745: Total time for which application threads were stopped: 0.0000916 seconds, Stopping threads took: 0.0000212 seconds
2018-01-08T10:32:54.978-0100: 7.746: Total time for which application threads were stopped: 0.0000573 seconds, Stopping threads took: 0.0000082 seconds
2018-01-08T10:32:55.161-0100: 7.929: Total time for which application threads were stopped: 0.0000927 seconds, Stopping threads took: 0.0000204 seconds
2018-01-08T10:32:56.164-0100: 8.931: Total time for which application threads were stopped: 0.0001085 seconds, Stopping threads took: 0.0000275 seconds
2018-01-08T10:32:56.491-0100: 9.258: Total time for which application threads were stopped: 0.0001006 seconds, Stopping threads took: 0.0000224 seconds
2018-01-08T10:32:56.491-0100: 9.259: Total time for which application threads were stopped: 0.0000707 seconds, Stopping threads took: 0.0000122 seconds
2018-01-08T10:32:56.534-0100: 9.301: Total time for which application threads were stopped: 0.0001016 seconds, Stopping threads took: 0.0000221 seconds
2018-01-08T10:32:56.534-0100: 9.302: Total time for which application threads were stopped: 0.0000862 seconds, Stopping threads took: 0.0000176 seconds
 CMS: abort preclean due to time 2018-01-08T10:32:56.700-0100: 9.468: [CMS-concurrent-abortable-preclean: 1.719/6.070 secs] [Times: user=1.89 sys=0.03, real=6.07 secs] 
2018-01-08T10:32:56.700-0100: 9.468: [GC (CMS Final Remark) [YG occupancy: 88536 K (109248 K)]{Heap before GC invocations=1 (full 1):
 par new generation   total 109248K, used 88536K [0x00000007a0000000, 0x00000007a8000000, 0x00000007a8000000)
  eden space 87424K,  88% used [0x00000007a0000000, 0x00000007a4b58940, 0x00000007a5560000)
  from space 21824K,  52% used [0x00000007a6ab0000, 0x00000007a75cd6d8, 0x00000007a8000000)
  to   space 21824K,   0% used [0x00000007a5560000, 0x00000007a5560000, 0x00000007a6ab0000)
 concurrent mark-sweep generation total 393216K, used 0K [0x00000007a8000000, 0x00000007c0000000, 0x00000007c0000000)
 Metaspace       used 26619K, capacity 27405K, committed 27604K, reserved 1073152K
  class space    used 3151K, capacity 3378K, committed 3424K, reserved 1048576K
2018-01-08T10:32:56.700-0100: 9.468: [GC (CMS Final Remark) 2018-01-08T10:32:56.700-0100: 9.468: [ParNew
Desired survivor size 20112992 bytes, new threshold 8 (max 8)
- age   1:    8333008 bytes,    8333008 total
- age   2:    5919112 bytes,   14252120 total
: 88536K->16929K(109248K), 0.0120056 secs] 88536K->16929K(502464K), 0.0120801 secs] [Times: user=0.03 sys=0.01, real=0.01 secs] 
Heap after GC invocations=2 (full 1):
 par new generation   total 109248K, used 16929K [0x00000007a0000000, 0x00000007a8000000, 0x00000007a8000000)
  eden space 87424K,   0% used [0x00000007a0000000, 0x00000007a0000000, 0x00000007a5560000)
  from space 21824K,  77% used [0x00000007a5560000, 0x00000007a65e8688, 0x00000007a6ab0000)
  to   space 21824K,   0% used [0x00000007a6ab0000, 0x00000007a6ab0000, 0x00000007a8000000)
 concurrent mark-sweep generation total 393216K, used 0K [0x00000007a8000000, 0x00000007c0000000, 0x00000007c0000000)
 Metaspace       used 26619K, capacity 27405K, committed 27604K, reserved 1073152K
  class space    used 3151K, capacity 3378K, committed 3424K, reserved 1048576K
}
2018-01-08T10:32:56.712-0100: 9.480: [Rescan (parallel) , 0.0020302 secs]2018-01-08T10:32:56.714-0100: 9.482: [weak refs processing, 0.0011934 secs]2018-01-08T10:32:56.716-0100: 9.483: [class unloading, 0.0089277 secs]2018-01-08T10:32:56.725-0100: 9.492: [scrub symbol table, 0.0032146 secs]2018-01-08T10:32:56.728-0100: 9.496: [scrub string table, 0.0003937 secs][1 CMS-remark: 0K(393216K)] 16929K(502464K), 0.0288852 secs] [Times: user=0.05 sys=0.01, real=0.02 secs] 
2018-01-08T10:32:56.729-0100: 9.497: Total time for which application threads were stopped: 0.0290293 seconds, Stopping threads took: 0.0000201 seconds
2018-01-08T10:32:56.729-0100: 9.497: [CMS-concurrent-sweep-start]
2018-01-08T10:32:56.729-0100: 9.497: [CMS-concurrent-sweep: 0.000/0.000 secs] [Times: user=0.00 sys=0.00, real=0.00 secs] 
2018-01-08T10:32:56.729-0100: 9.497: [CMS-concurrent-reset-start]
2018-01-08T10:32:56.732-0100: 9.500: Total time for which application threads were stopped: 0.0000996 seconds, Stopping threads took: 0.0000215 seconds
2018-01-08T10:32:56.733-0100: 9.501: Total time for which application threads were stopped: 0.0001789 seconds, Stopping threads took: 0.0000121 seconds
2018-01-08T10:32:56.734-0100: 9.501: [CMS-concurrent-reset: 0.004/0.004 secs] [Times: user=0.01 sys=0.00, real=0.01 secs] 
2018-01-08T10:32:59.742-0100: 12.510: Total time for which application threads were stopped: 0.0001053 seconds, Stopping threads took: 0.0000251 seconds
2018-01-08T10:33:09.611-0100: 22.379: Total time for which application threads were stopped: 0.0002250 seconds, Stopping threads took: 0.0000401 seconds
2018-01-08T10:33:10.617-0100: 23.384: Total time for which application threads were stopped: 0.0002017 seconds, Stopping threads took: 0.0000463 seconds
2018-01-08T10:33:21.635-0100: 34.403: Total time for which application threads were stopped: 0.0001592 seconds, Stopping threads took: 0.0000491 seconds
2018-01-08T10:33:23.636-0100: 36.404: Total time for which application threads were stopped: 0.0001040 seconds, Stopping threads took: 0.0000252 seconds
2018-01-08T10:33:25.638-0100: 38.406: Total time for which application threads were stopped: 0.0001117 seconds, Stopping threads took: 0.0000265 seconds
2018-01-08T10:33:26.639-0100: 39.407: Total time for which application threads were stopped: 0.0001753 seconds, Stopping threads took: 0.0000393 seconds
2018-01-08T10:33:29.644-0100: 42.412: Total time for which application threads were stopped: 0.0001060 seconds, Stopping threads took: 0.0000246 seconds
2018-01-08T10:33:31.649-0100: 44.417: Total time for which application threads were stopped: 0.0001914 seconds, Stopping threads took: 0.0000452 seconds
2018-01-08T10:33:33.652-0100: 46.420: Total time for which application threads were stopped: 0.0001779 seconds, Stopping threads took: 0.0000412 seconds
2018-01-08T10:33:52.127-0100: 64.894: Total time for which application threads were stopped: 0.0001375 seconds, Stopping threads took: 0.0000383 seconds
2018-01-08T10:33:59.134-0100: 71.902: Total time for which application threads were stopped: 0.0001182 seconds, Stopping threads took: 0.0000451 seconds
2018-01-08T10:34:01.139-0100: 73.907: Total time for which application threads were stopped: 0.0002182 seconds, Stopping threads took: 0.0000496 seconds
2018-01-08T10:34:04.143-0100: 76.911: Total time for which application threads were stopped: 0.0001119 seconds, Stopping threads took: 0.0000263 seconds
2018-01-08T10:34:06.152-0100: 78.920: Total time for which application threads were stopped: 0.0001522 seconds, Stopping threads took: 0.0000297 seconds
2018-01-08T10:34:13.690-0100: 86.457: Total time for which application threads were stopped: 0.0002312 seconds, Stopping threads took: 0.0000236 seconds
2018-01-08T10:34:21.709-0100: 94.477: Total time for which application threads were stopped: 0.0001461 seconds, Stopping threads took: 0.0000465 seconds
2018-01-08T10:34:57.781-0100: 130.548: Total time for which application threads were stopped: 0.0001352 seconds, Stopping threads took: 0.0000309 seconds
2018-01-08T10:34:59.784-0100: 132.552: Total time for which application threads were stopped: 0.0001239 seconds, Stopping threads took: 0.0000277 seconds
2018-01-08T10:35:03.788-0100: 136.556: Total time for which application threads were stopped: 0.0001108 seconds, Stopping threads took: 0.0000272 seconds
2018-01-08T10:35:08.795-0100: 141.563: Total time for which application threads were stopped: 0.0001102 seconds, Stopping threads took: 0.0000266 seconds
2018-01-08T10:35:17.765-0100: 150.533: Total time for which application threads were stopped: 0.0002227 seconds, Stopping threads took: 0.0000366 seconds
2018-01-08T10:35:19.770-0100: 152.537: Total time for which application threads were stopped: 0.0000897 seconds, Stopping threads took: 0.0000183 seconds
2018-01-08T10:35:28.783-0100: 161.551: Total time for which application threads were stopped: 0.0001974 seconds, Stopping threads took: 0.0000662 seconds
2018-01-08T10:35:37.794-0100: 170.562: Total time for which application threads were stopped: 0.0001138 seconds, Stopping threads took: 0.0000227 seconds
2018-01-08T10:35:53.832-0100: 186.599: Total time for which application threads were stopped: 0.0001129 seconds, Stopping threads took: 0.0000318 seconds
2018-01-08T10:35:55.833-0100: 188.601: Total time for which application threads were stopped: 0.0001423 seconds, Stopping threads took: 0.0000298 seconds
2018-01-08T10:35:59.842-0100: 192.610: Total time for which application threads were stopped: 0.0001126 seconds, Stopping threads took: 0.0000259 seconds
2018-01-08T10:36:07.859-0100: 200.626: Total time for which application threads were stopped: 0.0001738 seconds, Stopping threads took: 0.0000386 seconds
2018-01-08T10:36:21.844-0100: 214.612: Total time for which application threads were stopped: 0.0002319 seconds, Stopping threads took: 0.0000440 seconds
2018-01-08T10:36:45.885-0100: 238.653: Total time for which application threads were stopped: 0.0001337 seconds, Stopping threads took: 0.0000300 seconds
2018-01-08T10:36:49.890-0100: 242.658: Total time for which application threads were stopped: 0.0001490 seconds, Stopping threads took: 0.0000298 seconds
2018-01-08T10:36:52.895-0100: 245.662: Total time for which application threads were stopped: 0.0001103 seconds, Stopping threads took: 0.0000249 seconds
2018-01-08T10:36:55.899-0100: 248.666: Total time for which application threads were stopped: 0.0001181 seconds, Stopping threads took: 0.0000243 seconds
2018-01-08T10:37:03.915-0100: 256.683: Total time for which application threads were stopped: 0.0001220 seconds, Stopping threads took: 0.0000409 seconds
2018-01-08T10:37:06.920-0100: 259.687: Total time for which application threads were stopped: 0.0001020 seconds, Stopping threads took: 0.0000235 seconds
2018-01-08T10:37:18.936-0100: 271.703: Total time for which application threads were stopped: 0.0001048 seconds, Stopping threads took: 0.0000247 seconds
2018-01-08T10:37:25.922-0100: 278.690: Total time for which application threads were stopped: 0.0002111 seconds, Stopping threads took: 0.0000355 seconds
2018-01-08T10:38:00.015-0100: 312.782: Total time for which application threads were stopped: 0.0001208 seconds, Stopping threads took: 0.0000542 seconds
2018-01-08T10:38:10.052-0100: 322.819: Total time for which application threads were stopped: 0.0001371 seconds, Stopping threads took: 0.0000296 seconds
2018-01-08T10:38:22.082-0100: 334.849: Total time for which application threads were stopped: 0.0001294 seconds, Stopping threads took: 0.0000459 seconds
2018-01-08T10:38:30.027-0100: 342.794: Total time for which application threads were stopped: 0.0002247 seconds, Stopping threads took: 0.0000393 seconds
2018-01-08T10:38:31.032-0100: 343.799: Total time for which application threads were stopped: 0.0001150 seconds, Stopping threads took: 0.0000273 seconds
2018-01-08T10:38:33.034-0100: 345.802: Total time for which application threads were stopped: 0.0001742 seconds, Stopping threads took: 0.0000408 seconds
2018-01-08T10:38:39.062-0100: 351.829: Total time for which application threads were stopped: 0.0001700 seconds, Stopping threads took: 0.0000404 seconds
2018-01-08T10:38:52.112-0100: 364.879: Total time for which application threads were stopped: 0.0001235 seconds, Stopping threads took: 0.0000261 seconds
2018-01-08T10:38:58.136-0100: 370.903: Total time for which application threads were stopped: 0.0001025 seconds, Stopping threads took: 0.0000233 seconds
2018-01-08T10:39:03.153-0100: 375.920: Total time for which application threads were stopped: 0.0001015 seconds, Stopping threads took: 0.0000257 seconds
2018-01-08T10:39:06.163-0100: 378.930: Total time for which application threads were stopped: 0.0000916 seconds, Stopping threads took: 0.0000223 seconds
2018-01-08T10:39:18.223-0100: 390.990: Total time for which application threads were stopped: 0.0001742 seconds, Stopping threads took: 0.0000382 seconds
2018-01-08T10:39:39.867-0100: 407.781: Total time for which application threads were stopped: 0.0005206 seconds, Stopping threads took: 0.0001223 seconds
2018-01-08T10:40:12.023-0100: 439.937: Total time for which application threads were stopped: 0.0002552 seconds, Stopping threads took: 0.0000528 seconds
2018-01-08T10:40:36.180-0100: 464.093: Total time for which application threads were stopped: 0.0002217 seconds, Stopping threads took: 0.0000546 seconds
2018-01-08T10:40:42.204-0100: 470.118: Total time for which application threads were stopped: 0.0001108 seconds, Stopping threads took: 0.0000241 seconds
2018-01-08T10:40:44.108-0100: 472.022: Total time for which application threads were stopped: 0.0004118 seconds, Stopping threads took: 0.0000375 seconds
2018-01-08T10:41:07.842-0100: 476.224: Total time for which application threads were stopped: 0.0001239 seconds, Stopping threads took: 0.0000226 seconds
2018-01-08T10:41:07.874-0100: 476.256: Total time for which application threads were stopped: 0.0001754 seconds, Stopping threads took: 0.0000458 seconds
2018-01-08T10:41:07.949-0100: 476.331: Total time for which application threads were stopped: 0.0001162 seconds, Stopping threads took: 0.0000497 seconds
2018-01-08T10:41:07.949-0100: 476.331: Total time for which application threads were stopped: 0.0000819 seconds, Stopping threads took: 0.0000268 seconds
2018-01-08T10:41:07.950-0100: 476.332: Total time for which application threads were stopped: 0.0000774 seconds, Stopping threads took: 0.0000331 seconds
2018-01-08T10:41:07.950-0100: 476.332: Total time for which application threads were stopped: 0.0000851 seconds, Stopping threads took: 0.0000335 seconds
2018-01-08T10:41:08.052-0100: 476.435: Total time for which application threads were stopped: 0.0001719 seconds, Stopping threads took: 0.0000550 seconds
2018-01-08T10:41:08.057-0100: 476.439: Total time for which application threads were stopped: 0.0001477 seconds, Stopping threads took: 0.0000539 seconds
2018-01-08T10:41:08.058-0100: 476.440: Total time for which application threads were stopped: 0.0002240 seconds, Stopping threads took: 0.0001485 seconds
2018-01-08T10:41:08.064-0100: 476.446: Total time for which application threads were stopped: 0.0001547 seconds, Stopping threads took: 0.0000553 seconds
2018-01-08T10:41:08.065-0100: 476.447: Total time for which application threads were stopped: 0.0001245 seconds, Stopping threads took: 0.0000243 seconds
2018-01-08T10:41:08.065-0100: 476.447: Total time for which application threads were stopped: 0.0001000 seconds, Stopping threads took: 0.0000149 seconds
2018-01-08T10:41:08.068-0100: 476.450: Total time for which application threads were stopped: 0.0001465 seconds, Stopping threads took: 0.0000425 seconds
2018-01-08T10:41:08.068-0100: 476.451: Total time for which application threads were stopped: 0.0000978 seconds, Stopping threads took: 0.0000247 seconds
2018-01-08T10:41:08.069-0100: 476.451: Total time for which application threads were stopped: 0.0001708 seconds, Stopping threads took: 0.0000552 seconds
2018-01-08T10:41:08.079-0100: 476.461: Total time for which application threads were stopped: 0.0002828 seconds, Stopping threads took: 0.0000222 seconds
2018-01-08T10:41:08.102-0100: 476.484: Total time for which application threads were stopped: 0.0002028 seconds, Stopping threads took: 0.0000227 seconds
2018-01-08T10:41:08.104-0100: 476.486: Total time for which application threads were stopped: 0.0005210 seconds, Stopping threads took: 0.0000548 seconds
2018-01-08T10:41:08.106-0100: 476.488: Total time for which application threads were stopped: 0.0001382 seconds, Stopping threads took: 0.0000224 seconds
2018-01-08T10:41:08.106-0100: 476.488: Total time for which application threads were stopped: 0.0001421 seconds, Stopping threads took: 0.0000408 seconds
2018-01-08T10:41:08.204-0100: 476.586: Total time for which application threads were stopped: 0.0001119 seconds, Stopping threads took: 0.0000195 seconds
2018-01-08T10:41:08.845-0100: 477.227: Total time for which application threads were stopped: 0.0001050 seconds, Stopping threads took: 0.0000206 seconds
2018-01-08T10:41:08.845-0100: 477.227: Total time for which application threads were stopped: 0.0000581 seconds, Stopping threads took: 0.0000087 seconds
2018-01-08T10:41:09.037-0100: 477.419: Total time for which application threads were stopped: 0.0001009 seconds, Stopping threads took: 0.0000187 seconds
2018-01-08T10:41:09.853-0100: 478.423: Total time for which application threads were stopped: 0.0001247 seconds, Stopping threads took: 0.0000389 seconds
2018-01-08T10:41:09.929-0100: 478.499: Total time for which application threads were stopped: 0.0001421 seconds, Stopping threads took: 0.0000302 seconds
2018-01-08T10:41:09.929-0100: 478.499: Total time for which application threads were stopped: 0.0000741 seconds, Stopping threads took: 0.0000108 seconds
2018-01-08T10:42:08.040-0100: 536.609: Total time for which application threads were stopped: 0.0001396 seconds, Stopping threads took: 0.0000456 seconds
2018-01-08T10:42:12.045-0100: 540.615: Total time for which application threads were stopped: 0.0001186 seconds, Stopping threads took: 0.0000414 seconds
2018-01-08T10:42:44.089-0100: 572.659: Total time for which application threads were stopped: 0.0001907 seconds, Stopping threads took: 0.0000411 seconds
2018-01-08T10:43:20.158-0100: 608.727: Total time for which application threads were stopped: 0.0001252 seconds, Stopping threads took: 0.0000277 seconds
2018-01-08T10:43:39.190-0100: 627.760: Total time for which application threads were stopped: 0.0001159 seconds, Stopping threads took: 0.0000264 seconds
2018-01-08T10:44:03.234-0100: 651.804: Total time for which application threads were stopped: 0.0001777 seconds, Stopping threads took: 0.0000383 seconds
2018-01-08T10:44:04.234-0100: 652.804: Total time for which application threads were stopped: 0.0001386 seconds, Stopping threads took: 0.0000316 seconds
2018-01-08T10:45:10.365-0100: 718.934: Total time for which application threads were stopped: 0.0001488 seconds, Stopping threads took: 0.0000320 seconds
2018-01-08T10:45:11.367-0100: 719.937: Total time for which application threads were stopped: 0.0001905 seconds, Stopping threads took: 0.0000355 seconds
2018-01-08T10:45:12.368-0100: 720.937: Total time for which application threads were stopped: 0.0001769 seconds, Stopping threads took: 0.0000386 seconds
2018-01-08T10:45:16.371-0100: 724.941: Total time for which application threads were stopped: 0.0001841 seconds, Stopping threads took: 0.0000428 seconds
2018-01-08T10:45:57.456-0100: 766.025: Total time for which application threads were stopped: 0.0002115 seconds, Stopping threads took: 0.0000474 seconds
2018-01-08T10:47:08.568-0100: 837.138: Total time for which application threads were stopped: 0.0001456 seconds, Stopping threads took: 0.0000333 seconds
2018-01-08T10:47:22.589-0100: 851.158: Total time for which application threads were stopped: 0.0001364 seconds, Stopping threads took: 0.0000423 seconds
2018-01-08T10:47:52.644-0100: 881.214: Total time for which application threads were stopped: 0.0001894 seconds, Stopping threads took: 0.0000387 seconds
2018-01-08T10:49:24.792-0100: 973.361: Total time for which application threads were stopped: 0.0000930 seconds, Stopping threads took: 0.0000191 seconds
2018-01-08T10:49:24.792-0100: 973.361: Total time for which application threads were stopped: 0.0000593 seconds, Stopping threads took: 0.0000101 seconds
2018-01-08T10:49:24.794-0100: 973.364: Total time for which application threads were stopped: 0.0000990 seconds, Stopping threads took: 0.0000151 seconds
2018-01-08T10:49:24.795-0100: 973.364: Total time for which application threads were stopped: 0.0000667 seconds, Stopping threads took: 0.0000105 seconds
2018-01-08T10:49:25.798-0100: 974.367: Total time for which application threads were stopped: 0.0001310 seconds, Stopping threads took: 0.0000462 seconds
2018-01-08T10:50:29.918-0100: 1038.487: Total time for which application threads were stopped: 0.0001018 seconds, Stopping threads took: 0.0000237 seconds
2018-01-08T10:51:37.402-0100: 1105.971: Total time for which application threads were stopped: 0.0000969 seconds, Stopping threads took: 0.0000196 seconds
2018-01-08T10:51:37.402-0100: 1105.971: Total time for which application threads were stopped: 0.0000685 seconds, Stopping threads took: 0.0000119 seconds
2018-01-08T10:51:37.416-0100: 1105.985: Total time for which application threads were stopped: 0.0001437 seconds, Stopping threads took: 0.0000341 seconds
2018-01-08T10:51:37.416-0100: 1105.986: Total time for which application threads were stopped: 0.0000781 seconds, Stopping threads took: 0.0000105 seconds
2018-01-08T10:51:37.416-0100: 1105.986: Total time for which application threads were stopped: 0.0000666 seconds, Stopping threads took: 0.0000100 seconds
2018-01-08T10:51:37.416-0100: 1105.986: Total time for which application threads were stopped: 0.0000568 seconds, Stopping threads took: 0.0000079 seconds
2018-01-08T10:51:37.417-0100: 1105.986: Total time for which application threads were stopped: 0.0000666 seconds, Stopping threads took: 0.0000101 seconds
2018-01-08T10:51:37.425-0100: 1105.994: Total time for which application threads were stopped: 0.0001262 seconds, Stopping threads took: 0.0000326 seconds
2018-01-08T10:51:37.425-0100: 1105.994: Total time for which application threads were stopped: 0.0001525 seconds, Stopping threads took: 0.0000841 seconds
2018-01-08T10:51:37.425-0100: 1105.994: Total time for which application threads were stopped: 0.0001080 seconds, Stopping threads took: 0.0000471 seconds
2018-01-08T10:51:37.425-0100: 1105.994: Total time for which application threads were stopped: 0.0000759 seconds, Stopping threads took: 0.0000216 seconds
2018-01-08T10:51:37.425-0100: 1105.995: Total time for which application threads were stopped: 0.0000968 seconds, Stopping threads took: 0.0000261 seconds
2018-01-08T10:51:37.430-0100: 1105.999: Total time for which application threads were stopped: 0.0001339 seconds, Stopping threads took: 0.0000266 seconds
2018-01-08T10:51:37.432-0100: 1106.001: Total time for which application threads were stopped: 0.0000959 seconds, Stopping threads took: 0.0000219 seconds
2018-01-08T10:51:37.433-0100: 1106.002: Total time for which application threads were stopped: 0.0001084 seconds, Stopping threads took: 0.0000219 seconds
2018-01-08T10:51:37.437-0100: 1106.006: Total time for which application threads were stopped: 0.0001054 seconds, Stopping threads took: 0.0000194 seconds
2018-01-08T10:51:37.437-0100: 1106.007: Total time for which application threads were stopped: 0.0001552 seconds, Stopping threads took: 0.0000097 seconds
2018-01-08T10:51:37.439-0100: 1106.008: Total time for which application threads were stopped: 0.0000776 seconds, Stopping threads took: 0.0000137 seconds
2018-01-08T10:51:37.455-0100: 1106.024: Total time for which application threads were stopped: 0.0000922 seconds, Stopping threads took: 0.0000197 seconds
2018-01-08T10:51:37.471-0100: 1106.040: Total time for which application threads were stopped: 0.0000972 seconds, Stopping threads took: 0.0000196 seconds
2018-01-08T10:51:37.472-0100: 1106.041: Total time for which application threads were stopped: 0.0000754 seconds, Stopping threads took: 0.0000142 seconds
2018-01-08T10:51:37.485-0100: 1106.054: Total time for which application threads were stopped: 0.0000885 seconds, Stopping threads took: 0.0000195 seconds
2018-01-08T10:51:37.554-0100: 1106.123: Total time for which application threads were stopped: 0.0001123 seconds, Stopping threads took: 0.0000205 seconds
2018-01-08T10:51:37.625-0100: 1106.195: Total time for which application threads were stopped: 0.0002796 seconds, Stopping threads took: 0.0001904 seconds
2018-01-08T10:51:37.639-0100: 1106.208: Total time for which application threads were stopped: 0.0000902 seconds, Stopping threads took: 0.0000191 seconds
2018-01-08T10:51:37.639-0100: 1106.209: Total time for which application threads were stopped: 0.0000662 seconds, Stopping threads took: 0.0000193 seconds
2018-01-08T10:51:37.641-0100: 1106.211: Total time for which application threads were stopped: 0.0000851 seconds, Stopping threads took: 0.0000171 seconds
2018-01-08T10:51:37.642-0100: 1106.211: Total time for which application threads were stopped: 0.0003141 seconds, Stopping threads took: 0.0002297 seconds
2018-01-08T10:51:37.652-0100: 1106.222: Total time for which application threads were stopped: 0.0001378 seconds, Stopping threads took: 0.0000448 seconds
2018-01-08T10:51:37.653-0100: 1106.222: Total time for which application threads were stopped: 0.0000854 seconds, Stopping threads took: 0.0000292 seconds
2018-01-08T10:51:37.658-0100: 1106.228: Total time for which application threads were stopped: 0.0001727 seconds, Stopping threads took: 0.0000787 seconds
2018-01-08T10:51:37.662-0100: 1106.231: Total time for which application threads were stopped: 0.0000982 seconds, Stopping threads took: 0.0000154 seconds
2018-01-08T10:51:37.662-0100: 1106.231: Total time for which application threads were stopped: 0.0000729 seconds, Stopping threads took: 0.0000115 seconds
2018-01-08T10:51:37.677-0100: 1106.246: Total time for which application threads were stopped: 0.0000933 seconds, Stopping threads took: 0.0000178 seconds
2018-01-08T10:51:37.677-0100: 1106.247: Total time for which application threads were stopped: 0.0000832 seconds, Stopping threads took: 0.0000127 seconds
2018-01-08T10:51:37.780-0100: 1106.350: Total time for which application threads were stopped: 0.0004170 seconds, Stopping threads took: 0.0000413 seconds
2018-01-08T10:51:37.783-0100: 1106.353: Total time for which application threads were stopped: 0.0000889 seconds, Stopping threads took: 0.0000159 seconds
2018-01-08T10:51:37.901-0100: 1106.470: Total time for which application threads were stopped: 0.0001874 seconds, Stopping threads took: 0.0000286 seconds
2018-01-08T10:51:37.908-0100: 1106.478: Total time for which application threads were stopped: 0.0001221 seconds, Stopping threads took: 0.0000243 seconds
2018-01-08T10:51:37.909-0100: 1106.478: Total time for which application threads were stopped: 0.0000652 seconds, Stopping threads took: 0.0000108 seconds
2018-01-08T10:51:37.909-0100: 1106.478: Total time for which application threads were stopped: 0.0000712 seconds, Stopping threads took: 0.0000124 seconds
2018-01-08T10:51:37.909-0100: 1106.478: Total time for which application threads were stopped: 0.0000846 seconds, Stopping threads took: 0.0000156 seconds
2018-01-08T10:51:38.003-0100: 1106.572: Total time for which application threads were stopped: 0.0001305 seconds, Stopping threads took: 0.0000462 seconds
2018-01-08T10:51:38.003-0100: 1106.572: Total time for which application threads were stopped: 0.0001164 seconds, Stopping threads took: 0.0000519 seconds
2018-01-08T10:51:38.003-0100: 1106.573: Total time for which application threads were stopped: 0.0001073 seconds, Stopping threads took: 0.0000413 seconds
2018-01-08T10:51:38.004-0100: 1106.573: Total time for which application threads were stopped: 0.0005456 seconds, Stopping threads took: 0.0004805 seconds
2018-01-08T10:51:38.004-0100: 1106.574: Total time for which application threads were stopped: 0.0000949 seconds, Stopping threads took: 0.0000133 seconds
2018-01-08T10:51:38.007-0100: 1106.576: Total time for which application threads were stopped: 0.0001377 seconds, Stopping threads took: 0.0000372 seconds
2018-01-08T10:51:38.008-0100: 1106.577: Total time for which application threads were stopped: 0.0001175 seconds, Stopping threads took: 0.0000290 seconds
2018-01-08T10:51:38.009-0100: 1106.578: Total time for which application threads were stopped: 0.0001025 seconds, Stopping threads took: 0.0000359 seconds
2018-01-08T10:51:38.009-0100: 1106.578: Total time for which application threads were stopped: 0.0000981 seconds, Stopping threads took: 0.0000338 seconds
2018-01-08T10:51:38.009-0100: 1106.578: Total time for which application threads were stopped: 0.0001050 seconds, Stopping threads took: 0.0000346 seconds
2018-01-08T10:51:38.010-0100: 1106.579: Total time for which application threads were stopped: 0.0000783 seconds, Stopping threads took: 0.0000111 seconds
2018-01-08T10:51:38.010-0100: 1106.580: Total time for which application threads were stopped: 0.0001567 seconds, Stopping threads took: 0.0000757 seconds
2018-01-08T10:51:38.010-0100: 1106.580: Total time for which application threads were stopped: 0.0000988 seconds, Stopping threads took: 0.0000261 seconds
2018-01-08T10:51:38.011-0100: 1106.581: Total time for which application threads were stopped: 0.0000985 seconds, Stopping threads took: 0.0000273 seconds
2018-01-08T10:51:38.012-0100: 1106.581: Total time for which application threads were stopped: 0.0002177 seconds, Stopping threads took: 0.0000124 seconds
2018-01-08T10:51:38.013-0100: 1106.583: Total time for which application threads were stopped: 0.0003375 seconds, Stopping threads took: 0.0000109 seconds
2018-01-08T10:51:38.014-0100: 1106.584: Total time for which application threads were stopped: 0.0001079 seconds, Stopping threads took: 0.0000332 seconds
2018-01-08T10:51:38.015-0100: 1106.584: Total time for which application threads were stopped: 0.0000912 seconds, Stopping threads took: 0.0000276 seconds
2018-01-08T10:51:38.016-0100: 1106.586: Total time for which application threads were stopped: 0.0002419 seconds, Stopping threads took: 0.0000326 seconds
2018-01-08T10:51:38.017-0100: 1106.587: Total time for which application threads were stopped: 0.0000898 seconds, Stopping threads took: 0.0000245 seconds
2018-01-08T10:51:38.018-0100: 1106.588: Total time for which application threads were stopped: 0.0001487 seconds, Stopping threads took: 0.0000434 seconds
2018-01-08T10:51:38.020-0100: 1106.589: Total time for which application threads were stopped: 0.0001022 seconds, Stopping threads took: 0.0000262 seconds
2018-01-08T10:51:38.021-0100: 1106.591: Total time for which application threads were stopped: 0.0001063 seconds, Stopping threads took: 0.0000312 seconds
2018-01-08T10:51:38.022-0100: 1106.591: Total time for which application threads were stopped: 0.0000827 seconds, Stopping threads took: 0.0000121 seconds
2018-01-08T10:51:38.022-0100: 1106.591: Total time for which application threads were stopped: 0.0000919 seconds, Stopping threads took: 0.0000257 seconds
2018-01-08T10:51:38.023-0100: 1106.592: Total time for which application threads were stopped: 0.0000976 seconds, Stopping threads took: 0.0000257 seconds
2018-01-08T10:51:38.023-0100: 1106.593: Total time for which application threads were stopped: 0.0001233 seconds, Stopping threads took: 0.0000475 seconds
2018-01-08T10:51:38.024-0100: 1106.593: Total time for which application threads were stopped: 0.0001036 seconds, Stopping threads took: 0.0000266 seconds
2018-01-08T10:51:38.024-0100: 1106.594: Total time for which application threads were stopped: 0.0002537 seconds, Stopping threads took: 0.0000300 seconds
2018-01-08T10:51:38.049-0100: 1106.619: Total time for which application threads were stopped: 0.0001914 seconds, Stopping threads took: 0.0000861 seconds
2018-01-08T10:51:38.053-0100: 1106.622: Total time for which application threads were stopped: 0.0003751 seconds, Stopping threads took: 0.0000178 seconds
2018-01-08T10:51:38.065-0100: 1106.635: Total time for which application threads were stopped: 0.0002050 seconds, Stopping threads took: 0.0000440 seconds
2018-01-08T10:51:38.068-0100: 1106.637: Total time for which application threads were stopped: 0.0001413 seconds, Stopping threads took: 0.0000418 seconds
2018-01-08T10:51:38.070-0100: 1106.639: Total time for which application threads were stopped: 0.0001776 seconds, Stopping threads took: 0.0000298 seconds
2018-01-08T10:51:38.201-0100: 1106.770: Total time for which application threads were stopped: 0.0006114 seconds, Stopping threads took: 0.0001750 seconds
2018-01-08T10:51:38.201-0100: 1106.771: Total time for which application threads were stopped: 0.0001260 seconds, Stopping threads took: 0.0000500 seconds
2018-01-08T10:51:38.202-0100: 1106.771: Total time for which application threads were stopped: 0.0001383 seconds, Stopping threads took: 0.0000437 seconds
2018-01-08T10:51:38.202-0100: 1106.771: Total time for which application threads were stopped: 0.0000834 seconds, Stopping threads took: 0.0000127 seconds
2018-01-08T10:51:38.202-0100: 1106.772: Total time for which application threads were stopped: 0.0001012 seconds, Stopping threads took: 0.0000319 seconds
2018-01-08T10:51:38.202-0100: 1106.772: Total time for which application threads were stopped: 0.0001278 seconds, Stopping threads took: 0.0000510 seconds
2018-01-08T10:51:38.203-0100: 1106.772: Total time for which application threads were stopped: 0.0001825 seconds, Stopping threads took: 0.0000935 seconds
2018-01-08T10:51:39.089-0100: 1107.658: Total time for which application threads were stopped: 0.0006244 seconds, Stopping threads took: 0.0000204 seconds
2018-01-08T10:51:39.162-0100: 1107.732: Total time for which application threads were stopped: 0.0002506 seconds, Stopping threads took: 0.0000472 seconds
2018-01-08T10:51:39.210-0100: 1107.780: Total time for which application threads were stopped: 0.0002394 seconds, Stopping threads took: 0.0000477 seconds
2018-01-08T10:51:39.211-0100: 1107.780: Total time for which application threads were stopped: 0.0002076 seconds, Stopping threads took: 0.0000468 seconds
2018-01-08T10:51:39.211-0100: 1107.781: Total time for which application threads were stopped: 0.0001678 seconds, Stopping threads took: 0.0000315 seconds
2018-01-08T10:51:39.212-0100: 1107.781: Total time for which application threads were stopped: 0.0002935 seconds, Stopping threads took: 0.0000383 seconds
2018-01-08T10:51:39.213-0100: 1107.782: Total time for which application threads were stopped: 0.0002361 seconds, Stopping threads took: 0.0000505 seconds
2018-01-08T10:51:39.279-0100: 1107.848: Total time for which application threads were stopped: 0.0001864 seconds, Stopping threads took: 0.0000432 seconds
2018-01-08T10:51:39.312-0100: 1107.882: Total time for which application threads were stopped: 0.0001417 seconds, Stopping threads took: 0.0000443 seconds
2018-01-08T10:51:39.313-0100: 1107.883: Total time for which application threads were stopped: 0.0001329 seconds, Stopping threads took: 0.0000176 seconds
2018-01-08T10:51:39.314-0100: 1107.883: Total time for which application threads were stopped: 0.0001425 seconds, Stopping threads took: 0.0000299 seconds
2018-01-08T10:51:39.338-0100: 1107.907: Total time for which application threads were stopped: 0.0002061 seconds, Stopping threads took: 0.0000767 seconds
2018-01-08T10:51:39.343-0100: 1107.912: Total time for which application threads were stopped: 0.0001772 seconds, Stopping threads took: 0.0000315 seconds
2018-01-08T10:51:39.349-0100: 1107.918: Total time for which application threads were stopped: 0.0001936 seconds, Stopping threads took: 0.0000528 seconds
2018-01-08T10:51:39.352-0100: 1107.922: Total time for which application threads were stopped: 0.0001812 seconds, Stopping threads took: 0.0000490 seconds
2018-01-08T10:51:39.465-0100: 1108.035: Total time for which application threads were stopped: 0.0002442 seconds, Stopping threads took: 0.0000634 seconds
2018-01-08T10:51:39.469-0100: 1108.038: Total time for which application threads were stopped: 0.0002483 seconds, Stopping threads took: 0.0000552 seconds
2018-01-08T10:51:39.469-0100: 1108.038: Total time for which application threads were stopped: 0.0003327 seconds, Stopping threads took: 0.0000848 seconds
{Heap before GC invocations=2 (full 1):
 par new generation   total 109248K, used 104353K [0x00000007a0000000, 0x00000007a8000000, 0x00000007a8000000)
  eden space 87424K, 100% used [0x00000007a0000000, 0x00000007a5560000, 0x00000007a5560000)
  from space 21824K,  77% used [0x00000007a5560000, 0x00000007a65e8688, 0x00000007a6ab0000)
  to   space 21824K,   0% used [0x00000007a6ab0000, 0x00000007a6ab0000, 0x00000007a8000000)
 concurrent mark-sweep generation total 393216K, used 0K [0x00000007a8000000, 0x00000007c0000000, 0x00000007c0000000)
 Metaspace       used 29739K, capacity 30689K, committed 30940K, reserved 1077248K
  class space    used 3510K, capacity 3752K, committed 3808K, reserved 1048576K
2018-01-08T10:51:39.528-0100: 1108.098: [GC (Allocation Failure) 2018-01-08T10:51:39.529-0100: 1108.098: [ParNew
Desired survivor size 20112992 bytes, new threshold 8 (max 8)
- age   1:    6988568 bytes,    6988568 total
- age   2:    3040888 bytes,   10029456 total
- age   3:    5904232 bytes,   15933688 total
: 104353K->21558K(109248K), 0.0279916 secs] 104353K->21558K(502464K), 0.0284811 secs] [Times: user=0.10 sys=0.01, real=0.03 secs] 
Heap after GC invocations=3 (full 1):
 par new generation   total 109248K, used 21558K [0x00000007a0000000, 0x00000007a8000000, 0x00000007a8000000)
  eden space 87424K,   0% used [0x00000007a0000000, 0x00000007a0000000, 0x00000007a5560000)
  from space 21824K,  98% used [0x00000007a6ab0000, 0x00000007a7fbdac0, 0x00000007a8000000)
  to   space 21824K,   0% used [0x00000007a5560000, 0x00000007a5560000, 0x00000007a6ab0000)
 concurrent mark-sweep generation total 393216K, used 0K [0x00000007a8000000, 0x00000007c0000000, 0x00000007c0000000)
 Metaspace       used 29739K, capacity 30689K, committed 30940K, reserved 1077248K
  class space    used 3510K, capacity 3752K, committed 3808K, reserved 1048576K
}
2018-01-08T10:51:39.557-0100: 1108.126: Total time for which application threads were stopped: 0.0398320 seconds, Stopping threads took: 0.0110681 seconds
2018-01-08T10:51:39.559-0100: 1108.128: Total time for which application threads were stopped: 0.0002819 seconds, Stopping threads took: 0.0001157 seconds
2018-01-08T10:51:39.559-0100: 1108.128: Total time for which application threads were stopped: 0.0002210 seconds, Stopping threads took: 0.0000606 seconds
2018-01-08T10:51:39.559-0100: 1108.129: Total time for which application threads were stopped: 0.0002040 seconds, Stopping threads took: 0.0000907 seconds
2018-01-08T10:51:39.588-0100: 1108.157: Total time for which application threads were stopped: 0.0006091 seconds, Stopping threads took: 0.0000307 seconds
2018-01-08T10:51:39.647-0100: 1108.217: Total time for which application threads were stopped: 0.0030600 seconds, Stopping threads took: 0.0024481 seconds
2018-01-08T10:51:39.685-0100: 1108.254: Total time for which application threads were stopped: 0.0002202 seconds, Stopping threads took: 0.0000331 seconds
2018-01-08T10:51:39.695-0100: 1108.264: Total time for which application threads were stopped: 0.0001614 seconds, Stopping threads took: 0.0000272 seconds
2018-01-08T10:51:39.774-0100: 1108.343: Total time for which application threads were stopped: 0.0002920 seconds, Stopping threads took: 0.0000588 seconds
{Heap before GC invocations=3 (full 1):
 par new generation   total 109248K, used 108982K [0x00000007a0000000, 0x00000007a8000000, 0x00000007a8000000)
  eden space 87424K, 100% used [0x00000007a0000000, 0x00000007a5560000, 0x00000007a5560000)
  from space 21824K,  98% used [0x00000007a6ab0000, 0x00000007a7fbdac0, 0x00000007a8000000)
  to   space 21824K,   0% used [0x00000007a5560000, 0x00000007a5560000, 0x00000007a6ab0000)
 concurrent mark-sweep generation total 393216K, used 0K [0x00000007a8000000, 0x00000007c0000000, 0x00000007c0000000)
 Metaspace       used 30839K, capacity 31709K, committed 31836K, reserved 1077248K
  class space    used 3631K, capacity 3860K, committed 3936K, reserved 1048576K
2018-01-08T10:51:39.873-0100: 1108.442: [GC (Allocation Failure) 2018-01-08T10:51:39.873-0100: 1108.442: [ParNew
Desired survivor size 20112992 bytes, new threshold 8 (max 8)
- age   1:    2777584 bytes,    2777584 total
- age   2:    3830992 bytes,    6608576 total
- age   3:    2938528 bytes,    9547104 total
- age   4:    5396824 bytes,   14943928 total
: 108982K->20058K(109248K), 0.0143880 secs] 108982K->20058K(502464K), 0.0145660 secs] [Times: user=0.06 sys=0.01, real=0.01 secs] 
Heap after GC invocations=4 (full 1):
 par new generation   total 109248K, used 20058K [0x00000007a0000000, 0x00000007a8000000, 0x00000007a8000000)
  eden space 87424K,   0% used [0x00000007a0000000, 0x00000007a0000000, 0x00000007a5560000)
  from space 21824K,  91% used [0x00000007a5560000, 0x00000007a68f6950, 0x00000007a6ab0000)
  to   space 21824K,   0% used [0x00000007a6ab0000, 0x00000007a6ab0000, 0x00000007a8000000)
 concurrent mark-sweep generation total 393216K, used 0K [0x00000007a8000000, 0x00000007c0000000, 0x00000007c0000000)
 Metaspace       used 30839K, capacity 31709K, committed 31836K, reserved 1077248K
  class space    used 3631K, capacity 3860K, committed 3936K, reserved 1048576K
}
2018-01-08T10:51:39.888-0100: 1108.457: Total time for which application threads were stopped: 0.0152335 seconds, Stopping threads took: 0.0003445 seconds
2018-01-08T10:51:39.948-0100: 1108.518: Total time for which application threads were stopped: 0.0002893 seconds, Stopping threads took: 0.0000754 seconds
2018-01-08T10:51:39.956-0100: 1108.526: Total time for which application threads were stopped: 0.0001873 seconds, Stopping threads took: 0.0000545 seconds
2018-01-08T10:51:39.981-0100: 1108.551: Total time for which application threads were stopped: 0.0001860 seconds, Stopping threads took: 0.0000402 seconds
2018-01-08T10:51:39.984-0100: 1108.553: Total time for which application threads were stopped: 0.0001757 seconds, Stopping threads took: 0.0000260 seconds
{Heap before GC invocations=4 (full 1):
 par new generation   total 109248K, used 107482K [0x00000007a0000000, 0x00000007a8000000, 0x00000007a8000000)
  eden space 87424K, 100% used [0x00000007a0000000, 0x00000007a5560000, 0x00000007a5560000)
  from space 21824K,  91% used [0x00000007a5560000, 0x00000007a68f6950, 0x00000007a6ab0000)
  to   space 21824K,   0% used [0x00000007a6ab0000, 0x00000007a6ab0000, 0x00000007a8000000)
 concurrent mark-sweep generation total 393216K, used 0K [0x00000007a8000000, 0x00000007c0000000, 0x00000007c0000000)
 Metaspace       used 31223K, capacity 32149K, committed 32348K, reserved 1077248K
  class space    used 3675K, capacity 3896K, committed 3936K, reserved 1048576K
2018-01-08T10:51:40.000-0100: 1108.569: [GC (Allocation Failure) 2018-01-08T10:51:40.000-0100: 1108.569: [ParNew
Desired survivor size 20112992 bytes, new threshold 8 (max 8)
- age   1:     629376 bytes,     629376 total
- age   2:    1905024 bytes,    2534400 total
- age   3:    3830376 bytes,    6364776 total
- age   4:    2937176 bytes,    9301952 total
- age   5:    5392248 bytes,   14694200 total
: 107482K->17326K(109248K), 0.0165263 secs] 107482K->17326K(502464K), 0.0166464 secs] [Times: user=0.04 sys=0.01, real=0.01 secs] 
Heap after GC invocations=5 (full 1):
 par new generation   total 109248K, used 17326K [0x00000007a0000000, 0x00000007a8000000, 0x00000007a8000000)
  eden space 87424K,   0% used [0x00000007a0000000, 0x00000007a0000000, 0x00000007a5560000)
  from space 21824K,  79% used [0x00000007a6ab0000, 0x00000007a7b9b9e8, 0x00000007a8000000)
  to   space 21824K,   0% used [0x00000007a5560000, 0x00000007a5560000, 0x00000007a6ab0000)
 concurrent mark-sweep generation total 393216K, used 0K [0x00000007a8000000, 0x00000007c0000000, 0x00000007c0000000)
 Metaspace       used 31223K, capacity 32149K, committed 32348K, reserved 1077248K
  class space    used 3675K, capacity 3896K, committed 3936K, reserved 1048576K
}
2018-01-08T10:51:40.017-0100: 1108.586: Total time for which application threads were stopped: 0.0169285 seconds, Stopping threads took: 0.0000284 seconds
{Heap before GC invocations=5 (full 1):
 par new generation   total 109248K, used 104750K [0x00000007a0000000, 0x00000007a8000000, 0x00000007a8000000)
  eden space 87424K, 100% used [0x00000007a0000000, 0x00000007a5560000, 0x00000007a5560000)
  from space 21824K,  79% used [0x00000007a6ab0000, 0x00000007a7b9b9e8, 0x00000007a8000000)
  to   space 21824K,   0% used [0x00000007a5560000, 0x00000007a5560000, 0x00000007a6ab0000)
 concurrent mark-sweep generation total 393216K, used 0K [0x00000007a8000000, 0x00000007c0000000, 0x00000007c0000000)
 Metaspace       used 31678K, capacity 32597K, committed 32732K, reserved 1077248K
  class space    used 3739K, capacity 3960K, committed 4064K, reserved 1048576K
2018-01-08T10:51:40.164-0100: 1108.734: [GC (Allocation Failure) 2018-01-08T10:51:40.164-0100: 1108.734: [ParNew
Desired survivor size 20112992 bytes, new threshold 8 (max 8)
- age   1:    1386200 bytes,    1386200 total
- age   2:     321008 bytes,    1707208 total
- age   3:    1904744 bytes,    3611952 total
- age   4:    3829472 bytes,    7441424 total
- age   5:    2937480 bytes,   10378904 total
- age   6:    5392168 bytes,   15771072 total
: 104750K->21824K(109248K), 0.0181314 secs] 104750K->21824K(502464K), 0.0183165 secs] [Times: user=0.05 sys=0.00, real=0.02 secs] 
Heap after GC invocations=6 (full 1):
 par new generation   total 109248K, used 21824K [0x00000007a0000000, 0x00000007a8000000, 0x00000007a8000000)
  eden space 87424K,   0% used [0x00000007a0000000, 0x00000007a0000000, 0x00000007a5560000)
  from space 21824K, 100% used [0x00000007a5560000, 0x00000007a6ab0000, 0x00000007a6ab0000)
  to   space 21824K,   0% used [0x00000007a6ab0000, 0x00000007a6ab0000, 0x00000007a8000000)
 concurrent mark-sweep generation total 393216K, used 0K [0x00000007a8000000, 0x00000007c0000000, 0x00000007c0000000)
 Metaspace       used 31678K, capacity 32597K, committed 32732K, reserved 1077248K
  class space    used 3739K, capacity 3960K, committed 4064K, reserved 1048576K
}
2018-01-08T10:51:40.183-0100: 1108.752: Total time for which application threads were stopped: 0.0187052 seconds, Stopping threads took: 0.0000683 seconds
2018-01-08T10:51:40.293-0100: 1108.863: Total time for which application threads were stopped: 0.0009885 seconds, Stopping threads took: 0.0007447 seconds
2018-01-08T10:51:40.295-0100: 1108.864: Total time for which application threads were stopped: 0.0002811 seconds, Stopping threads took: 0.0000916 seconds
2018-01-08T10:51:40.296-0100: 1108.865: Total time for which application threads were stopped: 0.0004414 seconds, Stopping threads took: 0.0001292 seconds
{Heap before GC invocations=6 (full 1):
 par new generation   total 109248K, used 109248K [0x00000007a0000000, 0x00000007a8000000, 0x00000007a8000000)
  eden space 87424K, 100% used [0x00000007a0000000, 0x00000007a5560000, 0x00000007a5560000)
  from space 21824K, 100% used [0x00000007a5560000, 0x00000007a6ab0000, 0x00000007a6ab0000)
  to   space 21824K,   0% used [0x00000007a6ab0000, 0x00000007a6ab0000, 0x00000007a8000000)
 concurrent mark-sweep generation total 393216K, used 0K [0x00000007a8000000, 0x00000007c0000000, 0x00000007c0000000)
 Metaspace       used 32131K, capacity 33057K, committed 33244K, reserved 1079296K
  class space    used 3796K, capacity 4026K, committed 4064K, reserved 1048576K
2018-01-08T10:51:40.326-0100: 1108.896: [GC (Allocation Failure) 2018-01-08T10:51:40.326-0100: 1108.896: [ParNew
Desired survivor size 20112992 bytes, new threshold 8 (max 8)
- age   1:     537224 bytes,     537224 total
- age   2:     146104 bytes,     683328 total
- age   3:     307864 bytes,     991192 total
- age   4:    1904392 bytes,    2895584 total
- age   5:    3829016 bytes,    6724600 total
- age   6:    2936712 bytes,    9661312 total
- age   7:    5391984 bytes,   15053296 total
: 109248K->17894K(109248K), 0.0141081 secs] 109248K->17894K(502464K), 0.0142155 secs] [Times: user=0.05 sys=0.01, real=0.02 secs] 
Heap after GC invocations=7 (full 1):
 par new generation   total 109248K, used 17894K [0x00000007a0000000, 0x00000007a8000000, 0x00000007a8000000)
  eden space 87424K,   0% used [0x00000007a0000000, 0x00000007a0000000, 0x00000007a5560000)
  from space 21824K,  81% used [0x00000007a6ab0000, 0x00000007a7c29980, 0x00000007a8000000)
  to   space 21824K,   0% used [0x00000007a5560000, 0x00000007a5560000, 0x00000007a6ab0000)
 concurrent mark-sweep generation total 393216K, used 0K [0x00000007a8000000, 0x00000007c0000000, 0x00000007c0000000)
 Metaspace       used 32131K, capacity 33057K, committed 33244K, reserved 1079296K
  class space    used 3796K, capacity 4026K, committed 4064K, reserved 1048576K
}
2018-01-08T10:51:40.341-0100: 1108.910: Total time for which application threads were stopped: 0.0144872 seconds, Stopping threads took: 0.0000244 seconds
2018-01-08T10:51:40.369-0100: 1108.938: Total time for which application threads were stopped: 0.0002248 seconds, Stopping threads took: 0.0000293 seconds
2018-01-08T10:51:40.379-0100: 1108.949: Total time for which application threads were stopped: 0.0002205 seconds, Stopping threads took: 0.0000516 seconds
2018-01-08T10:51:40.380-0100: 1108.949: Total time for which application threads were stopped: 0.0002133 seconds, Stopping threads took: 0.0000580 seconds
2018-01-08T10:51:40.510-0100: 1109.079: Total time for which application threads were stopped: 0.0009257 seconds, Stopping threads took: 0.0000355 seconds
2018-01-08T10:51:40.633-0100: 1109.203: Total time for which application threads were stopped: 0.0002650 seconds, Stopping threads took: 0.0000463 seconds
2018-01-08T10:51:40.637-0100: 1109.207: Total time for which application threads were stopped: 0.0002223 seconds, Stopping threads took: 0.0000484 seconds
2018-01-08T10:51:40.738-0100: 1109.307: Total time for which application threads were stopped: 0.0004101 seconds, Stopping threads took: 0.0000528 seconds
2018-01-08T10:51:40.764-0100: 1109.334: Total time for which application threads were stopped: 0.0008539 seconds, Stopping threads took: 0.0000325 seconds
2018-01-08T10:51:40.813-0100: 1109.383: Total time for which application threads were stopped: 0.0019735 seconds, Stopping threads took: 0.0017684 seconds
2018-01-08T10:51:40.826-0100: 1109.395: Total time for which application threads were stopped: 0.0002128 seconds, Stopping threads took: 0.0000480 seconds
2018-01-08T10:51:40.858-0100: 1109.428: Total time for which application threads were stopped: 0.0002370 seconds, Stopping threads took: 0.0000530 seconds
2018-01-08T10:51:40.860-0100: 1109.430: Total time for which application threads were stopped: 0.0002197 seconds, Stopping threads took: 0.0000482 seconds
2018-01-08T10:51:40.862-0100: 1109.432: Total time for which application threads were stopped: 0.0003113 seconds, Stopping threads took: 0.0000563 seconds
2018-01-08T10:51:40.863-0100: 1109.432: Total time for which application threads were stopped: 0.0005728 seconds, Stopping threads took: 0.0000871 seconds
2018-01-08T10:51:40.868-0100: 1109.438: Total time for which application threads were stopped: 0.0001868 seconds, Stopping threads took: 0.0000311 seconds
2018-01-08T10:51:40.869-0100: 1109.438: Total time for which application threads were stopped: 0.0002030 seconds, Stopping threads took: 0.0000392 seconds
2018-01-08T10:51:40.886-0100: 1109.455: Total time for which application threads were stopped: 0.0002073 seconds, Stopping threads took: 0.0000309 seconds
{Heap before GC invocations=7 (full 1):
 par new generation   total 109248K, used 105318K [0x00000007a0000000, 0x00000007a8000000, 0x00000007a8000000)
  eden space 87424K, 100% used [0x00000007a0000000, 0x00000007a5560000, 0x00000007a5560000)
  from space 21824K,  81% used [0x00000007a6ab0000, 0x00000007a7c29980, 0x00000007a8000000)
  to   space 21824K,   0% used [0x00000007a5560000, 0x00000007a5560000, 0x00000007a6ab0000)
 concurrent mark-sweep generation total 393216K, used 0K [0x00000007a8000000, 0x00000007c0000000, 0x00000007c0000000)
 Metaspace       used 36090K, capacity 37255K, committed 37340K, reserved 1081344K
  class space    used 4291K, capacity 4567K, committed 4576K, reserved 1048576K
2018-01-08T10:51:41.061-0100: 1109.631: [GC (Allocation Failure) 2018-01-08T10:51:41.061-0100: 1109.631: [ParNew
Desired survivor size 20112992 bytes, new threshold 8 (max 8)
- age   1:    5757736 bytes,    5757736 total
- age   2:     171528 bytes,    5929264 total
- age   3:     143464 bytes,    6072728 total
- age   4:     305864 bytes,    6378592 total
- age   5:     316376 bytes,    6694968 total
- age   6:    3807816 bytes,   10502784 total
- age   7:    2894560 bytes,   13397344 total
- age   8:    5354368 bytes,   18751712 total
: 105318K->21824K(109248K), 0.0283413 secs] 105318K->22079K(502464K), 0.0310490 secs] [Times: user=0.10 sys=0.00, real=0.03 secs] 
Heap after GC invocations=8 (full 1):
 par new generation   total 109248K, used 21824K [0x00000007a0000000, 0x00000007a8000000, 0x00000007a8000000)
  eden space 87424K,   0% used [0x00000007a0000000, 0x00000007a0000000, 0x00000007a5560000)
  from space 21824K, 100% used [0x00000007a5560000, 0x00000007a6ab0000, 0x00000007a6ab0000)
  to   space 21824K,   0% used [0x00000007a6ab0000, 0x00000007a6ab0000, 0x00000007a8000000)
 concurrent mark-sweep generation total 393216K, used 255K [0x00000007a8000000, 0x00000007c0000000, 0x00000007c0000000)
 Metaspace       used 36090K, capacity 37255K, committed 37340K, reserved 1081344K
  class space    used 4291K, capacity 4567K, committed 4576K, reserved 1048576K
}
2018-01-08T10:51:41.092-0100: 1109.662: Total time for which application threads were stopped: 0.0314850 seconds, Stopping threads took: 0.0000338 seconds
2018-01-08T10:51:41.233-0100: 1109.802: Total time for which application threads were stopped: 0.0003227 seconds, Stopping threads took: 0.0000339 seconds
2018-01-08T10:51:41.236-0100: 1109.806: Total time for which application threads were stopped: 0.0002414 seconds, Stopping threads took: 0.0000324 seconds
2018-01-08T10:51:41.247-0100: 1109.816: Total time for which application threads were stopped: 0.0002420 seconds, Stopping threads took: 0.0000525 seconds
2018-01-08T10:51:41.248-0100: 1109.817: Total time for which application threads were stopped: 0.0002287 seconds, Stopping threads took: 0.0000487 seconds
2018-01-08T10:51:41.263-0100: 1109.832: Total time for which application threads were stopped: 0.0003218 seconds, Stopping threads took: 0.0000514 seconds
2018-01-08T10:51:41.271-0100: 1109.840: Total time for which application threads were stopped: 0.0001943 seconds, Stopping threads took: 0.0000278 seconds
2018-01-08T10:51:41.272-0100: 1109.841: Total time for which application threads were stopped: 0.0008225 seconds, Stopping threads took: 0.0000245 seconds
2018-01-08T10:51:41.307-0100: 1109.876: Total time for which application threads were stopped: 0.0002792 seconds, Stopping threads took: 0.0000472 seconds
2018-01-08T10:51:41.313-0100: 1109.882: Total time for which application threads were stopped: 0.0002228 seconds, Stopping threads took: 0.0000309 seconds
2018-01-08T10:51:41.319-0100: 1109.888: Total time for which application threads were stopped: 0.0009241 seconds, Stopping threads took: 0.0000521 seconds
2018-01-08T10:51:41.326-0100: 1109.896: Total time for which application threads were stopped: 0.0002480 seconds, Stopping threads took: 0.0000553 seconds
2018-01-08T10:51:41.330-0100: 1109.899: Total time for which application threads were stopped: 0.0002529 seconds, Stopping threads took: 0.0000483 seconds
2018-01-08T10:51:41.334-0100: 1109.903: Total time for which application threads were stopped: 0.0002699 seconds, Stopping threads took: 0.0000616 seconds
2018-01-08T10:51:41.338-0100: 1109.907: Total time for which application threads were stopped: 0.0002684 seconds, Stopping threads took: 0.0000648 seconds
2018-01-08T10:51:41.342-0100: 1109.911: Total time for which application threads were stopped: 0.0002851 seconds, Stopping threads took: 0.0000600 seconds
2018-01-08T10:51:41.356-0100: 1109.925: Total time for which application threads were stopped: 0.0002559 seconds, Stopping threads took: 0.0000590 seconds
2018-01-08T10:51:41.365-0100: 1109.934: Total time for which application threads were stopped: 0.0002723 seconds, Stopping threads took: 0.0000638 seconds
2018-01-08T10:51:41.378-0100: 1109.947: Total time for which application threads were stopped: 0.0003040 seconds, Stopping threads took: 0.0000819 seconds
2018-01-08T10:51:41.379-0100: 1109.949: Total time for which application threads were stopped: 0.0002250 seconds, Stopping threads took: 0.0000351 seconds
2018-01-08T10:51:41.381-0100: 1109.950: Total time for which application threads were stopped: 0.0005095 seconds, Stopping threads took: 0.0000549 seconds
2018-01-08T10:51:41.388-0100: 1109.958: Total time for which application threads were stopped: 0.0002605 seconds, Stopping threads took: 0.0000338 seconds
2018-01-08T10:51:41.395-0100: 1109.965: Total time for which application threads were stopped: 0.0002672 seconds, Stopping threads took: 0.0000522 seconds
2018-01-08T10:51:41.406-0100: 1109.975: Total time for which application threads were stopped: 0.0002335 seconds, Stopping threads took: 0.0000472 seconds
2018-01-08T10:51:41.425-0100: 1109.994: Total time for which application threads were stopped: 0.0003274 seconds, Stopping threads took: 0.0001330 seconds
2018-01-08T10:51:41.470-0100: 1110.039: Total time for which application threads were stopped: 0.0002245 seconds, Stopping threads took: 0.0000516 seconds
2018-01-08T10:51:41.471-0100: 1110.041: Total time for which application threads were stopped: 0.0002142 seconds, Stopping threads took: 0.0000511 seconds
2018-01-08T10:51:41.472-0100: 1110.041: Total time for which application threads were stopped: 0.0002389 seconds, Stopping threads took: 0.0000879 seconds
2018-01-08T10:51:41.473-0100: 1110.042: Total time for which application threads were stopped: 0.0001909 seconds, Stopping threads took: 0.0000449 seconds
2018-01-08T10:51:41.473-0100: 1110.043: Total time for which application threads were stopped: 0.0002682 seconds, Stopping threads took: 0.0001124 seconds
2018-01-08T10:51:41.481-0100: 1110.051: Total time for which application threads were stopped: 0.0006707 seconds, Stopping threads took: 0.0004969 seconds
2018-01-08T10:51:41.483-0100: 1110.052: Total time for which application threads were stopped: 0.0002107 seconds, Stopping threads took: 0.0000486 seconds
2018-01-08T10:51:41.507-0100: 1110.076: Total time for which application threads were stopped: 0.0002593 seconds, Stopping threads took: 0.0000670 seconds
2018-01-08T10:51:41.540-0100: 1110.109: Total time for which application threads were stopped: 0.0008359 seconds, Stopping threads took: 0.0000464 seconds
2018-01-08T10:51:41.556-0100: 1110.125: Total time for which application threads were stopped: 0.0001846 seconds, Stopping threads took: 0.0000458 seconds
2018-01-08T10:51:41.558-0100: 1110.127: Total time for which application threads were stopped: 0.0002782 seconds, Stopping threads took: 0.0001164 seconds
2018-01-08T10:51:41.558-0100: 1110.127: Total time for which application threads were stopped: 0.0001471 seconds, Stopping threads took: 0.0000371 seconds
2018-01-08T10:51:41.588-0100: 1110.157: Total time for which application threads were stopped: 0.0002379 seconds, Stopping threads took: 0.0000531 seconds
2018-01-08T10:51:42.045-0100: 1110.614: Total time for which application threads were stopped: 0.0001969 seconds, Stopping threads took: 0.0000693 seconds
2018-01-08T10:51:42.045-0100: 1110.615: Total time for which application threads were stopped: 0.0001865 seconds, Stopping threads took: 0.0000779 seconds
2018-01-08T10:51:42.047-0100: 1110.617: Total time for which application threads were stopped: 0.0002002 seconds, Stopping threads took: 0.0000638 seconds
2018-01-08T10:51:42.051-0100: 1110.620: Total time for which application threads were stopped: 0.0007653 seconds, Stopping threads took: 0.0000413 seconds
2018-01-08T10:51:42.301-0100: 1110.871: Total time for which application threads were stopped: 0.0001315 seconds, Stopping threads took: 0.0000251 seconds
2018-01-08T10:51:42.306-0100: 1110.876: Total time for which application threads were stopped: 0.0001710 seconds, Stopping threads took: 0.0000296 seconds
2018-01-08T10:51:42.307-0100: 1110.877: Total time for which application threads were stopped: 0.0002384 seconds, Stopping threads took: 0.0000201 seconds
2018-01-08T10:51:42.308-0100: 1110.877: Total time for which application threads were stopped: 0.0001562 seconds, Stopping threads took: 0.0000176 seconds
2018-01-08T10:51:42.308-0100: 1110.877: Total time for which application threads were stopped: 0.0001558 seconds, Stopping threads took: 0.0000163 seconds
2018-01-08T10:51:42.417-0100: 1110.986: Total time for which application threads were stopped: 0.0001726 seconds, Stopping threads took: 0.0000431 seconds
2018-01-08T10:51:42.417-0100: 1110.986: Total time for which application threads were stopped: 0.0001526 seconds, Stopping threads took: 0.0000574 seconds
2018-01-08T10:51:42.533-0100: 1111.102: Total time for which application threads were stopped: 0.0002071 seconds, Stopping threads took: 0.0000575 seconds
2018-01-08T10:51:42.533-0100: 1111.103: Total time for which application threads were stopped: 0.0003897 seconds, Stopping threads took: 0.0000610 seconds
2018-01-08T10:51:42.538-0100: 1111.107: Total time for which application threads were stopped: 0.0001664 seconds, Stopping threads took: 0.0000442 seconds
2018-01-08T10:51:42.555-0100: 1111.124: Total time for which application threads were stopped: 0.0001278 seconds, Stopping threads took: 0.0000251 seconds
2018-01-08T10:51:42.555-0100: 1111.124: Total time for which application threads were stopped: 0.0000886 seconds, Stopping threads took: 0.0000111 seconds
2018-01-08T10:51:42.557-0100: 1111.126: Total time for which application threads were stopped: 0.0001409 seconds, Stopping threads took: 0.0000432 seconds
2018-01-08T10:51:43.561-0100: 1112.130: Total time for which application threads were stopped: 0.0001710 seconds, Stopping threads took: 0.0000313 seconds
2018-01-08T10:51:43.592-0100: 1112.161: Total time for which application threads were stopped: 0.0001502 seconds, Stopping threads took: 0.0000220 seconds
2018-01-08T10:51:43.592-0100: 1112.161: Total time for which application threads were stopped: 0.0000777 seconds, Stopping threads took: 0.0000109 seconds
2018-01-08T10:51:43.592-0100: 1112.161: Total time for which application threads were stopped: 0.0000634 seconds, Stopping threads took: 0.0000090 seconds
2018-01-08T10:51:43.592-0100: 1112.161: Total time for which application threads were stopped: 0.0000766 seconds, Stopping threads took: 0.0000121 seconds
2018-01-08T10:51:43.592-0100: 1112.162: Total time for which application threads were stopped: 0.0000664 seconds, Stopping threads took: 0.0000092 seconds
2018-01-08T10:51:43.592-0100: 1112.162: Total time for which application threads were stopped: 0.0000768 seconds, Stopping threads took: 0.0000124 seconds
2018-01-08T10:51:43.592-0100: 1112.162: Total time for which application threads were stopped: 0.0000655 seconds, Stopping threads took: 0.0000091 seconds
2018-01-08T10:51:43.593-0100: 1112.162: Total time for which application threads were stopped: 0.0000750 seconds, Stopping threads took: 0.0000116 seconds
2018-01-08T10:51:43.593-0100: 1112.162: Total time for which application threads were stopped: 0.0000645 seconds, Stopping threads took: 0.0000091 seconds
2018-01-08T10:51:43.593-0100: 1112.162: Total time for which application threads were stopped: 0.0000762 seconds, Stopping threads took: 0.0000120 seconds
2018-01-08T10:51:43.593-0100: 1112.162: Total time for which application threads were stopped: 0.0000660 seconds, Stopping threads took: 0.0000090 seconds
2018-01-08T10:51:43.593-0100: 1112.162: Total time for which application threads were stopped: 0.0000767 seconds, Stopping threads took: 0.0000121 seconds
2018-01-08T10:51:43.593-0100: 1112.163: Total time for which application threads were stopped: 0.0000665 seconds, Stopping threads took: 0.0000092 seconds
2018-01-08T10:51:43.593-0100: 1112.163: Total time for which application threads were stopped: 0.0000764 seconds, Stopping threads took: 0.0000122 seconds
2018-01-08T10:51:43.593-0100: 1112.163: Total time for which application threads were stopped: 0.0000662 seconds, Stopping threads took: 0.0000091 seconds
2018-01-08T10:51:43.594-0100: 1112.163: Total time for which application threads were stopped: 0.0000767 seconds, Stopping threads took: 0.0000122 seconds
2018-01-08T10:51:43.594-0100: 1112.163: Total time for which application threads were stopped: 0.0000663 seconds, Stopping threads took: 0.0000093 seconds
2018-01-08T10:51:43.594-0100: 1112.163: Total time for which application threads were stopped: 0.0001344 seconds, Stopping threads took: 0.0000109 seconds
2018-01-08T10:51:43.594-0100: 1112.163: Total time for which application threads were stopped: 0.0000635 seconds, Stopping threads took: 0.0000091 seconds
2018-01-08T10:51:43.594-0100: 1112.163: Total time for which application threads were stopped: 0.0000820 seconds, Stopping threads took: 0.0000132 seconds
2018-01-08T10:51:43.594-0100: 1112.164: Total time for which application threads were stopped: 0.0001920 seconds, Stopping threads took: 0.0000083 seconds
2018-01-08T10:51:43.594-0100: 1112.164: Total time for which application threads were stopped: 0.0000630 seconds, Stopping threads took: 0.0000086 seconds
2018-01-08T10:51:43.599-0100: 1112.168: Total time for which application threads were stopped: 0.0001597 seconds, Stopping threads took: 0.0000309 seconds
2018-01-08T10:51:43.599-0100: 1112.169: Total time for which application threads were stopped: 0.0001519 seconds, Stopping threads took: 0.0000447 seconds
2018-01-08T10:51:43.600-0100: 1112.169: Total time for which application threads were stopped: 0.0002597 seconds, Stopping threads took: 0.0001149 seconds
2018-01-08T10:51:43.600-0100: 1112.169: Total time for which application threads were stopped: 0.0001698 seconds, Stopping threads took: 0.0000675 seconds
2018-01-08T10:51:43.602-0100: 1112.171: Total time for which application threads were stopped: 0.0002584 seconds, Stopping threads took: 0.0000941 seconds
2018-01-08T10:51:43.636-0100: 1112.205: Total time for which application threads were stopped: 0.0002418 seconds, Stopping threads took: 0.0000450 seconds
2018-01-08T10:51:43.645-0100: 1112.214: Total time for which application threads were stopped: 0.0002460 seconds, Stopping threads took: 0.0000852 seconds
{Heap before GC invocations=8 (full 1):
 par new generation   total 109248K, used 109248K [0x00000007a0000000, 0x00000007a8000000, 0x00000007a8000000)
  eden space 87424K, 100% used [0x00000007a0000000, 0x00000007a5560000, 0x00000007a5560000)
  from space 21824K, 100% used [0x00000007a5560000, 0x00000007a6ab0000, 0x00000007a6ab0000)
  to   space 21824K,   0% used [0x00000007a6ab0000, 0x00000007a6ab0000, 0x00000007a8000000)
 concurrent mark-sweep generation total 393216K, used 255K [0x00000007a8000000, 0x00000007c0000000, 0x00000007c0000000)
 Metaspace       used 39408K, capacity 40795K, committed 40924K, reserved 1085440K
  class space    used 4734K, capacity 5035K, committed 5088K, reserved 1048576K
2018-01-08T10:51:43.659-0100: 1112.228: [GC (Allocation Failure) 2018-01-08T10:51:43.659-0100: 1112.228: [ParNew
Desired survivor size 20112992 bytes, new threshold 8 (max 8)
- age   1:   10671128 bytes,   10671128 total
- age   2:    2211280 bytes,   12882408 total
- age   3:     169776 bytes,   13052184 total
- age   4:     142096 bytes,   13194280 total
- age   5:     296392 bytes,   13490672 total
- age   6:     311728 bytes,   13802400 total
- age   7:    3684792 bytes,   17487192 total
- age   8:    2725088 bytes,   20212280 total
: 109248K->21824K(109248K), 0.0600458 secs] 109503K->28645K(502464K), 0.0602872 secs] [Times: user=0.12 sys=0.01, real=0.06 secs] 
Heap after GC invocations=9 (full 1):
 par new generation   total 109248K, used 21824K [0x00000007a0000000, 0x00000007a8000000, 0x00000007a8000000)
  eden space 87424K,   0% used [0x00000007a0000000, 0x00000007a0000000, 0x00000007a5560000)
  from space 21824K, 100% used [0x00000007a6ab0000, 0x00000007a8000000, 0x00000007a8000000)
  to   space 21824K,   0% used [0x00000007a5560000, 0x00000007a5560000, 0x00000007a6ab0000)
 concurrent mark-sweep generation total 393216K, used 6821K [0x00000007a8000000, 0x00000007c0000000, 0x00000007c0000000)
 Metaspace       used 39408K, capacity 40795K, committed 40924K, reserved 1085440K
  class space    used 4734K, capacity 5035K, committed 5088K, reserved 1048576K
}
2018-01-08T10:51:43.719-0100: 1112.289: Total time for which application threads were stopped: 0.0606104 seconds, Stopping threads took: 0.0000523 seconds
2018-01-08T10:51:43.721-0100: 1112.290: Total time for which application threads were stopped: 0.0002597 seconds, Stopping threads took: 0.0001407 seconds
2018-01-08T10:51:43.723-0100: 1112.293: Total time for which application threads were stopped: 0.0001578 seconds, Stopping threads took: 0.0000284 seconds
2018-01-08T10:51:43.733-0100: 1112.303: Total time for which application threads were stopped: 0.0002571 seconds, Stopping threads took: 0.0000514 seconds
2018-01-08T10:51:43.735-0100: 1112.305: Total time for which application threads were stopped: 0.0002896 seconds, Stopping threads took: 0.0000915 seconds
2018-01-08T10:51:43.737-0100: 1112.306: Total time for which application threads were stopped: 0.0005395 seconds, Stopping threads took: 0.0000508 seconds
2018-01-08T10:51:43.745-0100: 1112.314: Total time for which application threads were stopped: 0.0029172 seconds, Stopping threads took: 0.0018251 seconds
2018-01-08T10:51:43.747-0100: 1112.316: Total time for which application threads were stopped: 0.0010075 seconds, Stopping threads took: 0.0001456 seconds
2018-01-08T10:51:43.749-0100: 1112.318: Total time for which application threads were stopped: 0.0003021 seconds, Stopping threads took: 0.0001072 seconds
2018-01-08T10:51:43.760-0100: 1112.330: Total time for which application threads were stopped: 0.0002636 seconds, Stopping threads took: 0.0000812 seconds
{Heap before GC invocations=9 (full 1):
 par new generation   total 109248K, used 109248K [0x00000007a0000000, 0x00000007a8000000, 0x00000007a8000000)
  eden space 87424K, 100% used [0x00000007a0000000, 0x00000007a5560000, 0x00000007a5560000)
  from space 21824K, 100% used [0x00000007a6ab0000, 0x00000007a8000000, 0x00000007a8000000)
  to   space 21824K,   0% used [0x00000007a5560000, 0x00000007a5560000, 0x00000007a6ab0000)
 concurrent mark-sweep generation total 393216K, used 6821K [0x00000007a8000000, 0x00000007c0000000, 0x00000007c0000000)
 Metaspace       used 39464K, capacity 40903K, committed 41180K, reserved 1085440K
  class space    used 4739K, capacity 5043K, committed 5088K, reserved 1048576K
2018-01-08T10:51:43.844-0100: 1112.413: [GC (Allocation Failure) 2018-01-08T10:51:43.844-0100: 1112.414: [ParNew
Desired survivor size 20112992 bytes, new threshold 8 (max 8)
- age   1:    2156616 bytes,    2156616 total
- age   2:    8678648 bytes,   10835264 total
- age   3:    2081592 bytes,   12916856 total
- age   4:     169776 bytes,   13086632 total
- age   5:     142096 bytes,   13228728 total
- age   6:     296080 bytes,   13524808 total
- age   7:     311696 bytes,   13836504 total
- age   8:    3684264 bytes,   17520768 total
: 109248K->21824K(109248K), 0.0555735 secs] 116069K->31340K(502464K), 0.0557409 secs] [Times: user=0.17 sys=0.01, real=0.06 secs] 
Heap after GC invocations=10 (full 1):
 par new generation   total 109248K, used 21824K [0x00000007a0000000, 0x00000007a8000000, 0x00000007a8000000)
  eden space 87424K,   0% used [0x00000007a0000000, 0x00000007a0000000, 0x00000007a5560000)
  from space 21824K, 100% used [0x00000007a5560000, 0x00000007a6ab0000, 0x00000007a6ab0000)
  to   space 21824K,   0% used [0x00000007a6ab0000, 0x00000007a6ab0000, 0x00000007a8000000)
 concurrent mark-sweep generation total 393216K, used 9516K [0x00000007a8000000, 0x00000007c0000000, 0x00000007c0000000)
 Metaspace       used 39464K, capacity 40903K, committed 41180K, reserved 1085440K
  class space    used 4739K, capacity 5043K, committed 5088K, reserved 1048576K
}
2018-01-08T10:51:43.900-0100: 1112.469: Total time for which application threads were stopped: 0.0561220 seconds, Stopping threads took: 0.0000330 seconds
2018-01-08T10:51:43.901-0100: 1112.471: Total time for which application threads were stopped: 0.0002821 seconds, Stopping threads took: 0.0000627 seconds
2018-01-08T10:51:43.902-0100: 1112.471: Total time for which application threads were stopped: 0.0002404 seconds, Stopping threads took: 0.0000784 seconds
2018-01-08T10:51:43.902-0100: 1112.472: Total time for which application threads were stopped: 0.0001602 seconds, Stopping threads took: 0.0000207 seconds
2018-01-08T10:51:43.903-0100: 1112.472: Total time for which application threads were stopped: 0.0001426 seconds, Stopping threads took: 0.0000180 seconds
2018-01-08T10:51:43.905-0100: 1112.474: Total time for which application threads were stopped: 0.0002982 seconds, Stopping threads took: 0.0001169 seconds
2018-01-08T10:51:43.906-0100: 1112.475: Total time for which application threads were stopped: 0.0002506 seconds, Stopping threads took: 0.0000927 seconds
2018-01-08T10:51:43.906-0100: 1112.476: Total time for which application threads were stopped: 0.0001780 seconds, Stopping threads took: 0.0000247 seconds
2018-01-08T10:51:43.907-0100: 1112.476: Total time for which application threads were stopped: 0.0001868 seconds, Stopping threads took: 0.0000261 seconds
2018-01-08T10:51:43.908-0100: 1112.478: Total time for which application threads were stopped: 0.0002849 seconds, Stopping threads took: 0.0000627 seconds
2018-01-08T10:51:43.911-0100: 1112.480: Total time for which application threads were stopped: 0.0003690 seconds, Stopping threads took: 0.0001386 seconds
2018-01-08T10:51:43.912-0100: 1112.482: Total time for which application threads were stopped: 0.0002917 seconds, Stopping threads took: 0.0000763 seconds
2018-01-08T10:51:43.914-0100: 1112.483: Total time for which application threads were stopped: 0.0007409 seconds, Stopping threads took: 0.0001603 seconds
{Heap before GC invocations=10 (full 1):
 par new generation   total 109248K, used 109248K [0x00000007a0000000, 0x00000007a8000000, 0x00000007a8000000)
  eden space 87424K, 100% used [0x00000007a0000000, 0x00000007a5560000, 0x00000007a5560000)
  from space 21824K, 100% used [0x00000007a5560000, 0x00000007a6ab0000, 0x00000007a6ab0000)
  to   space 21824K,   0% used [0x00000007a6ab0000, 0x00000007a6ab0000, 0x00000007a8000000)
 concurrent mark-sweep generation total 393216K, used 9516K [0x00000007a8000000, 0x00000007c0000000, 0x00000007c0000000)
 Metaspace       used 39477K, capacity 40903K, committed 41180K, reserved 1085440K
  class space    used 4739K, capacity 5043K, committed 5088K, reserved 1048576K
2018-01-08T10:51:43.975-0100: 1112.545: [GC (Allocation Failure) 2018-01-08T10:51:43.975-0100: 1112.545: [ParNew
Desired survivor size 20112992 bytes, new threshold 8 (max 8)
- age   1:     983568 bytes,     983568 total
- age   2:    1848352 bytes,    2831920 total
- age   3:    8606400 bytes,   11438320 total
- age   4:    2075944 bytes,   13514264 total
- age   5:     169776 bytes,   13684040 total
- age   6:     142096 bytes,   13826136 total
- age   7:     296080 bytes,   14122216 total
- age   8:     311696 bytes,   14433912 total
: 109248K->17599K(109248K), 0.0279828 secs] 118764K->30730K(502464K), 0.0281505 secs] [Times: user=0.08 sys=0.00, real=0.03 secs] 
Heap after GC invocations=11 (full 1):
 par new generation   total 109248K, used 17599K [0x00000007a0000000, 0x00000007a8000000, 0x00000007a8000000)
  eden space 87424K,   0% used [0x00000007a0000000, 0x00000007a0000000, 0x00000007a5560000)
  from space 21824K,  80% used [0x00000007a6ab0000, 0x00000007a7bdfc60, 0x00000007a8000000)
  to   space 21824K,   0% used [0x00000007a5560000, 0x00000007a5560000, 0x00000007a6ab0000)
 concurrent mark-sweep generation total 393216K, used 13131K [0x00000007a8000000, 0x00000007c0000000, 0x00000007c0000000)
 Metaspace       used 39477K, capacity 40903K, committed 41180K, reserved 1085440K
  class space    used 4739K, capacity 5043K, committed 5088K, reserved 1048576K
}
2018-01-08T10:51:44.004-0100: 1112.573: Total time for which application threads were stopped: 0.0285589 seconds, Stopping threads took: 0.0000556 seconds
2018-01-08T10:51:44.004-0100: 1112.573: Total time for which application threads were stopped: 0.0002754 seconds, Stopping threads took: 0.0001019 seconds
{Heap before GC invocations=11 (full 1):
 par new generation   total 109248K, used 105023K [0x00000007a0000000, 0x00000007a8000000, 0x00000007a8000000)
  eden space 87424K, 100% used [0x00000007a0000000, 0x00000007a5560000, 0x00000007a5560000)
  from space 21824K,  80% used [0x00000007a6ab0000, 0x00000007a7bdfc60, 0x00000007a8000000)
  to   space 21824K,   0% used [0x00000007a5560000, 0x00000007a5560000, 0x00000007a6ab0000)
 concurrent mark-sweep generation total 393216K, used 13131K [0x00000007a8000000, 0x00000007c0000000, 0x00000007c0000000)
 Metaspace       used 39495K, capacity 40921K, committed 41180K, reserved 1085440K
  class space    used 4741K, capacity 5046K, committed 5088K, reserved 1048576K
2018-01-08T10:51:44.065-0100: 1112.634: [GC (Allocation Failure) 2018-01-08T10:51:44.065-0100: 1112.634: [ParNew
Desired survivor size 20112992 bytes, new threshold 8 (max 8)
- age   1:     980512 bytes,     980512 total
- age   2:     927184 bytes,    1907696 total
- age   3:    1802264 bytes,    3709960 total
- age   4:    8606288 bytes,   12316248 total
- age   5:    2075944 bytes,   14392192 total
- age   6:     169776 bytes,   14561968 total
- age   7:     142096 bytes,   14704064 total
- age   8:     295768 bytes,   14999832 total
: 105023K->21824K(109248K), 0.0161405 secs] 118154K->35302K(502464K), 0.0162917 secs] [Times: user=0.05 sys=0.00, real=0.02 secs] 
Heap after GC invocations=12 (full 1):
 par new generation   total 109248K, used 21824K [0x00000007a0000000, 0x00000007a8000000, 0x00000007a8000000)
  eden space 87424K,   0% used [0x00000007a0000000, 0x00000007a0000000, 0x00000007a5560000)
  from space 21824K, 100% used [0x00000007a5560000, 0x00000007a6ab0000, 0x00000007a6ab0000)
  to   space 21824K,   0% used [0x00000007a6ab0000, 0x00000007a6ab0000, 0x00000007a8000000)
 concurrent mark-sweep generation total 393216K, used 13478K [0x00000007a8000000, 0x00000007c0000000, 0x00000007c0000000)
 Metaspace       used 39495K, capacity 40921K, committed 41180K, reserved 1085440K
  class space    used 4741K, capacity 5046K, committed 5088K, reserved 1048576K
}
2018-01-08T10:51:44.081-0100: 1112.651: Total time for which application threads were stopped: 0.0167267 seconds, Stopping threads took: 0.0001111 seconds
{Heap before GC invocations=12 (full 1):
 par new generation   total 109248K, used 109248K [0x00000007a0000000, 0x00000007a8000000, 0x00000007a8000000)
  eden space 87424K, 100% used [0x00000007a0000000, 0x00000007a5560000, 0x00000007a5560000)
  from space 21824K, 100% used [0x00000007a5560000, 0x00000007a6ab0000, 0x00000007a6ab0000)
  to   space 21824K,   0% used [0x00000007a6ab0000, 0x00000007a6ab0000, 0x00000007a8000000)
 concurrent mark-sweep generation total 393216K, used 13478K [0x00000007a8000000, 0x00000007c0000000, 0x00000007c0000000)
 Metaspace       used 39524K, capacity 40927K, committed 41180K, reserved 1085440K
  class space    used 4741K, capacity 5047K, committed 5088K, reserved 1048576K
2018-01-08T10:51:44.183-0100: 1112.752: [GC (Allocation Failure) 2018-01-08T10:51:44.183-0100: 1112.752: [ParNew
Desired survivor size 20112992 bytes, new threshold 8 (max 8)
- age   1:    1064984 bytes,    1064984 total
- age   2:      98352 bytes,    1163336 total
- age   3:     926768 bytes,    2090104 total
- age   4:    1799648 bytes,    3889752 total
- age   5:    8605656 bytes,   12495408 total
- age   6:    2074920 bytes,   14570328 total
- age   7:     169584 bytes,   14739912 total
- age   8:     141960 bytes,   14881872 total
: 109248K->18338K(109248K), 0.0272849 secs] 122726K->32113K(502464K), 0.0274274 secs] [Times: user=0.07 sys=0.00, real=0.03 secs] 
Heap after GC invocations=13 (full 1):
 par new generation   total 109248K, used 18338K [0x00000007a0000000, 0x00000007a8000000, 0x00000007a8000000)
  eden space 87424K,   0% used [0x00000007a0000000, 0x00000007a0000000, 0x00000007a5560000)
  from space 21824K,  84% used [0x00000007a6ab0000, 0x00000007a7c989e0, 0x00000007a8000000)
  to   space 21824K,   0% used [0x00000007a5560000, 0x00000007a5560000, 0x00000007a6ab0000)
 concurrent mark-sweep generation total 393216K, used 13775K [0x00000007a8000000, 0x00000007c0000000, 0x00000007c0000000)
 Metaspace       used 39524K, capacity 40927K, committed 41180K, reserved 1085440K
  class space    used 4741K, capacity 5047K, committed 5088K, reserved 1048576K
}
2018-01-08T10:51:44.210-0100: 1112.779: Total time for which application threads were stopped: 0.0282434 seconds, Stopping threads took: 0.0004307 seconds
2018-01-08T10:51:44.279-0100: 1112.848: Total time for which application threads were stopped: 0.0002427 seconds, Stopping threads took: 0.0000359 seconds
2018-01-08T10:51:44.279-0100: 1112.848: Total time for which application threads were stopped: 0.0001688 seconds, Stopping threads took: 0.0000188 seconds
2018-01-08T10:51:44.346-0100: 1112.915: Total time for which application threads were stopped: 0.0119200 seconds, Stopping threads took: 0.0116715 seconds
2018-01-08T10:51:44.376-0100: 1112.946: Total time for which application threads were stopped: 0.0002522 seconds, Stopping threads took: 0.0000607 seconds
2018-01-08T10:51:44.377-0100: 1112.946: Total time for which application threads were stopped: 0.0002423 seconds, Stopping threads took: 0.0000848 seconds
2018-01-08T10:51:44.377-0100: 1112.947: Total time for which application threads were stopped: 0.0002101 seconds, Stopping threads took: 0.0000462 seconds
2018-01-08T10:51:44.378-0100: 1112.947: Total time for which application threads were stopped: 0.0001587 seconds, Stopping threads took: 0.0000223 seconds
2018-01-08T10:51:44.378-0100: 1112.947: Total time for which application threads were stopped: 0.0002360 seconds, Stopping threads took: 0.0001024 seconds
2018-01-08T10:51:44.378-0100: 1112.948: Total time for which application threads were stopped: 0.0001421 seconds, Stopping threads took: 0.0000189 seconds
2018-01-08T10:51:44.378-0100: 1112.948: Total time for which application threads were stopped: 0.0001262 seconds, Stopping threads took: 0.0000154 seconds
2018-01-08T10:51:44.379-0100: 1112.949: Total time for which application threads were stopped: 0.0001914 seconds, Stopping threads took: 0.0000211 seconds
2018-01-08T10:51:44.420-0100: 1112.989: Total time for which application threads were stopped: 0.0002780 seconds, Stopping threads took: 0.0000694 seconds
2018-01-08T10:51:44.420-0100: 1112.990: Total time for which application threads were stopped: 0.0001748 seconds, Stopping threads took: 0.0000247 seconds
2018-01-08T10:51:44.421-0100: 1112.990: Total time for which application threads were stopped: 0.0002141 seconds, Stopping threads took: 0.0000530 seconds
2018-01-08T10:51:44.421-0100: 1112.990: Total time for which application threads were stopped: 0.0002005 seconds, Stopping threads took: 0.0000447 seconds
2018-01-08T10:51:44.421-0100: 1112.991: Total time for which application threads were stopped: 0.0002333 seconds, Stopping threads took: 0.0000927 seconds
2018-01-08T10:51:44.422-0100: 1112.991: Total time for which application threads were stopped: 0.0001664 seconds, Stopping threads took: 0.0000379 seconds
2018-01-08T10:51:44.422-0100: 1112.991: Total time for which application threads were stopped: 0.0001373 seconds, Stopping threads took: 0.0000163 seconds
2018-01-08T10:51:44.422-0100: 1112.991: Total time for which application threads were stopped: 0.0002256 seconds, Stopping threads took: 0.0000924 seconds
2018-01-08T10:51:44.422-0100: 1112.992: Total time for which application threads were stopped: 0.0001780 seconds, Stopping threads took: 0.0000444 seconds
2018-01-08T10:51:44.422-0100: 1112.992: Total time for which application threads were stopped: 0.0001363 seconds, Stopping threads took: 0.0000169 seconds
2018-01-08T10:51:44.423-0100: 1112.992: Total time for which application threads were stopped: 0.0001377 seconds, Stopping threads took: 0.0000166 seconds
2018-01-08T10:51:44.423-0100: 1112.992: Total time for which application threads were stopped: 0.0001477 seconds, Stopping threads took: 0.0000173 seconds
2018-01-08T10:51:44.423-0100: 1112.992: Total time for which application threads were stopped: 0.0002349 seconds, Stopping threads took: 0.0001028 seconds
2018-01-08T10:51:44.423-0100: 1112.993: Total time for which application threads were stopped: 0.0001606 seconds, Stopping threads took: 0.0000386 seconds
2018-01-08T10:51:44.424-0100: 1112.993: Total time for which application threads were stopped: 0.0001528 seconds, Stopping threads took: 0.0000387 seconds
2018-01-08T10:51:44.424-0100: 1112.993: Total time for which application threads were stopped: 0.0002245 seconds, Stopping threads took: 0.0000988 seconds
2018-01-08T10:51:44.424-0100: 1112.993: Total time for which application threads were stopped: 0.0001390 seconds, Stopping threads took: 0.0000163 seconds
2018-01-08T10:51:44.424-0100: 1112.994: Total time for which application threads were stopped: 0.0002315 seconds, Stopping threads took: 0.0000937 seconds
2018-01-08T10:51:44.424-0100: 1112.994: Total time for which application threads were stopped: 0.0001490 seconds, Stopping threads took: 0.0000175 seconds
2018-01-08T10:51:44.425-0100: 1112.994: Total time for which application threads were stopped: 0.0004488 seconds, Stopping threads took: 0.0000299 seconds
2018-01-08T10:51:44.429-0100: 1112.998: Total time for which application threads were stopped: 0.0002269 seconds, Stopping threads took: 0.0000501 seconds
2018-01-08T10:51:44.429-0100: 1112.998: Total time for which application threads were stopped: 0.0001853 seconds, Stopping threads took: 0.0000411 seconds
2018-01-08T10:51:44.452-0100: 1113.021: Total time for which application threads were stopped: 0.0002428 seconds, Stopping threads took: 0.0000346 seconds
2018-01-08T10:51:44.481-0100: 1113.051: Total time for which application threads were stopped: 0.0002324 seconds, Stopping threads took: 0.0000387 seconds
2018-01-08T10:51:44.481-0100: 1113.051: Total time for which application threads were stopped: 0.0001525 seconds, Stopping threads took: 0.0000216 seconds
2018-01-08T10:51:44.487-0100: 1113.056: Total time for which application threads were stopped: 0.0002693 seconds, Stopping threads took: 0.0000926 seconds
2018-01-08T10:51:44.541-0100: 1113.110: Total time for which application threads were stopped: 0.0002192 seconds, Stopping threads took: 0.0000391 seconds
2018-01-08T10:51:44.541-0100: 1113.111: Total time for which application threads were stopped: 0.0001754 seconds, Stopping threads took: 0.0000367 seconds
2018-01-08T10:51:44.542-0100: 1113.111: Total time for which application threads were stopped: 0.0001343 seconds, Stopping threads took: 0.0000194 seconds
2018-01-08T10:51:44.542-0100: 1113.111: Total time for which application threads were stopped: 0.0001270 seconds, Stopping threads took: 0.0000172 seconds
2018-01-08T10:51:44.542-0100: 1113.111: Total time for which application threads were stopped: 0.0001147 seconds, Stopping threads took: 0.0000169 seconds
2018-01-08T10:51:44.542-0100: 1113.111: Total time for which application threads were stopped: 0.0001323 seconds, Stopping threads took: 0.0000299 seconds
2018-01-08T10:51:44.542-0100: 1113.112: Total time for which application threads were stopped: 0.0001125 seconds, Stopping threads took: 0.0000149 seconds
2018-01-08T10:51:44.542-0100: 1113.112: Total time for which application threads were stopped: 0.0001226 seconds, Stopping threads took: 0.0000260 seconds
2018-01-08T10:51:44.560-0100: 1113.129: Total time for which application threads were stopped: 0.0003017 seconds, Stopping threads took: 0.0000975 seconds
2018-01-08T10:51:44.563-0100: 1113.132: Total time for which application threads were stopped: 0.0002450 seconds, Stopping threads took: 0.0000674 seconds
2018-01-08T10:51:44.563-0100: 1113.132: Total time for which application threads were stopped: 0.0001832 seconds, Stopping threads took: 0.0000443 seconds
2018-01-08T10:51:44.585-0100: 1113.155: Total time for which application threads were stopped: 0.0002097 seconds, Stopping threads took: 0.0000343 seconds
2018-01-08T10:51:44.585-0100: 1113.155: Total time for which application threads were stopped: 0.0001358 seconds, Stopping threads took: 0.0000188 seconds
2018-01-08T10:51:44.810-0100: 1113.380: Total time for which application threads were stopped: 0.0002063 seconds, Stopping threads took: 0.0000264 seconds
2018-01-08T10:51:51.834-0100: 1120.403: Total time for which application threads were stopped: 0.0001556 seconds, Stopping threads took: 0.0000376 seconds
2018-01-08T10:51:53.837-0100: 1122.407: Total time for which application threads were stopped: 0.0001383 seconds, Stopping threads took: 0.0000341 seconds
2018-01-08T10:52:20.642-0100: 1149.212: Total time for which application threads were stopped: 0.0002826 seconds, Stopping threads took: 0.0000351 seconds
2018-01-08T10:52:20.892-0100: 1149.462: Total time for which application threads were stopped: 0.0002432 seconds, Stopping threads took: 0.0000891 seconds
2018-01-08T10:52:20.893-0100: 1149.462: Total time for which application threads were stopped: 0.0001028 seconds, Stopping threads took: 0.0000123 seconds
2018-01-08T10:52:20.893-0100: 1149.462: Total time for which application threads were stopped: 0.0000987 seconds, Stopping threads took: 0.0000160 seconds
2018-01-08T10:52:20.893-0100: 1149.462: Total time for which application threads were stopped: 0.0001021 seconds, Stopping threads took: 0.0000324 seconds
2018-01-08T10:52:20.903-0100: 1149.472: Total time for which application threads were stopped: 0.0002018 seconds, Stopping threads took: 0.0000851 seconds
2018-01-08T10:52:20.903-0100: 1149.472: Total time for which application threads were stopped: 0.0001164 seconds, Stopping threads took: 0.0000259 seconds
2018-01-08T10:52:21.904-0100: 1150.473: Total time for which application threads were stopped: 0.0001526 seconds, Stopping threads took: 0.0000292 seconds
2018-01-08T10:52:22.904-0100: 1151.474: Total time for which application threads were stopped: 0.0001587 seconds, Stopping threads took: 0.0000502 seconds
2018-01-08T10:52:32.916-0100: 1161.485: Total time for which application threads were stopped: 0.0001424 seconds, Stopping threads took: 0.0000294 seconds
2018-01-08T10:52:33.917-0100: 1162.486: Total time for which application threads were stopped: 0.0001703 seconds, Stopping threads took: 0.0000358 seconds
2018-01-08T10:52:51.942-0100: 1180.511: Total time for which application threads were stopped: 0.0001623 seconds, Stopping threads took: 0.0000290 seconds
2018-01-08T10:53:13.211-0100: 1201.781: Total time for which application threads were stopped: 0.0001176 seconds, Stopping threads took: 0.0000350 seconds
2018-01-08T10:53:13.212-0100: 1201.781: Total time for which application threads were stopped: 0.0001530 seconds, Stopping threads took: 0.0000404 seconds
2018-01-08T10:53:13.212-0100: 1201.782: Total time for which application threads were stopped: 0.0002129 seconds, Stopping threads took: 0.0001040 seconds
2018-01-08T10:53:13.212-0100: 1201.782: Total time for which application threads were stopped: 0.0000929 seconds, Stopping threads took: 0.0000352 seconds
2018-01-08T10:53:14.217-0100: 1202.787: Total time for which application threads were stopped: 0.0001359 seconds, Stopping threads took: 0.0000295 seconds
2018-01-08T10:54:26.377-0100: 1274.947: Total time for which application threads were stopped: 0.0001310 seconds, Stopping threads took: 0.0000284 seconds
2018-01-08T10:54:27.379-0100: 1275.948: Total time for which application threads were stopped: 0.0001359 seconds, Stopping threads took: 0.0000314 seconds
2018-01-08T10:55:22.479-0100: 1331.048: Total time for which application threads were stopped: 0.0001280 seconds, Stopping threads took: 0.0000265 seconds
2018-01-08T10:56:01.648-0100: 1370.218: Total time for which application threads were stopped: 0.0002107 seconds, Stopping threads took: 0.0000285 seconds
2018-01-08T10:56:01.666-0100: 1370.236: Total time for which application threads were stopped: 0.0003515 seconds, Stopping threads took: 0.0002522 seconds
2018-01-08T10:56:01.667-0100: 1370.236: Total time for which application threads were stopped: 0.0001184 seconds, Stopping threads took: 0.0000453 seconds
2018-01-08T10:56:01.667-0100: 1370.236: Total time for which application threads were stopped: 0.0000965 seconds, Stopping threads took: 0.0000338 seconds
2018-01-08T10:56:01.667-0100: 1370.236: Total time for which application threads were stopped: 0.0000851 seconds, Stopping threads took: 0.0000264 seconds
2018-01-08T10:56:01.667-0100: 1370.236: Total time for which application threads were stopped: 0.0000819 seconds, Stopping threads took: 0.0000231 seconds
2018-01-08T10:56:01.668-0100: 1370.237: Total time for which application threads were stopped: 0.0001674 seconds, Stopping threads took: 0.0000591 seconds
2018-01-08T10:56:01.668-0100: 1370.237: Total time for which application threads were stopped: 0.0001164 seconds, Stopping threads took: 0.0000386 seconds
2018-01-08T10:56:01.668-0100: 1370.238: Total time for which application threads were stopped: 0.0001241 seconds, Stopping threads took: 0.0000349 seconds
2018-01-08T10:56:01.669-0100: 1370.238: Total time for which application threads were stopped: 0.0001220 seconds, Stopping threads took: 0.0000386 seconds
2018-01-08T10:56:01.669-0100: 1370.238: Total time for which application threads were stopped: 0.0001287 seconds, Stopping threads took: 0.0000369 seconds
2018-01-08T10:56:01.669-0100: 1370.238: Total time for which application threads were stopped: 0.0000796 seconds, Stopping threads took: 0.0000250 seconds
2018-01-08T10:56:01.669-0100: 1370.238: Total time for which application threads were stopped: 0.0000916 seconds, Stopping threads took: 0.0000237 seconds
2018-01-08T10:56:01.669-0100: 1370.238: Total time for which application threads were stopped: 0.0000867 seconds, Stopping threads took: 0.0000253 seconds
2018-01-08T10:56:01.670-0100: 1370.239: Total time for which application threads were stopped: 0.0001464 seconds, Stopping threads took: 0.0000669 seconds
2018-01-08T10:56:01.670-0100: 1370.239: Total time for which application threads were stopped: 0.0000874 seconds, Stopping threads took: 0.0000265 seconds
2018-01-08T10:56:01.679-0100: 1370.248: Total time for which application threads were stopped: 0.0001952 seconds, Stopping threads took: 0.0000424 seconds
2018-01-08T10:56:01.680-0100: 1370.249: Total time for which application threads were stopped: 0.0001454 seconds, Stopping threads took: 0.0000277 seconds
2018-01-08T10:56:01.687-0100: 1370.257: Total time for which application threads were stopped: 0.0001228 seconds, Stopping threads took: 0.0000323 seconds
2018-01-08T10:56:01.688-0100: 1370.257: Total time for which application threads were stopped: 0.0001033 seconds, Stopping threads took: 0.0000212 seconds
2018-01-08T10:56:02.692-0100: 1371.261: Total time for which application threads were stopped: 0.0001650 seconds, Stopping threads took: 0.0000262 seconds
2018-01-08T10:56:11.128-0100: 1379.693: Total time for which application threads were stopped: 0.0001376 seconds, Stopping threads took: 0.0000375 seconds
2018-01-08T10:56:11.129-0100: 1379.693: Total time for which application threads were stopped: 0.0001234 seconds, Stopping threads took: 0.0000141 seconds
2018-01-08T10:56:11.136-0100: 1379.701: Total time for which application threads were stopped: 0.0002461 seconds, Stopping threads took: 0.0000633 seconds
2018-01-08T10:56:11.136-0100: 1379.701: Total time for which application threads were stopped: 0.0001316 seconds, Stopping threads took: 0.0000501 seconds
2018-01-08T10:56:12.138-0100: 1380.701: Total time for which application threads were stopped: 0.0001252 seconds, Stopping threads took: 0.0000256 seconds
2018-01-08T10:56:29.628-0100: 1398.177: Total time for which application threads were stopped: 0.0002690 seconds, Stopping threads took: 0.0000618 seconds
2018-01-08T10:56:29.628-0100: 1398.177: Total time for which application threads were stopped: 0.0001696 seconds, Stopping threads took: 0.0000200 seconds
2018-01-08T10:56:29.629-0100: 1398.177: Total time for which application threads were stopped: 0.0002172 seconds, Stopping threads took: 0.0000644 seconds
2018-01-08T10:56:29.629-0100: 1398.178: Total time for which application threads were stopped: 0.0001588 seconds, Stopping threads took: 0.0000361 seconds
2018-01-08T10:56:29.629-0100: 1398.178: Total time for which application threads were stopped: 0.0001259 seconds, Stopping threads took: 0.0000146 seconds
2018-01-08T10:56:29.636-0100: 1398.185: Total time for which application threads were stopped: 0.0001670 seconds, Stopping threads took: 0.0000418 seconds
2018-01-08T10:56:29.637-0100: 1398.185: Total time for which application threads were stopped: 0.0001273 seconds, Stopping threads took: 0.0000291 seconds
2018-01-08T10:56:29.638-0100: 1398.187: Total time for which application threads were stopped: 0.0001972 seconds, Stopping threads took: 0.0000659 seconds
2018-01-08T10:56:29.638-0100: 1398.187: Total time for which application threads were stopped: 0.0002127 seconds, Stopping threads took: 0.0000632 seconds
2018-01-08T10:57:10.747-0100: 1439.289: Total time for which application threads were stopped: 0.0001287 seconds, Stopping threads took: 0.0000315 seconds
2018-01-08T10:57:23.782-0100: 1452.324: Total time for which application threads were stopped: 0.0001564 seconds, Stopping threads took: 0.0000499 seconds
2018-01-08T10:57:38.812-0100: 1467.354: Total time for which application threads were stopped: 0.0001472 seconds, Stopping threads took: 0.0000355 seconds
2018-01-08T10:57:46.828-0100: 1475.370: Total time for which application threads were stopped: 0.0001200 seconds, Stopping threads took: 0.0000305 seconds
2018-01-08T10:58:06.870-0100: 1495.412: Total time for which application threads were stopped: 0.0002219 seconds, Stopping threads took: 0.0000495 seconds
2018-01-08T10:58:07.873-0100: 1496.415: Total time for which application threads were stopped: 0.0002364 seconds, Stopping threads took: 0.0000540 seconds
2018-01-08T10:58:25.901-0100: 1514.443: Total time for which application threads were stopped: 0.0001313 seconds, Stopping threads took: 0.0000273 seconds
2018-01-08T10:58:27.902-0100: 1516.444: Total time for which application threads were stopped: 0.0002169 seconds, Stopping threads took: 0.0000273 seconds
2018-01-08T10:58:28.903-0100: 1517.445: Total time for which application threads were stopped: 0.0001221 seconds, Stopping threads took: 0.0000270 seconds
2018-01-08T10:58:51.675-0100: 1540.216: Total time for which application threads were stopped: 0.0001779 seconds, Stopping threads took: 0.0000488 seconds
2018-01-08T10:58:51.675-0100: 1540.216: Total time for which application threads were stopped: 0.0000989 seconds, Stopping threads took: 0.0000126 seconds
2018-01-08T10:58:51.682-0100: 1540.224: Total time for which application threads were stopped: 0.0001507 seconds, Stopping threads took: 0.0000283 seconds
2018-01-08T10:58:51.682-0100: 1540.224: Total time for which application threads were stopped: 0.0001077 seconds, Stopping threads took: 0.0000246 seconds
2018-01-08T10:58:52.686-0100: 1541.228: Total time for which application threads were stopped: 0.0001389 seconds, Stopping threads took: 0.0000308 seconds
2018-01-08T10:59:07.721-0100: 1556.263: Total time for which application threads were stopped: 0.0001543 seconds, Stopping threads took: 0.0000312 seconds
2018-01-08T11:01:25.001-0100: 1693.543: Total time for which application threads were stopped: 0.0001289 seconds, Stopping threads took: 0.0000283 seconds
2018-01-08T11:02:27.093-0100: 1755.634: Total time for which application threads were stopped: 0.0001407 seconds, Stopping threads took: 0.0000435 seconds
2018-01-08T11:02:55.566-0100: 1784.108: Total time for which application threads were stopped: 0.0001722 seconds, Stopping threads took: 0.0000204 seconds
{Heap before GC invocations=13 (full 1):
 par new generation   total 109248K, used 105762K [0x00000007a0000000, 0x00000007a8000000, 0x00000007a8000000)
  eden space 87424K, 100% used [0x00000007a0000000, 0x00000007a5560000, 0x00000007a5560000)
  from space 21824K,  84% used [0x00000007a6ab0000, 0x00000007a7c989e0, 0x00000007a8000000)
  to   space 21824K,   0% used [0x00000007a5560000, 0x00000007a5560000, 0x00000007a6ab0000)
 concurrent mark-sweep generation total 393216K, used 13775K [0x00000007a8000000, 0x00000007c0000000, 0x00000007c0000000)
 Metaspace       used 40325K, capacity 41837K, committed 42076K, reserved 1085440K
  class space    used 4783K, capacity 5122K, committed 5216K, reserved 1048576K
2018-01-08T11:02:55.577-0100: 1784.118: [GC (Allocation Failure) 2018-01-08T11:02:55.577-0100: 1784.118: [ParNew
Desired survivor size 20112992 bytes, new threshold 8 (max 8)
- age   1:    6234088 bytes,    6234088 total
- age   2:     113792 bytes,    6347880 total
- age   3:      96208 bytes,    6444088 total
- age   4:     134568 bytes,    6578656 total
- age   5:    1070024 bytes,    7648680 total
- age   6:    5301536 bytes,   12950216 total
- age   7:    2067664 bytes,   15017880 total
- age   8:     169584 bytes,   15187464 total
: 105762K->18053K(109248K), 0.0107133 secs] 119537K->31971K(502464K), 0.0111434 secs] [Times: user=0.04 sys=0.00, real=0.01 secs] 
Heap after GC invocations=14 (full 1):
 par new generation   total 109248K, used 18053K [0x00000007a0000000, 0x00000007a8000000, 0x00000007a8000000)
  eden space 87424K,   0% used [0x00000007a0000000, 0x00000007a0000000, 0x00000007a5560000)
  from space 21824K,  82% used [0x00000007a5560000, 0x00000007a67014e0, 0x00000007a6ab0000)
  to   space 21824K,   0% used [0x00000007a6ab0000, 0x00000007a6ab0000, 0x00000007a8000000)
 concurrent mark-sweep generation total 393216K, used 13918K [0x00000007a8000000, 0x00000007c0000000, 0x00000007c0000000)
 Metaspace       used 40325K, capacity 41837K, committed 42076K, reserved 1085440K
  class space    used 4783K, capacity 5122K, committed 5216K, reserved 1048576K
}
2018-01-08T11:02:55.588-0100: 1784.129: Total time for which application threads were stopped: 0.0113319 seconds, Stopping threads took: 0.0000183 seconds
2018-01-08T11:02:55.595-0100: 1784.136: Total time for which application threads were stopped: 0.0001699 seconds, Stopping threads took: 0.0000721 seconds
2018-01-08T11:02:55.598-0100: 1784.140: Total time for which application threads were stopped: 0.0005091 seconds, Stopping threads took: 0.0000178 seconds
2018-01-08T11:02:55.600-0100: 1784.141: Total time for which application threads were stopped: 0.0001485 seconds, Stopping threads took: 0.0000361 seconds
2018-01-08T11:02:55.662-0100: 1784.204: Total time for which application threads were stopped: 0.0001948 seconds, Stopping threads took: 0.0000848 seconds
2018-01-08T11:02:55.672-0100: 1784.214: Total time for which application threads were stopped: 0.0001115 seconds, Stopping threads took: 0.0000198 seconds
2018-01-08T11:02:55.673-0100: 1784.214: Total time for which application threads were stopped: 0.0000690 seconds, Stopping threads took: 0.0000089 seconds
2018-01-08T11:02:55.685-0100: 1784.227: Total time for which application threads were stopped: 0.0001658 seconds, Stopping threads took: 0.0000254 seconds
2018-01-08T11:02:55.697-0100: 1784.238: Total time for which application threads were stopped: 0.0001785 seconds, Stopping threads took: 0.0000440 seconds
2018-01-08T11:02:55.699-0100: 1784.240: Total time for which application threads were stopped: 0.0005696 seconds, Stopping threads took: 0.0000128 seconds
2018-01-08T11:02:55.699-0100: 1784.241: Total time for which application threads were stopped: 0.0004072 seconds, Stopping threads took: 0.0000084 seconds
2018-01-08T11:02:55.703-0100: 1784.244: Total time for which application threads were stopped: 0.0006134 seconds, Stopping threads took: 0.0000338 seconds
2018-01-08T11:02:55.705-0100: 1784.246: Total time for which application threads were stopped: 0.0001808 seconds, Stopping threads took: 0.0000449 seconds
2018-01-08T11:02:55.705-0100: 1784.246: Total time for which application threads were stopped: 0.0001394 seconds, Stopping threads took: 0.0000306 seconds
2018-01-08T11:02:55.706-0100: 1784.247: Total time for which application threads were stopped: 0.0001956 seconds, Stopping threads took: 0.0000519 seconds
2018-01-08T11:02:55.707-0100: 1784.248: Total time for which application threads were stopped: 0.0001561 seconds, Stopping threads took: 0.0000462 seconds
2018-01-08T11:02:55.707-0100: 1784.249: Total time for which application threads were stopped: 0.0001682 seconds, Stopping threads took: 0.0000956 seconds
2018-01-08T11:02:55.708-0100: 1784.250: Total time for which application threads were stopped: 0.0001271 seconds, Stopping threads took: 0.0000368 seconds
2018-01-08T11:02:55.709-0100: 1784.250: Total time for which application threads were stopped: 0.0001249 seconds, Stopping threads took: 0.0000428 seconds
2018-01-08T11:02:55.713-0100: 1784.254: Total time for which application threads were stopped: 0.0001205 seconds, Stopping threads took: 0.0000211 seconds
2018-01-08T11:02:55.715-0100: 1784.256: Total time for which application threads were stopped: 0.0001100 seconds, Stopping threads took: 0.0000181 seconds
2018-01-08T11:02:55.724-0100: 1784.266: Total time for which application threads were stopped: 0.0006138 seconds, Stopping threads took: 0.0000186 seconds
2018-01-08T11:02:55.729-0100: 1784.271: Total time for which application threads were stopped: 0.0001738 seconds, Stopping threads took: 0.0000476 seconds
2018-01-08T11:02:55.730-0100: 1784.271: Total time for which application threads were stopped: 0.0002013 seconds, Stopping threads took: 0.0000528 seconds
2018-01-08T11:02:55.738-0100: 1784.279: Total time for which application threads were stopped: 0.0002242 seconds, Stopping threads took: 0.0000544 seconds
2018-01-08T11:02:55.738-0100: 1784.280: Total time for which application threads were stopped: 0.0001763 seconds, Stopping threads took: 0.0000216 seconds
2018-01-08T11:02:55.739-0100: 1784.280: Total time for which application threads were stopped: 0.0002051 seconds, Stopping threads took: 0.0000458 seconds
2018-01-08T11:02:55.740-0100: 1784.281: Total time for which application threads were stopped: 0.0001830 seconds, Stopping threads took: 0.0000620 seconds
2018-01-08T11:02:55.740-0100: 1784.281: Total time for which application threads were stopped: 0.0001484 seconds, Stopping threads took: 0.0000462 seconds
2018-01-08T11:02:55.740-0100: 1784.281: Total time for which application threads were stopped: 0.0001429 seconds, Stopping threads took: 0.0000276 seconds
2018-01-08T11:02:55.740-0100: 1784.282: Total time for which application threads were stopped: 0.0001584 seconds, Stopping threads took: 0.0000379 seconds
2018-01-08T11:02:55.741-0100: 1784.282: Total time for which application threads were stopped: 0.0001183 seconds, Stopping threads took: 0.0000297 seconds
2018-01-08T11:02:55.741-0100: 1784.282: Total time for which application threads were stopped: 0.0001481 seconds, Stopping threads took: 0.0000160 seconds
2018-01-08T11:02:55.742-0100: 1784.283: Total time for which application threads were stopped: 0.0001450 seconds, Stopping threads took: 0.0000207 seconds
2018-01-08T11:02:55.743-0100: 1784.284: Total time for which application threads were stopped: 0.0001142 seconds, Stopping threads took: 0.0000152 seconds
2018-01-08T11:02:55.743-0100: 1784.284: Total time for which application threads were stopped: 0.0000886 seconds, Stopping threads took: 0.0000114 seconds
2018-01-08T11:02:55.743-0100: 1784.285: Total time for which application threads were stopped: 0.0001150 seconds, Stopping threads took: 0.0000160 seconds
2018-01-08T11:02:55.746-0100: 1784.288: Total time for which application threads were stopped: 0.0001635 seconds, Stopping threads took: 0.0000252 seconds
2018-01-08T11:02:55.747-0100: 1784.288: Total time for which application threads were stopped: 0.0000878 seconds, Stopping threads took: 0.0000127 seconds
2018-01-08T11:02:55.768-0100: 1784.310: Total time for which application threads were stopped: 0.0006318 seconds, Stopping threads took: 0.0000406 seconds
2018-01-08T11:02:55.803-0100: 1784.344: Total time for which application threads were stopped: 0.0001097 seconds, Stopping threads took: 0.0000205 seconds
2018-01-08T11:02:55.808-0100: 1784.350: Total time for which application threads were stopped: 0.0005272 seconds, Stopping threads took: 0.0000208 seconds
2018-01-08T11:02:55.814-0100: 1784.355: Total time for which application threads were stopped: 0.0001526 seconds, Stopping threads took: 0.0000415 seconds
2018-01-08T11:02:55.834-0100: 1784.375: Total time for which application threads were stopped: 0.0001546 seconds, Stopping threads took: 0.0000249 seconds
2018-01-08T11:02:55.851-0100: 1784.392: Total time for which application threads were stopped: 0.0001481 seconds, Stopping threads took: 0.0000364 seconds
2018-01-08T11:02:55.861-0100: 1784.402: Total time for which application threads were stopped: 0.0002012 seconds, Stopping threads took: 0.0000304 seconds
2018-01-08T11:02:55.865-0100: 1784.407: Total time for which application threads were stopped: 0.0001914 seconds, Stopping threads took: 0.0000298 seconds
2018-01-08T11:02:55.877-0100: 1784.419: Total time for which application threads were stopped: 0.0001505 seconds, Stopping threads took: 0.0000383 seconds
2018-01-08T11:02:55.888-0100: 1784.429: Total time for which application threads were stopped: 0.0003849 seconds, Stopping threads took: 0.0000381 seconds
2018-01-08T11:02:55.892-0100: 1784.434: Total time for which application threads were stopped: 0.0001603 seconds, Stopping threads took: 0.0000390 seconds
2018-01-08T11:02:55.902-0100: 1784.444: Total time for which application threads were stopped: 0.0002074 seconds, Stopping threads took: 0.0000498 seconds
2018-01-08T11:02:55.903-0100: 1784.444: Total time for which application threads were stopped: 0.0001618 seconds, Stopping threads took: 0.0000260 seconds
2018-01-08T11:02:55.916-0100: 1784.458: Total time for which application threads were stopped: 0.0001433 seconds, Stopping threads took: 0.0000370 seconds
2018-01-08T11:02:55.921-0100: 1784.463: Total time for which application threads were stopped: 0.0001702 seconds, Stopping threads took: 0.0000595 seconds
2018-01-08T11:02:55.942-0100: 1784.483: Total time for which application threads were stopped: 0.0002236 seconds, Stopping threads took: 0.0000553 seconds
2018-01-08T11:02:55.942-0100: 1784.483: Total time for which application threads were stopped: 0.0001592 seconds, Stopping threads took: 0.0000351 seconds
2018-01-08T11:02:55.956-0100: 1784.498: Total time for which application threads were stopped: 0.0001561 seconds, Stopping threads took: 0.0000392 seconds
2018-01-08T11:02:55.960-0100: 1784.502: Total time for which application threads were stopped: 0.0003007 seconds, Stopping threads took: 0.0000408 seconds
2018-01-08T11:02:55.968-0100: 1784.510: Total time for which application threads were stopped: 0.0003145 seconds, Stopping threads took: 0.0000574 seconds
2018-01-08T11:02:55.980-0100: 1784.522: Total time for which application threads were stopped: 0.0002265 seconds, Stopping threads took: 0.0000512 seconds
2018-01-08T11:02:55.993-0100: 1784.534: Total time for which application threads were stopped: 0.0002003 seconds, Stopping threads took: 0.0000510 seconds
2018-01-08T11:02:56.005-0100: 1784.547: Total time for which application threads were stopped: 0.0001636 seconds, Stopping threads took: 0.0000470 seconds
2018-01-08T11:02:56.006-0100: 1784.547: Total time for which application threads were stopped: 0.0000905 seconds, Stopping threads took: 0.0000144 seconds
2018-01-08T11:02:56.006-0100: 1784.547: Total time for which application threads were stopped: 0.0000799 seconds, Stopping threads took: 0.0000236 seconds
2018-01-08T11:02:56.006-0100: 1784.547: Total time for which application threads were stopped: 0.0000639 seconds, Stopping threads took: 0.0000098 seconds
2018-01-08T11:02:56.006-0100: 1784.547: Total time for which application threads were stopped: 0.0000769 seconds, Stopping threads took: 0.0000142 seconds
2018-01-08T11:02:56.006-0100: 1784.547: Total time for which application threads were stopped: 0.0000969 seconds, Stopping threads took: 0.0000301 seconds
2018-01-08T11:02:56.006-0100: 1784.548: Total time for which application threads were stopped: 0.0000812 seconds, Stopping threads took: 0.0000155 seconds
2018-01-08T11:02:56.006-0100: 1784.548: Total time for which application threads were stopped: 0.0001250 seconds, Stopping threads took: 0.0000267 seconds
2018-01-08T11:02:56.007-0100: 1784.548: Total time for which application threads were stopped: 0.0001813 seconds, Stopping threads took: 0.0001152 seconds
2018-01-08T11:02:56.007-0100: 1784.548: Total time for which application threads were stopped: 0.0000890 seconds, Stopping threads took: 0.0000264 seconds
2018-01-08T11:02:56.007-0100: 1784.548: Total time for which application threads were stopped: 0.0001103 seconds, Stopping threads took: 0.0000347 seconds
2018-01-08T11:02:56.007-0100: 1784.548: Total time for which application threads were stopped: 0.0000797 seconds, Stopping threads took: 0.0000246 seconds
2018-01-08T11:02:56.007-0100: 1784.549: Total time for which application threads were stopped: 0.0000793 seconds, Stopping threads took: 0.0000218 seconds
2018-01-08T11:02:56.007-0100: 1784.549: Total time for which application threads were stopped: 0.0000965 seconds, Stopping threads took: 0.0000263 seconds
2018-01-08T11:02:56.008-0100: 1784.549: Total time for which application threads were stopped: 0.0001111 seconds, Stopping threads took: 0.0000356 seconds
2018-01-08T11:02:56.008-0100: 1784.549: Total time for which application threads were stopped: 0.0001041 seconds, Stopping threads took: 0.0000386 seconds
2018-01-08T11:02:56.008-0100: 1784.549: Total time for which application threads were stopped: 0.0000889 seconds, Stopping threads took: 0.0000245 seconds
2018-01-08T11:02:56.008-0100: 1784.549: Total time for which application threads were stopped: 0.0000737 seconds, Stopping threads took: 0.0000207 seconds
2018-01-08T11:02:56.008-0100: 1784.549: Total time for which application threads were stopped: 0.0000766 seconds, Stopping threads took: 0.0000248 seconds
2018-01-08T11:02:56.008-0100: 1784.550: Total time for which application threads were stopped: 0.0002124 seconds, Stopping threads took: 0.0000201 seconds
2018-01-08T11:02:56.008-0100: 1784.550: Total time for which application threads were stopped: 0.0000611 seconds, Stopping threads took: 0.0000094 seconds
2018-01-08T11:02:56.009-0100: 1784.551: Total time for which application threads were stopped: 0.0000883 seconds, Stopping threads took: 0.0000225 seconds
2018-01-08T11:02:56.010-0100: 1784.551: Total time for which application threads were stopped: 0.0000727 seconds, Stopping threads took: 0.0000108 seconds
2018-01-08T11:02:56.011-0100: 1784.553: Total time for which application threads were stopped: 0.0000874 seconds, Stopping threads took: 0.0000136 seconds
2018-01-08T11:02:56.012-0100: 1784.553: Total time for which application threads were stopped: 0.0000943 seconds, Stopping threads took: 0.0000244 seconds
2018-01-08T11:02:56.032-0100: 1784.574: Total time for which application threads were stopped: 0.0005371 seconds, Stopping threads took: 0.0000406 seconds
2018-01-08T11:02:56.070-0100: 1784.611: Total time for which application threads were stopped: 0.0002021 seconds, Stopping threads took: 0.0000273 seconds
2018-01-08T11:02:56.072-0100: 1784.614: Total time for which application threads were stopped: 0.0001383 seconds, Stopping threads took: 0.0000216 seconds
2018-01-08T11:02:56.075-0100: 1784.616: Total time for which application threads were stopped: 0.0001329 seconds, Stopping threads took: 0.0000426 seconds
2018-01-08T11:02:56.077-0100: 1784.619: Total time for which application threads were stopped: 0.0001862 seconds, Stopping threads took: 0.0000239 seconds
2018-01-08T11:02:56.078-0100: 1784.620: Total time for which application threads were stopped: 0.0001129 seconds, Stopping threads took: 0.0000156 seconds
2018-01-08T11:02:56.078-0100: 1784.620: Total time for which application threads were stopped: 0.0000806 seconds, Stopping threads took: 0.0000107 seconds
2018-01-08T11:02:56.081-0100: 1784.623: Total time for which application threads were stopped: 0.0001129 seconds, Stopping threads took: 0.0000210 seconds
2018-01-08T11:02:56.082-0100: 1784.623: Total time for which application threads were stopped: 0.0000901 seconds, Stopping threads took: 0.0000128 seconds
2018-01-08T11:02:56.083-0100: 1784.625: Total time for which application threads were stopped: 0.0001081 seconds, Stopping threads took: 0.0000165 seconds
2018-01-08T11:02:56.083-0100: 1784.625: Total time for which application threads were stopped: 0.0001007 seconds, Stopping threads took: 0.0000135 seconds
2018-01-08T11:02:56.090-0100: 1784.631: Total time for which application threads were stopped: 0.0001768 seconds, Stopping threads took: 0.0000577 seconds
2018-01-08T11:02:56.090-0100: 1784.631: Total time for which application threads were stopped: 0.0001009 seconds, Stopping threads took: 0.0000143 seconds
2018-01-08T11:02:56.118-0100: 1784.660: Total time for which application threads were stopped: 0.0001357 seconds, Stopping threads took: 0.0000330 seconds
2018-01-08T11:02:56.124-0100: 1784.666: Total time for which application threads were stopped: 0.0006039 seconds, Stopping threads took: 0.0000333 seconds
2018-01-08T11:02:56.126-0100: 1784.667: Total time for which application threads were stopped: 0.0001142 seconds, Stopping threads took: 0.0000312 seconds
2018-01-08T11:02:56.126-0100: 1784.667: Total time for which application threads were stopped: 0.0000914 seconds, Stopping threads took: 0.0000106 seconds
2018-01-08T11:02:56.128-0100: 1784.670: Total time for which application threads were stopped: 0.0001035 seconds, Stopping threads took: 0.0000181 seconds
2018-01-08T11:02:56.129-0100: 1784.670: Total time for which application threads were stopped: 0.0000960 seconds, Stopping threads took: 0.0000116 seconds
2018-01-08T11:02:56.150-0100: 1784.692: Total time for which application threads were stopped: 0.0001355 seconds, Stopping threads took: 0.0000197 seconds
2018-01-08T11:02:56.151-0100: 1784.692: Total time for which application threads were stopped: 0.0001298 seconds, Stopping threads took: 0.0000481 seconds
2018-01-08T11:02:56.154-0100: 1784.695: Total time for which application threads were stopped: 0.0001055 seconds, Stopping threads took: 0.0000184 seconds
2018-01-08T11:02:56.154-0100: 1784.695: Total time for which application threads were stopped: 0.0000939 seconds, Stopping threads took: 0.0000260 seconds
2018-01-08T11:02:56.157-0100: 1784.698: Total time for which application threads were stopped: 0.0000947 seconds, Stopping threads took: 0.0000161 seconds
2018-01-08T11:02:56.157-0100: 1784.699: Total time for which application threads were stopped: 0.0000824 seconds, Stopping threads took: 0.0000107 seconds
2018-01-08T11:02:56.171-0100: 1784.712: Total time for which application threads were stopped: 0.0003894 seconds, Stopping threads took: 0.0000316 seconds
2018-01-08T11:02:56.171-0100: 1784.712: Total time for which application threads were stopped: 0.0001331 seconds, Stopping threads took: 0.0000211 seconds
2018-01-08T11:02:56.184-0100: 1784.725: Total time for which application threads were stopped: 0.0001299 seconds, Stopping threads took: 0.0000234 seconds
2018-01-08T11:02:56.185-0100: 1784.726: Total time for which application threads were stopped: 0.0001127 seconds, Stopping threads took: 0.0000292 seconds
2018-01-08T11:02:56.213-0100: 1784.754: Total time for which application threads were stopped: 0.0001287 seconds, Stopping threads took: 0.0000218 seconds
2018-01-08T11:02:56.263-0100: 1784.804: Total time for which application threads were stopped: 0.0001167 seconds, Stopping threads took: 0.0000203 seconds
2018-01-08T11:02:56.310-0100: 1784.851: Total time for which application threads were stopped: 0.0002595 seconds, Stopping threads took: 0.0000340 seconds
2018-01-08T11:02:56.316-0100: 1784.857: Total time for which application threads were stopped: 0.0001168 seconds, Stopping threads took: 0.0000188 seconds
2018-01-08T11:02:56.316-0100: 1784.857: Total time for which application threads were stopped: 0.0000774 seconds, Stopping threads took: 0.0000093 seconds
2018-01-08T11:02:56.326-0100: 1784.868: Total time for which application threads were stopped: 0.0006540 seconds, Stopping threads took: 0.0000537 seconds
2018-01-08T11:02:56.334-0100: 1784.875: Total time for which application threads were stopped: 0.0001303 seconds, Stopping threads took: 0.0000197 seconds
2018-01-08T11:02:56.389-0100: 1784.930: Total time for which application threads were stopped: 0.0002041 seconds, Stopping threads took: 0.0000242 seconds
2018-01-08T11:02:56.411-0100: 1784.952: Total time for which application threads were stopped: 0.0001060 seconds, Stopping threads took: 0.0000197 seconds
2018-01-08T11:02:56.419-0100: 1784.960: Total time for which application threads were stopped: 0.0002487 seconds, Stopping threads took: 0.0000203 seconds
2018-01-08T11:02:56.447-0100: 1784.988: Total time for which application threads were stopped: 0.0001289 seconds, Stopping threads took: 0.0000190 seconds
2018-01-08T11:02:56.481-0100: 1785.022: Total time for which application threads were stopped: 0.0002963 seconds, Stopping threads took: 0.0000259 seconds
2018-01-08T11:02:56.495-0100: 1785.036: Total time for which application threads were stopped: 0.0001848 seconds, Stopping threads took: 0.0000533 seconds
2018-01-08T11:02:56.495-0100: 1785.036: Total time for which application threads were stopped: 0.0000871 seconds, Stopping threads took: 0.0000097 seconds
2018-01-08T11:02:56.496-0100: 1785.037: Total time for which application threads were stopped: 0.0001022 seconds, Stopping threads took: 0.0000264 seconds
2018-01-08T11:02:56.498-0100: 1785.039: Total time for which application threads were stopped: 0.0001380 seconds, Stopping threads took: 0.0000297 seconds
2018-01-08T11:02:56.509-0100: 1785.051: Total time for which application threads were stopped: 0.0001132 seconds, Stopping threads took: 0.0000198 seconds
2018-01-08T11:02:56.509-0100: 1785.051: Total time for which application threads were stopped: 0.0000654 seconds, Stopping threads took: 0.0000076 seconds
2018-01-08T11:02:56.510-0100: 1785.051: Total time for which application threads were stopped: 0.0001076 seconds, Stopping threads took: 0.0000093 seconds
2018-01-08T11:02:56.511-0100: 1785.052: Total time for which application threads were stopped: 0.0000815 seconds, Stopping threads took: 0.0000096 seconds
2018-01-08T11:02:56.543-0100: 1785.084: Total time for which application threads were stopped: 0.0001477 seconds, Stopping threads took: 0.0000291 seconds
2018-01-08T11:02:56.543-0100: 1785.085: Total time for which application threads were stopped: 0.0000955 seconds, Stopping threads took: 0.0000229 seconds
2018-01-08T11:02:56.543-0100: 1785.085: Total time for which application threads were stopped: 0.0000726 seconds, Stopping threads took: 0.0000226 seconds
2018-01-08T11:02:56.544-0100: 1785.085: Total time for which application threads were stopped: 0.0000985 seconds, Stopping threads took: 0.0000400 seconds
2018-01-08T11:02:56.544-0100: 1785.085: Total time for which application threads were stopped: 0.0001186 seconds, Stopping threads took: 0.0000463 seconds
2018-01-08T11:02:56.544-0100: 1785.085: Total time for which application threads were stopped: 0.0001052 seconds, Stopping threads took: 0.0000454 seconds
2018-01-08T11:02:56.544-0100: 1785.086: Total time for which application threads were stopped: 0.0001082 seconds, Stopping threads took: 0.0000384 seconds
2018-01-08T11:02:56.547-0100: 1785.088: Total time for which application threads were stopped: 0.0001492 seconds, Stopping threads took: 0.0000526 seconds
{Heap before GC invocations=14 (full 1):
 par new generation   total 109248K, used 105473K [0x00000007a0000000, 0x00000007a8000000, 0x00000007a8000000)
  eden space 87424K,  99% used [0x00000007a0000000, 0x00000007a555efc0, 0x00000007a5560000)
  from space 21824K,  82% used [0x00000007a5560000, 0x00000007a67014e0, 0x00000007a6ab0000)
  to   space 21824K,   0% used [0x00000007a6ab0000, 0x00000007a6ab0000, 0x00000007a8000000)
 concurrent mark-sweep generation total 393216K, used 13918K [0x00000007a8000000, 0x00000007c0000000, 0x00000007c0000000)
 Metaspace       used 45764K, capacity 47395K, committed 47592K, reserved 1091584K
  class space    used 5387K, capacity 5787K, committed 5828K, reserved 1048576K
2018-01-08T11:02:56.548-0100: 1785.089: [GC (Allocation Failure) 2018-01-08T11:02:56.548-0100: 1785.089: [ParNew
Desired survivor size 20112992 bytes, new threshold 7 (max 8)
- age   1:    8688744 bytes,    8688744 total
- age   2:    5181384 bytes,   13870128 total
- age   3:     112768 bytes,   13982896 total
- age   4:      95872 bytes,   14078768 total
- age   5:     133232 bytes,   14212000 total
- age   6:    1055112 bytes,   15267112 total
- age   7:    5087800 bytes,   20354912 total
- age   8:    1973472 bytes,   22328384 total
: 105473K->21824K(109248K), 0.0161868 secs] 119391K->38310K(502464K), 0.0163220 secs] [Times: user=0.05 sys=0.01, real=0.02 secs] 
Heap after GC invocations=15 (full 1):
 par new generation   total 109248K, used 21824K [0x00000007a0000000, 0x00000007a8000000, 0x00000007a8000000)
  eden space 87424K,   0% used [0x00000007a0000000, 0x00000007a0000000, 0x00000007a5560000)
  from space 21824K, 100% used [0x00000007a6ab0000, 0x00000007a8000000, 0x00000007a8000000)
  to   space 21824K,   0% used [0x00000007a5560000, 0x00000007a5560000, 0x00000007a6ab0000)
 concurrent mark-sweep generation total 393216K, used 16486K [0x00000007a8000000, 0x00000007c0000000, 0x00000007c0000000)
 Metaspace       used 45764K, capacity 47395K, committed 47592K, reserved 1091584K
  class space    used 5387K, capacity 5787K, committed 5828K, reserved 1048576K
}
2018-01-08T11:02:56.564-0100: 1785.106: Total time for which application threads were stopped: 0.0165543 seconds, Stopping threads took: 0.0000314 seconds
2018-01-08T11:02:56.565-0100: 1785.106: [GC (CMS Initial Mark) [1 CMS-initial-mark: 16486K(393216K)] 38563K(502464K), 0.0038043 secs] [Times: user=0.02 sys=0.00, real=0.00 secs] 
2018-01-08T11:02:56.568-0100: 1785.110: Total time for which application threads were stopped: 0.0040350 seconds, Stopping threads took: 0.0000721 seconds
2018-01-08T11:02:56.568-0100: 1785.110: [CMS-concurrent-mark-start]
2018-01-08T11:02:56.571-0100: 1785.112: Total time for which application threads were stopped: 0.0001968 seconds, Stopping threads took: 0.0000627 seconds
2018-01-08T11:02:56.571-0100: 1785.112: Total time for which application threads were stopped: 0.0001440 seconds, Stopping threads took: 0.0000211 seconds
2018-01-08T11:02:56.571-0100: 1785.113: Total time for which application threads were stopped: 0.0001038 seconds, Stopping threads took: 0.0000305 seconds
2018-01-08T11:02:56.571-0100: 1785.113: Total time for which application threads were stopped: 0.0001031 seconds, Stopping threads took: 0.0000362 seconds
2018-01-08T11:02:56.572-0100: 1785.113: Total time for which application threads were stopped: 0.0000952 seconds, Stopping threads took: 0.0000288 seconds
2018-01-08T11:02:56.572-0100: 1785.113: Total time for which application threads were stopped: 0.0000907 seconds, Stopping threads took: 0.0000324 seconds
2018-01-08T11:02:56.572-0100: 1785.113: Total time for which application threads were stopped: 0.0001220 seconds, Stopping threads took: 0.0000627 seconds
2018-01-08T11:02:56.572-0100: 1785.114: Total time for which application threads were stopped: 0.0002505 seconds, Stopping threads took: 0.0000294 seconds
2018-01-08T11:02:56.582-0100: 1785.123: [CMS-concurrent-mark: 0.011/0.013 secs] [Times: user=0.08 sys=0.00, real=0.02 secs] 
2018-01-08T11:02:56.582-0100: 1785.123: [CMS-concurrent-preclean-start]
2018-01-08T11:02:56.583-0100: 1785.125: [CMS-concurrent-preclean: 0.002/0.002 secs] [Times: user=0.01 sys=0.00, real=0.00 secs] 
2018-01-08T11:02:56.584-0100: 1785.125: [CMS-concurrent-abortable-preclean-start]
2018-01-08T11:02:56.603-0100: 1785.144: Total time for which application threads were stopped: 0.0001623 seconds, Stopping threads took: 0.0000241 seconds
2018-01-08T11:02:56.626-0100: 1785.168: Total time for which application threads were stopped: 0.0002256 seconds, Stopping threads took: 0.0000293 seconds
2018-01-08T11:02:56.674-0100: 1785.215: Total time for which application threads were stopped: 0.0001572 seconds, Stopping threads took: 0.0000261 seconds
2018-01-08T11:02:56.691-0100: 1785.232: Total time for which application threads were stopped: 0.0001371 seconds, Stopping threads took: 0.0000223 seconds
2018-01-08T11:02:56.691-0100: 1785.233: Total time for which application threads were stopped: 0.0001305 seconds, Stopping threads took: 0.0000170 seconds
2018-01-08T11:02:56.692-0100: 1785.233: Total time for which application threads were stopped: 0.0001301 seconds, Stopping threads took: 0.0000145 seconds
2018-01-08T11:02:56.718-0100: 1785.259: Total time for which application threads were stopped: 0.0001933 seconds, Stopping threads took: 0.0000289 seconds
2018-01-08T11:02:56.788-0100: 1785.330: Total time for which application threads were stopped: 0.0001463 seconds, Stopping threads took: 0.0000244 seconds
2018-01-08T11:02:56.811-0100: 1785.352: Total time for which application threads were stopped: 0.0001425 seconds, Stopping threads took: 0.0000330 seconds
2018-01-08T11:02:56.836-0100: 1785.378: Total time for which application threads were stopped: 0.0001717 seconds, Stopping threads took: 0.0000348 seconds
2018-01-08T11:02:57.152-0100: 1785.693: Total time for which application threads were stopped: 0.0001831 seconds, Stopping threads took: 0.0000950 seconds
2018-01-08T11:02:57.155-0100: 1785.697: Total time for which application threads were stopped: 0.0001397 seconds, Stopping threads took: 0.0000373 seconds
2018-01-08T11:02:57.166-0100: 1785.707: Total time for which application threads were stopped: 0.0001242 seconds, Stopping threads took: 0.0000312 seconds
2018-01-08T11:02:57.171-0100: 1785.712: Total time for which application threads were stopped: 0.0001283 seconds, Stopping threads took: 0.0000230 seconds
2018-01-08T11:02:57.173-0100: 1785.715: Total time for which application threads were stopped: 0.0001274 seconds, Stopping threads took: 0.0000211 seconds
2018-01-08T11:02:57.177-0100: 1785.719: Total time for which application threads were stopped: 0.0001473 seconds, Stopping threads took: 0.0000291 seconds
2018-01-08T11:02:57.178-0100: 1785.719: Total time for which application threads were stopped: 0.0001251 seconds, Stopping threads took: 0.0000110 seconds
2018-01-08T11:02:57.178-0100: 1785.719: Total time for which application threads were stopped: 0.0000721 seconds, Stopping threads took: 0.0000099 seconds
2018-01-08T11:02:57.178-0100: 1785.719: Total time for which application threads were stopped: 0.0000673 seconds, Stopping threads took: 0.0000093 seconds
2018-01-08T11:02:57.178-0100: 1785.719: Total time for which application threads were stopped: 0.0000660 seconds, Stopping threads took: 0.0000093 seconds
2018-01-08T11:02:57.178-0100: 1785.719: Total time for which application threads were stopped: 0.0000635 seconds, Stopping threads took: 0.0000090 seconds
2018-01-08T11:02:57.178-0100: 1785.720: Total time for which application threads were stopped: 0.0001597 seconds, Stopping threads took: 0.0000074 seconds
2018-01-08T11:02:57.178-0100: 1785.720: Total time for which application threads were stopped: 0.0000725 seconds, Stopping threads took: 0.0000117 seconds
2018-01-08T11:02:57.179-0100: 1785.720: Total time for which application threads were stopped: 0.0000618 seconds, Stopping threads took: 0.0000092 seconds
2018-01-08T11:02:57.179-0100: 1785.720: Total time for which application threads were stopped: 0.0000621 seconds, Stopping threads took: 0.0000087 seconds
2018-01-08T11:02:57.179-0100: 1785.720: Total time for which application threads were stopped: 0.0000632 seconds, Stopping threads took: 0.0000099 seconds
2018-01-08T11:02:57.179-0100: 1785.720: Total time for which application threads were stopped: 0.0000620 seconds, Stopping threads took: 0.0000086 seconds
2018-01-08T11:02:57.179-0100: 1785.720: Total time for which application threads were stopped: 0.0000629 seconds, Stopping threads took: 0.0000097 seconds
2018-01-08T11:02:57.179-0100: 1785.721: Total time for which application threads were stopped: 0.0000618 seconds, Stopping threads took: 0.0000092 seconds
2018-01-08T11:02:57.179-0100: 1785.721: Total time for which application threads were stopped: 0.0000729 seconds, Stopping threads took: 0.0000115 seconds
2018-01-08T11:02:57.179-0100: 1785.721: Total time for which application threads were stopped: 0.0000541 seconds, Stopping threads took: 0.0000065 seconds
2018-01-08T11:02:57.180-0100: 1785.721: Total time for which application threads were stopped: 0.0000538 seconds, Stopping threads took: 0.0000071 seconds
2018-01-08T11:02:57.180-0100: 1785.721: Total time for which application threads were stopped: 0.0000561 seconds, Stopping threads took: 0.0000074 seconds
2018-01-08T11:02:57.180-0100: 1785.721: Total time for which application threads were stopped: 0.0000534 seconds, Stopping threads took: 0.0000062 seconds
2018-01-08T11:02:57.180-0100: 1785.721: Total time for which application threads were stopped: 0.0000977 seconds, Stopping threads took: 0.0000075 seconds
2018-01-08T11:02:57.180-0100: 1785.722: Total time for which application threads were stopped: 0.0000645 seconds, Stopping threads took: 0.0000096 seconds
2018-01-08T11:02:57.185-0100: 1785.727: Total time for which application threads were stopped: 0.0001191 seconds, Stopping threads took: 0.0000206 seconds
2018-01-08T11:02:57.186-0100: 1785.727: Total time for which application threads were stopped: 0.0000965 seconds, Stopping threads took: 0.0000235 seconds
2018-01-08T11:02:57.186-0100: 1785.727: Total time for which application threads were stopped: 0.0001001 seconds, Stopping threads took: 0.0000429 seconds
2018-01-08T11:02:57.186-0100: 1785.727: Total time for which application threads were stopped: 0.0000646 seconds, Stopping threads took: 0.0000111 seconds
2018-01-08T11:02:57.186-0100: 1785.728: Total time for which application threads were stopped: 0.0000750 seconds, Stopping threads took: 0.0000220 seconds
2018-01-08T11:02:57.187-0100: 1785.728: Total time for which application threads were stopped: 0.0000742 seconds, Stopping threads took: 0.0000119 seconds
2018-01-08T11:02:57.187-0100: 1785.728: Total time for which application threads were stopped: 0.0000616 seconds, Stopping threads took: 0.0000092 seconds
2018-01-08T11:02:57.187-0100: 1785.728: Total time for which application threads were stopped: 0.0000635 seconds, Stopping threads took: 0.0000114 seconds
2018-01-08T11:02:57.187-0100: 1785.728: Total time for which application threads were stopped: 0.0000707 seconds, Stopping threads took: 0.0000113 seconds
2018-01-08T11:02:57.187-0100: 1785.728: Total time for which application threads were stopped: 0.0000703 seconds, Stopping threads took: 0.0000111 seconds
2018-01-08T11:02:57.187-0100: 1785.729: Total time for which application threads were stopped: 0.0000714 seconds, Stopping threads took: 0.0000110 seconds
2018-01-08T11:02:57.187-0100: 1785.729: Total time for which application threads were stopped: 0.0000698 seconds, Stopping threads took: 0.0000109 seconds
2018-01-08T11:02:57.188-0100: 1785.729: Total time for which application threads were stopped: 0.0000732 seconds, Stopping threads took: 0.0000212 seconds
2018-01-08T11:02:57.188-0100: 1785.729: Total time for which application threads were stopped: 0.0000780 seconds, Stopping threads took: 0.0000236 seconds
2018-01-08T11:02:57.188-0100: 1785.729: Total time for which application threads were stopped: 0.0000660 seconds, Stopping threads took: 0.0000192 seconds
2018-01-08T11:02:57.188-0100: 1785.729: Total time for which application threads were stopped: 0.0000654 seconds, Stopping threads took: 0.0000186 seconds
2018-01-08T11:02:57.188-0100: 1785.729: Total time for which application threads were stopped: 0.0000644 seconds, Stopping threads took: 0.0000200 seconds
2018-01-08T11:02:57.188-0100: 1785.730: Total time for which application threads were stopped: 0.0000679 seconds, Stopping threads took: 0.0000118 seconds
2018-01-08T11:02:57.188-0100: 1785.730: Total time for which application threads were stopped: 0.0000529 seconds, Stopping threads took: 0.0000084 seconds
2018-01-08T11:02:57.189-0100: 1785.730: Total time for which application threads were stopped: 0.0001520 seconds, Stopping threads took: 0.0000162 seconds
2018-01-08T11:02:57.189-0100: 1785.730: Total time for which application threads were stopped: 0.0000739 seconds, Stopping threads took: 0.0000203 seconds
2018-01-08T11:02:57.190-0100: 1785.731: Total time for which application threads were stopped: 0.0000781 seconds, Stopping threads took: 0.0000121 seconds
2018-01-08T11:02:57.190-0100: 1785.731: Total time for which application threads were stopped: 0.0000692 seconds, Stopping threads took: 0.0000094 seconds
2018-01-08T11:02:57.190-0100: 1785.732: Total time for which application threads were stopped: 0.0000590 seconds, Stopping threads took: 0.0000096 seconds
2018-01-08T11:02:57.190-0100: 1785.732: Total time for which application threads were stopped: 0.0000522 seconds, Stopping threads took: 0.0000076 seconds
2018-01-08T11:02:57.190-0100: 1785.732: Total time for which application threads were stopped: 0.0000564 seconds, Stopping threads took: 0.0000080 seconds
2018-01-08T11:02:57.190-0100: 1785.732: Total time for which application threads were stopped: 0.0000515 seconds, Stopping threads took: 0.0000073 seconds
2018-01-08T11:02:57.191-0100: 1785.732: Total time for which application threads were stopped: 0.0001623 seconds, Stopping threads took: 0.0000074 seconds
2018-01-08T11:02:57.191-0100: 1785.732: Total time for which application threads were stopped: 0.0000557 seconds, Stopping threads took: 0.0000078 seconds
2018-01-08T11:02:57.191-0100: 1785.732: Total time for which application threads were stopped: 0.0000508 seconds, Stopping threads took: 0.0000060 seconds
2018-01-08T11:02:57.191-0100: 1785.732: Total time for which application threads were stopped: 0.0000514 seconds, Stopping threads took: 0.0000072 seconds
2018-01-08T11:02:57.192-0100: 1785.733: Total time for which application threads were stopped: 0.0000724 seconds, Stopping threads took: 0.0000097 seconds
2018-01-08T11:02:57.199-0100: 1785.740: Total time for which application threads were stopped: 0.0001195 seconds, Stopping threads took: 0.0000205 seconds
2018-01-08T11:02:57.539-0100: 1786.081: Total time for which application threads were stopped: 0.0001274 seconds, Stopping threads took: 0.0000207 seconds
2018-01-08T11:02:57.567-0100: 1786.108: Total time for which application threads were stopped: 0.0005776 seconds, Stopping threads took: 0.0000198 seconds
2018-01-08T11:02:57.586-0100: 1786.128: Total time for which application threads were stopped: 0.0001643 seconds, Stopping threads took: 0.0000332 seconds
2018-01-08T11:02:57.587-0100: 1786.129: Total time for which application threads were stopped: 0.0000944 seconds, Stopping threads took: 0.0000110 seconds
2018-01-08T11:02:57.587-0100: 1786.129: Total time for which application threads were stopped: 0.0000774 seconds, Stopping threads took: 0.0000116 seconds
2018-01-08T11:02:57.588-0100: 1786.129: Total time for which application threads were stopped: 0.0000673 seconds, Stopping threads took: 0.0000104 seconds
2018-01-08T11:02:57.588-0100: 1786.129: [CMS-concurrent-abortable-preclean: 0.622/1.005 secs] [Times: user=2.49 sys=0.12, real=1.00 secs] 
2018-01-08T11:02:57.588-0100: 1786.130: [GC (CMS Final Remark) [YG occupancy: 66924 K (109248 K)]{Heap before GC invocations=15 (full 2):
 par new generation   total 109248K, used 66924K [0x00000007a0000000, 0x00000007a8000000, 0x00000007a8000000)
  eden space 87424K,  51% used [0x00000007a0000000, 0x00000007a2c0b3f0, 0x00000007a5560000)
  from space 21824K, 100% used [0x00000007a6ab0000, 0x00000007a8000000, 0x00000007a8000000)
  to   space 21824K,   0% used [0x00000007a5560000, 0x00000007a5560000, 0x00000007a6ab0000)
 concurrent mark-sweep generation total 393216K, used 16486K [0x00000007a8000000, 0x00000007c0000000, 0x00000007c0000000)
 Metaspace       used 48832K, capacity 50440K, committed 50656K, reserved 1093632K
  class space    used 5737K, capacity 6142K, committed 6236K, reserved 1048576K
2018-01-08T11:02:57.588-0100: 1786.130: [GC (CMS Final Remark) 2018-01-08T11:02:57.588-0100: 1786.130: [ParNew
Desired survivor size 20112992 bytes, new threshold 8 (max 8)
- age   1:    4162184 bytes,    4162184 total
- age   2:    6211552 bytes,   10373736 total
- age   3:    5170648 bytes,   15544384 total
- age   4:     112768 bytes,   15657152 total
- age   5:      95712 bytes,   15752864 total
- age   6:     133168 bytes,   15886032 total
- age   7:    1051504 bytes,   16937536 total
: 66924K->21824K(109248K), 0.0183837 secs] 83411K->45300K(502464K), 0.0184631 secs] [Times: user=0.06 sys=0.00, real=0.02 secs] 
Heap after GC invocations=16 (full 2):
 par new generation   total 109248K, used 21824K [0x00000007a0000000, 0x00000007a8000000, 0x00000007a8000000)
  eden space 87424K,   0% used [0x00000007a0000000, 0x00000007a0000000, 0x00000007a5560000)
  from space 21824K, 100% used [0x00000007a5560000, 0x00000007a6ab0000, 0x00000007a6ab0000)
  to   space 21824K,   0% used [0x00000007a6ab0000, 0x00000007a6ab0000, 0x00000007a8000000)
 concurrent mark-sweep generation total 393216K, used 23476K [0x00000007a8000000, 0x00000007c0000000, 0x00000007c0000000)
 Metaspace       used 48832K, capacity 50440K, committed 50656K, reserved 1093632K
  class space    used 5737K, capacity 6142K, committed 6236K, reserved 1048576K
}
2018-01-08T11:02:57.607-0100: 1786.148: [Rescan (parallel) , 0.0049769 secs]2018-01-08T11:02:57.612-0100: 1786.153: [weak refs processing, 0.0008544 secs]2018-01-08T11:02:57.613-0100: 1786.154: [class unloading, 0.0105700 secs]2018-01-08T11:02:57.623-0100: 1786.165: [scrub symbol table, 0.0076252 secs]2018-01-08T11:02:57.631-0100: 1786.172: [scrub string table, 0.0008798 secs][1 CMS-remark: 23476K(393216K)] 45300K(502464K), 0.0455192 secs] [Times: user=0.10 sys=0.01, real=0.05 secs] 
2018-01-08T11:02:57.634-0100: 1786.175: Total time for which application threads were stopped: 0.0456565 seconds, Stopping threads took: 0.0000241 seconds
2018-01-08T11:02:57.634-0100: 1786.175: [CMS-concurrent-sweep-start]
2018-01-08T11:02:57.639-0100: 1786.181: Total time for which application threads were stopped: 0.0001524 seconds, Stopping threads took: 0.0000229 seconds
2018-01-08T11:02:57.641-0100: 1786.183: Total time for which application threads were stopped: 0.0001454 seconds, Stopping threads took: 0.0000227 seconds
2018-01-08T11:02:57.642-0100: 1786.183: Total time for which application threads were stopped: 0.0001743 seconds, Stopping threads took: 0.0000124 seconds
2018-01-08T11:02:57.642-0100: 1786.183: Total time for which application threads were stopped: 0.0001245 seconds, Stopping threads took: 0.0000444 seconds
2018-01-08T11:02:57.642-0100: 1786.184: [CMS-concurrent-sweep: 0.008/0.008 secs] [Times: user=0.03 sys=0.00, real=0.01 secs] 
2018-01-08T11:02:57.642-0100: 1786.184: [CMS-concurrent-reset-start]
2018-01-08T11:02:57.643-0100: 1786.185: [CMS-concurrent-reset: 0.001/0.001 secs] [Times: user=0.00 sys=0.00, real=0.00 secs] 
2018-01-08T11:02:57.670-0100: 1786.211: Total time for which application threads were stopped: 0.0003147 seconds, Stopping threads took: 0.0000502 seconds
2018-01-08T11:02:57.714-0100: 1786.255: Total time for which application threads were stopped: 0.0006473 seconds, Stopping threads took: 0.0000196 seconds
2018-01-08T11:02:57.981-0100: 1786.522: Total time for which application threads were stopped: 0.0001890 seconds, Stopping threads took: 0.0000573 seconds
2018-01-08T11:02:57.991-0100: 1786.533: Total time for which application threads were stopped: 0.0001852 seconds, Stopping threads took: 0.0000380 seconds
2018-01-08T11:02:57.998-0100: 1786.539: Total time for which application threads were stopped: 0.0001372 seconds, Stopping threads took: 0.0000251 seconds
2018-01-08T11:02:58.002-0100: 1786.543: Total time for which application threads were stopped: 0.0001192 seconds, Stopping threads took: 0.0000216 seconds
2018-01-08T11:02:58.002-0100: 1786.543: Total time for which application threads were stopped: 0.0000760 seconds, Stopping threads took: 0.0000098 seconds
2018-01-08T11:02:58.002-0100: 1786.543: Total time for which application threads were stopped: 0.0000615 seconds, Stopping threads took: 0.0000096 seconds
2018-01-08T11:02:58.002-0100: 1786.544: Total time for which application threads were stopped: 0.0000607 seconds, Stopping threads took: 0.0000098 seconds
2018-01-08T11:02:58.002-0100: 1786.544: Total time for which application threads were stopped: 0.0000597 seconds, Stopping threads took: 0.0000098 seconds
2018-01-08T11:02:58.002-0100: 1786.544: Total time for which application threads were stopped: 0.0000600 seconds, Stopping threads took: 0.0000101 seconds
2018-01-08T11:02:58.002-0100: 1786.544: Total time for which application threads were stopped: 0.0000599 seconds, Stopping threads took: 0.0000095 seconds
2018-01-08T11:02:58.003-0100: 1786.544: Total time for which application threads were stopped: 0.0000609 seconds, Stopping threads took: 0.0000100 seconds
2018-01-08T11:02:58.003-0100: 1786.544: Total time for which application threads were stopped: 0.0000598 seconds, Stopping threads took: 0.0000095 seconds
2018-01-08T11:02:58.003-0100: 1786.544: Total time for which application threads were stopped: 0.0000606 seconds, Stopping threads took: 0.0000098 seconds
2018-01-08T11:02:58.003-0100: 1786.544: Total time for which application threads were stopped: 0.0000588 seconds, Stopping threads took: 0.0000095 seconds
2018-01-08T11:02:58.003-0100: 1786.544: Total time for which application threads were stopped: 0.0000604 seconds, Stopping threads took: 0.0000099 seconds
2018-01-08T11:02:58.003-0100: 1786.544: Total time for which application threads were stopped: 0.0000596 seconds, Stopping threads took: 0.0000094 seconds
2018-01-08T11:02:58.003-0100: 1786.545: Total time for which application threads were stopped: 0.0000695 seconds, Stopping threads took: 0.0000116 seconds
2018-01-08T11:02:58.003-0100: 1786.545: Total time for which application threads were stopped: 0.0000525 seconds, Stopping threads took: 0.0000077 seconds
2018-01-08T11:02:58.003-0100: 1786.545: Total time for which application threads were stopped: 0.0000508 seconds, Stopping threads took: 0.0000076 seconds
2018-01-08T11:02:58.003-0100: 1786.545: Total time for which application threads were stopped: 0.0000503 seconds, Stopping threads took: 0.0000073 seconds
2018-01-08T11:02:58.004-0100: 1786.545: Total time for which application threads were stopped: 0.0000693 seconds, Stopping threads took: 0.0000117 seconds
2018-01-08T11:02:58.004-0100: 1786.545: Total time for which application threads were stopped: 0.0000501 seconds, Stopping threads took: 0.0000072 seconds
2018-01-08T11:02:58.004-0100: 1786.545: Total time for which application threads were stopped: 0.0001888 seconds, Stopping threads took: 0.0000118 seconds
2018-01-08T11:02:58.004-0100: 1786.546: Total time for which application threads were stopped: 0.0000654 seconds, Stopping threads took: 0.0000093 seconds
2018-01-08T11:02:58.006-0100: 1786.547: Total time for which application threads were stopped: 0.0001622 seconds, Stopping threads took: 0.0000362 seconds
2018-01-08T11:02:58.006-0100: 1786.547: Total time for which application threads were stopped: 0.0001155 seconds, Stopping threads took: 0.0000226 seconds
2018-01-08T11:02:58.006-0100: 1786.548: Total time for which application threads were stopped: 0.0001099 seconds, Stopping threads took: 0.0000258 seconds
2018-01-08T11:02:58.006-0100: 1786.548: Total time for which application threads were stopped: 0.0000893 seconds, Stopping threads took: 0.0000259 seconds
2018-01-08T11:02:58.007-0100: 1786.548: Total time for which application threads were stopped: 0.0000997 seconds, Stopping threads took: 0.0000314 seconds
2018-01-08T11:02:58.007-0100: 1786.548: Total time for which application threads were stopped: 0.0000732 seconds, Stopping threads took: 0.0000104 seconds
2018-01-08T11:02:58.020-0100: 1786.561: Total time for which application threads were stopped: 0.0001305 seconds, Stopping threads took: 0.0000196 seconds
2018-01-08T11:02:58.051-0100: 1786.593: Total time for which application threads were stopped: 0.0001673 seconds, Stopping threads took: 0.0000272 seconds
2018-01-08T11:02:58.064-0100: 1786.605: Total time for which application threads were stopped: 0.0001697 seconds, Stopping threads took: 0.0000388 seconds
2018-01-08T11:02:58.072-0100: 1786.613: Total time for which application threads were stopped: 0.0002232 seconds, Stopping threads took: 0.0000476 seconds
2018-01-08T11:02:58.077-0100: 1786.619: Total time for which application threads were stopped: 0.0001979 seconds, Stopping threads took: 0.0000681 seconds
2018-01-08T11:02:58.078-0100: 1786.619: Total time for which application threads were stopped: 0.0001941 seconds, Stopping threads took: 0.0000401 seconds
2018-01-08T11:02:58.096-0100: 1786.637: Total time for which application threads were stopped: 0.0001697 seconds, Stopping threads took: 0.0000428 seconds
2018-01-08T11:02:58.096-0100: 1786.637: Total time for which application threads were stopped: 0.0001558 seconds, Stopping threads took: 0.0000753 seconds
2018-01-08T11:02:58.096-0100: 1786.638: Total time for which application threads were stopped: 0.0000936 seconds, Stopping threads took: 0.0000304 seconds
2018-01-08T11:02:58.096-0100: 1786.638: Total time for which application threads were stopped: 0.0000603 seconds, Stopping threads took: 0.0000103 seconds
2018-01-08T11:02:58.096-0100: 1786.638: Total time for which application threads were stopped: 0.0000830 seconds, Stopping threads took: 0.0000273 seconds
2018-01-08T11:02:58.097-0100: 1786.638: Total time for which application threads were stopped: 0.0001555 seconds, Stopping threads took: 0.0000760 seconds
2018-01-08T11:02:58.099-0100: 1786.640: Total time for which application threads were stopped: 0.0003741 seconds, Stopping threads took: 0.0000586 seconds
2018-01-08T11:02:58.099-0100: 1786.641: Total time for which application threads were stopped: 0.0001482 seconds, Stopping threads took: 0.0000352 seconds
2018-01-08T11:02:58.100-0100: 1786.641: Total time for which application threads were stopped: 0.0001736 seconds, Stopping threads took: 0.0000448 seconds
2018-01-08T11:02:58.100-0100: 1786.641: Total time for which application threads were stopped: 0.0001473 seconds, Stopping threads took: 0.0000408 seconds
2018-01-08T11:02:58.100-0100: 1786.642: Total time for which application threads were stopped: 0.0001593 seconds, Stopping threads took: 0.0000201 seconds
2018-01-08T11:02:58.101-0100: 1786.642: Total time for which application threads were stopped: 0.0000997 seconds, Stopping threads took: 0.0000257 seconds
2018-01-08T11:02:58.101-0100: 1786.642: Total time for which application threads were stopped: 0.0001000 seconds, Stopping threads took: 0.0000234 seconds
2018-01-08T11:02:58.101-0100: 1786.642: Total time for which application threads were stopped: 0.0001142 seconds, Stopping threads took: 0.0000233 seconds
2018-01-08T11:02:58.101-0100: 1786.642: Total time for which application threads were stopped: 0.0000723 seconds, Stopping threads took: 0.0000091 seconds
2018-01-08T11:02:58.130-0100: 1786.672: Total time for which application threads were stopped: 0.0001963 seconds, Stopping threads took: 0.0000363 seconds
2018-01-08T11:02:58.137-0100: 1786.678: Total time for which application threads were stopped: 0.0002070 seconds, Stopping threads took: 0.0000477 seconds
2018-01-08T11:02:58.137-0100: 1786.679: Total time for which application threads were stopped: 0.0001647 seconds, Stopping threads took: 0.0000235 seconds
2018-01-08T11:02:58.139-0100: 1786.681: Total time for which application threads were stopped: 0.0001946 seconds, Stopping threads took: 0.0000431 seconds
2018-01-08T11:02:58.140-0100: 1786.682: Total time for which application threads were stopped: 0.0001868 seconds, Stopping threads took: 0.0000400 seconds
2018-01-08T11:02:58.141-0100: 1786.682: Total time for which application threads were stopped: 0.0001629 seconds, Stopping threads took: 0.0000228 seconds
2018-01-08T11:02:58.141-0100: 1786.683: Total time for which application threads were stopped: 0.0001506 seconds, Stopping threads took: 0.0000380 seconds
2018-01-08T11:02:58.169-0100: 1786.710: Total time for which application threads were stopped: 0.0002137 seconds, Stopping threads took: 0.0000453 seconds
2018-01-08T11:02:58.171-0100: 1786.713: Total time for which application threads were stopped: 0.0001774 seconds, Stopping threads took: 0.0000288 seconds
2018-01-08T11:02:58.182-0100: 1786.723: Total time for which application threads were stopped: 0.0001926 seconds, Stopping threads took: 0.0000310 seconds
2018-01-08T11:02:58.183-0100: 1786.724: Total time for which application threads were stopped: 0.0001948 seconds, Stopping threads took: 0.0000444 seconds
2018-01-08T11:02:58.184-0100: 1786.725: Total time for which application threads were stopped: 0.0002529 seconds, Stopping threads took: 0.0000549 seconds
2018-01-08T11:02:58.189-0100: 1786.731: Total time for which application threads were stopped: 0.0006851 seconds, Stopping threads took: 0.0000276 seconds
2018-01-08T11:02:58.224-0100: 1786.765: Total time for which application threads were stopped: 0.0001830 seconds, Stopping threads took: 0.0000463 seconds
2018-01-08T11:02:58.224-0100: 1786.766: Total time for which application threads were stopped: 0.0002524 seconds, Stopping threads took: 0.0000356 seconds
2018-01-08T11:02:58.224-0100: 1786.766: Total time for which application threads were stopped: 0.0000761 seconds, Stopping threads took: 0.0000139 seconds
2018-01-08T11:02:59.225-0100: 1787.766: Total time for which application threads were stopped: 0.0001440 seconds, Stopping threads took: 0.0000269 seconds
2018-01-08T11:03:01.560-0100: 1790.102: Total time for which application threads were stopped: 0.0001545 seconds, Stopping threads took: 0.0000284 seconds
2018-01-08T11:03:03.563-0100: 1792.104: Total time for which application threads were stopped: 0.0001782 seconds, Stopping threads took: 0.0000335 seconds
2018-01-08T11:03:37.630-0100: 1826.171: Total time for which application threads were stopped: 0.0002037 seconds, Stopping threads took: 0.0000419 seconds
2018-01-08T11:03:38.631-0100: 1827.172: Total time for which application threads were stopped: 0.0001365 seconds, Stopping threads took: 0.0000361 seconds
2018-01-08T11:03:43.632-0100: 1832.174: Total time for which application threads were stopped: 0.0001411 seconds, Stopping threads took: 0.0000286 seconds
2018-01-08T11:03:44.636-0100: 1833.177: Total time for which application threads were stopped: 0.0001369 seconds, Stopping threads took: 0.0000298 seconds
2018-01-08T11:03:57.654-0100: 1846.195: Total time for which application threads were stopped: 0.0001484 seconds, Stopping threads took: 0.0000262 seconds
2018-01-08T11:03:58.325-0100: 1846.867: Total time for which application threads were stopped: 0.0001838 seconds, Stopping threads took: 0.0000431 seconds
2018-01-08T11:03:58.326-0100: 1846.867: Total time for which application threads were stopped: 0.0001071 seconds, Stopping threads took: 0.0000192 seconds
2018-01-08T11:03:58.335-0100: 1846.876: Total time for which application threads were stopped: 0.0002261 seconds, Stopping threads took: 0.0000521 seconds
2018-01-08T11:03:58.335-0100: 1846.876: Total time for which application threads were stopped: 0.0003866 seconds, Stopping threads took: 0.0001986 seconds
2018-01-08T11:03:59.337-0100: 1847.879: Total time for which application threads were stopped: 0.0001892 seconds, Stopping threads took: 0.0000319 seconds
2018-01-08T11:04:01.881-0100: 1850.422: Total time for which application threads were stopped: 0.0006138 seconds, Stopping threads took: 0.0000196 seconds
2018-01-08T11:04:01.882-0100: 1850.424: Total time for which application threads were stopped: 0.0001165 seconds, Stopping threads took: 0.0000212 seconds
2018-01-08T11:04:01.887-0100: 1850.429: Total time for which application threads were stopped: 0.0001413 seconds, Stopping threads took: 0.0000226 seconds
2018-01-08T11:04:01.888-0100: 1850.429: Total time for which application threads were stopped: 0.0001151 seconds, Stopping threads took: 0.0000142 seconds
2018-01-08T11:04:01.899-0100: 1850.440: Total time for which application threads were stopped: 0.0001369 seconds, Stopping threads took: 0.0000215 seconds
2018-01-08T11:04:01.899-0100: 1850.441: Total time for which application threads were stopped: 0.0000858 seconds, Stopping threads took: 0.0000100 seconds
2018-01-08T11:04:01.900-0100: 1850.441: Total time for which application threads were stopped: 0.0001094 seconds, Stopping threads took: 0.0000314 seconds
2018-01-08T11:04:01.900-0100: 1850.442: Total time for which application threads were stopped: 0.0000885 seconds, Stopping threads took: 0.0000273 seconds
2018-01-08T11:04:01.901-0100: 1850.442: Total time for which application threads were stopped: 0.0001020 seconds, Stopping threads took: 0.0000262 seconds
2018-01-08T11:04:01.901-0100: 1850.442: Total time for which application threads were stopped: 0.0000896 seconds, Stopping threads took: 0.0000142 seconds
2018-01-08T11:04:01.902-0100: 1850.443: Total time for which application threads were stopped: 0.0000909 seconds, Stopping threads took: 0.0000143 seconds
2018-01-08T11:04:01.902-0100: 1850.443: Total time for which application threads were stopped: 0.0001130 seconds, Stopping threads took: 0.0000282 seconds
2018-01-08T11:04:01.902-0100: 1850.444: Total time for which application threads were stopped: 0.0001301 seconds, Stopping threads took: 0.0000163 seconds
2018-01-08T11:04:01.903-0100: 1850.444: Total time for which application threads were stopped: 0.0001826 seconds, Stopping threads took: 0.0000430 seconds
2018-01-08T11:04:01.903-0100: 1850.445: Total time for which application threads were stopped: 0.0001350 seconds, Stopping threads took: 0.0000403 seconds
2018-01-08T11:04:01.904-0100: 1850.446: Total time for which application threads were stopped: 0.0001222 seconds, Stopping threads took: 0.0000198 seconds
2018-01-08T11:04:02.906-0100: 1851.447: Total time for which application threads were stopped: 0.0001858 seconds, Stopping threads took: 0.0000301 seconds
2018-01-08T11:04:03.264-0100: 1851.805: Total time for which application threads were stopped: 0.0001790 seconds, Stopping threads took: 0.0000278 seconds
2018-01-08T11:04:03.265-0100: 1851.806: Total time for which application threads were stopped: 0.0002195 seconds, Stopping threads took: 0.0000631 seconds
2018-01-08T11:04:03.265-0100: 1851.806: Total time for which application threads were stopped: 0.0001962 seconds, Stopping threads took: 0.0000761 seconds
2018-01-08T11:04:53.265-0100: 1901.806: Total time for which application threads were stopped: 0.0001542 seconds, Stopping threads took: 0.0000477 seconds
2018-01-08T11:04:56.271-0100: 1904.812: Total time for which application threads were stopped: 0.0001855 seconds, Stopping threads took: 0.0000313 seconds
2018-01-08T11:05:56.793-0100: 1965.334: Total time for which application threads were stopped: 0.0001800 seconds, Stopping threads took: 0.0000360 seconds
2018-01-08T11:05:56.793-0100: 1965.334: Total time for which application threads were stopped: 0.0001473 seconds, Stopping threads took: 0.0000215 seconds
2018-01-08T11:05:56.794-0100: 1965.335: Total time for which application threads were stopped: 0.0002010 seconds, Stopping threads took: 0.0000715 seconds
2018-01-08T11:05:57.796-0100: 1966.337: Total time for which application threads were stopped: 0.0001943 seconds, Stopping threads took: 0.0000316 seconds
2018-01-08T11:06:41.881-0100: 2010.422: Total time for which application threads were stopped: 0.0001318 seconds, Stopping threads took: 0.0000269 seconds
2018-01-08T11:07:11.952-0100: 2040.493: Total time for which application threads were stopped: 0.0001766 seconds, Stopping threads took: 0.0000632 seconds
2018-01-08T11:07:11.954-0100: 2040.495: Total time for which application threads were stopped: 0.0002203 seconds, Stopping threads took: 0.0000420 seconds
2018-01-08T11:07:11.955-0100: 2040.495: Total time for which application threads were stopped: 0.0001148 seconds, Stopping threads took: 0.0000283 seconds
2018-01-08T11:07:44.866-0100: 2073.406: Total time for which application threads were stopped: 0.0001591 seconds, Stopping threads took: 0.0000444 seconds
2018-01-08T11:07:44.875-0100: 2073.416: Total time for which application threads were stopped: 0.0001839 seconds, Stopping threads took: 0.0000401 seconds
2018-01-08T11:07:45.879-0100: 2074.420: Total time for which application threads were stopped: 0.0001336 seconds, Stopping threads took: 0.0000277 seconds
2018-01-08T11:08:00.908-0100: 2089.449: Total time for which application threads were stopped: 0.0001394 seconds, Stopping threads took: 0.0000284 seconds
2018-01-08T11:08:10.479-0100: 2099.020: Total time for which application threads were stopped: 0.0002335 seconds, Stopping threads took: 0.0000322 seconds
2018-01-08T11:08:10.488-0100: 2099.029: Total time for which application threads were stopped: 0.0001744 seconds, Stopping threads took: 0.0000279 seconds
2018-01-08T11:08:10.489-0100: 2099.029: Total time for which application threads were stopped: 0.0001787 seconds, Stopping threads took: 0.0000206 seconds
2018-01-08T11:08:10.492-0100: 2099.032: Total time for which application threads were stopped: 0.0002141 seconds, Stopping threads took: 0.0000894 seconds
2018-01-08T11:08:11.496-0100: 2100.037: Total time for which application threads were stopped: 0.0001715 seconds, Stopping threads took: 0.0000325 seconds
2018-01-08T11:08:23.522-0100: 2112.063: Total time for which application threads were stopped: 0.0002320 seconds, Stopping threads took: 0.0000594 seconds
2018-01-08T11:09:01.588-0100: 2150.129: Total time for which application threads were stopped: 0.0001409 seconds, Stopping threads took: 0.0000277 seconds
2018-01-08T11:09:03.272-0100: 2151.813: Total time for which application threads were stopped: 0.0002261 seconds, Stopping threads took: 0.0000491 seconds
2018-01-08T11:09:05.277-0100: 2153.818: Total time for which application threads were stopped: 0.0001445 seconds, Stopping threads took: 0.0000419 seconds
2018-01-08T11:09:13.291-0100: 2161.832: Total time for which application threads were stopped: 0.0001502 seconds, Stopping threads took: 0.0000312 seconds
2018-01-08T11:09:29.322-0100: 2177.862: Total time for which application threads were stopped: 0.0001418 seconds, Stopping threads took: 0.0000278 seconds
2018-01-08T11:09:30.326-0100: 2178.867: Total time for which application threads were stopped: 0.0002269 seconds, Stopping threads took: 0.0000433 seconds
2018-01-08T11:09:40.804-0100: 2189.345: Total time for which application threads were stopped: 0.0002122 seconds, Stopping threads took: 0.0000627 seconds
2018-01-08T11:09:40.805-0100: 2189.345: Total time for which application threads were stopped: 0.0001683 seconds, Stopping threads took: 0.0000459 seconds
2018-01-08T11:09:40.806-0100: 2189.347: Total time for which application threads were stopped: 0.0002103 seconds, Stopping threads took: 0.0000488 seconds
2018-01-08T11:09:40.808-0100: 2189.349: Total time for which application threads were stopped: 0.0001741 seconds, Stopping threads took: 0.0000406 seconds
2018-01-08T11:09:48.818-0100: 2197.359: Total time for which application threads were stopped: 0.0001670 seconds, Stopping threads took: 0.0000484 seconds
2018-01-08T11:09:52.829-0100: 2201.370: Total time for which application threads were stopped: 0.0001893 seconds, Stopping threads took: 0.0000315 seconds
2018-01-08T11:10:43.278-0100: 2251.818: Total time for which application threads were stopped: 0.0002165 seconds, Stopping threads took: 0.0000980 seconds
2018-01-08T11:10:43.278-0100: 2251.818: Total time for which application threads were stopped: 0.0001345 seconds, Stopping threads took: 0.0000359 seconds
2018-01-08T11:10:45.280-0100: 2253.821: Total time for which application threads were stopped: 0.0001407 seconds, Stopping threads took: 0.0000290 seconds
2018-01-08T11:10:49.284-0100: 2257.825: Total time for which application threads were stopped: 0.0002160 seconds, Stopping threads took: 0.0000621 seconds
2018-01-08T11:11:03.304-0100: 2271.845: Total time for which application threads were stopped: 0.0001931 seconds, Stopping threads took: 0.0000588 seconds
2018-01-08T11:11:18.285-0100: 2286.826: Total time for which application threads were stopped: 0.0003896 seconds, Stopping threads took: 0.0000551 seconds
2018-01-08T11:11:18.291-0100: 2286.832: Total time for which application threads were stopped: 0.0001616 seconds, Stopping threads took: 0.0000368 seconds
2018-01-08T11:11:18.294-0100: 2286.834: Total time for which application threads were stopped: 0.0003293 seconds, Stopping threads took: 0.0000656 seconds
2018-01-08T11:11:18.295-0100: 2286.836: Total time for which application threads were stopped: 0.0001751 seconds, Stopping threads took: 0.0000641 seconds
2018-01-08T11:11:18.296-0100: 2286.836: Total time for which application threads were stopped: 0.0001740 seconds, Stopping threads took: 0.0000272 seconds
2018-01-08T11:11:18.296-0100: 2286.837: Total time for which application threads were stopped: 0.0001462 seconds, Stopping threads took: 0.0000541 seconds
2018-01-08T11:11:18.297-0100: 2286.837: Total time for which application threads were stopped: 0.0001698 seconds, Stopping threads took: 0.0000672 seconds
2018-01-08T11:11:18.297-0100: 2286.838: Total time for which application threads were stopped: 0.0001397 seconds, Stopping threads took: 0.0000437 seconds
2018-01-08T11:11:18.297-0100: 2286.838: Total time for which application threads were stopped: 0.0001321 seconds, Stopping threads took: 0.0000559 seconds
2018-01-08T11:11:18.298-0100: 2286.838: Total time for which application threads were stopped: 0.0001144 seconds, Stopping threads took: 0.0000366 seconds
2018-01-08T11:11:18.298-0100: 2286.839: Total time for which application threads were stopped: 0.0001323 seconds, Stopping threads took: 0.0000386 seconds
2018-01-08T11:11:18.299-0100: 2286.839: Total time for which application threads were stopped: 0.0001884 seconds, Stopping threads took: 0.0000523 seconds
2018-01-08T11:11:18.299-0100: 2286.840: Total time for which application threads were stopped: 0.0001632 seconds, Stopping threads took: 0.0000423 seconds
2018-01-08T11:11:18.300-0100: 2286.841: Total time for which application threads were stopped: 0.0001543 seconds, Stopping threads took: 0.0000319 seconds
2018-01-08T11:11:18.301-0100: 2286.841: Total time for which application threads were stopped: 0.0002884 seconds, Stopping threads took: 0.0000410 seconds
2018-01-08T11:11:18.302-0100: 2286.842: Total time for which application threads were stopped: 0.0001864 seconds, Stopping threads took: 0.0000364 seconds
2018-01-08T11:11:19.303-0100: 2287.844: Total time for which application threads were stopped: 0.0001359 seconds, Stopping threads took: 0.0000269 seconds
2018-01-08T11:11:26.320-0100: 2294.861: Total time for which application threads were stopped: 0.0002387 seconds, Stopping threads took: 0.0000629 seconds
2018-01-08T11:11:31.326-0100: 2299.867: Total time for which application threads were stopped: 0.0001596 seconds, Stopping threads took: 0.0000282 seconds
2018-01-08T11:12:06.403-0100: 2334.944: Total time for which application threads were stopped: 0.0001563 seconds, Stopping threads took: 0.0000248 seconds
2018-01-08T11:12:14.134-0100: 2342.674: Total time for which application threads were stopped: 0.0001543 seconds, Stopping threads took: 0.0000265 seconds
2018-01-08T11:12:14.138-0100: 2342.678: Total time for which application threads were stopped: 0.0001747 seconds, Stopping threads took: 0.0000297 seconds
2018-01-08T11:12:14.141-0100: 2342.681: Total time for which application threads were stopped: 0.0001661 seconds, Stopping threads took: 0.0000432 seconds
2018-01-08T11:12:14.148-0100: 2342.688: Total time for which application threads were stopped: 0.0001999 seconds, Stopping threads took: 0.0000406 seconds
2018-01-08T11:13:12.729-0100: 2401.270: Total time for which application threads were stopped: 0.0001714 seconds, Stopping threads took: 0.0000295 seconds
2018-01-08T11:13:12.735-0100: 2401.275: Total time for which application threads were stopped: 0.0001715 seconds, Stopping threads took: 0.0000245 seconds
2018-01-08T11:13:13.735-0100: 2402.276: Total time for which application threads were stopped: 0.0001308 seconds, Stopping threads took: 0.0000254 seconds
2018-01-08T11:13:29.316-0100: 2417.857: Total time for which application threads were stopped: 0.0001506 seconds, Stopping threads took: 0.0000368 seconds
2018-01-08T11:13:29.320-0100: 2417.860: Total time for which application threads were stopped: 0.0001637 seconds, Stopping threads took: 0.0000281 seconds
2018-01-08T11:15:24.513-0100: 2533.053: Total time for which application threads were stopped: 0.0001737 seconds, Stopping threads took: 0.0000382 seconds
2018-01-08T11:16:06.722-0100: 2575.262: Total time for which application threads were stopped: 0.0002320 seconds, Stopping threads took: 0.0000759 seconds
2018-01-08T11:16:06.734-0100: 2575.274: Total time for which application threads were stopped: 0.0001479 seconds, Stopping threads took: 0.0000225 seconds
2018-01-08T11:16:06.736-0100: 2575.276: Total time for which application threads were stopped: 0.0001506 seconds, Stopping threads took: 0.0000260 seconds
2018-01-08T11:16:14.019-0100: 2582.559: Total time for which application threads were stopped: 0.0002382 seconds, Stopping threads took: 0.0000522 seconds
2018-01-08T11:16:14.025-0100: 2582.565: Total time for which application threads were stopped: 0.0001705 seconds, Stopping threads took: 0.0000494 seconds
2018-01-08T11:16:14.030-0100: 2582.570: Total time for which application threads were stopped: 0.0001580 seconds, Stopping threads took: 0.0000394 seconds
2018-01-08T11:16:31.068-0100: 2599.608: Total time for which application threads were stopped: 0.0001982 seconds, Stopping threads took: 0.0000350 seconds
2018-01-08T11:16:32.069-0100: 2600.609: Total time for which application threads were stopped: 0.0001616 seconds, Stopping threads took: 0.0000321 seconds
{Heap before GC invocations=16 (full 2):
 par new generation   total 109248K, used 109248K [0x00000007a0000000, 0x00000007a8000000, 0x00000007a8000000)
  eden space 87424K, 100% used [0x00000007a0000000, 0x00000007a5560000, 0x00000007a5560000)
  from space 21824K, 100% used [0x00000007a5560000, 0x00000007a6ab0000, 0x00000007a6ab0000)
  to   space 21824K,   0% used [0x00000007a6ab0000, 0x00000007a6ab0000, 0x00000007a8000000)
 concurrent mark-sweep generation total 393216K, used 21832K [0x00000007a8000000, 0x00000007c0000000, 0x00000007c0000000)
 Metaspace       used 52517K, capacity 54174K, committed 54624K, reserved 1097728K
  class space    used 6113K, capacity 6519K, committed 6620K, reserved 1048576K
2018-01-08T11:16:41.665-0100: 2610.205: [GC (Allocation Failure) 2018-01-08T11:16:41.671-0100: 2610.211: [ParNew
Desired survivor size 20112992 bytes, new threshold 8 (max 8)
- age   1:    7821024 bytes,    7821024 total
- age   2:    1492160 bytes,    9313184 total
- age   3:    4740304 bytes,   14053488 total
- age   4:    5126312 bytes,   19179800 total
- age   5:     112752 bytes,   19292552 total
- age   6:      95616 bytes,   19388168 total
- age   7:     133168 bytes,   19521336 total
- age   8:    1051248 bytes,   20572584 total
: 109248K->21824K(109248K), 0.0141374 secs] 131080K->43821K(502464K), 0.0196838 secs] [Times: user=0.05 sys=0.00, real=0.02 secs] 
Heap after GC invocations=17 (full 2):
 par new generation   total 109248K, used 21824K [0x00000007a0000000, 0x00000007a8000000, 0x00000007a8000000)
  eden space 87424K,   0% used [0x00000007a0000000, 0x00000007a0000000, 0x00000007a5560000)
  from space 21824K, 100% used [0x00000007a6ab0000, 0x00000007a8000000, 0x00000007a8000000)
  to   space 21824K,   0% used [0x00000007a5560000, 0x00000007a5560000, 0x00000007a6ab0000)
 concurrent mark-sweep generation total 393216K, used 21997K [0x00000007a8000000, 0x00000007c0000000, 0x00000007c0000000)
 Metaspace       used 52517K, capacity 54174K, committed 54624K, reserved 1097728K
  class space    used 6113K, capacity 6519K, committed 6620K, reserved 1048576K
}
2018-01-08T11:16:41.685-0100: 2610.225: Total time for which application threads were stopped: 0.0199765 seconds, Stopping threads took: 0.0000312 seconds
2018-01-08T11:16:41.686-0100: 2610.226: Total time for which application threads were stopped: 0.0001399 seconds, Stopping threads took: 0.0000354 seconds
2018-01-08T11:16:41.686-0100: 2610.226: Total time for which application threads were stopped: 0.0001074 seconds, Stopping threads took: 0.0000148 seconds
2018-01-08T11:16:41.686-0100: 2610.226: Total time for which application threads were stopped: 0.0000857 seconds, Stopping threads took: 0.0000148 seconds
2018-01-08T11:17:23.294-0100: 2651.834: Total time for which application threads were stopped: 0.0003777 seconds, Stopping threads took: 0.0001797 seconds
2018-01-08T11:17:24.299-0100: 2652.839: Total time for which application threads were stopped: 0.0002897 seconds, Stopping threads took: 0.0000555 seconds
2018-01-08T11:17:40.343-0100: 2668.883: Total time for which application threads were stopped: 0.0002302 seconds, Stopping threads took: 0.0000435 seconds
2018-01-08T11:17:52.377-0100: 2680.916: Total time for which application threads were stopped: 0.0002328 seconds, Stopping threads took: 0.0000437 seconds
2018-01-08T11:18:10.427-0100: 2698.966: Total time for which application threads were stopped: 0.0002364 seconds, Stopping threads took: 0.0000442 seconds
2018-01-08T11:20:47.828-0100: 2856.367: Total time for which application threads were stopped: 0.0002376 seconds, Stopping threads took: 0.0000432 seconds
2018-01-08T11:34:10.288-0100: 3658.827: Total time for which application threads were stopped: 0.0002009 seconds, Stopping threads took: 0.0000479 seconds
2018-01-08T11:34:10.714-0100: 3659.253: Total time for which application threads were stopped: 0.0001376 seconds, Stopping threads took: 0.0000309 seconds
2018-01-08T11:34:11.052-0100: 3659.590: Total time for which application threads were stopped: 0.0002598 seconds, Stopping threads took: 0.0000502 seconds
2018-01-08T11:34:11.055-0100: 3659.594: Total time for which application threads were stopped: 0.0003093 seconds, Stopping threads took: 0.0000790 seconds
2018-01-08T11:34:12.119-0100: 3660.658: Total time for which application threads were stopped: 0.0012892 seconds, Stopping threads took: 0.0006515 seconds
2018-01-08T11:34:12.141-0100: 3660.679: Total time for which application threads were stopped: 0.0076857 seconds, Stopping threads took: 0.0073940 seconds
{Heap before GC invocations=17 (full 2):
 par new generation   total 109248K, used 109248K [0x00000007a0000000, 0x00000007a8000000, 0x00000007a8000000)
  eden space 87424K, 100% used [0x00000007a0000000, 0x00000007a5560000, 0x00000007a5560000)
  from space 21824K, 100% used [0x00000007a6ab0000, 0x00000007a8000000, 0x00000007a8000000)
  to   space 21824K,   0% used [0x00000007a5560000, 0x00000007a5560000, 0x00000007a6ab0000)
 concurrent mark-sweep generation total 393216K, used 21997K [0x00000007a8000000, 0x00000007c0000000, 0x00000007c0000000)
 Metaspace       used 52593K, capacity 54238K, committed 54624K, reserved 1097728K
  class space    used 6113K, capacity 6519K, committed 6620K, reserved 1048576K
2018-01-08T11:34:12.157-0100: 3660.696: [GC (Allocation Failure) 2018-01-08T11:34:12.158-0100: 3660.697: [ParNew
Desired survivor size 20112992 bytes, new threshold 8 (max 8)
- age   1:    3185464 bytes,    3185464 total
- age   2:    4460816 bytes,    7646280 total
- age   3:     914240 bytes,    8560520 total
- age   4:    4292624 bytes,   12853144 total
- age   5:    5108408 bytes,   17961552 total
- age   6:     112752 bytes,   18074304 total
- age   7:      95616 bytes,   18169920 total
- age   8:     132992 bytes,   18302912 total
: 109248K->21824K(109248K), 0.0228909 secs] 131245K->44936K(502464K), 0.0233449 secs] [Times: user=0.10 sys=0.00, real=0.03 secs] 
Heap after GC invocations=18 (full 2):
 par new generation   total 109248K, used 21824K [0x00000007a0000000, 0x00000007a8000000, 0x00000007a8000000)
  eden space 87424K,   0% used [0x00000007a0000000, 0x00000007a0000000, 0x00000007a5560000)
  from space 21824K, 100% used [0x00000007a5560000, 0x00000007a6ab0000, 0x00000007a6ab0000)
  to   space 21824K,   0% used [0x00000007a6ab0000, 0x00000007a6ab0000, 0x00000007a8000000)
 concurrent mark-sweep generation total 393216K, used 23112K [0x00000007a8000000, 0x00000007c0000000, 0x00000007c0000000)
 Metaspace       used 52593K, capacity 54238K, committed 54624K, reserved 1097728K
  class space    used 6113K, capacity 6519K, committed 6620K, reserved 1048576K
}
2018-01-08T11:34:12.181-0100: 3660.720: Total time for which application threads were stopped: 0.0237807 seconds, Stopping threads took: 0.0000678 seconds
2018-01-08T11:34:12.181-0100: 3660.720: Total time for which application threads were stopped: 0.0002997 seconds, Stopping threads took: 0.0000921 seconds
2018-01-08T11:34:12.182-0100: 3660.720: Total time for which application threads were stopped: 0.0002452 seconds, Stopping threads took: 0.0000799 seconds
2018-01-08T11:34:12.182-0100: 3660.721: Total time for which application threads were stopped: 0.0002460 seconds, Stopping threads took: 0.0000842 seconds
{Heap before GC invocations=18 (full 2):
 par new generation   total 109248K, used 109248K [0x00000007a0000000, 0x00000007a8000000, 0x00000007a8000000)
  eden space 87424K, 100% used [0x00000007a0000000, 0x00000007a5560000, 0x00000007a5560000)
  from space 21824K, 100% used [0x00000007a5560000, 0x00000007a6ab0000, 0x00000007a6ab0000)
  to   space 21824K,   0% used [0x00000007a6ab0000, 0x00000007a6ab0000, 0x00000007a8000000)
 concurrent mark-sweep generation total 393216K, used 23112K [0x00000007a8000000, 0x00000007c0000000, 0x00000007c0000000)
 Metaspace       used 52602K, capacity 54302K, committed 54624K, reserved 1097728K
  class space    used 6113K, capacity 6519K, committed 6620K, reserved 1048576K
2018-01-08T11:34:12.233-0100: 3660.771: [GC (Allocation Failure) 2018-01-08T11:34:12.233-0100: 3660.772: [ParNew
Desired survivor size 20112992 bytes, new threshold 8 (max 8)
- age   1:    1761976 bytes,    1761976 total
- age   2:    2388048 bytes,    4150024 total
- age   3:    4441576 bytes,    8591600 total
- age   4:     910384 bytes,    9501984 total
- age   5:    4214632 bytes,   13716616 total
- age   6:    5067328 bytes,   18783944 total
- age   7:     110288 bytes,   18894232 total
- age   8:      95536 bytes,   18989768 total
: 109248K->21824K(109248K), 0.0342358 secs] 132360K->45360K(502464K), 0.0435537 secs] [Times: user=0.11 sys=0.00, real=0.04 secs] 
Heap after GC invocations=19 (full 2):
 par new generation   total 109248K, used 21824K [0x00000007a0000000, 0x00000007a8000000, 0x00000007a8000000)
  eden space 87424K,   0% used [0x00000007a0000000, 0x00000007a0000000, 0x00000007a5560000)
  from space 21824K, 100% used [0x00000007a6ab0000, 0x00000007a8000000, 0x00000007a8000000)
  to   space 21824K,   0% used [0x00000007a5560000, 0x00000007a5560000, 0x00000007a6ab0000)
 concurrent mark-sweep generation total 393216K, used 23536K [0x00000007a8000000, 0x00000007c0000000, 0x00000007c0000000)
 Metaspace       used 52602K, capacity 54302K, committed 54624K, reserved 1097728K
  class space    used 6113K, capacity 6519K, committed 6620K, reserved 1048576K
}
2018-01-08T11:34:12.276-0100: 3660.815: Total time for which application threads were stopped: 0.0456404 seconds, Stopping threads took: 0.0015806 seconds
{Heap before GC invocations=19 (full 2):
 par new generation   total 109248K, used 109248K [0x00000007a0000000, 0x00000007a8000000, 0x00000007a8000000)
  eden space 87424K, 100% used [0x00000007a0000000, 0x00000007a5560000, 0x00000007a5560000)
  from space 21824K, 100% used [0x00000007a6ab0000, 0x00000007a8000000, 0x00000007a8000000)
  to   space 21824K,   0% used [0x00000007a5560000, 0x00000007a5560000, 0x00000007a6ab0000)
 concurrent mark-sweep generation total 393216K, used 23536K [0x00000007a8000000, 0x00000007c0000000, 0x00000007c0000000)
 Metaspace       used 52628K, capacity 54332K, committed 54624K, reserved 1097728K
  class space    used 6115K, capacity 6524K, committed 6620K, reserved 1048576K
2018-01-08T11:34:12.318-0100: 3660.857: [GC (Allocation Failure) 2018-01-08T11:34:12.318-0100: 3660.857: [ParNew
Desired survivor size 20112992 bytes, new threshold 8 (max 8)
- age   1:     328144 bytes,     328144 total
- age   2:    1594472 bytes,    1922616 total
- age   3:    2366200 bytes,    4288816 total
- age   4:    4399656 bytes,    8688472 total
- age   5:     896832 bytes,    9585304 total
- age   6:    4165024 bytes,   13750328 total
- age   7:    4990768 bytes,   18741096 total
- age   8:     101736 bytes,   18842832 total
: 109248K->21824K(109248K), 0.0242714 secs] 132784K->45671K(502464K), 0.0244251 secs] [Times: user=0.09 sys=0.00, real=0.03 secs] 
Heap after GC invocations=20 (full 2):
 par new generation   total 109248K, used 21824K [0x00000007a0000000, 0x00000007a8000000, 0x00000007a8000000)
  eden space 87424K,   0% used [0x00000007a0000000, 0x00000007a0000000, 0x00000007a5560000)
  from space 21824K, 100% used [0x00000007a5560000, 0x00000007a6ab0000, 0x00000007a6ab0000)
  to   space 21824K,   0% used [0x00000007a6ab0000, 0x00000007a6ab0000, 0x00000007a8000000)
 concurrent mark-sweep generation total 393216K, used 23847K [0x00000007a8000000, 0x00000007c0000000, 0x00000007c0000000)
 Metaspace       used 52628K, capacity 54332K, committed 54624K, reserved 1097728K
  class space    used 6115K, capacity 6524K, committed 6620K, reserved 1048576K
}
2018-01-08T11:34:12.343-0100: 3660.882: Total time for which application threads were stopped: 0.0249159 seconds, Stopping threads took: 0.0001228 seconds
{Heap before GC invocations=20 (full 2):
 par new generation   total 109248K, used 109248K [0x00000007a0000000, 0x00000007a8000000, 0x00000007a8000000)
  eden space 87424K, 100% used [0x00000007a0000000, 0x00000007a5560000, 0x00000007a5560000)
  from space 21824K, 100% used [0x00000007a5560000, 0x00000007a6ab0000, 0x00000007a6ab0000)
  to   space 21824K,   0% used [0x00000007a6ab0000, 0x00000007a6ab0000, 0x00000007a8000000)
 concurrent mark-sweep generation total 393216K, used 23847K [0x00000007a8000000, 0x00000007c0000000, 0x00000007c0000000)
 Metaspace       used 52638K, capacity 54338K, committed 54624K, reserved 1097728K
  class space    used 6116K, capacity 6525K, committed 6620K, reserved 1048576K
2018-01-08T11:34:12.410-0100: 3660.949: [GC (Allocation Failure) 2018-01-08T11:34:12.410-0100: 3660.949: [ParNew
Desired survivor size 20112992 bytes, new threshold 8 (max 8)
- age   1:     367056 bytes,     367056 total
- age   2:     100232 bytes,     467288 total
- age   3:    1593352 bytes,    2060640 total
- age   4:    2365824 bytes,    4426464 total
- age   5:    4387736 bytes,    8814200 total
- age   6:     808160 bytes,    9622360 total
- age   7:    4145296 bytes,   13767656 total
- age   8:    4966128 bytes,   18733784 total
: 109248K->21824K(109248K), 0.0211079 secs] 133095K->45921K(502464K), 0.0212621 secs] [Times: user=0.10 sys=0.00, real=0.02 secs] 
Heap after GC invocations=21 (full 2):
 par new generation   total 109248K, used 21824K [0x00000007a0000000, 0x00000007a8000000, 0x00000007a8000000)
  eden space 87424K,   0% used [0x00000007a0000000, 0x00000007a0000000, 0x00000007a5560000)
  from space 21824K, 100% used [0x00000007a6ab0000, 0x00000007a8000000, 0x00000007a8000000)
  to   space 21824K,   0% used [0x00000007a5560000, 0x00000007a5560000, 0x00000007a6ab0000)
 concurrent mark-sweep generation total 393216K, used 24097K [0x00000007a8000000, 0x00000007c0000000, 0x00000007c0000000)
 Metaspace       used 52638K, capacity 54338K, committed 54624K, reserved 1097728K
  class space    used 6116K, capacity 6525K, committed 6620K, reserved 1048576K
}
2018-01-08T11:34:12.431-0100: 3660.970: Total time for which application threads were stopped: 0.0217835 seconds, Stopping threads took: 0.0001078 seconds
2018-01-08T11:34:12.560-0100: 3661.099: Total time for which application threads were stopped: 0.0003416 seconds, Stopping threads took: 0.0000341 seconds
2018-01-08T11:34:12.646-0100: 3661.185: Total time for which application threads were stopped: 0.0003091 seconds, Stopping threads took: 0.0000602 seconds
2018-01-08T11:34:12.647-0100: 3661.186: Total time for which application threads were stopped: 0.0003236 seconds, Stopping threads took: 0.0001005 seconds
2018-01-08T11:34:12.659-0100: 3661.198: Total time for which application threads were stopped: 0.0002650 seconds, Stopping threads took: 0.0000688 seconds
2018-01-08T11:34:13.162-0100: 3661.701: Total time for which application threads were stopped: 0.0001791 seconds, Stopping threads took: 0.0000246 seconds
2018-01-08T11:34:13.166-0100: 3661.705: Total time for which application threads were stopped: 0.0002593 seconds, Stopping threads took: 0.0000212 seconds
2018-01-08T11:34:13.801-0100: 3662.340: Total time for which application threads were stopped: 0.0004530 seconds, Stopping threads took: 0.0000263 seconds
2018-01-08T11:34:15.804-0100: 3664.343: Total time for which application threads were stopped: 0.0001774 seconds, Stopping threads took: 0.0000383 seconds
2018-01-08T11:34:53.857-0100: 3702.395: Total time for which application threads were stopped: 0.0001920 seconds, Stopping threads took: 0.0000360 seconds
2018-01-08T11:34:59.496-0100: 3708.035: Total time for which application threads were stopped: 0.0003790 seconds, Stopping threads took: 0.0000473 seconds
2018-01-08T11:34:59.512-0100: 3708.051: Total time for which application threads were stopped: 0.0002228 seconds, Stopping threads took: 0.0000455 seconds
2018-01-08T11:34:59.512-0100: 3708.051: Total time for which application threads were stopped: 0.0001700 seconds, Stopping threads took: 0.0000346 seconds
2018-01-08T11:34:59.521-0100: 3708.060: Total time for which application threads were stopped: 0.0003856 seconds, Stopping threads took: 0.0000883 seconds
2018-01-08T11:34:59.522-0100: 3708.060: Total time for which application threads were stopped: 0.0002550 seconds, Stopping threads took: 0.0000309 seconds
2018-01-08T11:34:59.522-0100: 3708.061: Total time for which application threads were stopped: 0.0003141 seconds, Stopping threads took: 0.0000295 seconds
{Heap before GC invocations=21 (full 2):
 par new generation   total 109248K, used 109248K [0x00000007a0000000, 0x00000007a8000000, 0x00000007a8000000)
  eden space 87424K, 100% used [0x00000007a0000000, 0x00000007a5560000, 0x00000007a5560000)
  from space 21824K, 100% used [0x00000007a6ab0000, 0x00000007a8000000, 0x00000007a8000000)
  to   space 21824K,   0% used [0x00000007a5560000, 0x00000007a5560000, 0x00000007a6ab0000)
 concurrent mark-sweep generation total 393216K, used 24097K [0x00000007a8000000, 0x00000007c0000000, 0x00000007c0000000)
 Metaspace       used 53144K, capacity 54822K, committed 55136K, reserved 1097728K
  class space    used 6174K, capacity 6583K, committed 6620K, reserved 1048576K
2018-01-08T11:34:59.523-0100: 3708.061: [GC (Allocation Failure) 2018-01-08T11:34:59.523-0100: 3708.062: [ParNew
Desired survivor size 20112992 bytes, new threshold 8 (max 8)
- age   1:    6590856 bytes,    6590856 total
- age   2:     129896 bytes,    6720752 total
- age   3:      98872 bytes,    6819624 total
- age   4:     189888 bytes,    7009512 total
- age   5:    1903832 bytes,    8913344 total
- age   6:    4339752 bytes,   13253096 total
- age   7:     803424 bytes,   14056520 total
- age   8:    4057264 bytes,   18113784 total
: 109248K->21824K(109248K), 0.0270396 secs] 133345K->52094K(502464K), 0.0274461 secs] [Times: user=0.09 sys=0.01, real=0.03 secs] 
Heap after GC invocations=22 (full 2):
 par new generation   total 109248K, used 21824K [0x00000007a0000000, 0x00000007a8000000, 0x00000007a8000000)
  eden space 87424K,   0% used [0x00000007a0000000, 0x00000007a0000000, 0x00000007a5560000)
  from space 21824K, 100% used [0x00000007a5560000, 0x00000007a6ab0000, 0x00000007a6ab0000)
  to   space 21824K,   0% used [0x00000007a6ab0000, 0x00000007a6ab0000, 0x00000007a8000000)
 concurrent mark-sweep generation total 393216K, used 30270K [0x00000007a8000000, 0x00000007c0000000, 0x00000007c0000000)
 Metaspace       used 53144K, capacity 54822K, committed 55136K, reserved 1097728K
  class space    used 6174K, capacity 6583K, committed 6620K, reserved 1048576K
}
2018-01-08T11:34:59.550-0100: 3708.089: Total time for which application threads were stopped: 0.0277777 seconds, Stopping threads took: 0.0000219 seconds
2018-01-08T11:35:00.552-0100: 3709.091: Total time for which application threads were stopped: 0.0001614 seconds, Stopping threads took: 0.0000283 seconds
2018-01-08T11:35:15.337-0100: 3723.875: Total time for which application threads were stopped: 0.0002433 seconds, Stopping threads took: 0.0000476 seconds
2018-01-08T11:35:15.337-0100: 3723.876: Total time for which application threads were stopped: 0.0001637 seconds, Stopping threads took: 0.0000259 seconds
2018-01-08T11:35:15.337-0100: 3723.876: Total time for which application threads were stopped: 0.0001261 seconds, Stopping threads took: 0.0000148 seconds
2018-01-08T11:35:15.337-0100: 3723.876: Total time for which application threads were stopped: 0.0001278 seconds, Stopping threads took: 0.0000320 seconds
2018-01-08T11:35:15.338-0100: 3723.876: Total time for which application threads were stopped: 0.0003297 seconds, Stopping threads took: 0.0000232 seconds
2018-01-08T11:35:15.348-0100: 3723.887: Total time for which application threads were stopped: 0.0001674 seconds, Stopping threads took: 0.0000392 seconds
2018-01-08T11:35:15.349-0100: 3723.887: Total time for which application threads were stopped: 0.0001108 seconds, Stopping threads took: 0.0000123 seconds
2018-01-08T11:35:15.356-0100: 3723.895: Total time for which application threads were stopped: 0.0001613 seconds, Stopping threads took: 0.0000234 seconds
2018-01-08T11:35:15.357-0100: 3723.895: Total time for which application threads were stopped: 0.0001199 seconds, Stopping threads took: 0.0000255 seconds
2018-01-08T11:35:16.359-0100: 3724.898: Total time for which application threads were stopped: 0.0001679 seconds, Stopping threads took: 0.0000394 seconds
2018-01-08T11:35:24.204-0100: 3732.742: Total time for which application threads were stopped: 0.0001768 seconds, Stopping threads took: 0.0000412 seconds
2018-01-08T11:35:24.205-0100: 3732.743: Total time for which application threads were stopped: 0.0001590 seconds, Stopping threads took: 0.0000344 seconds
2018-01-08T11:35:24.205-0100: 3732.744: Total time for which application threads were stopped: 0.0002298 seconds, Stopping threads took: 0.0000692 seconds
2018-01-08T11:35:24.205-0100: 3732.744: Total time for which application threads were stopped: 0.0001422 seconds, Stopping threads took: 0.0000363 seconds
2018-01-08T11:35:24.205-0100: 3732.744: Total time for which application threads were stopped: 0.0001240 seconds, Stopping threads took: 0.0000285 seconds
2018-01-08T11:35:24.205-0100: 3732.744: Total time for which application threads were stopped: 0.0001462 seconds, Stopping threads took: 0.0000489 seconds
2018-01-08T11:35:24.206-0100: 3732.744: Total time for which application threads were stopped: 0.0001566 seconds, Stopping threads took: 0.0000388 seconds
2018-01-08T11:35:24.206-0100: 3732.745: Total time for which application threads were stopped: 0.0001236 seconds, Stopping threads took: 0.0000319 seconds
2018-01-08T11:35:24.206-0100: 3732.745: Total time for which application threads were stopped: 0.0001212 seconds, Stopping threads took: 0.0000329 seconds
2018-01-08T11:35:24.207-0100: 3732.746: Total time for which application threads were stopped: 0.0001567 seconds, Stopping threads took: 0.0000248 seconds
2018-01-08T11:35:24.207-0100: 3732.746: Total time for which application threads were stopped: 0.0001423 seconds, Stopping threads took: 0.0000169 seconds
2018-01-08T11:35:24.214-0100: 3732.753: Total time for which application threads were stopped: 0.0001703 seconds, Stopping threads took: 0.0000358 seconds
2018-01-08T11:35:24.214-0100: 3732.753: Total time for which application threads were stopped: 0.0001055 seconds, Stopping threads took: 0.0000105 seconds
2018-01-08T11:35:24.222-0100: 3732.761: Total time for which application threads were stopped: 0.0001828 seconds, Stopping threads took: 0.0000449 seconds
2018-01-08T11:35:24.222-0100: 3732.761: Total time for which application threads were stopped: 0.0002615 seconds, Stopping threads took: 0.0000752 seconds
2018-01-08T11:35:25.227-0100: 3733.765: Total time for which application threads were stopped: 0.0001635 seconds, Stopping threads took: 0.0000304 seconds
2018-01-08T11:35:43.324-0100: 3751.863: Total time for which application threads were stopped: 0.0002072 seconds, Stopping threads took: 0.0000288 seconds
2018-01-08T11:35:43.324-0100: 3751.863: Total time for which application threads were stopped: 0.0001959 seconds, Stopping threads took: 0.0000357 seconds
2018-01-08T11:35:43.325-0100: 3751.863: Total time for which application threads were stopped: 0.0001749 seconds, Stopping threads took: 0.0000575 seconds
2018-01-08T11:35:43.325-0100: 3751.864: Total time for which application threads were stopped: 0.0001161 seconds, Stopping threads took: 0.0000343 seconds
2018-01-08T11:35:43.342-0100: 3751.880: Total time for which application threads were stopped: 0.0001713 seconds, Stopping threads took: 0.0000304 seconds
2018-01-08T11:35:43.342-0100: 3751.881: Total time for which application threads were stopped: 0.0002768 seconds, Stopping threads took: 0.0000315 seconds
2018-01-08T11:37:23.539-0100: 3852.077: Total time for which application threads were stopped: 0.0002184 seconds, Stopping threads took: 0.0000527 seconds
2018-01-08T11:37:49.282-0100: 3877.821: Total time for which application threads were stopped: 0.0002440 seconds, Stopping threads took: 0.0000481 seconds
2018-01-08T11:37:49.283-0100: 3877.821: Total time for which application threads were stopped: 0.0002400 seconds, Stopping threads took: 0.0000385 seconds
2018-01-08T11:37:49.283-0100: 3877.821: Total time for which application threads were stopped: 0.0001783 seconds, Stopping threads took: 0.0000351 seconds
2018-01-08T11:37:49.292-0100: 3877.830: Total time for which application threads were stopped: 0.0002692 seconds, Stopping threads took: 0.0000539 seconds
2018-01-08T11:37:49.292-0100: 3877.831: Total time for which application threads were stopped: 0.0002002 seconds, Stopping threads took: 0.0000757 seconds
2018-01-08T11:37:49.294-0100: 3877.832: Total time for which application threads were stopped: 0.0002679 seconds, Stopping threads took: 0.0001113 seconds
2018-01-08T11:37:49.294-0100: 3877.832: Total time for which application threads were stopped: 0.0002357 seconds, Stopping threads took: 0.0000950 seconds
2018-01-08T11:37:50.296-0100: 3878.835: Total time for which application threads were stopped: 0.0003101 seconds, Stopping threads took: 0.0000709 seconds
2018-01-08T11:37:54.676-0100: 3883.215: Total time for which application threads were stopped: 0.0001745 seconds, Stopping threads took: 0.0000387 seconds
2018-01-08T11:37:54.677-0100: 3883.215: Total time for which application threads were stopped: 0.0001282 seconds, Stopping threads took: 0.0000266 seconds
2018-01-08T11:37:54.685-0100: 3883.223: Total time for which application threads were stopped: 0.0002523 seconds, Stopping threads took: 0.0000693 seconds
2018-01-08T11:37:54.685-0100: 3883.223: Total time for which application threads were stopped: 0.0002138 seconds, Stopping threads took: 0.0000642 seconds
2018-01-08T11:37:56.346-0100: 3884.885: Total time for which application threads were stopped: 0.0002969 seconds, Stopping threads took: 0.0001103 seconds
2018-01-08T11:37:56.347-0100: 3884.885: Total time for which application threads were stopped: 0.0001452 seconds, Stopping threads took: 0.0000335 seconds
2018-01-08T11:37:56.356-0100: 3884.894: Total time for which application threads were stopped: 0.0002754 seconds, Stopping threads took: 0.0000419 seconds
2018-01-08T11:37:56.356-0100: 3884.894: Total time for which application threads were stopped: 0.0002416 seconds, Stopping threads took: 0.0000915 seconds
2018-01-08T11:37:57.358-0100: 3885.896: Total time for which application threads were stopped: 0.0002244 seconds, Stopping threads took: 0.0000596 seconds
2018-01-08T11:37:58.112-0100: 3886.651: Total time for which application threads were stopped: 0.0002759 seconds, Stopping threads took: 0.0000320 seconds
2018-01-08T11:37:58.113-0100: 3886.651: Total time for which application threads were stopped: 0.0001994 seconds, Stopping threads took: 0.0000242 seconds
2018-01-08T11:37:58.121-0100: 3886.659: Total time for which application threads were stopped: 0.0002171 seconds, Stopping threads took: 0.0000620 seconds
2018-01-08T11:37:58.121-0100: 3886.659: Total time for which application threads were stopped: 0.0001887 seconds, Stopping threads took: 0.0000655 seconds
2018-01-08T11:37:59.125-0100: 3887.663: Total time for which application threads were stopped: 0.0002009 seconds, Stopping threads took: 0.0000359 seconds
2018-01-08T11:37:59.364-0100: 3887.903: Total time for which application threads were stopped: 0.0002122 seconds, Stopping threads took: 0.0000525 seconds
2018-01-08T11:37:59.365-0100: 3887.903: Total time for which application threads were stopped: 0.0001899 seconds, Stopping threads took: 0.0000426 seconds
2018-01-08T11:37:59.365-0100: 3887.903: Total time for which application threads were stopped: 0.0001148 seconds, Stopping threads took: 0.0000153 seconds
2018-01-08T11:37:59.365-0100: 3887.904: Total time for which application threads were stopped: 0.0001273 seconds, Stopping threads took: 0.0000370 seconds
2018-01-08T11:37:59.373-0100: 3887.911: Total time for which application threads were stopped: 0.0002552 seconds, Stopping threads took: 0.0000695 seconds
2018-01-08T11:37:59.373-0100: 3887.912: Total time for which application threads were stopped: 0.0001936 seconds, Stopping threads took: 0.0000539 seconds
2018-01-08T11:37:59.374-0100: 3887.913: Total time for which application threads were stopped: 0.0002580 seconds, Stopping threads took: 0.0001014 seconds
2018-01-08T11:37:59.374-0100: 3887.913: Total time for which application threads were stopped: 0.0002513 seconds, Stopping threads took: 0.0000984 seconds
2018-01-08T11:38:00.379-0100: 3888.918: Total time for which application threads were stopped: 0.0001879 seconds, Stopping threads took: 0.0000320 seconds
2018-01-08T11:38:04.343-0100: 3892.882: Total time for which application threads were stopped: 0.0002831 seconds, Stopping threads took: 0.0000657 seconds
2018-01-08T11:38:04.344-0100: 3892.882: Total time for which application threads were stopped: 0.0001934 seconds, Stopping threads took: 0.0000349 seconds
2018-01-08T11:38:04.353-0100: 3892.892: Total time for which application threads were stopped: 0.0002046 seconds, Stopping threads took: 0.0000419 seconds
2018-01-08T11:38:04.353-0100: 3892.892: Total time for which application threads were stopped: 0.0002155 seconds, Stopping threads took: 0.0000628 seconds
2018-01-08T11:38:05.357-0100: 3893.895: Total time for which application threads were stopped: 0.0002622 seconds, Stopping threads took: 0.0000464 seconds
2018-01-08T11:38:06.719-0100: 3895.258: Total time for which application threads were stopped: 0.0002662 seconds, Stopping threads took: 0.0001139 seconds
2018-01-08T11:38:06.721-0100: 3895.259: Total time for which application threads were stopped: 0.0002420 seconds, Stopping threads took: 0.0001084 seconds
2018-01-08T11:38:06.721-0100: 3895.260: Total time for which application threads were stopped: 0.0001481 seconds, Stopping threads took: 0.0000286 seconds
2018-01-08T11:38:06.724-0100: 3895.262: Total time for which application threads were stopped: 0.0009656 seconds, Stopping threads took: 0.0000330 seconds
2018-01-08T11:38:06.729-0100: 3895.268: Total time for which application threads were stopped: 0.0002548 seconds, Stopping threads took: 0.0000923 seconds
2018-01-08T11:38:06.730-0100: 3895.268: Total time for which application threads were stopped: 0.0002541 seconds, Stopping threads took: 0.0000776 seconds
2018-01-08T11:38:06.741-0100: 3895.279: Total time for which application threads were stopped: 0.0002802 seconds, Stopping threads took: 0.0000933 seconds
2018-01-08T11:38:06.741-0100: 3895.279: Total time for which application threads were stopped: 0.0002000 seconds, Stopping threads took: 0.0000651 seconds
2018-01-08T11:38:07.627-0100: 3896.166: Total time for which application threads were stopped: 0.0001861 seconds, Stopping threads took: 0.0000424 seconds
2018-01-08T11:38:07.636-0100: 3896.174: Total time for which application threads were stopped: 0.0001588 seconds, Stopping threads took: 0.0000250 seconds
2018-01-08T11:38:07.636-0100: 3896.174: Total time for which application threads were stopped: 0.0001220 seconds, Stopping threads took: 0.0000134 seconds
2018-01-08T11:38:07.645-0100: 3896.183: Total time for which application threads were stopped: 0.0005698 seconds, Stopping threads took: 0.0000591 seconds
2018-01-08T11:38:07.645-0100: 3896.183: Total time for which application threads were stopped: 0.0003851 seconds, Stopping threads took: 0.0000342 seconds
2018-01-08T11:38:07.645-0100: 3896.184: Total time for which application threads were stopped: 0.0003791 seconds, Stopping threads took: 0.0001015 seconds
2018-01-08T11:38:07.679-0100: 3896.217: Total time for which application threads were stopped: 0.0001877 seconds, Stopping threads took: 0.0000271 seconds
2018-01-08T11:38:07.679-0100: 3896.217: Total time for which application threads were stopped: 0.0001469 seconds, Stopping threads took: 0.0000117 seconds
2018-01-08T11:38:07.687-0100: 3896.226: Total time for which application threads were stopped: 0.0002194 seconds, Stopping threads took: 0.0000294 seconds
2018-01-08T11:38:07.687-0100: 3896.226: Total time for which application threads were stopped: 0.0001663 seconds, Stopping threads took: 0.0000478 seconds
2018-01-08T11:38:09.605-0100: 3898.144: Total time for which application threads were stopped: 0.0002031 seconds, Stopping threads took: 0.0000623 seconds
2018-01-08T11:38:09.606-0100: 3898.144: Total time for which application threads were stopped: 0.0001573 seconds, Stopping threads took: 0.0000429 seconds
2018-01-08T11:38:09.615-0100: 3898.153: Total time for which application threads were stopped: 0.0003036 seconds, Stopping threads took: 0.0000497 seconds
2018-01-08T11:38:09.615-0100: 3898.153: Total time for which application threads were stopped: 0.0001740 seconds, Stopping threads took: 0.0000210 seconds
2018-01-08T11:38:09.623-0100: 3898.161: Total time for which application threads were stopped: 0.0001965 seconds, Stopping threads took: 0.0000446 seconds
2018-01-08T11:38:09.623-0100: 3898.162: Total time for which application threads were stopped: 0.0002093 seconds, Stopping threads took: 0.0000614 seconds
2018-01-08T11:38:10.627-0100: 3899.165: Total time for which application threads were stopped: 0.0001527 seconds, Stopping threads took: 0.0000278 seconds
2018-01-08T11:38:13.294-0100: 3901.832: Total time for which application threads were stopped: 0.0003613 seconds, Stopping threads took: 0.0001015 seconds
2018-01-08T11:38:13.294-0100: 3901.832: Total time for which application threads were stopped: 0.0002828 seconds, Stopping threads took: 0.0000886 seconds
2018-01-08T11:38:13.295-0100: 3901.834: Total time for which application threads were stopped: 0.0002164 seconds, Stopping threads took: 0.0000593 seconds
2018-01-08T11:38:13.296-0100: 3901.834: Total time for which application threads were stopped: 0.0001503 seconds, Stopping threads took: 0.0000297 seconds
2018-01-08T11:38:13.303-0100: 3901.841: Total time for which application threads were stopped: 0.0002191 seconds, Stopping threads took: 0.0000619 seconds
2018-01-08T11:38:13.303-0100: 3901.841: Total time for which application threads were stopped: 0.0001378 seconds, Stopping threads took: 0.0000125 seconds
2018-01-08T11:38:14.072-0100: 3902.610: Total time for which application threads were stopped: 0.0002234 seconds, Stopping threads took: 0.0000463 seconds
2018-01-08T11:38:14.072-0100: 3902.610: Total time for which application threads were stopped: 0.0001609 seconds, Stopping threads took: 0.0000146 seconds
2018-01-08T11:38:14.081-0100: 3902.619: Total time for which application threads were stopped: 0.0002053 seconds, Stopping threads took: 0.0000430 seconds
2018-01-08T11:38:14.081-0100: 3902.619: Total time for which application threads were stopped: 0.0002229 seconds, Stopping threads took: 0.0000943 seconds
2018-01-08T11:38:18.088-0100: 3906.626: Total time for which application threads were stopped: 0.0001919 seconds, Stopping threads took: 0.0000537 seconds
2018-01-08T11:39:09.949-0100: 3958.488: Total time for which application threads were stopped: 0.0001841 seconds, Stopping threads took: 0.0000312 seconds
2018-01-08T11:39:09.951-0100: 3958.490: Total time for which application threads were stopped: 0.0001830 seconds, Stopping threads took: 0.0000289 seconds
2018-01-08T11:39:09.952-0100: 3958.491: Total time for which application threads were stopped: 0.0002041 seconds, Stopping threads took: 0.0000257 seconds
2018-01-08T11:39:09.954-0100: 3958.492: Total time for which application threads were stopped: 0.0002872 seconds, Stopping threads took: 0.0000439 seconds
2018-01-08T11:39:09.954-0100: 3958.493: Total time for which application threads were stopped: 0.0002335 seconds, Stopping threads took: 0.0000391 seconds
2018-01-08T11:39:09.955-0100: 3958.493: Total time for which application threads were stopped: 0.0001684 seconds, Stopping threads took: 0.0000198 seconds
{Heap before GC invocations=22 (full 2):
 par new generation   total 109248K, used 109248K [0x00000007a0000000, 0x00000007a8000000, 0x00000007a8000000)
  eden space 87424K, 100% used [0x00000007a0000000, 0x00000007a5560000, 0x00000007a5560000)
  from space 21824K, 100% used [0x00000007a5560000, 0x00000007a6ab0000, 0x00000007a6ab0000)
  to   space 21824K,   0% used [0x00000007a6ab0000, 0x00000007a6ab0000, 0x00000007a8000000)
 concurrent mark-sweep generation total 393216K, used 30270K [0x00000007a8000000, 0x00000007c0000000, 0x00000007c0000000)
 Metaspace       used 53426K, capacity 55186K, committed 55392K, reserved 1097728K
  class space    used 6193K, capacity 6601K, committed 6620K, reserved 1048576K
2018-01-08T11:39:10.003-0100: 3958.541: [GC (Allocation Failure) 2018-01-08T11:39:10.003-0100: 3958.542: [ParNew
Desired survivor size 20112992 bytes, new threshold 8 (max 8)
- age   1:    1383928 bytes,    1383928 total
- age   2:    6066728 bytes,    7450656 total
- age   3:     129896 bytes,    7580552 total
- age   4:      98872 bytes,    7679424 total
- age   5:     189608 bytes,    7869032 total
- age   6:    1823432 bytes,    9692464 total
- age   7:    4332624 bytes,   14025088 total
- age   8:     803352 bytes,   14828440 total
: 109248K->21824K(109248K), 0.0152229 secs] 139518K->56120K(502464K), 0.0156392 secs] [Times: user=0.05 sys=0.01, real=0.01 secs] 
Heap after GC invocations=23 (full 2):
 par new generation   total 109248K, used 21824K [0x00000007a0000000, 0x00000007a8000000, 0x00000007a8000000)
  eden space 87424K,   0% used [0x00000007a0000000, 0x00000007a0000000, 0x00000007a5560000)
  from space 21824K, 100% used [0x00000007a6ab0000, 0x00000007a8000000, 0x00000007a8000000)
  to   space 21824K,   0% used [0x00000007a5560000, 0x00000007a5560000, 0x00000007a6ab0000)
 concurrent mark-sweep generation total 393216K, used 34296K [0x00000007a8000000, 0x00000007c0000000, 0x00000007c0000000)
 Metaspace       used 53426K, capacity 55186K, committed 55392K, reserved 1097728K
  class space    used 6193K, capacity 6601K, committed 6620K, reserved 1048576K
}
2018-01-08T11:39:10.019-0100: 3958.557: Total time for which application threads were stopped: 0.0159445 seconds, Stopping threads took: 0.0000303 seconds
2018-01-08T11:39:10.019-0100: 3958.557: Total time for which application threads were stopped: 0.0002010 seconds, Stopping threads took: 0.0000422 seconds
2018-01-08T11:39:10.019-0100: 3958.558: Total time for which application threads were stopped: 0.0001723 seconds, Stopping threads took: 0.0000651 seconds
2018-01-08T11:39:10.019-0100: 3958.558: Total time for which application threads were stopped: 0.0001198 seconds, Stopping threads took: 0.0000404 seconds
2018-01-08T11:39:10.020-0100: 3958.558: Total time for which application threads were stopped: 0.0001016 seconds, Stopping threads took: 0.0000354 seconds
2018-01-08T11:39:10.020-0100: 3958.558: Total time for which application threads were stopped: 0.0000947 seconds, Stopping threads took: 0.0000296 seconds
2018-01-08T11:39:10.020-0100: 3958.558: Total time for which application threads were stopped: 0.0001127 seconds, Stopping threads took: 0.0000398 seconds
2018-01-08T11:39:10.020-0100: 3958.558: Total time for which application threads were stopped: 0.0001343 seconds, Stopping threads took: 0.0000466 seconds
2018-01-08T11:39:10.020-0100: 3958.559: Total time for which application threads were stopped: 0.0001545 seconds, Stopping threads took: 0.0000709 seconds
2018-01-08T11:39:10.020-0100: 3958.559: Total time for which application threads were stopped: 0.0000968 seconds, Stopping threads took: 0.0000351 seconds
2018-01-08T11:39:10.021-0100: 3958.559: Total time for which application threads were stopped: 0.0001177 seconds, Stopping threads took: 0.0000336 seconds
2018-01-08T11:39:10.021-0100: 3958.559: Total time for which application threads were stopped: 0.0001055 seconds, Stopping threads took: 0.0000372 seconds
2018-01-08T11:39:10.021-0100: 3958.559: Total time for which application threads were stopped: 0.0001163 seconds, Stopping threads took: 0.0000477 seconds
2018-01-08T11:39:10.021-0100: 3958.559: Total time for which application threads were stopped: 0.0001011 seconds, Stopping threads took: 0.0000375 seconds
2018-01-08T11:39:10.021-0100: 3958.560: Total time for which application threads were stopped: 0.0000981 seconds, Stopping threads took: 0.0000322 seconds
2018-01-08T11:39:10.021-0100: 3958.560: Total time for which application threads were stopped: 0.0000908 seconds, Stopping threads took: 0.0000322 seconds
2018-01-08T11:39:10.022-0100: 3958.560: Total time for which application threads were stopped: 0.0001469 seconds, Stopping threads took: 0.0000815 seconds
2018-01-08T11:39:10.022-0100: 3958.560: Total time for which application threads were stopped: 0.0004038 seconds, Stopping threads took: 0.0000404 seconds
2018-01-08T11:39:10.049-0100: 3958.587: Total time for which application threads were stopped: 0.0001955 seconds, Stopping threads took: 0.0000503 seconds
2018-01-08T11:39:10.126-0100: 3958.664: Total time for which application threads were stopped: 0.0002441 seconds, Stopping threads took: 0.0000727 seconds
{Heap before GC invocations=23 (full 2):
 par new generation   total 109248K, used 109235K [0x00000007a0000000, 0x00000007a8000000, 0x00000007a8000000)
  eden space 87424K,  99% used [0x00000007a0000000, 0x00000007a555cc68, 0x00000007a5560000)
  from space 21824K, 100% used [0x00000007a6ab0000, 0x00000007a8000000, 0x00000007a8000000)
  to   space 21824K,   0% used [0x00000007a5560000, 0x00000007a5560000, 0x00000007a6ab0000)
 concurrent mark-sweep generation total 393216K, used 34296K [0x00000007a8000000, 0x00000007c0000000, 0x00000007c0000000)
 Metaspace       used 53567K, capacity 55382K, committed 55392K, reserved 1097728K
  class space    used 6213K, capacity 6617K, committed 6620K, reserved 1048576K
2018-01-08T11:39:10.181-0100: 3958.719: [GC (Allocation Failure) 2018-01-08T11:39:10.181-0100: 3958.719: [ParNew
Desired survivor size 20112992 bytes, new threshold 8 (max 8)
- age   1:    1398296 bytes,    1398296 total
- age   2:     486832 bytes,    1885128 total
- age   3:    5816560 bytes,    7701688 total
- age   4:     129896 bytes,    7831584 total
- age   5:      98872 bytes,    7930456 total
- age   6:     189608 bytes,    8120064 total
- age   7:    1822328 bytes,    9942392 total
- age   8:    4332624 bytes,   14275016 total
: 109235K->18184K(109248K), 0.0388530 secs] 143531K->53308K(502464K), 0.0390100 secs] [Times: user=0.06 sys=0.01, real=0.04 secs] 
Heap after GC invocations=24 (full 2):
 par new generation   total 109248K, used 18184K [0x00000007a0000000, 0x00000007a8000000, 0x00000007a8000000)
  eden space 87424K,   0% used [0x00000007a0000000, 0x00000007a0000000, 0x00000007a5560000)
  from space 21824K,  83% used [0x00000007a5560000, 0x00000007a6722170, 0x00000007a6ab0000)
  to   space 21824K,   0% used [0x00000007a6ab0000, 0x00000007a6ab0000, 0x00000007a8000000)
 concurrent mark-sweep generation total 393216K, used 35124K [0x00000007a8000000, 0x00000007c0000000, 0x00000007c0000000)
 Metaspace       used 53567K, capacity 55382K, committed 55392K, reserved 1097728K
  class space    used 6213K, capacity 6617K, committed 6620K, reserved 1048576K
}
2018-01-08T11:39:10.220-0100: 3958.758: Total time for which application threads were stopped: 0.0394881 seconds, Stopping threads took: 0.0000523 seconds
{Heap before GC invocations=24 (full 2):
 par new generation   total 109248K, used 105590K [0x00000007a0000000, 0x00000007a8000000, 0x00000007a8000000)
  eden space 87424K,  99% used [0x00000007a0000000, 0x00000007a555b968, 0x00000007a5560000)
  from space 21824K,  83% used [0x00000007a5560000, 0x00000007a6722170, 0x00000007a6ab0000)
  to   space 21824K,   0% used [0x00000007a6ab0000, 0x00000007a6ab0000, 0x00000007a8000000)
 concurrent mark-sweep generation total 393216K, used 35124K [0x00000007a8000000, 0x00000007c0000000, 0x00000007c0000000)
 Metaspace       used 53590K, capacity 55410K, committed 55776K, reserved 1097728K
  class space    used 6215K, capacity 6621K, committed 6748K, reserved 1048576K
2018-01-08T11:39:10.262-0100: 3958.801: [GC (Allocation Failure) 2018-01-08T11:39:10.262-0100: 3958.801: [ParNew
Desired survivor size 20112992 bytes, new threshold 8 (max 8)
- age   1:    2102360 bytes,    2102360 total
- age   2:    1230160 bytes,    3332520 total
- age   3:     486832 bytes,    3819352 total
- age   4:    5815512 bytes,    9634864 total
- age   5:     129896 bytes,    9764760 total
- age   6:      98872 bytes,    9863632 total
- age   7:     189400 bytes,   10053032 total
- age   8:    1820528 bytes,   11873560 total
: 105590K->16308K(109248K), 0.0364876 secs] 140714K->55743K(502464K), 0.0366328 secs] [Times: user=0.10 sys=0.01, real=0.03 secs] 
Heap after GC invocations=25 (full 2):
 par new generation   total 109248K, used 16308K [0x00000007a0000000, 0x00000007a8000000, 0x00000007a8000000)
  eden space 87424K,   0% used [0x00000007a0000000, 0x00000007a0000000, 0x00000007a5560000)
  from space 21824K,  74% used [0x00000007a6ab0000, 0x00000007a7a9d168, 0x00000007a8000000)
  to   space 21824K,   0% used [0x00000007a5560000, 0x00000007a5560000, 0x00000007a6ab0000)
 concurrent mark-sweep generation total 393216K, used 39434K [0x00000007a8000000, 0x00000007c0000000, 0x00000007c0000000)
 Metaspace       used 53590K, capacity 55410K, committed 55776K, reserved 1097728K
  class space    used 6215K, capacity 6621K, committed 6748K, reserved 1048576K
}
2018-01-08T11:39:10.299-0100: 3958.837: Total time for which application threads were stopped: 0.0370637 seconds, Stopping threads took: 0.0000530 seconds
2018-01-08T11:39:10.299-0100: 3958.838: Total time for which application threads were stopped: 0.0003755 seconds, Stopping threads took: 0.0001082 seconds
2018-01-08T11:39:10.300-0100: 3958.838: Total time for which application threads were stopped: 0.0003004 seconds, Stopping threads took: 0.0000656 seconds
2018-01-08T11:39:10.318-0100: 3958.857: Total time for which application threads were stopped: 0.0003473 seconds, Stopping threads took: 0.0001127 seconds
2018-01-08T11:39:10.323-0100: 3958.861: Total time for which application threads were stopped: 0.0004481 seconds, Stopping threads took: 0.0000934 seconds
{Heap before GC invocations=25 (full 2):
 par new generation   total 109248K, used 103717K [0x00000007a0000000, 0x00000007a8000000, 0x00000007a8000000)
  eden space 87424K,  99% used [0x00000007a0000000, 0x00000007a555c380, 0x00000007a5560000)
  from space 21824K,  74% used [0x00000007a6ab0000, 0x00000007a7a9d168, 0x00000007a8000000)
  to   space 21824K,   0% used [0x00000007a5560000, 0x00000007a5560000, 0x00000007a6ab0000)
 concurrent mark-sweep generation total 393216K, used 39434K [0x00000007a8000000, 0x00000007c0000000, 0x00000007c0000000)
 Metaspace       used 53605K, capacity 55416K, committed 55776K, reserved 1097728K
  class space    used 6216K, capacity 6622K, committed 6748K, reserved 1048576K
2018-01-08T11:39:10.337-0100: 3958.876: [GC (Allocation Failure) 2018-01-08T11:39:10.338-0100: 3958.876: [ParNew
Desired survivor size 20112992 bytes, new threshold 8 (max 8)
- age   1:     615600 bytes,     615600 total
- age   2:    1399240 bytes,    2014840 total
- age   3:    1230160 bytes,    3245000 total
- age   4:     486832 bytes,    3731832 total
- age   5:    5815512 bytes,    9547344 total
- age   6:     129896 bytes,    9677240 total
- age   7:      98768 bytes,    9776008 total
- age   8:     189400 bytes,    9965408 total
: 103717K->12576K(109248K), 0.0305426 secs] 143152K->53786K(502464K), 0.0306859 secs] [Times: user=0.08 sys=0.01, real=0.03 secs] 
Heap after GC invocations=26 (full 2):
 par new generation   total 109248K, used 12576K [0x00000007a0000000, 0x00000007a8000000, 0x00000007a8000000)
  eden space 87424K,   0% used [0x00000007a0000000, 0x00000007a0000000, 0x00000007a5560000)
  from space 21824K,  57% used [0x00000007a5560000, 0x00000007a61a8250, 0x00000007a6ab0000)
  to   space 21824K,   0% used [0x00000007a6ab0000, 0x00000007a6ab0000, 0x00000007a8000000)
 concurrent mark-sweep generation total 393216K, used 41209K [0x00000007a8000000, 0x00000007c0000000, 0x00000007c0000000)
 Metaspace       used 53605K, capacity 55416K, committed 55776K, reserved 1097728K
  class space    used 6216K, capacity 6622K, committed 6748K, reserved 1048576K
}
2018-01-08T11:39:10.368-0100: 3958.907: Total time for which application threads were stopped: 0.0311243 seconds, Stopping threads took: 0.0000969 seconds
2018-01-08T11:39:10.369-0100: 3958.907: Total time for which application threads were stopped: 0.0003504 seconds, Stopping threads took: 0.0000966 seconds
2018-01-08T11:39:10.369-0100: 3958.908: Total time for which application threads were stopped: 0.0002446 seconds, Stopping threads took: 0.0000676 seconds
{Heap before GC invocations=26 (full 2):
 par new generation   total 109248K, used 100000K [0x00000007a0000000, 0x00000007a8000000, 0x00000007a8000000)
  eden space 87424K, 100% used [0x00000007a0000000, 0x00000007a5560000, 0x00000007a5560000)
  from space 21824K,  57% used [0x00000007a5560000, 0x00000007a61a8250, 0x00000007a6ab0000)
  to   space 21824K,   0% used [0x00000007a6ab0000, 0x00000007a6ab0000, 0x00000007a8000000)
 concurrent mark-sweep generation total 393216K, used 41209K [0x00000007a8000000, 0x00000007c0000000, 0x00000007c0000000)
 Metaspace       used 53620K, capacity 55434K, committed 55776K, reserved 1097728K
  class space    used 6217K, capacity 6625K, committed 6748K, reserved 1048576K
2018-01-08T11:39:10.404-0100: 3958.942: [GC (Allocation Failure) 2018-01-08T11:39:10.404-0100: 3958.942: [ParNew
Desired survivor size 20112992 bytes, new threshold 8 (max 8)
- age   1:    1747744 bytes,    1747744 total
- age   2:     217696 bytes,    1965440 total
- age   3:    1378296 bytes,    3343736 total
- age   4:    1230160 bytes,    4573896 total
- age   5:     486832 bytes,    5060728 total
- age   6:    5815512 bytes,   10876240 total
- age   7:     129896 bytes,   11006136 total
- age   8:      98768 bytes,   11104904 total
: 100000K->12733K(109248K), 0.0147356 secs] 141210K->54130K(502464K), 0.0148963 secs] [Times: user=0.05 sys=0.00, real=0.01 secs] 
Heap after GC invocations=27 (full 2):
 par new generation   total 109248K, used 12733K [0x00000007a0000000, 0x00000007a8000000, 0x00000007a8000000)
  eden space 87424K,   0% used [0x00000007a0000000, 0x00000007a0000000, 0x00000007a5560000)
  from space 21824K,  58% used [0x00000007a6ab0000, 0x00000007a771f700, 0x00000007a8000000)
  to   space 21824K,   0% used [0x00000007a5560000, 0x00000007a5560000, 0x00000007a6ab0000)
 concurrent mark-sweep generation total 393216K, used 41397K [0x00000007a8000000, 0x00000007c0000000, 0x00000007c0000000)
 Metaspace       used 53620K, capacity 55434K, committed 55776K, reserved 1097728K
  class space    used 6217K, capacity 6625K, committed 6748K, reserved 1048576K
}
2018-01-08T11:39:10.419-0100: 3958.957: Total time for which application threads were stopped: 0.0153105 seconds, Stopping threads took: 0.0000378 seconds
2018-01-08T11:39:10.441-0100: 3958.979: Total time for which application threads were stopped: 0.0040982 seconds, Stopping threads took: 0.0038964 seconds
{Heap before GC invocations=27 (full 2):
 par new generation   total 109248K, used 100157K [0x00000007a0000000, 0x00000007a8000000, 0x00000007a8000000)
  eden space 87424K, 100% used [0x00000007a0000000, 0x00000007a5560000, 0x00000007a5560000)
  from space 21824K,  58% used [0x00000007a6ab0000, 0x00000007a771f700, 0x00000007a8000000)
  to   space 21824K,   0% used [0x00000007a5560000, 0x00000007a5560000, 0x00000007a6ab0000)
 concurrent mark-sweep generation total 393216K, used 41397K [0x00000007a8000000, 0x00000007c0000000, 0x00000007c0000000)
 Metaspace       used 53626K, capacity 55434K, committed 55776K, reserved 1097728K
  class space    used 6217K, capacity 6625K, committed 6748K, reserved 1048576K
2018-01-08T11:39:10.449-0100: 3958.987: [GC (Allocation Failure) 2018-01-08T11:39:10.449-0100: 3958.987: [ParNew
Desired survivor size 20112992 bytes, new threshold 8 (max 8)
- age   1:     257312 bytes,     257312 total
- age   2:    1586008 bytes,    1843320 total
- age   3:     217696 bytes,    2061016 total
- age   4:    1183904 bytes,    3244920 total
- age   5:     886904 bytes,    4131824 total
- age   6:     486832 bytes,    4618656 total
- age   7:    5815512 bytes,   10434168 total
- age   8:     129896 bytes,   10564064 total
: 100157K->14110K(109248K), 0.0156925 secs] 141554K->55606K(502464K), 0.0158647 secs] [Times: user=0.04 sys=0.00, real=0.02 secs] 
Heap after GC invocations=28 (full 2):
 par new generation   total 109248K, used 14110K [0x00000007a0000000, 0x00000007a8000000, 0x00000007a8000000)
  eden space 87424K,   0% used [0x00000007a0000000, 0x00000007a0000000, 0x00000007a5560000)
  from space 21824K,  64% used [0x00000007a5560000, 0x00000007a6327940, 0x00000007a6ab0000)
  to   space 21824K,   0% used [0x00000007a6ab0000, 0x00000007a6ab0000, 0x00000007a8000000)
 concurrent mark-sweep generation total 393216K, used 41496K [0x00000007a8000000, 0x00000007c0000000, 0x00000007c0000000)
 Metaspace       used 53626K, capacity 55434K, committed 55776K, reserved 1097728K
  class space    used 6217K, capacity 6625K, committed 6748K, reserved 1048576K
}
2018-01-08T11:39:10.465-0100: 3959.003: Total time for which application threads were stopped: 0.0162842 seconds, Stopping threads took: 0.0000862 seconds
{Heap before GC invocations=28 (full 2):
 par new generation   total 109248K, used 101534K [0x00000007a0000000, 0x00000007a8000000, 0x00000007a8000000)
  eden space 87424K, 100% used [0x00000007a0000000, 0x00000007a5560000, 0x00000007a5560000)
  from space 21824K,  64% used [0x00000007a5560000, 0x00000007a6327940, 0x00000007a6ab0000)
  to   space 21824K,   0% used [0x00000007a6ab0000, 0x00000007a6ab0000, 0x00000007a8000000)
 concurrent mark-sweep generation total 393216K, used 41496K [0x00000007a8000000, 0x00000007c0000000, 0x00000007c0000000)
 Metaspace       used 53626K, capacity 55434K, committed 55776K, reserved 1097728K
  class space    used 6217K, capacity 6625K, committed 6748K, reserved 1048576K
2018-01-08T11:39:10.509-0100: 3959.048: [GC (Allocation Failure) 2018-01-08T11:39:10.509-0100: 3959.048: [ParNew
Desired survivor size 20112992 bytes, new threshold 8 (max 8)
- age   1:    1041232 bytes,    1041232 total
- age   2:     255192 bytes,    1296424 total
- age   3:    1585784 bytes,    2882208 total
- age   4:     217696 bytes,    3099904 total
- age   5:    1183904 bytes,    4283808 total
- age   6:     886904 bytes,    5170712 total
- age   7:     486832 bytes,    5657544 total
- age   8:    5815512 bytes,   11473056 total
: 101534K->15551K(109248K), 0.0225565 secs] 143030K->57177K(502464K), 0.0227017 secs] [Times: user=0.07 sys=0.00, real=0.03 secs] 
Heap after GC invocations=29 (full 2):
 par new generation   total 109248K, used 15551K [0x00000007a0000000, 0x00000007a8000000, 0x00000007a8000000)
  eden space 87424K,   0% used [0x00000007a0000000, 0x00000007a0000000, 0x00000007a5560000)
  from space 21824K,  71% used [0x00000007a6ab0000, 0x00000007a79dfc10, 0x00000007a8000000)
  to   space 21824K,   0% used [0x00000007a5560000, 0x00000007a5560000, 0x00000007a6ab0000)
 concurrent mark-sweep generation total 393216K, used 41626K [0x00000007a8000000, 0x00000007c0000000, 0x00000007c0000000)
 Metaspace       used 53626K, capacity 55434K, committed 55776K, reserved 1097728K
  class space    used 6217K, capacity 6625K, committed 6748K, reserved 1048576K
}
2018-01-08T11:39:10.532-0100: 3959.070: Total time for which application threads were stopped: 0.0230827 seconds, Stopping threads took: 0.0000356 seconds
2018-01-08T11:39:10.621-0100: 3959.160: Total time for which application threads were stopped: 0.0115751 seconds, Stopping threads took: 0.0112592 seconds
2018-01-08T11:39:10.622-0100: 3959.160: Total time for which application threads were stopped: 0.0002507 seconds, Stopping threads took: 0.0000279 seconds
2018-01-08T11:39:10.644-0100: 3959.182: Total time for which application threads were stopped: 0.0002743 seconds, Stopping threads took: 0.0000350 seconds
2018-01-08T11:39:10.644-0100: 3959.183: Total time for which application threads were stopped: 0.0002219 seconds, Stopping threads took: 0.0000454 seconds
2018-01-08T11:39:10.675-0100: 3959.213: Total time for which application threads were stopped: 0.0003685 seconds, Stopping threads took: 0.0001018 seconds
2018-01-08T11:39:10.675-0100: 3959.213: Total time for which application threads were stopped: 0.0002562 seconds, Stopping threads took: 0.0000436 seconds
2018-01-08T11:39:10.675-0100: 3959.214: Total time for which application threads were stopped: 0.0002376 seconds, Stopping threads took: 0.0000374 seconds
2018-01-08T11:39:10.676-0100: 3959.214: Total time for which application threads were stopped: 0.0002320 seconds, Stopping threads took: 0.0000463 seconds
2018-01-08T11:39:10.676-0100: 3959.214: Total time for which application threads were stopped: 0.0001817 seconds, Stopping threads took: 0.0000305 seconds
2018-01-08T11:39:10.676-0100: 3959.215: Total time for which application threads were stopped: 0.0001966 seconds, Stopping threads took: 0.0000473 seconds
2018-01-08T11:39:10.683-0100: 3959.221: Total time for which application threads were stopped: 0.0002841 seconds, Stopping threads took: 0.0000592 seconds
2018-01-08T11:39:10.683-0100: 3959.222: Total time for which application threads were stopped: 0.0002212 seconds, Stopping threads took: 0.0000504 seconds
2018-01-08T11:39:10.684-0100: 3959.222: Total time for which application threads were stopped: 0.0002004 seconds, Stopping threads took: 0.0000355 seconds
2018-01-08T11:39:10.684-0100: 3959.222: Total time for which application threads were stopped: 0.0002041 seconds, Stopping threads took: 0.0000430 seconds
2018-01-08T11:39:10.684-0100: 3959.223: Total time for which application threads were stopped: 0.0002030 seconds, Stopping threads took: 0.0000496 seconds
2018-01-08T11:39:10.684-0100: 3959.223: Total time for which application threads were stopped: 0.0001883 seconds, Stopping threads took: 0.0000360 seconds
2018-01-08T11:39:10.685-0100: 3959.224: Total time for which application threads were stopped: 0.0002640 seconds, Stopping threads took: 0.0000548 seconds
2018-01-08T11:39:10.690-0100: 3959.228: Total time for which application threads were stopped: 0.0002580 seconds, Stopping threads took: 0.0000369 seconds
2018-01-08T11:39:10.690-0100: 3959.229: Total time for which application threads were stopped: 0.0002268 seconds, Stopping threads took: 0.0000459 seconds
2018-01-08T11:39:10.693-0100: 3959.231: Total time for which application threads were stopped: 0.0004398 seconds, Stopping threads took: 0.0002253 seconds
2018-01-08T11:39:10.700-0100: 3959.238: Total time for which application threads were stopped: 0.0047671 seconds, Stopping threads took: 0.0045363 seconds
2018-01-08T11:39:10.700-0100: 3959.239: Total time for which application threads were stopped: 0.0002166 seconds, Stopping threads took: 0.0000462 seconds
2018-01-08T11:39:10.712-0100: 3959.250: Total time for which application threads were stopped: 0.0003028 seconds, Stopping threads took: 0.0000628 seconds
2018-01-08T11:39:10.717-0100: 3959.255: Total time for which application threads were stopped: 0.0002347 seconds, Stopping threads took: 0.0000347 seconds
2018-01-08T11:39:10.723-0100: 3959.262: Total time for which application threads were stopped: 0.0003365 seconds, Stopping threads took: 0.0000867 seconds
2018-01-08T11:39:10.725-0100: 3959.263: Total time for which application threads were stopped: 0.0004237 seconds, Stopping threads took: 0.0001904 seconds
2018-01-08T11:39:10.726-0100: 3959.264: Total time for which application threads were stopped: 0.0002887 seconds, Stopping threads took: 0.0001101 seconds
{Heap before GC invocations=29 (full 2):
 par new generation   total 109248K, used 102975K [0x00000007a0000000, 0x00000007a8000000, 0x00000007a8000000)
  eden space 87424K, 100% used [0x00000007a0000000, 0x00000007a5560000, 0x00000007a5560000)
  from space 21824K,  71% used [0x00000007a6ab0000, 0x00000007a79dfc10, 0x00000007a8000000)
  to   space 21824K,   0% used [0x00000007a5560000, 0x00000007a5560000, 0x00000007a6ab0000)
 concurrent mark-sweep generation total 393216K, used 41626K [0x00000007a8000000, 0x00000007c0000000, 0x00000007c0000000)
 Metaspace       used 53666K, capacity 55506K, committed 55776K, reserved 1097728K
  class space    used 6218K, capacity 6625K, committed 6748K, reserved 1048576K
2018-01-08T11:39:10.734-0100: 3959.273: [GC (Allocation Failure) 2018-01-08T11:39:10.735-0100: 3959.273: [ParNew
Desired survivor size 20112992 bytes, new threshold 8 (max 8)
- age   1:    3283808 bytes,    3283808 total
- age   2:      86896 bytes,    3370704 total
- age   3:     253928 bytes,    3624632 total
- age   4:     484776 bytes,    4109408 total
- age   5:     211792 bytes,    4321200 total
- age   6:    1183456 bytes,    5504656 total
- age   7:     214040 bytes,    5718696 total
- age   8:     364936 bytes,    6083632 total
: 102975K->8634K(109248K), 0.0293680 secs] 144601K->55922K(502464K), 0.0295499 secs] [Times: user=0.08 sys=0.00, real=0.03 secs] 
Heap after GC invocations=30 (full 2):
 par new generation   total 109248K, used 8634K [0x00000007a0000000, 0x00000007a8000000, 0x00000007a8000000)
  eden space 87424K,   0% used [0x00000007a0000000, 0x00000007a0000000, 0x00000007a5560000)
  from space 21824K,  39% used [0x00000007a5560000, 0x00000007a5dcebc0, 0x00000007a6ab0000)
  to   space 21824K,   0% used [0x00000007a6ab0000, 0x00000007a6ab0000, 0x00000007a8000000)
 concurrent mark-sweep generation total 393216K, used 47288K [0x00000007a8000000, 0x00000007c0000000, 0x00000007c0000000)
 Metaspace       used 53666K, capacity 55506K, committed 55776K, reserved 1097728K
  class space    used 6218K, capacity 6625K, committed 6748K, reserved 1048576K
}
2018-01-08T11:39:10.764-0100: 3959.302: Total time for which application threads were stopped: 0.0300142 seconds, Stopping threads took: 0.0000604 seconds
{Heap before GC invocations=30 (full 2):
 par new generation   total 109248K, used 96057K [0x00000007a0000000, 0x00000007a8000000, 0x00000007a8000000)
  eden space 87424K,  99% used [0x00000007a0000000, 0x00000007a555fa88, 0x00000007a5560000)
  from space 21824K,  39% used [0x00000007a5560000, 0x00000007a5dcebc0, 0x00000007a6ab0000)
  to   space 21824K,   0% used [0x00000007a6ab0000, 0x00000007a6ab0000, 0x00000007a8000000)
 concurrent mark-sweep generation total 393216K, used 47288K [0x00000007a8000000, 0x00000007c0000000, 0x00000007c0000000)
 Metaspace       used 53672K, capacity 55506K, committed 55776K, reserved 1097728K
  class space    used 6218K, capacity 6625K, committed 6748K, reserved 1048576K
2018-01-08T11:39:10.805-0100: 3959.344: [GC (Allocation Failure) 2018-01-08T11:39:10.805-0100: 3959.344: [ParNew
Desired survivor size 20112992 bytes, new threshold 8 (max 8)
- age   1:     860800 bytes,     860800 total
- age   2:    2837960 bytes,    3698760 total
- age   3:      86896 bytes,    3785656 total
- age   4:     253928 bytes,    4039584 total
- age   5:     484776 bytes,    4524360 total
- age   6:     204568 bytes,    4728928 total
- age   7:    1182960 bytes,    5911888 total
- age   8:     214040 bytes,    6125928 total
: 96057K->7334K(109248K), 0.0092388 secs] 143345K->54988K(502464K), 0.0093857 secs] [Times: user=0.04 sys=0.00, real=0.01 secs] 
Heap after GC invocations=31 (full 2):
 par new generation   total 109248K, used 7334K [0x00000007a0000000, 0x00000007a8000000, 0x00000007a8000000)
  eden space 87424K,   0% used [0x00000007a0000000, 0x00000007a0000000, 0x00000007a5560000)
  from space 21824K,  33% used [0x00000007a6ab0000, 0x00000007a71d9840, 0x00000007a8000000)
  to   space 21824K,   0% used [0x00000007a5560000, 0x00000007a5560000, 0x00000007a6ab0000)
 concurrent mark-sweep generation total 393216K, used 47654K [0x00000007a8000000, 0x00000007c0000000, 0x00000007c0000000)
 Metaspace       used 53672K, capacity 55506K, committed 55776K, reserved 1097728K
  class space    used 6218K, capacity 6625K, committed 6748K, reserved 1048576K
}
2018-01-08T11:39:10.815-0100: 3959.353: Total time for which application threads were stopped: 0.0099568 seconds, Stopping threads took: 0.0002071 seconds
2018-01-08T11:39:10.815-0100: 3959.354: Total time for which application threads were stopped: 0.0003402 seconds, Stopping threads took: 0.0001251 seconds
2018-01-08T11:39:10.816-0100: 3959.354: Total time for which application threads were stopped: 0.0002831 seconds, Stopping threads took: 0.0001036 seconds
2018-01-08T11:39:10.816-0100: 3959.354: Total time for which application threads were stopped: 0.0002404 seconds, Stopping threads took: 0.0000794 seconds
2018-01-08T11:39:10.816-0100: 3959.355: Total time for which application threads were stopped: 0.0001638 seconds, Stopping threads took: 0.0000175 seconds
2018-01-08T11:39:10.816-0100: 3959.355: Total time for which application threads were stopped: 0.0002052 seconds, Stopping threads took: 0.0000675 seconds
2018-01-08T11:39:10.817-0100: 3959.355: Total time for which application threads were stopped: 0.0002218 seconds, Stopping threads took: 0.0000722 seconds
2018-01-08T11:39:10.817-0100: 3959.355: Total time for which application threads were stopped: 0.0002022 seconds, Stopping threads took: 0.0000606 seconds
2018-01-08T11:39:10.817-0100: 3959.356: Total time for which application threads were stopped: 0.0002152 seconds, Stopping threads took: 0.0000745 seconds
2018-01-08T11:39:10.818-0100: 3959.356: Total time for which application threads were stopped: 0.0002309 seconds, Stopping threads took: 0.0000956 seconds
2018-01-08T11:39:10.818-0100: 3959.356: Total time for which application threads were stopped: 0.0002151 seconds, Stopping threads took: 0.0000679 seconds
2018-01-08T11:39:10.818-0100: 3959.356: Total time for which application threads were stopped: 0.0002025 seconds, Stopping threads took: 0.0000766 seconds
2018-01-08T11:39:10.818-0100: 3959.357: Total time for which application threads were stopped: 0.0002214 seconds, Stopping threads took: 0.0000917 seconds
2018-01-08T11:39:10.819-0100: 3959.357: Total time for which application threads were stopped: 0.0001885 seconds, Stopping threads took: 0.0000559 seconds
2018-01-08T11:39:10.819-0100: 3959.357: Total time for which application threads were stopped: 0.0002116 seconds, Stopping threads took: 0.0000694 seconds
2018-01-08T11:39:10.819-0100: 3959.357: Total time for which application threads were stopped: 0.0001873 seconds, Stopping threads took: 0.0000603 seconds
2018-01-08T11:39:10.819-0100: 3959.358: Total time for which application threads were stopped: 0.0001915 seconds, Stopping threads took: 0.0000573 seconds
2018-01-08T11:39:10.820-0100: 3959.358: Total time for which application threads were stopped: 0.0001826 seconds, Stopping threads took: 0.0000576 seconds
2018-01-08T11:39:10.820-0100: 3959.358: Total time for which application threads were stopped: 0.0004103 seconds, Stopping threads took: 0.0000136 seconds
2018-01-08T11:39:10.820-0100: 3959.359: Total time for which application threads were stopped: 0.0002614 seconds, Stopping threads took: 0.0001050 seconds
{Heap before GC invocations=31 (full 2):
 par new generation   total 109248K, used 94758K [0x00000007a0000000, 0x00000007a8000000, 0x00000007a8000000)
  eden space 87424K, 100% used [0x00000007a0000000, 0x00000007a5560000, 0x00000007a5560000)
  from space 21824K,  33% used [0x00000007a6ab0000, 0x00000007a71d9840, 0x00000007a8000000)
  to   space 21824K,   0% used [0x00000007a5560000, 0x00000007a5560000, 0x00000007a6ab0000)
 concurrent mark-sweep generation total 393216K, used 47654K [0x00000007a8000000, 0x00000007c0000000, 0x00000007c0000000)
 Metaspace       used 53705K, capacity 55542K, committed 55776K, reserved 1097728K
  class space    used 6221K, capacity 6631K, committed 6748K, reserved 1048576K
2018-01-08T11:39:10.864-0100: 3959.402: [GC (Allocation Failure) 2018-01-08T11:39:10.864-0100: 3959.402: [ParNew
Desired survivor size 20112992 bytes, new threshold 8 (max 8)
- age   1:     868120 bytes,     868120 total
- age   2:     204400 bytes,    1072520 total
- age   3:    2492792 bytes,    3565312 total
- age   4:      86896 bytes,    3652208 total
- age   5:     253928 bytes,    3906136 total
- age   6:     484776 bytes,    4390912 total
- age   7:     204568 bytes,    4595480 total
- age   8:    1182960 bytes,    5778440 total
: 94758K->8105K(109248K), 0.0107619 secs] 142412K->55968K(502464K), 0.0109093 secs] [Times: user=0.05 sys=0.01, real=0.01 secs] 
Heap after GC invocations=32 (full 2):
 par new generation   total 109248K, used 8105K [0x00000007a0000000, 0x00000007a8000000, 0x00000007a8000000)
  eden space 87424K,   0% used [0x00000007a0000000, 0x00000007a0000000, 0x00000007a5560000)
  from space 21824K,  37% used [0x00000007a5560000, 0x00000007a5d4a530, 0x00000007a6ab0000)
  to   space 21824K,   0% used [0x00000007a6ab0000, 0x00000007a6ab0000, 0x00000007a8000000)
 concurrent mark-sweep generation total 393216K, used 47863K [0x00000007a8000000, 0x00000007c0000000, 0x00000007c0000000)
 Metaspace       used 53705K, capacity 55542K, committed 55776K, reserved 1097728K
  class space    used 6221K, capacity 6631K, committed 6748K, reserved 1048576K
}
2018-01-08T11:39:10.875-0100: 3959.413: Total time for which application threads were stopped: 0.0112925 seconds, Stopping threads took: 0.0000524 seconds
2018-01-08T11:39:10.901-0100: 3959.439: Total time for which application threads were stopped: 0.0002708 seconds, Stopping threads took: 0.0000327 seconds
{Heap before GC invocations=32 (full 2):
 par new generation   total 109248K, used 95529K [0x00000007a0000000, 0x00000007a8000000, 0x00000007a8000000)
  eden space 87424K, 100% used [0x00000007a0000000, 0x00000007a5560000, 0x00000007a5560000)
  from space 21824K,  37% used [0x00000007a5560000, 0x00000007a5d4a530, 0x00000007a6ab0000)
  to   space 21824K,   0% used [0x00000007a6ab0000, 0x00000007a6ab0000, 0x00000007a8000000)
 concurrent mark-sweep generation total 393216K, used 47863K [0x00000007a8000000, 0x00000007c0000000, 0x00000007c0000000)
 Metaspace       used 53738K, capacity 55590K, committed 55776K, reserved 1097728K
  class space    used 6226K, capacity 6639K, committed 6748K, reserved 1048576K
2018-01-08T11:39:10.948-0100: 3959.486: [GC (Allocation Failure) 2018-01-08T11:39:10.948-0100: 3959.487: [ParNew
Desired survivor size 20112992 bytes, new threshold 8 (max 8)
- age   1:     403952 bytes,     403952 total
- age   2:     865136 bytes,    1269088 total
- age   3:     204400 bytes,    1473488 total
- age   4:    1946744 bytes,    3420232 total
- age   5:      86896 bytes,    3507128 total
- age   6:     253928 bytes,    3761056 total
- age   7:     484776 bytes,    4245832 total
- age   8:     204568 bytes,    4450400 total
: 95529K->6067K(109248K), 0.0131147 secs] 143392K->55089K(502464K), 0.0132561 secs] [Times: user=0.06 sys=0.00, real=0.02 secs] 
Heap after GC invocations=33 (full 2):
 par new generation   total 109248K, used 6067K [0x00000007a0000000, 0x00000007a8000000, 0x00000007a8000000)
  eden space 87424K,   0% used [0x00000007a0000000, 0x00000007a0000000, 0x00000007a5560000)
  from space 21824K,  27% used [0x00000007a6ab0000, 0x00000007a709cd38, 0x00000007a8000000)
  to   space 21824K,   0% used [0x00000007a5560000, 0x00000007a5560000, 0x00000007a6ab0000)
 concurrent mark-sweep generation total 393216K, used 49022K [0x00000007a8000000, 0x00000007c0000000, 0x00000007c0000000)
 Metaspace       used 53738K, capacity 55590K, committed 55776K, reserved 1097728K
  class space    used 6226K, capacity 6639K, committed 6748K, reserved 1048576K
}
2018-01-08T11:39:10.961-0100: 3959.500: Total time for which application threads were stopped: 0.0136456 seconds, Stopping threads took: 0.0000410 seconds
2018-01-08T11:39:11.084-0100: 3959.623: Total time for which application threads were stopped: 0.0002471 seconds, Stopping threads took: 0.0000326 seconds
2018-01-08T11:39:11.085-0100: 3959.623: Total time for which application threads were stopped: 0.0001854 seconds, Stopping threads took: 0.0000193 seconds
2018-01-08T11:39:11.085-0100: 3959.623: Total time for which application threads were stopped: 0.0001552 seconds, Stopping threads took: 0.0000331 seconds
2018-01-08T11:39:11.085-0100: 3959.623: Total time for which application threads were stopped: 0.0001429 seconds, Stopping threads took: 0.0000249 seconds
2018-01-08T11:39:11.085-0100: 3959.623: Total time for which application threads were stopped: 0.0001246 seconds, Stopping threads took: 0.0000152 seconds
2018-01-08T11:39:11.085-0100: 3959.624: Total time for which application threads were stopped: 0.0001290 seconds, Stopping threads took: 0.0000151 seconds
2018-01-08T11:39:11.085-0100: 3959.624: Total time for which application threads were stopped: 0.0001236 seconds, Stopping threads took: 0.0000149 seconds
2018-01-08T11:39:11.086-0100: 3959.624: Total time for which application threads were stopped: 0.0001174 seconds, Stopping threads took: 0.0000119 seconds
2018-01-08T11:39:11.094-0100: 3959.632: Total time for which application threads were stopped: 0.0002458 seconds, Stopping threads took: 0.0000538 seconds
2018-01-08T11:39:11.094-0100: 3959.633: Total time for which application threads were stopped: 0.0002014 seconds, Stopping threads took: 0.0000272 seconds
2018-01-08T11:39:12.097-0100: 3960.636: Total time for which application threads were stopped: 0.0001666 seconds, Stopping threads took: 0.0000323 seconds
2018-01-08T11:39:43.006-0100: 3991.544: Total time for which application threads were stopped: 0.0002988 seconds, Stopping threads took: 0.0000795 seconds
2018-01-08T11:39:43.006-0100: 3991.544: Total time for which application threads were stopped: 0.0001533 seconds, Stopping threads took: 0.0000477 seconds
2018-01-08T11:39:43.008-0100: 3991.546: Total time for which application threads were stopped: 0.0002670 seconds, Stopping threads took: 0.0000697 seconds
2018-01-08T11:39:43.010-0100: 3991.548: Total time for which application threads were stopped: 0.0003267 seconds, Stopping threads took: 0.0001206 seconds
2018-01-08T11:39:43.011-0100: 3991.549: Total time for which application threads were stopped: 0.0002475 seconds, Stopping threads took: 0.0000667 seconds
2018-01-08T11:39:43.011-0100: 3991.549: Total time for which application threads were stopped: 0.0001843 seconds, Stopping threads took: 0.0000532 seconds
2018-01-08T11:39:43.011-0100: 3991.550: Total time for which application threads were stopped: 0.0002186 seconds, Stopping threads took: 0.0001062 seconds
2018-01-08T11:39:43.011-0100: 3991.550: Total time for which application threads were stopped: 0.0001582 seconds, Stopping threads took: 0.0000573 seconds
2018-01-08T11:39:43.012-0100: 3991.550: Total time for which application threads were stopped: 0.0001837 seconds, Stopping threads took: 0.0000668 seconds
2018-01-08T11:39:43.012-0100: 3991.550: Total time for which application threads were stopped: 0.0002118 seconds, Stopping threads took: 0.0001067 seconds
2018-01-08T11:39:43.013-0100: 3991.551: Total time for which application threads were stopped: 0.0002444 seconds, Stopping threads took: 0.0001543 seconds
2018-01-08T11:39:43.013-0100: 3991.551: Total time for which application threads were stopped: 0.0001967 seconds, Stopping threads took: 0.0001016 seconds
2018-01-08T11:39:43.013-0100: 3991.552: Total time for which application threads were stopped: 0.0003212 seconds, Stopping threads took: 0.0001020 seconds
2018-01-08T11:39:43.013-0100: 3991.552: Total time for which application threads were stopped: 0.0001411 seconds, Stopping threads took: 0.0000513 seconds
2018-01-08T11:39:43.014-0100: 3991.552: Total time for which application threads were stopped: 0.0001093 seconds, Stopping threads took: 0.0000298 seconds
2018-01-08T11:39:43.014-0100: 3991.552: Total time for which application threads were stopped: 0.0002059 seconds, Stopping threads took: 0.0001037 seconds
2018-01-08T11:39:43.015-0100: 3991.553: Total time for which application threads were stopped: 0.0002149 seconds, Stopping threads took: 0.0000792 seconds
2018-01-08T11:39:43.015-0100: 3991.553: Total time for which application threads were stopped: 0.0001283 seconds, Stopping threads took: 0.0000433 seconds
2018-01-08T11:39:43.015-0100: 3991.553: Total time for which application threads were stopped: 0.0001436 seconds, Stopping threads took: 0.0000613 seconds
2018-01-08T11:39:43.015-0100: 3991.554: Total time for which application threads were stopped: 0.0001408 seconds, Stopping threads took: 0.0000559 seconds
2018-01-08T11:39:43.016-0100: 3991.554: Total time for which application threads were stopped: 0.0001432 seconds, Stopping threads took: 0.0000422 seconds
2018-01-08T11:39:43.016-0100: 3991.554: Total time for which application threads were stopped: 0.0001181 seconds, Stopping threads took: 0.0000396 seconds
2018-01-08T11:39:43.016-0100: 3991.554: Total time for which application threads were stopped: 0.0001333 seconds, Stopping threads took: 0.0000557 seconds
2018-01-08T11:39:43.016-0100: 3991.555: Total time for which application threads were stopped: 0.0001731 seconds, Stopping threads took: 0.0000947 seconds
2018-01-08T11:39:43.017-0100: 3991.555: Total time for which application threads were stopped: 0.0001212 seconds, Stopping threads took: 0.0000413 seconds
2018-01-08T11:39:43.017-0100: 3991.555: Total time for which application threads were stopped: 0.0001206 seconds, Stopping threads took: 0.0000488 seconds
2018-01-08T11:39:43.017-0100: 3991.555: Total time for which application threads were stopped: 0.0002035 seconds, Stopping threads took: 0.0001089 seconds
2018-01-08T11:39:43.018-0100: 3991.556: Total time for which application threads were stopped: 0.0001459 seconds, Stopping threads took: 0.0000721 seconds
2018-01-08T11:39:43.018-0100: 3991.556: Total time for which application threads were stopped: 0.0001442 seconds, Stopping threads took: 0.0000463 seconds
2018-01-08T11:39:43.018-0100: 3991.556: Total time for which application threads were stopped: 0.0001128 seconds, Stopping threads took: 0.0000381 seconds
2018-01-08T11:39:43.018-0100: 3991.557: Total time for which application threads were stopped: 0.0001743 seconds, Stopping threads took: 0.0000729 seconds
2018-01-08T11:39:43.019-0100: 3991.557: Total time for which application threads were stopped: 0.0001301 seconds, Stopping threads took: 0.0000480 seconds
2018-01-08T11:39:43.019-0100: 3991.557: Total time for which application threads were stopped: 0.0001262 seconds, Stopping threads took: 0.0000501 seconds
2018-01-08T11:39:43.019-0100: 3991.557: Total time for which application threads were stopped: 0.0001298 seconds, Stopping threads took: 0.0000400 seconds
2018-01-08T11:39:43.019-0100: 3991.558: Total time for which application threads were stopped: 0.0001385 seconds, Stopping threads took: 0.0000520 seconds
2018-01-08T11:39:43.020-0100: 3991.558: Total time for which application threads were stopped: 0.0001165 seconds, Stopping threads took: 0.0000341 seconds
2018-01-08T11:39:43.020-0100: 3991.558: Total time for which application threads were stopped: 0.0001257 seconds, Stopping threads took: 0.0000438 seconds
2018-01-08T11:39:43.020-0100: 3991.558: Total time for which application threads were stopped: 0.0001163 seconds, Stopping threads took: 0.0000428 seconds
2018-01-08T11:39:43.020-0100: 3991.559: Total time for which application threads were stopped: 0.0001724 seconds, Stopping threads took: 0.0000910 seconds
2018-01-08T11:39:43.020-0100: 3991.559: Total time for which application threads were stopped: 0.0001232 seconds, Stopping threads took: 0.0000389 seconds
2018-01-08T11:39:43.021-0100: 3991.559: Total time for which application threads were stopped: 0.0001832 seconds, Stopping threads took: 0.0001023 seconds
2018-01-08T11:39:43.021-0100: 3991.559: Total time for which application threads were stopped: 0.0001229 seconds, Stopping threads took: 0.0000456 seconds
2018-01-08T11:39:43.022-0100: 3991.560: Total time for which application threads were stopped: 0.0001372 seconds, Stopping threads took: 0.0000423 seconds
2018-01-08T11:39:43.022-0100: 3991.560: Total time for which application threads were stopped: 0.0001507 seconds, Stopping threads took: 0.0000606 seconds
2018-01-08T11:39:43.023-0100: 3991.561: Total time for which application threads were stopped: 0.0001378 seconds, Stopping threads took: 0.0000583 seconds
2018-01-08T11:39:43.023-0100: 3991.561: Total time for which application threads were stopped: 0.0001025 seconds, Stopping threads took: 0.0000316 seconds
2018-01-08T11:39:43.023-0100: 3991.561: Total time for which application threads were stopped: 0.0001100 seconds, Stopping threads took: 0.0000402 seconds
2018-01-08T11:39:43.023-0100: 3991.562: Total time for which application threads were stopped: 0.0000941 seconds, Stopping threads took: 0.0000293 seconds
2018-01-08T11:39:43.024-0100: 3991.562: Total time for which application threads were stopped: 0.0001937 seconds, Stopping threads took: 0.0001293 seconds
2018-01-08T11:39:43.024-0100: 3991.562: Total time for which application threads were stopped: 0.0000805 seconds, Stopping threads took: 0.0000241 seconds
2018-01-08T11:39:43.024-0100: 3991.563: Total time for which application threads were stopped: 0.0000843 seconds, Stopping threads took: 0.0000242 seconds
2018-01-08T11:39:43.025-0100: 3991.563: Total time for which application threads were stopped: 0.0001072 seconds, Stopping threads took: 0.0000323 seconds
Heap
 par new generation   total 109248K, used 47917K [0x00000007a0000000, 0x00000007a8000000, 0x00000007a8000000)
  eden space 87424K,  47% used [0x00000007a0000000, 0x00000007a28dea08, 0x00000007a5560000)
  from space 21824K,  27% used [0x00000007a6ab0000, 0x00000007a709cd38, 0x00000007a8000000)
  to   space 21824K,   0% used [0x00000007a5560000, 0x00000007a5560000, 0x00000007a6ab0000)
 concurrent mark-sweep generation total 393216K, used 49022K [0x00000007a8000000, 0x00000007c0000000, 0x00000007c0000000)
 Metaspace       used 53856K, capacity 55738K, committed 56032K, reserved 1099776K
  class space    used 6241K, capacity 6655K, committed 6748K, reserved 1048576K
