Java HotSpot(TM) 64-Bit Server VM (25.144-b01) for bsd-amd64 JRE (1.8.0_144-b01), built on Jul 21 2017 22:07:42 by "java_re" with gcc 4.2.1 (Based on Apple Inc. build 5658) (LLVM build 2336.11.00)
Memory: 4k page, physical 16777216k(44092k free)

/proc/meminfo:

CommandLine flags: -XX:CMSInitiatingOccupancyFraction=50 -XX:CMSMaxAbortablePrecleanTime=6000 -XX:+CMSParallelRemarkEnabled -XX:+CMSScavengeBeforeRemark -XX:ConcGCThreads=4 -XX:GCLogFileSize=20971520 -XX:InitialHeapSize=536870912 -XX:MaxHeapSize=536870912 -XX:MaxTenuringThreshold=8 -XX:NewRatio=3 -XX:NumberOfGCLogFiles=9 -XX:OldPLABSize=16 -XX:-OmitStackTraceInFastThrow -XX:OnOutOfMemoryError=/Users/jakublemiszewski/Desktop/LuceneSolrTutorial/solr-7.2.0/bin/oom_solr.sh 8983 /Users/jakublemiszewski/Desktop/LuceneSolrTutorial/solr-7.2.0/example/cloud/node1/solr/../logs -XX:ParallelGCThreads=4 -XX:+ParallelRefProcEnabled -XX:PretenureSizeThreshold=67108864 -XX:+PrintGC -XX:+PrintGCApplicationStoppedTime -XX:+PrintGCDateStamps -XX:+PrintGCDetails -XX:+PrintGCTimeStamps -XX:+PrintHeapAtGC -XX:+PrintTenuringDistribution -XX:SurvivorRatio=4 -XX:TargetSurvivorRatio=90 -XX:ThreadStackSize=256 -XX:+UseCMSInitiatingOccupancyOnly -XX:+UseCompressedClassPointers -XX:+UseCompressedOops -XX:+UseConcMarkSweepGC -XX:+UseGCLogFileRotation -XX:+UseParNewGC 
2018-01-08T11:45:45.809-0100: 0.156: Total time for which application threads were stopped: 0.0000766 seconds, Stopping threads took: 0.0000093 seconds
2018-01-08T11:45:45.873-0100: 0.220: Total time for which application threads were stopped: 0.0001193 seconds, Stopping threads took: 0.0000127 seconds
2018-01-08T11:45:46.133-0100: 0.480: Total time for which application threads were stopped: 0.0002565 seconds, Stopping threads took: 0.0000158 seconds
2018-01-08T11:45:46.235-0100: 0.582: Total time for which application threads were stopped: 0.0001588 seconds, Stopping threads took: 0.0000122 seconds
2018-01-08T11:45:46.250-0100: 0.597: Total time for which application threads were stopped: 0.0002411 seconds, Stopping threads took: 0.0000221 seconds
2018-01-08T11:45:46.484-0100: 0.831: Total time for which application threads were stopped: 0.0001925 seconds, Stopping threads took: 0.0000132 seconds
2018-01-08T11:45:46.510-0100: 0.857: Total time for which application threads were stopped: 0.0001737 seconds, Stopping threads took: 0.0000127 seconds
2018-01-08T11:45:46.585-0100: 0.932: Total time for which application threads were stopped: 0.0002072 seconds, Stopping threads took: 0.0000130 seconds
2018-01-08T11:45:46.699-0100: 1.046: Total time for which application threads were stopped: 0.0002125 seconds, Stopping threads took: 0.0000136 seconds
2018-01-08T11:45:46.700-0100: 1.047: Total time for which application threads were stopped: 0.0001731 seconds, Stopping threads took: 0.0000096 seconds
2018-01-08T11:45:46.702-0100: 1.049: Total time for which application threads were stopped: 0.0001519 seconds, Stopping threads took: 0.0000095 seconds
2018-01-08T11:45:46.710-0100: 1.057: Total time for which application threads were stopped: 0.0001885 seconds, Stopping threads took: 0.0000124 seconds
2018-01-08T11:45:46.777-0100: 1.124: Total time for which application threads were stopped: 0.0002227 seconds, Stopping threads took: 0.0000140 seconds
{Heap before GC invocations=0 (full 0):
 par new generation   total 109248K, used 87424K [0x00000007a0000000, 0x00000007a8000000, 0x00000007a8000000)
  eden space 87424K, 100% used [0x00000007a0000000, 0x00000007a5560000, 0x00000007a5560000)
  from space 21824K,   0% used [0x00000007a5560000, 0x00000007a5560000, 0x00000007a6ab0000)
  to   space 21824K,   0% used [0x00000007a6ab0000, 0x00000007a6ab0000, 0x00000007a8000000)
 concurrent mark-sweep generation total 393216K, used 0K [0x00000007a8000000, 0x00000007c0000000, 0x00000007c0000000)
 Metaspace       used 19139K, capacity 19494K, committed 19840K, reserved 1067008K
  class space    used 2230K, capacity 2361K, committed 2432K, reserved 1048576K
2018-01-08T11:45:46.953-0100: 1.300: [GC (Allocation Failure) 2018-01-08T11:45:46.954-0100: 1.301: [ParNew
Desired survivor size 20112992 bytes, new threshold 8 (max 8)
- age   1:   12535872 bytes,   12535872 total
: 87424K->12364K(109248K), 0.0149758 secs] 87424K->12364K(502464K), 0.0168186 secs] [Times: user=0.04 sys=0.01, real=0.02 secs] 
Heap after GC invocations=1 (full 0):
 par new generation   total 109248K, used 12364K [0x00000007a0000000, 0x00000007a8000000, 0x00000007a8000000)
  eden space 87424K,   0% used [0x00000007a0000000, 0x00000007a0000000, 0x00000007a5560000)
  from space 21824K,  56% used [0x00000007a6ab0000, 0x00000007a76c3368, 0x00000007a8000000)
  to   space 21824K,   0% used [0x00000007a5560000, 0x00000007a5560000, 0x00000007a6ab0000)
 concurrent mark-sweep generation total 393216K, used 0K [0x00000007a8000000, 0x00000007c0000000, 0x00000007c0000000)
 Metaspace       used 19139K, capacity 19494K, committed 19840K, reserved 1067008K
  class space    used 2230K, capacity 2361K, committed 2432K, reserved 1048576K
}
2018-01-08T11:45:46.970-0100: 1.317: Total time for which application threads were stopped: 0.0170377 seconds, Stopping threads took: 0.0000150 seconds
2018-01-08T11:45:47.096-0100: 1.443: Total time for which application threads were stopped: 0.0000838 seconds, Stopping threads took: 0.0000135 seconds
2018-01-08T11:45:47.120-0100: 1.467: Total time for which application threads were stopped: 0.0001326 seconds, Stopping threads took: 0.0000305 seconds
2018-01-08T11:45:47.507-0100: 1.854: Total time for which application threads were stopped: 0.0000879 seconds, Stopping threads took: 0.0000162 seconds
2018-01-08T11:45:47.534-0100: 1.881: Total time for which application threads were stopped: 0.0001292 seconds, Stopping threads took: 0.0000574 seconds
2018-01-08T11:45:47.599-0100: 1.946: Total time for which application threads were stopped: 0.0000756 seconds, Stopping threads took: 0.0000152 seconds
2018-01-08T11:45:47.622-0100: 1.969: Total time for which application threads were stopped: 0.0000884 seconds, Stopping threads took: 0.0000183 seconds
2018-01-08T11:45:47.803-0100: 2.150: Total time for which application threads were stopped: 0.0001862 seconds, Stopping threads took: 0.0000224 seconds
2018-01-08T11:45:47.856-0100: 2.203: Total time for which application threads were stopped: 0.0001163 seconds, Stopping threads took: 0.0000234 seconds
2018-01-08T11:45:47.860-0100: 2.207: Total time for which application threads were stopped: 0.0004788 seconds, Stopping threads took: 0.0000282 seconds
2018-01-08T11:45:47.907-0100: 2.254: Total time for which application threads were stopped: 0.0000993 seconds, Stopping threads took: 0.0000175 seconds
2018-01-08T11:45:47.942-0100: 2.289: Total time for which application threads were stopped: 0.0000992 seconds, Stopping threads took: 0.0000169 seconds
2018-01-08T11:45:47.979-0100: 2.326: Total time for which application threads were stopped: 0.0001168 seconds, Stopping threads took: 0.0000212 seconds
2018-01-08T11:45:48.012-0100: 2.359: Total time for which application threads were stopped: 0.0004049 seconds, Stopping threads took: 0.0000388 seconds
2018-01-08T11:45:48.026-0100: 2.373: Total time for which application threads were stopped: 0.0001488 seconds, Stopping threads took: 0.0000580 seconds
2018-01-08T11:45:48.065-0100: 2.412: Total time for which application threads were stopped: 0.0001519 seconds, Stopping threads took: 0.0000366 seconds
2018-01-08T11:45:48.077-0100: 2.423: Total time for which application threads were stopped: 0.0001612 seconds, Stopping threads took: 0.0000362 seconds
2018-01-08T11:45:48.118-0100: 2.465: Total time for which application threads were stopped: 0.0005185 seconds, Stopping threads took: 0.0003810 seconds
2018-01-08T11:45:48.132-0100: 2.479: Total time for which application threads were stopped: 0.0004562 seconds, Stopping threads took: 0.0000199 seconds
2018-01-08T11:45:48.135-0100: 2.482: Total time for which application threads were stopped: 0.0001245 seconds, Stopping threads took: 0.0000254 seconds
2018-01-08T11:45:48.150-0100: 2.497: Total time for which application threads were stopped: 0.0008666 seconds, Stopping threads took: 0.0007955 seconds
2018-01-08T11:45:48.163-0100: 2.510: Total time for which application threads were stopped: 0.0001043 seconds, Stopping threads took: 0.0000216 seconds
2018-01-08T11:45:48.191-0100: 2.538: Total time for which application threads were stopped: 0.0001733 seconds, Stopping threads took: 0.0000313 seconds
{Heap before GC invocations=1 (full 0):
 par new generation   total 109248K, used 99788K [0x00000007a0000000, 0x00000007a8000000, 0x00000007a8000000)
  eden space 87424K, 100% used [0x00000007a0000000, 0x00000007a5560000, 0x00000007a5560000)
  from space 21824K,  56% used [0x00000007a6ab0000, 0x00000007a76c3368, 0x00000007a8000000)
  to   space 21824K,   0% used [0x00000007a5560000, 0x00000007a5560000, 0x00000007a6ab0000)
 concurrent mark-sweep generation total 393216K, used 0K [0x00000007a8000000, 0x00000007c0000000, 0x00000007c0000000)
 Metaspace       used 26763K, capacity 27404K, committed 27604K, reserved 1073152K
  class space    used 3197K, capacity 3412K, committed 3472K, reserved 1048576K
2018-01-08T11:45:48.230-0100: 2.577: [GC (Allocation Failure) 2018-01-08T11:45:48.231-0100: 2.577: [ParNew
Desired survivor size 20112992 bytes, new threshold 8 (max 8)
- age   1:   11896464 bytes,   11896464 total
- age   2:    6299632 bytes,   18196096 total
: 99788K->21824K(109248K), 0.0186053 secs] 99788K->21824K(502464K), 0.0187408 secs] [Times: user=0.06 sys=0.01, real=0.01 secs] 
Heap after GC invocations=2 (full 0):
 par new generation   total 109248K, used 21824K [0x00000007a0000000, 0x00000007a8000000, 0x00000007a8000000)
  eden space 87424K,   0% used [0x00000007a0000000, 0x00000007a0000000, 0x00000007a5560000)
  from space 21824K, 100% used [0x00000007a5560000, 0x00000007a6ab0000, 0x00000007a6ab0000)
  to   space 21824K,   0% used [0x00000007a6ab0000, 0x00000007a6ab0000, 0x00000007a8000000)
 concurrent mark-sweep generation total 393216K, used 0K [0x00000007a8000000, 0x00000007c0000000, 0x00000007c0000000)
 Metaspace       used 26763K, capacity 27404K, committed 27604K, reserved 1073152K
  class space    used 3197K, capacity 3412K, committed 3472K, reserved 1048576K
}
2018-01-08T11:45:48.249-0100: 2.596: Total time for which application threads were stopped: 0.0189999 seconds, Stopping threads took: 0.0000607 seconds
2018-01-08T11:45:48.249-0100: 2.596: [GC (CMS Initial Mark) [1 CMS-initial-mark: 0K(393216K)] 22316K(502464K), 0.0037597 secs] [Times: user=0.02 sys=0.00, real=0.01 secs] 
2018-01-08T11:45:48.253-0100: 2.600: Total time for which application threads were stopped: 0.0040071 seconds, Stopping threads took: 0.0000581 seconds
2018-01-08T11:45:48.253-0100: 2.600: [CMS-concurrent-mark-start]
2018-01-08T11:45:48.254-0100: 2.600: [CMS-concurrent-mark: 0.000/0.000 secs] [Times: user=0.00 sys=0.00, real=0.00 secs] 
2018-01-08T11:45:48.254-0100: 2.601: [CMS-concurrent-preclean-start]
2018-01-08T11:45:48.255-0100: 2.602: [CMS-concurrent-preclean: 0.001/0.001 secs] [Times: user=0.00 sys=0.01, real=0.00 secs] 
2018-01-08T11:45:48.255-0100: 2.602: [CMS-concurrent-abortable-preclean-start]
2018-01-08T11:45:48.269-0100: 2.616: Total time for which application threads were stopped: 0.0002606 seconds, Stopping threads took: 0.0001472 seconds
2018-01-08T11:45:48.269-0100: 2.616: Total time for which application threads were stopped: 0.0001242 seconds, Stopping threads took: 0.0000438 seconds
2018-01-08T11:45:48.269-0100: 2.616: Total time for which application threads were stopped: 0.0001795 seconds, Stopping threads took: 0.0000895 seconds
2018-01-08T11:45:48.282-0100: 2.629: Total time for which application threads were stopped: 0.0002362 seconds, Stopping threads took: 0.0001142 seconds
2018-01-08T11:45:48.282-0100: 2.629: Total time for which application threads were stopped: 0.0001710 seconds, Stopping threads took: 0.0000927 seconds
2018-01-08T11:45:48.287-0100: 2.634: Total time for which application threads were stopped: 0.0005940 seconds, Stopping threads took: 0.0001236 seconds
2018-01-08T11:45:48.301-0100: 2.648: Total time for which application threads were stopped: 0.0002194 seconds, Stopping threads took: 0.0001095 seconds
2018-01-08T11:45:48.321-0100: 2.668: Total time for which application threads were stopped: 0.0008789 seconds, Stopping threads took: 0.0003208 seconds
2018-01-08T11:45:48.328-0100: 2.675: Total time for which application threads were stopped: 0.0003731 seconds, Stopping threads took: 0.0002529 seconds
2018-01-08T11:45:48.385-0100: 2.732: Total time for which application threads were stopped: 0.0001757 seconds, Stopping threads took: 0.0000459 seconds
2018-01-08T11:45:48.417-0100: 2.764: Total time for which application threads were stopped: 0.0005072 seconds, Stopping threads took: 0.0000256 seconds
2018-01-08T11:45:48.460-0100: 2.807: Total time for which application threads were stopped: 0.0006174 seconds, Stopping threads took: 0.0000850 seconds
2018-01-08T11:45:48.460-0100: 2.807: [CMS-concurrent-abortable-preclean: 0.117/0.205 secs] [Times: user=0.86 sys=0.03, real=0.21 secs] 
2018-01-08T11:45:48.461-0100: 2.808: [GC (CMS Final Remark) [YG occupancy: 100689 K (109248 K)]{Heap before GC invocations=2 (full 1):
 par new generation   total 109248K, used 100689K [0x00000007a0000000, 0x00000007a8000000, 0x00000007a8000000)
  eden space 87424K,  90% used [0x00000007a0000000, 0x00000007a4d04408, 0x00000007a5560000)
  from space 21824K, 100% used [0x00000007a5560000, 0x00000007a6ab0000, 0x00000007a6ab0000)
  to   space 21824K,   0% used [0x00000007a6ab0000, 0x00000007a6ab0000, 0x00000007a8000000)
 concurrent mark-sweep generation total 393216K, used 0K [0x00000007a8000000, 0x00000007c0000000, 0x00000007c0000000)
 Metaspace       used 28438K, capacity 29086K, committed 29188K, reserved 1075200K
  class space    used 3405K, capacity 3585K, committed 3624K, reserved 1048576K
2018-01-08T11:45:48.461-0100: 2.808: [GC (CMS Final Remark) 2018-01-08T11:45:48.461-0100: 2.808: [ParNew
Desired survivor size 20112992 bytes, new threshold 8 (max 8)
- age   1:    2028960 bytes,    2028960 total
- age   2:    6223632 bytes,    8252592 total
- age   3:    6297472 bytes,   14550064 total
: 100689K->19197K(109248K), 0.0139535 secs] 100689K->19197K(502464K), 0.0140196 secs] [Times: user=0.05 sys=0.01, real=0.01 secs] 
Heap after GC invocations=3 (full 1):
 par new generation   total 109248K, used 19197K [0x00000007a0000000, 0x00000007a8000000, 0x00000007a8000000)
  eden space 87424K,   0% used [0x00000007a0000000, 0x00000007a0000000, 0x00000007a5560000)
  from space 21824K,  87% used [0x00000007a6ab0000, 0x00000007a7d6f6a0, 0x00000007a8000000)
  to   space 21824K,   0% used [0x00000007a5560000, 0x00000007a5560000, 0x00000007a6ab0000)
 concurrent mark-sweep generation total 393216K, used 0K [0x00000007a8000000, 0x00000007c0000000, 0x00000007c0000000)
 Metaspace       used 28438K, capacity 29086K, committed 29188K, reserved 1075200K
  class space    used 3405K, capacity 3585K, committed 3624K, reserved 1048576K
}
2018-01-08T11:45:48.475-0100: 2.822: [Rescan (parallel) , 0.0042109 secs]2018-01-08T11:45:48.479-0100: 2.826: [weak refs processing, 0.0033759 secs]2018-01-08T11:45:48.483-0100: 2.830: [class unloading, 0.0047525 secs]2018-01-08T11:45:48.488-0100: 2.834: [scrub symbol table, 0.0049146 secs]2018-01-08T11:45:48.492-0100: 2.839: [scrub string table, 0.0003569 secs][1 CMS-remark: 0K(393216K)] 19197K(502464K), 0.0327284 secs] [Times: user=0.09 sys=0.01, real=0.03 secs] 
2018-01-08T11:45:48.494-0100: 2.841: Total time for which application threads were stopped: 0.0333084 seconds, Stopping threads took: 0.0004625 seconds
2018-01-08T11:45:48.494-0100: 2.841: [CMS-concurrent-sweep-start]
2018-01-08T11:45:48.494-0100: 2.841: [CMS-concurrent-sweep: 0.000/0.000 secs] [Times: user=0.00 sys=0.00, real=0.00 secs] 
2018-01-08T11:45:48.494-0100: 2.841: [CMS-concurrent-reset-start]
2018-01-08T11:45:48.501-0100: 2.848: [CMS-concurrent-reset: 0.007/0.007 secs] [Times: user=0.02 sys=0.00, real=0.01 secs] 
{Heap before GC invocations=3 (full 1):
 par new generation   total 109248K, used 106621K [0x00000007a0000000, 0x00000007a8000000, 0x00000007a8000000)
  eden space 87424K, 100% used [0x00000007a0000000, 0x00000007a5560000, 0x00000007a5560000)
  from space 21824K,  87% used [0x00000007a6ab0000, 0x00000007a7d6f6a0, 0x00000007a8000000)
  to   space 21824K,   0% used [0x00000007a5560000, 0x00000007a5560000, 0x00000007a6ab0000)
 concurrent mark-sweep generation total 393216K, used 0K [0x00000007a8000000, 0x00000007c0000000, 0x00000007c0000000)
 Metaspace       used 29381K, capacity 30014K, committed 30084K, reserved 1075200K
  class space    used 3528K, capacity 3725K, committed 3752K, reserved 1048576K
2018-01-08T11:45:48.663-0100: 3.010: [GC (Allocation Failure) 2018-01-08T11:45:48.663-0100: 3.010: [ParNew
Desired survivor size 20112992 bytes, new threshold 8 (max 8)
- age   1:    3220648 bytes,    3220648 total
- age   2:     517520 bytes,    3738168 total
- age   3:    6172200 bytes,    9910368 total
- age   4:    6296128 bytes,   16206496 total
: 106621K->20627K(109248K), 0.0128158 secs] 106621K->20627K(502464K), 0.0129396 secs] [Times: user=0.06 sys=0.00, real=0.01 secs] 
Heap after GC invocations=4 (full 1):
 par new generation   total 109248K, used 20627K [0x00000007a0000000, 0x00000007a8000000, 0x00000007a8000000)
  eden space 87424K,   0% used [0x00000007a0000000, 0x00000007a0000000, 0x00000007a5560000)
  from space 21824K,  94% used [0x00000007a5560000, 0x00000007a6984c58, 0x00000007a6ab0000)
  to   space 21824K,   0% used [0x00000007a6ab0000, 0x00000007a6ab0000, 0x00000007a8000000)
 concurrent mark-sweep generation total 393216K, used 0K [0x00000007a8000000, 0x00000007c0000000, 0x00000007c0000000)
 Metaspace       used 29381K, capacity 30014K, committed 30084K, reserved 1075200K
  class space    used 3528K, capacity 3725K, committed 3752K, reserved 1048576K
}
2018-01-08T11:45:48.676-0100: 3.023: Total time for which application threads were stopped: 0.0133025 seconds, Stopping threads took: 0.0000488 seconds
{Heap before GC invocations=4 (full 1):
 par new generation   total 109248K, used 108051K [0x00000007a0000000, 0x00000007a8000000, 0x00000007a8000000)
  eden space 87424K, 100% used [0x00000007a0000000, 0x00000007a5560000, 0x00000007a5560000)
  from space 21824K,  94% used [0x00000007a5560000, 0x00000007a6984c58, 0x00000007a6ab0000)
  to   space 21824K,   0% used [0x00000007a6ab0000, 0x00000007a6ab0000, 0x00000007a8000000)
 concurrent mark-sweep generation total 393216K, used 0K [0x00000007a8000000, 0x00000007c0000000, 0x00000007c0000000)
 Metaspace       used 29712K, capacity 30340K, committed 30468K, reserved 1075200K
  class space    used 3573K, capacity 3790K, committed 3880K, reserved 1048576K
2018-01-08T11:45:48.723-0100: 3.070: [GC (Allocation Failure) 2018-01-08T11:45:48.723-0100: 3.070: [ParNew
Desired survivor size 20112992 bytes, new threshold 8 (max 8)
- age   1:    1450712 bytes,    1450712 total
- age   2:    2375800 bytes,    3826512 total
- age   3:     517488 bytes,    4344000 total
- age   4:    6169800 bytes,   10513800 total
- age   5:    6296240 bytes,   16810040 total
: 108051K->20566K(109248K), 0.0097843 secs] 108051K->20566K(502464K), 0.0098754 secs] [Times: user=0.03 sys=0.01, real=0.01 secs] 
Heap after GC invocations=5 (full 1):
 par new generation   total 109248K, used 20566K [0x00000007a0000000, 0x00000007a8000000, 0x00000007a8000000)
  eden space 87424K,   0% used [0x00000007a0000000, 0x00000007a0000000, 0x00000007a5560000)
  from space 21824K,  94% used [0x00000007a6ab0000, 0x00000007a7ec5bd0, 0x00000007a8000000)
  to   space 21824K,   0% used [0x00000007a5560000, 0x00000007a5560000, 0x00000007a6ab0000)
 concurrent mark-sweep generation total 393216K, used 0K [0x00000007a8000000, 0x00000007c0000000, 0x00000007c0000000)
 Metaspace       used 29712K, capacity 30340K, committed 30468K, reserved 1075200K
  class space    used 3573K, capacity 3790K, committed 3880K, reserved 1048576K
}
2018-01-08T11:45:48.733-0100: 3.080: Total time for which application threads were stopped: 0.0101584 seconds, Stopping threads took: 0.0001148 seconds
{Heap before GC invocations=5 (full 1):
 par new generation   total 109248K, used 107990K [0x00000007a0000000, 0x00000007a8000000, 0x00000007a8000000)
  eden space 87424K, 100% used [0x00000007a0000000, 0x00000007a5560000, 0x00000007a5560000)
  from space 21824K,  94% used [0x00000007a6ab0000, 0x00000007a7ec5bd0, 0x00000007a8000000)
  to   space 21824K,   0% used [0x00000007a5560000, 0x00000007a5560000, 0x00000007a6ab0000)
 concurrent mark-sweep generation total 393216K, used 0K [0x00000007a8000000, 0x00000007c0000000, 0x00000007c0000000)
 Metaspace       used 29820K, capacity 30516K, committed 30724K, reserved 1077248K
  class space    used 3587K, capacity 3798K, committed 3880K, reserved 1048576K
2018-01-08T11:45:48.787-0100: 3.134: [GC (Allocation Failure) 2018-01-08T11:45:48.787-0100: 3.134: [ParNew
Desired survivor size 20112992 bytes, new threshold 8 (max 8)
- age   1:     777320 bytes,     777320 total
- age   2:     131192 bytes,     908512 total
- age   3:    2375456 bytes,    3283968 total
- age   4:     517488 bytes,    3801456 total
- age   5:    6169600 bytes,    9971056 total
- age   6:    6296216 bytes,   16267272 total
: 107990K->21552K(109248K), 0.0107368 secs] 107990K->21552K(502464K), 0.0108588 secs] [Times: user=0.04 sys=0.00, real=0.01 secs] 
Heap after GC invocations=6 (full 1):
 par new generation   total 109248K, used 21552K [0x00000007a0000000, 0x00000007a8000000, 0x00000007a8000000)
  eden space 87424K,   0% used [0x00000007a0000000, 0x00000007a0000000, 0x00000007a5560000)
  from space 21824K,  98% used [0x00000007a5560000, 0x00000007a6a6c330, 0x00000007a6ab0000)
  to   space 21824K,   0% used [0x00000007a6ab0000, 0x00000007a6ab0000, 0x00000007a8000000)
 concurrent mark-sweep generation total 393216K, used 0K [0x00000007a8000000, 0x00000007c0000000, 0x00000007c0000000)
 Metaspace       used 29820K, capacity 30516K, committed 30724K, reserved 1077248K
  class space    used 3587K, capacity 3798K, committed 3880K, reserved 1048576K
}
2018-01-08T11:45:48.798-0100: 3.145: Total time for which application threads were stopped: 0.0110853 seconds, Stopping threads took: 0.0000295 seconds
{Heap before GC invocations=6 (full 1):
 par new generation   total 109248K, used 108976K [0x00000007a0000000, 0x00000007a8000000, 0x00000007a8000000)
  eden space 87424K, 100% used [0x00000007a0000000, 0x00000007a5560000, 0x00000007a5560000)
  from space 21824K,  98% used [0x00000007a5560000, 0x00000007a6a6c330, 0x00000007a6ab0000)
  to   space 21824K,   0% used [0x00000007a6ab0000, 0x00000007a6ab0000, 0x00000007a8000000)
 concurrent mark-sweep generation total 393216K, used 0K [0x00000007a8000000, 0x00000007c0000000, 0x00000007c0000000)
 Metaspace       used 30091K, capacity 30752K, committed 30980K, reserved 1077248K
  class space    used 3619K, capacity 3832K, committed 3880K, reserved 1048576K
2018-01-08T11:45:48.855-0100: 3.202: [GC (Allocation Failure) 2018-01-08T11:45:48.855-0100: 3.202: [ParNew
Desired survivor size 20112992 bytes, new threshold 8 (max 8)
- age   1:     672904 bytes,     672904 total
- age   2:     140840 bytes,     813744 total
- age   3:     130440 bytes,     944184 total
- age   4:    2375288 bytes,    3319472 total
- age   5:     517488 bytes,    3836960 total
- age   6:    6169376 bytes,   10006336 total
- age   7:    6296216 bytes,   16302552 total
: 108976K->19098K(109248K), 0.0108377 secs] 108976K->19098K(502464K), 0.0109388 secs] [Times: user=0.04 sys=0.01, real=0.01 secs] 
Heap after GC invocations=7 (full 1):
 par new generation   total 109248K, used 19098K [0x00000007a0000000, 0x00000007a8000000, 0x00000007a8000000)
  eden space 87424K,   0% used [0x00000007a0000000, 0x00000007a0000000, 0x00000007a5560000)
  from space 21824K,  87% used [0x00000007a6ab0000, 0x00000007a7d56a40, 0x00000007a8000000)
  to   space 21824K,   0% used [0x00000007a5560000, 0x00000007a5560000, 0x00000007a6ab0000)
 concurrent mark-sweep generation total 393216K, used 0K [0x00000007a8000000, 0x00000007c0000000, 0x00000007c0000000)
 Metaspace       used 30091K, capacity 30752K, committed 30980K, reserved 1077248K
  class space    used 3619K, capacity 3832K, committed 3880K, reserved 1048576K
}
2018-01-08T11:45:48.866-0100: 3.213: Total time for which application threads were stopped: 0.0112203 seconds, Stopping threads took: 0.0000738 seconds
{Heap before GC invocations=7 (full 1):
 par new generation   total 109248K, used 106522K [0x00000007a0000000, 0x00000007a8000000, 0x00000007a8000000)
  eden space 87424K, 100% used [0x00000007a0000000, 0x00000007a5560000, 0x00000007a5560000)
  from space 21824K,  87% used [0x00000007a6ab0000, 0x00000007a7d56a40, 0x00000007a8000000)
  to   space 21824K,   0% used [0x00000007a5560000, 0x00000007a5560000, 0x00000007a6ab0000)
 concurrent mark-sweep generation total 393216K, used 0K [0x00000007a8000000, 0x00000007c0000000, 0x00000007c0000000)
 Metaspace       used 30531K, capacity 31200K, committed 31364K, reserved 1077248K
  class space    used 3673K, capacity 3896K, committed 4008K, reserved 1048576K
2018-01-08T11:45:48.945-0100: 3.292: [GC (Allocation Failure) 2018-01-08T11:45:48.945-0100: 3.292: [ParNew
Desired survivor size 20112992 bytes, new threshold 8 (max 8)
- age   1:     700752 bytes,     700752 total
- age   2:     124208 bytes,     824960 total
- age   3:     139944 bytes,     964904 total
- age   4:     129400 bytes,    1094304 total
- age   5:    2367320 bytes,    3461624 total
- age   6:     517488 bytes,    3979112 total
- age   7:    6169304 bytes,   10148416 total
- age   8:    6296144 bytes,   16444560 total
: 106522K->21491K(109248K), 0.0116103 secs] 106522K->21491K(502464K), 0.0117428 secs] [Times: user=0.06 sys=0.00, real=0.01 secs] 
Heap after GC invocations=8 (full 1):
 par new generation   total 109248K, used 21491K [0x00000007a0000000, 0x00000007a8000000, 0x00000007a8000000)
  eden space 87424K,   0% used [0x00000007a0000000, 0x00000007a0000000, 0x00000007a5560000)
  from space 21824K,  98% used [0x00000007a5560000, 0x00000007a6a5cca0, 0x00000007a6ab0000)
  to   space 21824K,   0% used [0x00000007a6ab0000, 0x00000007a6ab0000, 0x00000007a8000000)
 concurrent mark-sweep generation total 393216K, used 0K [0x00000007a8000000, 0x00000007c0000000, 0x00000007c0000000)
 Metaspace       used 30531K, capacity 31200K, committed 31364K, reserved 1077248K
  class space    used 3673K, capacity 3896K, committed 4008K, reserved 1048576K
}
2018-01-08T11:45:48.957-0100: 3.304: Total time for which application threads were stopped: 0.0120067 seconds, Stopping threads took: 0.0000565 seconds
2018-01-08T11:45:49.043-0100: 3.390: Total time for which application threads were stopped: 0.0005625 seconds, Stopping threads took: 0.0000239 seconds
{Heap before GC invocations=8 (full 1):
 par new generation   total 109248K, used 108915K [0x00000007a0000000, 0x00000007a8000000, 0x00000007a8000000)
  eden space 87424K, 100% used [0x00000007a0000000, 0x00000007a5560000, 0x00000007a5560000)
  from space 21824K,  98% used [0x00000007a5560000, 0x00000007a6a5cca0, 0x00000007a6ab0000)
  to   space 21824K,   0% used [0x00000007a6ab0000, 0x00000007a6ab0000, 0x00000007a8000000)
 concurrent mark-sweep generation total 393216K, used 0K [0x00000007a8000000, 0x00000007c0000000, 0x00000007c0000000)
 Metaspace       used 32158K, capacity 32914K, committed 33028K, reserved 1079296K
  class space    used 3831K, capacity 4049K, committed 4136K, reserved 1048576K
2018-01-08T11:45:49.309-0100: 3.656: [GC (Allocation Failure) 2018-01-08T11:45:49.309-0100: 3.656: [ParNew
Desired survivor size 20112992 bytes, new threshold 8 (max 8)
- age   1:    4306872 bytes,    4306872 total
- age   2:      54624 bytes,    4361496 total
- age   3:      38104 bytes,    4399600 total
- age   4:      26648 bytes,    4426248 total
- age   5:      74272 bytes,    4500520 total
- age   6:     266720 bytes,    4767240 total
- age   7:     456112 bytes,    5223352 total
- age   8:    4766040 bytes,    9989392 total
: 108915K->14405K(109248K), 0.0392202 secs] 108915K->20633K(502464K), 0.0393214 secs] [Times: user=0.12 sys=0.02, real=0.04 secs] 
Heap after GC invocations=9 (full 1):
 par new generation   total 109248K, used 14405K [0x00000007a0000000, 0x00000007a8000000, 0x00000007a8000000)
  eden space 87424K,   0% used [0x00000007a0000000, 0x00000007a0000000, 0x00000007a5560000)
  from space 21824K,  66% used [0x00000007a6ab0000, 0x00000007a78c17a0, 0x00000007a8000000)
  to   space 21824K,   0% used [0x00000007a5560000, 0x00000007a5560000, 0x00000007a6ab0000)
 concurrent mark-sweep generation total 393216K, used 6227K [0x00000007a8000000, 0x00000007c0000000, 0x00000007c0000000)
 Metaspace       used 32158K, capacity 32914K, committed 33028K, reserved 1079296K
  class space    used 3831K, capacity 4049K, committed 4136K, reserved 1048576K
}
2018-01-08T11:45:49.348-0100: 3.695: Total time for which application threads were stopped: 0.0398114 seconds, Stopping threads took: 0.0001019 seconds
{Heap before GC invocations=9 (full 1):
 par new generation   total 109248K, used 101829K [0x00000007a0000000, 0x00000007a8000000, 0x00000007a8000000)
  eden space 87424K, 100% used [0x00000007a0000000, 0x00000007a5560000, 0x00000007a5560000)
  from space 21824K,  66% used [0x00000007a6ab0000, 0x00000007a78c17a0, 0x00000007a8000000)
  to   space 21824K,   0% used [0x00000007a5560000, 0x00000007a5560000, 0x00000007a6ab0000)
 concurrent mark-sweep generation total 393216K, used 6227K [0x00000007a8000000, 0x00000007c0000000, 0x00000007c0000000)
 Metaspace       used 32171K, capacity 32914K, committed 33028K, reserved 1079296K
  class space    used 3831K, capacity 4049K, committed 4136K, reserved 1048576K
2018-01-08T11:45:49.388-0100: 3.735: [GC (Allocation Failure) 2018-01-08T11:45:49.388-0100: 3.735: [ParNew
Desired survivor size 20112992 bytes, new threshold 8 (max 8)
- age   1:    1419256 bytes,    1419256 total
- age   2:    2426408 bytes,    3845664 total
- age   3:      54624 bytes,    3900288 total
- age   4:      38104 bytes,    3938392 total
- age   5:      26648 bytes,    3965040 total
- age   6:      74272 bytes,    4039312 total
- age   7:     266720 bytes,    4306032 total
- age   8:     456112 bytes,    4762144 total
: 101829K->6059K(109248K), 0.0122232 secs] 108057K->16985K(502464K), 0.0123500 secs] [Times: user=0.04 sys=0.00, real=0.02 secs] 
Heap after GC invocations=10 (full 1):
 par new generation   total 109248K, used 6059K [0x00000007a0000000, 0x00000007a8000000, 0x00000007a8000000)
  eden space 87424K,   0% used [0x00000007a0000000, 0x00000007a0000000, 0x00000007a5560000)
  from space 21824K,  27% used [0x00000007a5560000, 0x00000007a5b4ace0, 0x00000007a6ab0000)
  to   space 21824K,   0% used [0x00000007a6ab0000, 0x00000007a6ab0000, 0x00000007a8000000)
 concurrent mark-sweep generation total 393216K, used 10925K [0x00000007a8000000, 0x00000007c0000000, 0x00000007c0000000)
 Metaspace       used 32171K, capacity 32914K, committed 33028K, reserved 1079296K
  class space    used 3831K, capacity 4049K, committed 4136K, reserved 1048576K
}
2018-01-08T11:45:49.401-0100: 3.748: Total time for which application threads were stopped: 0.0126851 seconds, Stopping threads took: 0.0000885 seconds
{Heap before GC invocations=10 (full 1):
 par new generation   total 109248K, used 93483K [0x00000007a0000000, 0x00000007a8000000, 0x00000007a8000000)
  eden space 87424K, 100% used [0x00000007a0000000, 0x00000007a5560000, 0x00000007a5560000)
  from space 21824K,  27% used [0x00000007a5560000, 0x00000007a5b4ace0, 0x00000007a6ab0000)
  to   space 21824K,   0% used [0x00000007a6ab0000, 0x00000007a6ab0000, 0x00000007a8000000)
 concurrent mark-sweep generation total 393216K, used 10925K [0x00000007a8000000, 0x00000007c0000000, 0x00000007c0000000)
 Metaspace       used 32181K, capacity 32914K, committed 33028K, reserved 1079296K
  class space    used 3831K, capacity 4049K, committed 4136K, reserved 1048576K
2018-01-08T11:45:49.421-0100: 3.768: [GC (Allocation Failure) 2018-01-08T11:45:49.421-0100: 3.768: [ParNew
Desired survivor size 20112992 bytes, new threshold 8 (max 8)
- age   1:    1264680 bytes,    1264680 total
- age   2:    1298768 bytes,    2563448 total
- age   3:    2406944 bytes,    4970392 total
- age   4:      54624 bytes,    5025016 total
- age   5:      38104 bytes,    5063120 total
- age   6:      26648 bytes,    5089768 total
- age   7:      74272 bytes,    5164040 total
- age   8:     266720 bytes,    5430760 total
: 93483K->7332K(109248K), 0.0084657 secs] 104409K->18710K(502464K), 0.0085859 secs] [Times: user=0.03 sys=0.00, real=0.01 secs] 
Heap after GC invocations=11 (full 1):
 par new generation   total 109248K, used 7332K [0x00000007a0000000, 0x00000007a8000000, 0x00000007a8000000)
  eden space 87424K,   0% used [0x00000007a0000000, 0x00000007a0000000, 0x00000007a5560000)
  from space 21824K,  33% used [0x00000007a6ab0000, 0x00000007a71d9078, 0x00000007a8000000)
  to   space 21824K,   0% used [0x00000007a5560000, 0x00000007a5560000, 0x00000007a6ab0000)
 concurrent mark-sweep generation total 393216K, used 11378K [0x00000007a8000000, 0x00000007c0000000, 0x00000007c0000000)
 Metaspace       used 32181K, capacity 32914K, committed 33028K, reserved 1079296K
  class space    used 3831K, capacity 4049K, committed 4136K, reserved 1048576K
}
2018-01-08T11:45:49.430-0100: 3.777: Total time for which application threads were stopped: 0.0089460 seconds, Stopping threads took: 0.0001402 seconds
{Heap before GC invocations=11 (full 1):
 par new generation   total 109248K, used 94756K [0x00000007a0000000, 0x00000007a8000000, 0x00000007a8000000)
  eden space 87424K, 100% used [0x00000007a0000000, 0x00000007a5560000, 0x00000007a5560000)
  from space 21824K,  33% used [0x00000007a6ab0000, 0x00000007a71d9078, 0x00000007a8000000)
  to   space 21824K,   0% used [0x00000007a5560000, 0x00000007a5560000, 0x00000007a6ab0000)
 concurrent mark-sweep generation total 393216K, used 11378K [0x00000007a8000000, 0x00000007c0000000, 0x00000007c0000000)
 Metaspace       used 32203K, capacity 32932K, committed 33028K, reserved 1079296K
  class space    used 3833K, capacity 4052K, committed 4136K, reserved 1048576K
2018-01-08T11:45:49.457-0100: 3.804: [GC (Allocation Failure) 2018-01-08T11:45:49.457-0100: 3.804: [ParNew
Desired survivor size 20112992 bytes, new threshold 8 (max 8)
- age   1:     724392 bytes,     724392 total
- age   2:     904768 bytes,    1629160 total
- age   3:    1298024 bytes,    2927184 total
- age   4:    2406920 bytes,    5334104 total
- age   5:      54624 bytes,    5388728 total
- age   6:      38104 bytes,    5426832 total
- age   7:      26648 bytes,    5453480 total
- age   8:      74064 bytes,    5527544 total
: 94756K->6307K(109248K), 0.0087746 secs] 106134K->17952K(502464K), 0.0088773 secs] [Times: user=0.04 sys=0.00, real=0.01 secs] 
Heap after GC invocations=12 (full 1):
 par new generation   total 109248K, used 6307K [0x00000007a0000000, 0x00000007a8000000, 0x00000007a8000000)
  eden space 87424K,   0% used [0x00000007a0000000, 0x00000007a0000000, 0x00000007a5560000)
  from space 21824K,  28% used [0x00000007a5560000, 0x00000007a5b88cb0, 0x00000007a6ab0000)
  to   space 21824K,   0% used [0x00000007a6ab0000, 0x00000007a6ab0000, 0x00000007a8000000)
 concurrent mark-sweep generation total 393216K, used 11645K [0x00000007a8000000, 0x00000007c0000000, 0x00000007c0000000)
 Metaspace       used 32203K, capacity 32932K, committed 33028K, reserved 1079296K
  class space    used 3833K, capacity 4052K, committed 4136K, reserved 1048576K
}
2018-01-08T11:45:49.466-0100: 3.813: Total time for which application threads were stopped: 0.0091467 seconds, Stopping threads took: 0.0000654 seconds
{Heap before GC invocations=12 (full 1):
 par new generation   total 109248K, used 93731K [0x00000007a0000000, 0x00000007a8000000, 0x00000007a8000000)
  eden space 87424K, 100% used [0x00000007a0000000, 0x00000007a5560000, 0x00000007a5560000)
  from space 21824K,  28% used [0x00000007a5560000, 0x00000007a5b88cb0, 0x00000007a6ab0000)
  to   space 21824K,   0% used [0x00000007a6ab0000, 0x00000007a6ab0000, 0x00000007a8000000)
 concurrent mark-sweep generation total 393216K, used 11645K [0x00000007a8000000, 0x00000007c0000000, 0x00000007c0000000)
 Metaspace       used 32217K, capacity 32944K, committed 33028K, reserved 1079296K
  class space    used 3834K, capacity 4054K, committed 4136K, reserved 1048576K
2018-01-08T11:45:49.498-0100: 3.845: [GC (Allocation Failure) 2018-01-08T11:45:49.498-0100: 3.845: [ParNew
Desired survivor size 20112992 bytes, new threshold 8 (max 8)
- age   1:     703120 bytes,     703120 total
- age   2:     121328 bytes,     824448 total
- age   3:     904360 bytes,    1728808 total
- age   4:    1298064 bytes,    3026872 total
- age   5:    2406920 bytes,    5433792 total
- age   6:      54624 bytes,    5488416 total
- age   7:      38104 bytes,    5526520 total
- age   8:      26648 bytes,    5553168 total
: 93731K->8311K(109248K), 0.0094043 secs] 105376K->20032K(502464K), 0.0095276 secs] [Times: user=0.04 sys=0.01, real=0.01 secs] 
Heap after GC invocations=13 (full 1):
 par new generation   total 109248K, used 8311K [0x00000007a0000000, 0x00000007a8000000, 0x00000007a8000000)
  eden space 87424K,   0% used [0x00000007a0000000, 0x00000007a0000000, 0x00000007a5560000)
  from space 21824K,  38% used [0x00000007a6ab0000, 0x00000007a72cdc88, 0x00000007a8000000)
  to   space 21824K,   0% used [0x00000007a5560000, 0x00000007a5560000, 0x00000007a6ab0000)
 concurrent mark-sweep generation total 393216K, used 11720K [0x00000007a8000000, 0x00000007c0000000, 0x00000007c0000000)
 Metaspace       used 32217K, capacity 32944K, committed 33028K, reserved 1079296K
  class space    used 3834K, capacity 4054K, committed 4136K, reserved 1048576K
}
2018-01-08T11:45:49.508-0100: 3.855: Total time for which application threads were stopped: 0.0098827 seconds, Stopping threads took: 0.0001304 seconds
{Heap before GC invocations=13 (full 1):
 par new generation   total 109248K, used 95735K [0x00000007a0000000, 0x00000007a8000000, 0x00000007a8000000)
  eden space 87424K, 100% used [0x00000007a0000000, 0x00000007a5560000, 0x00000007a5560000)
  from space 21824K,  38% used [0x00000007a6ab0000, 0x00000007a72cdc88, 0x00000007a8000000)
  to   space 21824K,   0% used [0x00000007a5560000, 0x00000007a5560000, 0x00000007a6ab0000)
 concurrent mark-sweep generation total 393216K, used 11720K [0x00000007a8000000, 0x00000007c0000000, 0x00000007c0000000)
 Metaspace       used 32253K, capacity 33008K, committed 33284K, reserved 1079296K
  class space    used 3834K, capacity 4054K, committed 4136K, reserved 1048576K
2018-01-08T11:45:49.578-0100: 3.925: [GC (Allocation Failure) 2018-01-08T11:45:49.578-0100: 3.925: [ParNew
Desired survivor size 20112992 bytes, new threshold 8 (max 8)
- age   1:     962968 bytes,     962968 total
- age   2:      88264 bytes,    1051232 total
- age   3:     120552 bytes,    1171784 total
- age   4:     902936 bytes,    2074720 total
- age   5:    1297576 bytes,    3372296 total
- age   6:    2406920 bytes,    5779216 total
- age   7:      54624 bytes,    5833840 total
- age   8:      38104 bytes,    5871944 total
: 95735K->6993K(109248K), 0.0113264 secs] 107456K->18741K(502464K), 0.0114486 secs] [Times: user=0.04 sys=0.00, real=0.01 secs] 
Heap after GC invocations=14 (full 1):
 par new generation   total 109248K, used 6993K [0x00000007a0000000, 0x00000007a8000000, 0x00000007a8000000)
  eden space 87424K,   0% used [0x00000007a0000000, 0x00000007a0000000, 0x00000007a5560000)
  from space 21824K,  32% used [0x00000007a5560000, 0x00000007a5c34558, 0x00000007a6ab0000)
  to   space 21824K,   0% used [0x00000007a6ab0000, 0x00000007a6ab0000, 0x00000007a8000000)
 concurrent mark-sweep generation total 393216K, used 11747K [0x00000007a8000000, 0x00000007c0000000, 0x00000007c0000000)
 Metaspace       used 32253K, capacity 33008K, committed 33284K, reserved 1079296K
  class space    used 3834K, capacity 4054K, committed 4136K, reserved 1048576K
}
2018-01-08T11:45:49.589-0100: 3.936: Total time for which application threads were stopped: 0.0118473 seconds, Stopping threads took: 0.0001076 seconds
2018-01-08T11:45:49.722-0100: 4.069: Total time for which application threads were stopped: 0.0009019 seconds, Stopping threads took: 0.0000572 seconds
2018-01-08T11:45:49.752-0100: 4.099: Total time for which application threads were stopped: 0.0007169 seconds, Stopping threads took: 0.0000263 seconds
2018-01-08T11:45:49.765-0100: 4.112: Total time for which application threads were stopped: 0.0005739 seconds, Stopping threads took: 0.0000647 seconds
2018-01-08T11:45:49.767-0100: 4.114: Total time for which application threads were stopped: 0.0001931 seconds, Stopping threads took: 0.0000292 seconds
2018-01-08T11:45:49.767-0100: 4.114: Total time for which application threads were stopped: 0.0001794 seconds, Stopping threads took: 0.0000535 seconds
2018-01-08T11:45:49.768-0100: 4.114: Total time for which application threads were stopped: 0.0001461 seconds, Stopping threads took: 0.0000504 seconds
2018-01-08T11:45:49.768-0100: 4.115: Total time for which application threads were stopped: 0.0002243 seconds, Stopping threads took: 0.0001401 seconds
2018-01-08T11:45:49.768-0100: 4.115: Total time for which application threads were stopped: 0.0001177 seconds, Stopping threads took: 0.0000399 seconds
2018-01-08T11:45:49.768-0100: 4.115: Total time for which application threads were stopped: 0.0001215 seconds, Stopping threads took: 0.0000348 seconds
2018-01-08T11:45:49.769-0100: 4.116: Total time for which application threads were stopped: 0.0001382 seconds, Stopping threads took: 0.0000475 seconds
2018-01-08T11:45:49.769-0100: 4.116: Total time for which application threads were stopped: 0.0001442 seconds, Stopping threads took: 0.0000280 seconds
2018-01-08T11:45:49.769-0100: 4.116: Total time for which application threads were stopped: 0.0001367 seconds, Stopping threads took: 0.0000246 seconds
2018-01-08T11:45:49.769-0100: 4.116: Total time for which application threads were stopped: 0.0001393 seconds, Stopping threads took: 0.0000415 seconds
2018-01-08T11:45:49.770-0100: 4.117: Total time for which application threads were stopped: 0.0002000 seconds, Stopping threads took: 0.0000782 seconds
2018-01-08T11:45:49.770-0100: 4.117: Total time for which application threads were stopped: 0.0002030 seconds, Stopping threads took: 0.0000793 seconds
2018-01-08T11:45:49.770-0100: 4.117: Total time for which application threads were stopped: 0.0001541 seconds, Stopping threads took: 0.0000287 seconds
2018-01-08T11:45:49.771-0100: 4.118: Total time for which application threads were stopped: 0.0000991 seconds, Stopping threads took: 0.0000151 seconds
2018-01-08T11:45:49.771-0100: 4.118: Total time for which application threads were stopped: 0.0001703 seconds, Stopping threads took: 0.0000395 seconds
2018-01-08T11:45:49.771-0100: 4.118: Total time for which application threads were stopped: 0.0001506 seconds, Stopping threads took: 0.0000372 seconds
2018-01-08T11:45:49.771-0100: 4.118: Total time for which application threads were stopped: 0.0001520 seconds, Stopping threads took: 0.0000369 seconds
2018-01-08T11:45:49.772-0100: 4.119: Total time for which application threads were stopped: 0.0001584 seconds, Stopping threads took: 0.0000331 seconds
2018-01-08T11:45:49.772-0100: 4.119: Total time for which application threads were stopped: 0.0001500 seconds, Stopping threads took: 0.0000329 seconds
2018-01-08T11:45:49.772-0100: 4.119: Total time for which application threads were stopped: 0.0003037 seconds, Stopping threads took: 0.0000255 seconds
2018-01-08T11:45:49.773-0100: 4.120: Total time for which application threads were stopped: 0.0001664 seconds, Stopping threads took: 0.0000739 seconds
2018-01-08T11:45:49.773-0100: 4.120: Total time for which application threads were stopped: 0.0001994 seconds, Stopping threads took: 0.0001116 seconds
2018-01-08T11:45:49.773-0100: 4.120: Total time for which application threads were stopped: 0.0002154 seconds, Stopping threads took: 0.0001447 seconds
2018-01-08T11:45:49.774-0100: 4.121: Total time for which application threads were stopped: 0.0000838 seconds, Stopping threads took: 0.0000126 seconds
2018-01-08T11:45:49.774-0100: 4.121: Total time for which application threads were stopped: 0.0000897 seconds, Stopping threads took: 0.0000190 seconds
2018-01-08T11:45:49.774-0100: 4.121: Total time for which application threads were stopped: 0.0001571 seconds, Stopping threads took: 0.0000479 seconds
2018-01-08T11:45:49.774-0100: 4.121: Total time for which application threads were stopped: 0.0001491 seconds, Stopping threads took: 0.0000329 seconds
2018-01-08T11:45:49.775-0100: 4.122: Total time for which application threads were stopped: 0.0001332 seconds, Stopping threads took: 0.0000364 seconds
2018-01-08T11:45:49.775-0100: 4.122: Total time for which application threads were stopped: 0.0001846 seconds, Stopping threads took: 0.0000933 seconds
2018-01-08T11:45:49.775-0100: 4.122: Total time for which application threads were stopped: 0.0001175 seconds, Stopping threads took: 0.0000375 seconds
2018-01-08T11:45:49.776-0100: 4.123: Total time for which application threads were stopped: 0.0001764 seconds, Stopping threads took: 0.0000772 seconds
2018-01-08T11:45:49.776-0100: 4.123: Total time for which application threads were stopped: 0.0002135 seconds, Stopping threads took: 0.0001377 seconds
2018-01-08T11:45:49.776-0100: 4.123: Total time for which application threads were stopped: 0.0001324 seconds, Stopping threads took: 0.0000510 seconds
2018-01-08T11:45:49.776-0100: 4.123: Total time for which application threads were stopped: 0.0001284 seconds, Stopping threads took: 0.0000531 seconds
2018-01-08T11:45:49.776-0100: 4.123: Total time for which application threads were stopped: 0.0001198 seconds, Stopping threads took: 0.0000289 seconds
2018-01-08T11:45:49.777-0100: 4.124: Total time for which application threads were stopped: 0.0002594 seconds, Stopping threads took: 0.0001321 seconds
2018-01-08T11:45:49.778-0100: 4.124: Total time for which application threads were stopped: 0.0001899 seconds, Stopping threads took: 0.0001021 seconds
2018-01-08T11:45:49.778-0100: 4.125: Total time for which application threads were stopped: 0.0001276 seconds, Stopping threads took: 0.0000430 seconds
2018-01-08T11:45:49.779-0100: 4.126: Total time for which application threads were stopped: 0.0001763 seconds, Stopping threads took: 0.0000538 seconds
2018-01-08T11:45:49.781-0100: 4.128: Total time for which application threads were stopped: 0.0001905 seconds, Stopping threads took: 0.0000938 seconds
2018-01-08T11:45:49.782-0100: 4.129: Total time for which application threads were stopped: 0.0002369 seconds, Stopping threads took: 0.0000509 seconds
2018-01-08T11:45:49.787-0100: 4.134: Total time for which application threads were stopped: 0.0004249 seconds, Stopping threads took: 0.0001147 seconds
2018-01-08T11:45:49.790-0100: 4.137: Total time for which application threads were stopped: 0.0001853 seconds, Stopping threads took: 0.0000919 seconds
2018-01-08T11:45:49.791-0100: 4.138: Total time for which application threads were stopped: 0.0001551 seconds, Stopping threads took: 0.0000577 seconds
2018-01-08T11:45:49.792-0100: 4.139: Total time for which application threads were stopped: 0.0001424 seconds, Stopping threads took: 0.0000571 seconds
2018-01-08T11:45:49.793-0100: 4.140: Total time for which application threads were stopped: 0.0001382 seconds, Stopping threads took: 0.0000488 seconds
2018-01-08T11:45:49.793-0100: 4.140: Total time for which application threads were stopped: 0.0000842 seconds, Stopping threads took: 0.0000139 seconds
2018-01-08T11:45:49.795-0100: 4.142: Total time for which application threads were stopped: 0.0002201 seconds, Stopping threads took: 0.0000471 seconds
2018-01-08T11:45:49.800-0100: 4.147: Total time for which application threads were stopped: 0.0001549 seconds, Stopping threads took: 0.0000550 seconds
2018-01-08T11:45:49.802-0100: 4.149: Total time for which application threads were stopped: 0.0002494 seconds, Stopping threads took: 0.0000571 seconds
2018-01-08T11:45:49.809-0100: 4.156: Total time for which application threads were stopped: 0.0002183 seconds, Stopping threads took: 0.0000537 seconds
2018-01-08T11:45:49.810-0100: 4.157: Total time for which application threads were stopped: 0.0001566 seconds, Stopping threads took: 0.0000527 seconds
2018-01-08T11:45:49.811-0100: 4.158: Total time for which application threads were stopped: 0.0001921 seconds, Stopping threads took: 0.0000579 seconds
2018-01-08T11:45:49.812-0100: 4.159: Total time for which application threads were stopped: 0.0001451 seconds, Stopping threads took: 0.0000432 seconds
2018-01-08T11:45:49.815-0100: 4.161: Total time for which application threads were stopped: 0.0002810 seconds, Stopping threads took: 0.0001558 seconds
2018-01-08T11:45:49.817-0100: 4.164: Total time for which application threads were stopped: 0.0001535 seconds, Stopping threads took: 0.0000449 seconds
2018-01-08T11:45:49.819-0100: 4.166: Total time for which application threads were stopped: 0.0001452 seconds, Stopping threads took: 0.0000473 seconds
2018-01-08T11:45:49.819-0100: 4.166: Total time for which application threads were stopped: 0.0001955 seconds, Stopping threads took: 0.0000817 seconds
2018-01-08T11:45:49.820-0100: 4.167: Total time for which application threads were stopped: 0.0001432 seconds, Stopping threads took: 0.0000308 seconds
2018-01-08T11:45:49.821-0100: 4.168: Total time for which application threads were stopped: 0.0001926 seconds, Stopping threads took: 0.0000460 seconds
2018-01-08T11:45:49.821-0100: 4.168: Total time for which application threads were stopped: 0.0001948 seconds, Stopping threads took: 0.0000607 seconds
2018-01-08T11:45:49.823-0100: 4.170: Total time for which application threads were stopped: 0.0001947 seconds, Stopping threads took: 0.0000443 seconds
2018-01-08T11:45:49.823-0100: 4.170: Total time for which application threads were stopped: 0.0001644 seconds, Stopping threads took: 0.0000426 seconds
2018-01-08T11:45:49.825-0100: 4.171: Total time for which application threads were stopped: 0.0001988 seconds, Stopping threads took: 0.0000481 seconds
2018-01-08T11:45:49.827-0100: 4.174: Total time for which application threads were stopped: 0.0001991 seconds, Stopping threads took: 0.0000722 seconds
2018-01-08T11:45:49.827-0100: 4.174: Total time for which application threads were stopped: 0.0001455 seconds, Stopping threads took: 0.0000339 seconds
2018-01-08T11:45:49.827-0100: 4.174: Total time for which application threads were stopped: 0.0001452 seconds, Stopping threads took: 0.0000214 seconds
2018-01-08T11:45:49.828-0100: 4.175: Total time for which application threads were stopped: 0.0003499 seconds, Stopping threads took: 0.0000221 seconds
2018-01-08T11:45:49.831-0100: 4.178: Total time for which application threads were stopped: 0.0002554 seconds, Stopping threads took: 0.0001168 seconds
2018-01-08T11:45:49.832-0100: 4.179: Total time for which application threads were stopped: 0.0002105 seconds, Stopping threads took: 0.0000593 seconds
2018-01-08T11:45:49.833-0100: 4.180: Total time for which application threads were stopped: 0.0002674 seconds, Stopping threads took: 0.0001420 seconds
2018-01-08T11:45:49.834-0100: 4.181: Total time for which application threads were stopped: 0.0001736 seconds, Stopping threads took: 0.0000563 seconds
{Heap before GC invocations=14 (full 1):
 par new generation   total 109248K, used 94417K [0x00000007a0000000, 0x00000007a8000000, 0x00000007a8000000)
  eden space 87424K, 100% used [0x00000007a0000000, 0x00000007a5560000, 0x00000007a5560000)
  from space 21824K,  32% used [0x00000007a5560000, 0x00000007a5c34558, 0x00000007a6ab0000)
  to   space 21824K,   0% used [0x00000007a6ab0000, 0x00000007a6ab0000, 0x00000007a8000000)
 concurrent mark-sweep generation total 393216K, used 11747K [0x00000007a8000000, 0x00000007c0000000, 0x00000007c0000000)
 Metaspace       used 33192K, capacity 34026K, committed 34180K, reserved 1079296K
  class space    used 3973K, capacity 4187K, committed 4264K, reserved 1048576K
2018-01-08T11:45:49.840-0100: 4.186: [GC (Allocation Failure) 2018-01-08T11:45:49.840-0100: 4.187: [ParNew
Desired survivor size 20112992 bytes, new threshold 8 (max 8)
- age   1:    2370568 bytes,    2370568 total
- age   2:     146152 bytes,    2516720 total
- age   3:      87680 bytes,    2604400 total
- age   4:     120264 bytes,    2724664 total
- age   5:      69184 bytes,    2793848 total
- age   6:     300776 bytes,    3094624 total
- age   7:    2401800 bytes,    5496424 total
- age   8:      54624 bytes,    5551048 total
: 94417K->7404K(109248K), 0.0094247 secs] 106165K->19193K(502464K), 0.0095856 secs] [Times: user=0.03 sys=0.00, real=0.00 secs] 
Heap after GC invocations=15 (full 1):
 par new generation   total 109248K, used 7404K [0x00000007a0000000, 0x00000007a8000000, 0x00000007a8000000)
  eden space 87424K,   0% used [0x00000007a0000000, 0x00000007a0000000, 0x00000007a5560000)
  from space 21824K,  33% used [0x00000007a6ab0000, 0x00000007a71eb330, 0x00000007a8000000)
  to   space 21824K,   0% used [0x00000007a5560000, 0x00000007a5560000, 0x00000007a6ab0000)
 concurrent mark-sweep generation total 393216K, used 11788K [0x00000007a8000000, 0x00000007c0000000, 0x00000007c0000000)
 Metaspace       used 33192K, capacity 34026K, committed 34180K, reserved 1079296K
  class space    used 3973K, capacity 4187K, committed 4264K, reserved 1048576K
}
2018-01-08T11:45:49.849-0100: 4.196: Total time for which application threads were stopped: 0.0099726 seconds, Stopping threads took: 0.0000465 seconds
2018-01-08T11:45:49.891-0100: 4.238: Total time for which application threads were stopped: 0.0002457 seconds, Stopping threads took: 0.0000352 seconds
2018-01-08T11:45:49.891-0100: 4.238: Total time for which application threads were stopped: 0.0002471 seconds, Stopping threads took: 0.0001053 seconds
2018-01-08T11:45:49.892-0100: 4.239: Total time for which application threads were stopped: 0.0001558 seconds, Stopping threads took: 0.0000461 seconds
2018-01-08T11:45:49.892-0100: 4.239: Total time for which application threads were stopped: 0.0001332 seconds, Stopping threads took: 0.0000187 seconds
2018-01-08T11:45:49.893-0100: 4.240: Total time for which application threads were stopped: 0.0002460 seconds, Stopping threads took: 0.0001188 seconds
2018-01-08T11:45:49.893-0100: 4.240: Total time for which application threads were stopped: 0.0001879 seconds, Stopping threads took: 0.0000599 seconds
2018-01-08T11:45:49.894-0100: 4.240: Total time for which application threads were stopped: 0.0001525 seconds, Stopping threads took: 0.0000429 seconds
2018-01-08T11:45:49.894-0100: 4.241: Total time for which application threads were stopped: 0.0001996 seconds, Stopping threads took: 0.0000747 seconds
2018-01-08T11:45:49.894-0100: 4.241: Total time for which application threads were stopped: 0.0001197 seconds, Stopping threads took: 0.0000142 seconds
2018-01-08T11:45:49.894-0100: 4.241: Total time for which application threads were stopped: 0.0002143 seconds, Stopping threads took: 0.0001097 seconds
2018-01-08T11:45:49.895-0100: 4.242: Total time for which application threads were stopped: 0.0001582 seconds, Stopping threads took: 0.0000535 seconds
2018-01-08T11:45:49.895-0100: 4.242: Total time for which application threads were stopped: 0.0001335 seconds, Stopping threads took: 0.0000391 seconds
2018-01-08T11:45:49.896-0100: 4.242: Total time for which application threads were stopped: 0.0001279 seconds, Stopping threads took: 0.0000348 seconds
2018-01-08T11:45:49.896-0100: 4.243: Total time for which application threads were stopped: 0.0002297 seconds, Stopping threads took: 0.0000534 seconds
2018-01-08T11:45:49.896-0100: 4.243: Total time for which application threads were stopped: 0.0001807 seconds, Stopping threads took: 0.0000859 seconds
2018-01-08T11:45:49.896-0100: 4.243: Total time for which application threads were stopped: 0.0001379 seconds, Stopping threads took: 0.0000456 seconds
2018-01-08T11:45:49.897-0100: 4.244: Total time for which application threads were stopped: 0.0002732 seconds, Stopping threads took: 0.0000363 seconds
2018-01-08T11:45:49.982-0100: 4.329: Total time for which application threads were stopped: 0.0001719 seconds, Stopping threads took: 0.0000260 seconds
2018-01-08T11:45:49.992-0100: 4.339: Total time for which application threads were stopped: 0.0002210 seconds, Stopping threads took: 0.0000457 seconds
2018-01-08T11:45:50.012-0100: 4.359: Total time for which application threads were stopped: 0.0002237 seconds, Stopping threads took: 0.0000436 seconds
{Heap before GC invocations=15 (full 1):
 par new generation   total 109248K, used 94828K [0x00000007a0000000, 0x00000007a8000000, 0x00000007a8000000)
  eden space 87424K, 100% used [0x00000007a0000000, 0x00000007a5560000, 0x00000007a5560000)
  from space 21824K,  33% used [0x00000007a6ab0000, 0x00000007a71eb330, 0x00000007a8000000)
  to   space 21824K,   0% used [0x00000007a5560000, 0x00000007a5560000, 0x00000007a6ab0000)
 concurrent mark-sweep generation total 393216K, used 11788K [0x00000007a8000000, 0x00000007c0000000, 0x00000007c0000000)
 Metaspace       used 34813K, capacity 35770K, committed 35972K, reserved 1081344K
  class space    used 4171K, capacity 4429K, committed 4520K, reserved 1048576K
2018-01-08T11:45:50.091-0100: 4.438: [GC (Allocation Failure) 2018-01-08T11:45:50.091-0100: 4.438: [ParNew
Desired survivor size 20112992 bytes, new threshold 8 (max 8)
- age   1:    3666448 bytes,    3666448 total
- age   2:    1415496 bytes,    5081944 total
- age   3:     146152 bytes,    5228096 total
- age   4:      87616 bytes,    5315712 total
- age   5:     120264 bytes,    5435976 total
- age   6:      68928 bytes,    5504904 total
- age   7:     238736 bytes,    5743640 total
- age   8:    2396664 bytes,    8140304 total
: 94828K->9801K(109248K), 0.0086927 secs] 106617K->21644K(502464K), 0.0088340 secs] [Times: user=0.04 sys=0.00, real=0.00 secs] 
Heap after GC invocations=16 (full 1):
 par new generation   total 109248K, used 9801K [0x00000007a0000000, 0x00000007a8000000, 0x00000007a8000000)
  eden space 87424K,   0% used [0x00000007a0000000, 0x00000007a0000000, 0x00000007a5560000)
  from space 21824K,  44% used [0x00000007a5560000, 0x00000007a5ef2400, 0x00000007a6ab0000)
  to   space 21824K,   0% used [0x00000007a6ab0000, 0x00000007a6ab0000, 0x00000007a8000000)
 concurrent mark-sweep generation total 393216K, used 11843K [0x00000007a8000000, 0x00000007c0000000, 0x00000007c0000000)
 Metaspace       used 34813K, capacity 35770K, committed 35972K, reserved 1081344K
  class space    used 4171K, capacity 4429K, committed 4520K, reserved 1048576K
}
2018-01-08T11:45:50.100-0100: 4.446: Total time for which application threads were stopped: 0.0093791 seconds, Stopping threads took: 0.0000456 seconds
2018-01-08T11:45:50.133-0100: 4.480: Total time for which application threads were stopped: 0.0002887 seconds, Stopping threads took: 0.0001045 seconds
2018-01-08T11:45:50.133-0100: 4.480: Total time for which application threads were stopped: 0.0001651 seconds, Stopping threads took: 0.0000836 seconds
2018-01-08T11:45:50.133-0100: 4.480: Total time for which application threads were stopped: 0.0001174 seconds, Stopping threads took: 0.0000478 seconds
2018-01-08T11:45:50.148-0100: 4.495: Total time for which application threads were stopped: 0.0002621 seconds, Stopping threads took: 0.0000473 seconds
2018-01-08T11:45:50.149-0100: 4.496: Total time for which application threads were stopped: 0.0002125 seconds, Stopping threads took: 0.0000694 seconds
2018-01-08T11:45:50.157-0100: 4.504: Total time for which application threads were stopped: 0.0010172 seconds, Stopping threads took: 0.0000524 seconds
2018-01-08T11:45:50.164-0100: 4.511: Total time for which application threads were stopped: 0.0001834 seconds, Stopping threads took: 0.0000563 seconds
2018-01-08T11:45:50.171-0100: 4.518: Total time for which application threads were stopped: 0.0008162 seconds, Stopping threads took: 0.0000298 seconds
2018-01-08T11:45:50.241-0100: 4.588: Total time for which application threads were stopped: 0.0002599 seconds, Stopping threads took: 0.0000872 seconds
2018-01-08T11:45:50.249-0100: 4.596: Total time for which application threads were stopped: 0.0005539 seconds, Stopping threads took: 0.0000518 seconds
2018-01-08T11:45:50.262-0100: 4.609: Total time for which application threads were stopped: 0.0008215 seconds, Stopping threads took: 0.0000665 seconds
2018-01-08T11:45:50.266-0100: 4.612: Total time for which application threads were stopped: 0.0003193 seconds, Stopping threads took: 0.0001661 seconds
2018-01-08T11:45:50.268-0100: 4.615: Total time for which application threads were stopped: 0.0005918 seconds, Stopping threads took: 0.0000566 seconds
2018-01-08T11:45:50.273-0100: 4.620: Total time for which application threads were stopped: 0.0003640 seconds, Stopping threads took: 0.0002222 seconds
2018-01-08T11:45:50.283-0100: 4.630: Total time for which application threads were stopped: 0.0002942 seconds, Stopping threads took: 0.0001907 seconds
2018-01-08T11:45:50.291-0100: 4.638: Total time for which application threads were stopped: 0.0001515 seconds, Stopping threads took: 0.0000574 seconds
2018-01-08T11:45:50.302-0100: 4.649: Total time for which application threads were stopped: 0.0001493 seconds, Stopping threads took: 0.0000478 seconds
2018-01-08T11:45:50.320-0100: 4.667: Total time for which application threads were stopped: 0.0002384 seconds, Stopping threads took: 0.0001040 seconds
2018-01-08T11:45:50.329-0100: 4.676: Total time for which application threads were stopped: 0.0005676 seconds, Stopping threads took: 0.0000869 seconds
2018-01-08T11:45:50.377-0100: 4.724: Total time for which application threads were stopped: 0.0002492 seconds, Stopping threads took: 0.0000899 seconds
2018-01-08T11:45:50.378-0100: 4.725: Total time for which application threads were stopped: 0.0001545 seconds, Stopping threads took: 0.0000378 seconds
2018-01-08T11:45:50.378-0100: 4.725: Total time for which application threads were stopped: 0.0002253 seconds, Stopping threads took: 0.0000843 seconds
2018-01-08T11:45:50.379-0100: 4.726: Total time for which application threads were stopped: 0.0001260 seconds, Stopping threads took: 0.0000306 seconds
2018-01-08T11:45:50.387-0100: 4.734: Total time for which application threads were stopped: 0.0002946 seconds, Stopping threads took: 0.0001464 seconds
2018-01-08T11:45:50.387-0100: 4.734: Total time for which application threads were stopped: 0.0001289 seconds, Stopping threads took: 0.0000424 seconds
2018-01-08T11:45:50.389-0100: 4.736: Total time for which application threads were stopped: 0.0001844 seconds, Stopping threads took: 0.0000807 seconds
2018-01-08T11:45:50.394-0100: 4.741: Total time for which application threads were stopped: 0.0001782 seconds, Stopping threads took: 0.0000486 seconds
2018-01-08T11:45:50.395-0100: 4.742: Total time for which application threads were stopped: 0.0001431 seconds, Stopping threads took: 0.0000350 seconds
2018-01-08T11:45:50.396-0100: 4.743: Total time for which application threads were stopped: 0.0001801 seconds, Stopping threads took: 0.0000670 seconds
2018-01-08T11:45:50.404-0100: 4.751: Total time for which application threads were stopped: 0.0002003 seconds, Stopping threads took: 0.0000650 seconds
2018-01-08T11:45:50.419-0100: 4.766: Total time for which application threads were stopped: 0.0004553 seconds, Stopping threads took: 0.0002865 seconds
{Heap before GC invocations=16 (full 1):
 par new generation   total 109248K, used 97225K [0x00000007a0000000, 0x00000007a8000000, 0x00000007a8000000)
  eden space 87424K, 100% used [0x00000007a0000000, 0x00000007a5560000, 0x00000007a5560000)
  from space 21824K,  44% used [0x00000007a5560000, 0x00000007a5ef2400, 0x00000007a6ab0000)
  to   space 21824K,   0% used [0x00000007a6ab0000, 0x00000007a6ab0000, 0x00000007a8000000)
 concurrent mark-sweep generation total 393216K, used 11843K [0x00000007a8000000, 0x00000007c0000000, 0x00000007c0000000)
 Metaspace       used 38829K, capacity 40120K, committed 40324K, reserved 1085440K
  class space    used 4715K, capacity 5024K, committed 5032K, reserved 1048576K
2018-01-08T11:45:50.439-0100: 4.786: [GC (Allocation Failure) 2018-01-08T11:45:50.439-0100: 4.786: [ParNew
Desired survivor size 20112992 bytes, new threshold 8 (max 8)
- age   1:   13730168 bytes,   13730168 total
- age   2:    1846056 bytes,   15576224 total
- age   3:    1410880 bytes,   16987104 total
- age   4:     146152 bytes,   17133256 total
- age   5:      87616 bytes,   17220872 total
- age   6:     120264 bytes,   17341136 total
- age   7:      68752 bytes,   17409888 total
- age   8:     238712 bytes,   17648600 total
: 97225K->21824K(109248K), 0.0164949 secs] 109068K->36227K(502464K), 0.0166089 secs] [Times: user=0.09 sys=0.01, real=0.02 secs] 
Heap after GC invocations=17 (full 1):
 par new generation   total 109248K, used 21824K [0x00000007a0000000, 0x00000007a8000000, 0x00000007a8000000)
  eden space 87424K,   0% used [0x00000007a0000000, 0x00000007a0000000, 0x00000007a5560000)
  from space 21824K, 100% used [0x00000007a6ab0000, 0x00000007a8000000, 0x00000007a8000000)
  to   space 21824K,   0% used [0x00000007a5560000, 0x00000007a5560000, 0x00000007a6ab0000)
 concurrent mark-sweep generation total 393216K, used 14403K [0x00000007a8000000, 0x00000007c0000000, 0x00000007c0000000)
 Metaspace       used 38829K, capacity 40120K, committed 40324K, reserved 1085440K
  class space    used 4715K, capacity 5024K, committed 5032K, reserved 1048576K
}
2018-01-08T11:45:50.455-0100: 4.802: Total time for which application threads were stopped: 0.0168863 seconds, Stopping threads took: 0.0000474 seconds
2018-01-08T11:45:50.456-0100: 4.803: Total time for which application threads were stopped: 0.0002043 seconds, Stopping threads took: 0.0000805 seconds
2018-01-08T11:45:50.457-0100: 4.804: Total time for which application threads were stopped: 0.0002334 seconds, Stopping threads took: 0.0001039 seconds
2018-01-08T11:45:50.457-0100: 4.804: Total time for which application threads were stopped: 0.0001455 seconds, Stopping threads took: 0.0000489 seconds
2018-01-08T11:45:50.457-0100: 4.804: Total time for which application threads were stopped: 0.0002108 seconds, Stopping threads took: 0.0000595 seconds
2018-01-08T11:45:50.458-0100: 4.804: Total time for which application threads were stopped: 0.0001904 seconds, Stopping threads took: 0.0000979 seconds
2018-01-08T11:45:50.458-0100: 4.805: Total time for which application threads were stopped: 0.0001776 seconds, Stopping threads took: 0.0000717 seconds
2018-01-08T11:45:50.458-0100: 4.805: Total time for which application threads were stopped: 0.0001500 seconds, Stopping threads took: 0.0000686 seconds
2018-01-08T11:45:50.458-0100: 4.805: Total time for which application threads were stopped: 0.0001256 seconds, Stopping threads took: 0.0000629 seconds
2018-01-08T11:45:50.458-0100: 4.805: Total time for which application threads were stopped: 0.0001186 seconds, Stopping threads took: 0.0000579 seconds
2018-01-08T11:45:50.458-0100: 4.805: Total time for which application threads were stopped: 0.0001309 seconds, Stopping threads took: 0.0000699 seconds
2018-01-08T11:45:50.459-0100: 4.806: Total time for which application threads were stopped: 0.0001674 seconds, Stopping threads took: 0.0001104 seconds
2018-01-08T11:45:50.459-0100: 4.806: Total time for which application threads were stopped: 0.0001152 seconds, Stopping threads took: 0.0000606 seconds
2018-01-08T11:45:50.459-0100: 4.806: Total time for which application threads were stopped: 0.0001809 seconds, Stopping threads took: 0.0001113 seconds
2018-01-08T11:45:50.459-0100: 4.806: Total time for which application threads were stopped: 0.0001453 seconds, Stopping threads took: 0.0000768 seconds
2018-01-08T11:45:50.460-0100: 4.807: Total time for which application threads were stopped: 0.0001130 seconds, Stopping threads took: 0.0000115 seconds
2018-01-08T11:45:50.460-0100: 4.807: Total time for which application threads were stopped: 0.0001250 seconds, Stopping threads took: 0.0000633 seconds
2018-01-08T11:45:50.460-0100: 4.807: Total time for which application threads were stopped: 0.0001114 seconds, Stopping threads took: 0.0000493 seconds
2018-01-08T11:45:50.460-0100: 4.807: Total time for which application threads were stopped: 0.0001711 seconds, Stopping threads took: 0.0001042 seconds
2018-01-08T11:45:50.461-0100: 4.808: Total time for which application threads were stopped: 0.0004348 seconds, Stopping threads took: 0.0000541 seconds
2018-01-08T11:45:50.461-0100: 4.808: Total time for which application threads were stopped: 0.0001654 seconds, Stopping threads took: 0.0000740 seconds
{Heap before GC invocations=17 (full 1):
 par new generation   total 109248K, used 109248K [0x00000007a0000000, 0x00000007a8000000, 0x00000007a8000000)
  eden space 87424K, 100% used [0x00000007a0000000, 0x00000007a5560000, 0x00000007a5560000)
  from space 21824K, 100% used [0x00000007a6ab0000, 0x00000007a8000000, 0x00000007a8000000)
  to   space 21824K,   0% used [0x00000007a5560000, 0x00000007a5560000, 0x00000007a6ab0000)
 concurrent mark-sweep generation total 393216K, used 14403K [0x00000007a8000000, 0x00000007c0000000, 0x00000007c0000000)
 Metaspace       used 38853K, capacity 40190K, committed 40324K, reserved 1085440K
  class space    used 4715K, capacity 5025K, committed 5032K, reserved 1048576K
2018-01-08T11:45:50.521-0100: 4.868: [GC (Allocation Failure) 2018-01-08T11:45:50.521-0100: 4.868: [ParNew
Desired survivor size 20112992 bytes, new threshold 8 (max 8)
- age   1:    1103608 bytes,    1103608 total
- age   2:    9707368 bytes,   10810976 total
- age   3:    1338224 bytes,   12149200 total
- age   4:    1410880 bytes,   13560080 total
- age   5:     146152 bytes,   13706232 total
- age   6:      87616 bytes,   13793848 total
- age   7:     120264 bytes,   13914112 total
- age   8:      68752 bytes,   13982864 total
: 109248K->18734K(109248K), 0.0155936 secs] 123651K->33373K(502464K), 0.0157275 secs] [Times: user=0.09 sys=0.00, real=0.01 secs] 
Heap after GC invocations=18 (full 1):
 par new generation   total 109248K, used 18734K [0x00000007a0000000, 0x00000007a8000000, 0x00000007a8000000)
  eden space 87424K,   0% used [0x00000007a0000000, 0x00000007a0000000, 0x00000007a5560000)
  from space 21824K,  85% used [0x00000007a5560000, 0x00000007a67ab9a0, 0x00000007a6ab0000)
  to   space 21824K,   0% used [0x00000007a6ab0000, 0x00000007a6ab0000, 0x00000007a8000000)
 concurrent mark-sweep generation total 393216K, used 14638K [0x00000007a8000000, 0x00000007c0000000, 0x00000007c0000000)
 Metaspace       used 38853K, capacity 40190K, committed 40324K, reserved 1085440K
  class space    used 4715K, capacity 5025K, committed 5032K, reserved 1048576K
}
2018-01-08T11:45:50.537-0100: 4.884: Total time for which application threads were stopped: 0.0159983 seconds, Stopping threads took: 0.0000347 seconds
{Heap before GC invocations=18 (full 1):
 par new generation   total 109248K, used 106158K [0x00000007a0000000, 0x00000007a8000000, 0x00000007a8000000)
  eden space 87424K, 100% used [0x00000007a0000000, 0x00000007a5560000, 0x00000007a5560000)
  from space 21824K,  85% used [0x00000007a5560000, 0x00000007a67ab9a0, 0x00000007a6ab0000)
  to   space 21824K,   0% used [0x00000007a6ab0000, 0x00000007a6ab0000, 0x00000007a8000000)
 concurrent mark-sweep generation total 393216K, used 14638K [0x00000007a8000000, 0x00000007c0000000, 0x00000007c0000000)
 Metaspace       used 38951K, capacity 40260K, committed 40452K, reserved 1085440K
  class space    used 4722K, capacity 5036K, committed 5160K, reserved 1048576K
2018-01-08T11:45:50.756-0100: 5.103: [GC (Allocation Failure) 2018-01-08T11:45:50.756-0100: 5.103: [ParNew
Desired survivor size 20112992 bytes, new threshold 8 (max 8)
- age   1:    1139552 bytes,    1139552 total
- age   2:      10816 bytes,    1150368 total
- age   3:    9124968 bytes,   10275336 total
- age   4:    1338200 bytes,   11613536 total
- age   5:    1410880 bytes,   13024416 total
- age   6:     146152 bytes,   13170568 total
- age   7:      87616 bytes,   13258184 total
- age   8:     120264 bytes,   13378448 total
: 106158K->14216K(109248K), 0.0134895 secs] 120797K->28924K(502464K), 0.0135993 secs] [Times: user=0.06 sys=0.00, real=0.02 secs] 
Heap after GC invocations=19 (full 1):
 par new generation   total 109248K, used 14216K [0x00000007a0000000, 0x00000007a8000000, 0x00000007a8000000)
  eden space 87424K,   0% used [0x00000007a0000000, 0x00000007a0000000, 0x00000007a5560000)
  from space 21824K,  65% used [0x00000007a6ab0000, 0x00000007a7892010, 0x00000007a8000000)
  to   space 21824K,   0% used [0x00000007a5560000, 0x00000007a5560000, 0x00000007a6ab0000)
 concurrent mark-sweep generation total 393216K, used 14708K [0x00000007a8000000, 0x00000007c0000000, 0x00000007c0000000)
 Metaspace       used 38951K, capacity 40260K, committed 40452K, reserved 1085440K
  class space    used 4722K, capacity 5036K, committed 5160K, reserved 1048576K
}
2018-01-08T11:45:50.770-0100: 5.117: Total time for which application threads were stopped: 0.0139000 seconds, Stopping threads took: 0.0000366 seconds
2018-01-08T11:45:50.770-0100: 5.117: Total time for which application threads were stopped: 0.0001915 seconds, Stopping threads took: 0.0000800 seconds
{Heap before GC invocations=19 (full 1):
 par new generation   total 109248K, used 101640K [0x00000007a0000000, 0x00000007a8000000, 0x00000007a8000000)
  eden space 87424K, 100% used [0x00000007a0000000, 0x00000007a5560000, 0x00000007a5560000)
  from space 21824K,  65% used [0x00000007a6ab0000, 0x00000007a7892010, 0x00000007a8000000)
  to   space 21824K,   0% used [0x00000007a5560000, 0x00000007a5560000, 0x00000007a6ab0000)
 concurrent mark-sweep generation total 393216K, used 14708K [0x00000007a8000000, 0x00000007c0000000, 0x00000007c0000000)
 Metaspace       used 38995K, capacity 40314K, committed 40452K, reserved 1085440K
  class space    used 4727K, capacity 5045K, committed 5160K, reserved 1048576K
2018-01-08T11:45:50.843-0100: 5.190: [GC (Allocation Failure) 2018-01-08T11:45:50.843-0100: 5.190: [ParNew
Desired survivor size 20112992 bytes, new threshold 8 (max 8)
- age   1:    1117632 bytes,    1117632 total
- age   2:     745704 bytes,    1863336 total
- age   3:      10816 bytes,    1874152 total
- age   4:    9124944 bytes,   10999096 total
- age   5:    1338200 bytes,   12337296 total
- age   6:    1410880 bytes,   13748176 total
- age   7:     146152 bytes,   13894328 total
- age   8:      87616 bytes,   13981944 total
: 101640K->19101K(109248K), 0.0118292 secs] 116348K->33929K(502464K), 0.0119452 secs] [Times: user=0.07 sys=0.00, real=0.01 secs] 
Heap after GC invocations=20 (full 1):
 par new generation   total 109248K, used 19101K [0x00000007a0000000, 0x00000007a8000000, 0x00000007a8000000)
  eden space 87424K,   0% used [0x00000007a0000000, 0x00000007a0000000, 0x00000007a5560000)
  from space 21824K,  87% used [0x00000007a5560000, 0x00000007a68075e0, 0x00000007a6ab0000)
  to   space 21824K,   0% used [0x00000007a6ab0000, 0x00000007a6ab0000, 0x00000007a8000000)
 concurrent mark-sweep generation total 393216K, used 14828K [0x00000007a8000000, 0x00000007c0000000, 0x00000007c0000000)
 Metaspace       used 38995K, capacity 40314K, committed 40452K, reserved 1085440K
  class space    used 4727K, capacity 5045K, committed 5160K, reserved 1048576K
}
2018-01-08T11:45:50.855-0100: 5.202: Total time for which application threads were stopped: 0.0122123 seconds, Stopping threads took: 0.0000327 seconds
2018-01-08T11:45:50.856-0100: 5.202: Total time for which application threads were stopped: 0.0002330 seconds, Stopping threads took: 0.0000781 seconds
{Heap before GC invocations=20 (full 1):
 par new generation   total 109248K, used 106525K [0x00000007a0000000, 0x00000007a8000000, 0x00000007a8000000)
  eden space 87424K, 100% used [0x00000007a0000000, 0x00000007a5560000, 0x00000007a5560000)
  from space 21824K,  87% used [0x00000007a5560000, 0x00000007a68075e0, 0x00000007a6ab0000)
  to   space 21824K,   0% used [0x00000007a6ab0000, 0x00000007a6ab0000, 0x00000007a8000000)
 concurrent mark-sweep generation total 393216K, used 14828K [0x00000007a8000000, 0x00000007c0000000, 0x00000007c0000000)
 Metaspace       used 39002K, capacity 40320K, committed 40452K, reserved 1085440K
  class space    used 4727K, capacity 5046K, committed 5160K, reserved 1048576K
2018-01-08T11:45:50.959-0100: 5.306: [GC (Allocation Failure) 2018-01-08T11:45:50.960-0100: 5.306: [ParNew
Desired survivor size 20112992 bytes, new threshold 8 (max 8)
- age   1:     494592 bytes,     494592 total
- age   2:     945856 bytes,    1440448 total
- age   3:     735960 bytes,    2176408 total
- age   4:      10816 bytes,    2187224 total
- age   5:    9124968 bytes,   11312192 total
- age   6:    1338200 bytes,   12650392 total
- age   7:    1410880 bytes,   14061272 total
- age   8:     146152 bytes,   14207424 total
: 106525K->18981K(109248K), 0.0114363 secs] 121353K->33898K(502464K), 0.0115507 secs] [Times: user=0.07 sys=0.00, real=0.02 secs] 
Heap after GC invocations=21 (full 1):
 par new generation   total 109248K, used 18981K [0x00000007a0000000, 0x00000007a8000000, 0x00000007a8000000)
  eden space 87424K,   0% used [0x00000007a0000000, 0x00000007a0000000, 0x00000007a5560000)
  from space 21824K,  86% used [0x00000007a6ab0000, 0x00000007a7d39690, 0x00000007a8000000)
  to   space 21824K,   0% used [0x00000007a5560000, 0x00000007a5560000, 0x00000007a6ab0000)
 concurrent mark-sweep generation total 393216K, used 14916K [0x00000007a8000000, 0x00000007c0000000, 0x00000007c0000000)
 Metaspace       used 39002K, capacity 40320K, committed 40452K, reserved 1085440K
  class space    used 4727K, capacity 5046K, committed 5160K, reserved 1048576K
}
2018-01-08T11:45:50.971-0100: 5.318: Total time for which application threads were stopped: 0.0118097 seconds, Stopping threads took: 0.0000256 seconds
2018-01-08T11:45:51.024-0100: 5.371: Total time for which application threads were stopped: 0.0001808 seconds, Stopping threads took: 0.0000543 seconds
2018-01-08T11:45:51.051-0100: 5.398: Total time for which application threads were stopped: 0.0001975 seconds, Stopping threads took: 0.0000466 seconds
2018-01-08T11:45:51.075-0100: 5.422: Total time for which application threads were stopped: 0.0002100 seconds, Stopping threads took: 0.0000776 seconds
2018-01-08T11:45:51.079-0100: 5.426: Total time for which application threads were stopped: 0.0001235 seconds, Stopping threads took: 0.0000226 seconds
2018-01-08T11:45:51.079-0100: 5.426: Total time for which application threads were stopped: 0.0002172 seconds, Stopping threads took: 0.0000228 seconds
2018-01-08T11:45:51.080-0100: 5.427: Total time for which application threads were stopped: 0.0001409 seconds, Stopping threads took: 0.0000326 seconds
2018-01-08T11:45:51.081-0100: 5.427: Total time for which application threads were stopped: 0.0001348 seconds, Stopping threads took: 0.0000409 seconds
2018-01-08T11:45:51.081-0100: 5.428: Total time for which application threads were stopped: 0.0001009 seconds, Stopping threads took: 0.0000271 seconds
2018-01-08T11:45:51.081-0100: 5.428: Total time for which application threads were stopped: 0.0000699 seconds, Stopping threads took: 0.0000101 seconds
2018-01-08T11:45:51.082-0100: 5.429: Total time for which application threads were stopped: 0.0001429 seconds, Stopping threads took: 0.0000342 seconds
2018-01-08T11:45:51.083-0100: 5.430: Total time for which application threads were stopped: 0.0001225 seconds, Stopping threads took: 0.0000318 seconds
2018-01-08T11:45:51.084-0100: 5.431: Total time for which application threads were stopped: 0.0001676 seconds, Stopping threads took: 0.0000467 seconds
2018-01-08T11:45:52.087-0100: 6.434: Total time for which application threads were stopped: 0.0002047 seconds, Stopping threads took: 0.0000468 seconds
2018-01-08T11:46:04.113-0100: 18.460: Total time for which application threads were stopped: 0.0001370 seconds, Stopping threads took: 0.0000305 seconds
2018-01-08T11:46:06.116-0100: 20.462: Total time for which application threads were stopped: 0.0001334 seconds, Stopping threads took: 0.0000302 seconds
2018-01-08T11:46:08.121-0100: 22.468: Total time for which application threads were stopped: 0.0001536 seconds, Stopping threads took: 0.0000542 seconds
2018-01-08T11:46:12.130-0100: 26.476: Total time for which application threads were stopped: 0.0001844 seconds, Stopping threads took: 0.0000370 seconds
2018-01-08T11:46:23.472-0100: 37.819: Total time for which application threads were stopped: 0.0002219 seconds, Stopping threads took: 0.0000480 seconds
2018-01-08T11:46:23.473-0100: 37.820: Total time for which application threads were stopped: 0.0002071 seconds, Stopping threads took: 0.0000551 seconds
2018-01-08T11:46:23.497-0100: 37.844: Total time for which application threads were stopped: 0.0003641 seconds, Stopping threads took: 0.0001005 seconds
2018-01-08T11:46:23.498-0100: 37.845: Total time for which application threads were stopped: 0.0003075 seconds, Stopping threads took: 0.0001462 seconds
2018-01-08T11:46:23.500-0100: 37.847: Total time for which application threads were stopped: 0.0002389 seconds, Stopping threads took: 0.0000315 seconds
{Heap before GC invocations=21 (full 1):
 par new generation   total 109248K, used 106405K [0x00000007a0000000, 0x00000007a8000000, 0x00000007a8000000)
  eden space 87424K, 100% used [0x00000007a0000000, 0x00000007a5560000, 0x00000007a5560000)
  from space 21824K,  86% used [0x00000007a6ab0000, 0x00000007a7d39690, 0x00000007a8000000)
  to   space 21824K,   0% used [0x00000007a5560000, 0x00000007a5560000, 0x00000007a6ab0000)
 concurrent mark-sweep generation total 393216K, used 14916K [0x00000007a8000000, 0x00000007c0000000, 0x00000007c0000000)
 Metaspace       used 39170K, capacity 40544K, committed 40708K, reserved 1085440K
  class space    used 4742K, capacity 5060K, committed 5160K, reserved 1048576K
2018-01-08T11:46:23.517-0100: 37.863: [GC (Allocation Failure) 2018-01-08T11:46:23.517-0100: 37.864: [ParNew
Desired survivor size 20112992 bytes, new threshold 8 (max 8)
- age   1:    5694384 bytes,    5694384 total
- age   2:     110024 bytes,    5804408 total
- age   3:     154648 bytes,    5959056 total
- age   4:     733784 bytes,    6692840 total
- age   5:      10816 bytes,    6703656 total
- age   6:    9119912 bytes,   15823568 total
- age   7:    1338072 bytes,   17161640 total
- age   8:    1410528 bytes,   18572168 total
: 106405K->19373K(109248K), 0.0320565 secs] 121322K->34436K(502464K), 0.0322411 secs] [Times: user=0.07 sys=0.00, real=0.03 secs] 
Heap after GC invocations=22 (full 1):
 par new generation   total 109248K, used 19373K [0x00000007a0000000, 0x00000007a8000000, 0x00000007a8000000)
  eden space 87424K,   0% used [0x00000007a0000000, 0x00000007a0000000, 0x00000007a5560000)
  from space 21824K,  88% used [0x00000007a5560000, 0x00000007a684b658, 0x00000007a6ab0000)
  to   space 21824K,   0% used [0x00000007a6ab0000, 0x00000007a6ab0000, 0x00000007a8000000)
 concurrent mark-sweep generation total 393216K, used 15062K [0x00000007a8000000, 0x00000007c0000000, 0x00000007c0000000)
 Metaspace       used 39170K, capacity 40544K, committed 40708K, reserved 1085440K
  class space    used 4742K, capacity 5060K, committed 5160K, reserved 1048576K
}
2018-01-08T11:46:23.549-0100: 37.896: Total time for which application threads were stopped: 0.0330170 seconds, Stopping threads took: 0.0004565 seconds
2018-01-08T11:46:23.555-0100: 37.902: Total time for which application threads were stopped: 0.0003549 seconds, Stopping threads took: 0.0001537 seconds
{Heap before GC invocations=22 (full 1):
 par new generation   total 109248K, used 106797K [0x00000007a0000000, 0x00000007a8000000, 0x00000007a8000000)
  eden space 87424K, 100% used [0x00000007a0000000, 0x00000007a5560000, 0x00000007a5560000)
  from space 21824K,  88% used [0x00000007a5560000, 0x00000007a684b658, 0x00000007a6ab0000)
  to   space 21824K,   0% used [0x00000007a6ab0000, 0x00000007a6ab0000, 0x00000007a8000000)
 concurrent mark-sweep generation total 393216K, used 15062K [0x00000007a8000000, 0x00000007c0000000, 0x00000007c0000000)
 Metaspace       used 39177K, capacity 40550K, committed 40708K, reserved 1085440K
  class space    used 4743K, capacity 5061K, committed 5160K, reserved 1048576K
2018-01-08T11:46:23.622-0100: 37.969: [GC (Allocation Failure) 2018-01-08T11:46:23.622-0100: 37.969: [ParNew
Desired survivor size 20112992 bytes, new threshold 8 (max 8)
- age   1:     755480 bytes,     755480 total
- age   2:    4913312 bytes,    5668792 total
- age   3:     110024 bytes,    5778816 total
- age   4:     154648 bytes,    5933464 total
- age   5:     726088 bytes,    6659552 total
- age   6:      10816 bytes,    6670368 total
- age   7:    9119288 bytes,   15789656 total
- age   8:    1337904 bytes,   17127560 total
: 106797K->21824K(109248K), 0.0288971 secs] 121860K->38490K(502464K), 0.0290554 secs] [Times: user=0.09 sys=0.01, real=0.03 secs] 
Heap after GC invocations=23 (full 1):
 par new generation   total 109248K, used 21824K [0x00000007a0000000, 0x00000007a8000000, 0x00000007a8000000)
  eden space 87424K,   0% used [0x00000007a0000000, 0x00000007a0000000, 0x00000007a5560000)
  from space 21824K, 100% used [0x00000007a6ab0000, 0x00000007a8000000, 0x00000007a8000000)
  to   space 21824K,   0% used [0x00000007a5560000, 0x00000007a5560000, 0x00000007a6ab0000)
 concurrent mark-sweep generation total 393216K, used 16666K [0x00000007a8000000, 0x00000007c0000000, 0x00000007c0000000)
 Metaspace       used 39177K, capacity 40550K, committed 40708K, reserved 1085440K
  class space    used 4743K, capacity 5061K, committed 5160K, reserved 1048576K
}
2018-01-08T11:46:23.651-0100: 37.998: Total time for which application threads were stopped: 0.0294385 seconds, Stopping threads took: 0.0000570 seconds
2018-01-08T11:46:23.651-0100: 37.998: Total time for which application threads were stopped: 0.0002141 seconds, Stopping threads took: 0.0000446 seconds
2018-01-08T11:46:23.652-0100: 37.999: Total time for which application threads were stopped: 0.0002480 seconds, Stopping threads took: 0.0000986 seconds
2018-01-08T11:46:23.652-0100: 37.999: Total time for which application threads were stopped: 0.0002080 seconds, Stopping threads took: 0.0000400 seconds
2018-01-08T11:46:23.652-0100: 37.999: Total time for which application threads were stopped: 0.0002298 seconds, Stopping threads took: 0.0000827 seconds
2018-01-08T11:46:23.653-0100: 37.999: Total time for which application threads were stopped: 0.0002269 seconds, Stopping threads took: 0.0000843 seconds
2018-01-08T11:46:23.653-0100: 38.000: Total time for which application threads were stopped: 0.0001826 seconds, Stopping threads took: 0.0000388 seconds
2018-01-08T11:46:23.653-0100: 38.000: Total time for which application threads were stopped: 0.0001552 seconds, Stopping threads took: 0.0000341 seconds
2018-01-08T11:46:23.653-0100: 38.000: Total time for which application threads were stopped: 0.0001545 seconds, Stopping threads took: 0.0000404 seconds
2018-01-08T11:46:23.653-0100: 38.000: Total time for which application threads were stopped: 0.0001916 seconds, Stopping threads took: 0.0000705 seconds
2018-01-08T11:46:23.654-0100: 38.001: Total time for which application threads were stopped: 0.0001547 seconds, Stopping threads took: 0.0000438 seconds
2018-01-08T11:46:23.654-0100: 38.001: Total time for which application threads were stopped: 0.0001586 seconds, Stopping threads took: 0.0000356 seconds
2018-01-08T11:46:23.654-0100: 38.001: Total time for which application threads were stopped: 0.0001443 seconds, Stopping threads took: 0.0000341 seconds
2018-01-08T11:46:23.654-0100: 38.001: Total time for which application threads were stopped: 0.0001474 seconds, Stopping threads took: 0.0000334 seconds
2018-01-08T11:46:23.654-0100: 38.001: Total time for which application threads were stopped: 0.0001502 seconds, Stopping threads took: 0.0000400 seconds
2018-01-08T11:46:23.655-0100: 38.002: Total time for which application threads were stopped: 0.0001488 seconds, Stopping threads took: 0.0000360 seconds
2018-01-08T11:46:23.655-0100: 38.002: Total time for which application threads were stopped: 0.0001489 seconds, Stopping threads took: 0.0000370 seconds
2018-01-08T11:46:23.655-0100: 38.002: Total time for which application threads were stopped: 0.0001415 seconds, Stopping threads took: 0.0000290 seconds
2018-01-08T11:46:23.655-0100: 38.002: Total time for which application threads were stopped: 0.0001374 seconds, Stopping threads took: 0.0000346 seconds
2018-01-08T11:46:23.655-0100: 38.002: Total time for which application threads were stopped: 0.0001497 seconds, Stopping threads took: 0.0000402 seconds
2018-01-08T11:46:23.656-0100: 38.003: Total time for which application threads were stopped: 0.0003835 seconds, Stopping threads took: 0.0000358 seconds
2018-01-08T11:46:23.685-0100: 38.032: Total time for which application threads were stopped: 0.0004333 seconds, Stopping threads took: 0.0001436 seconds
2018-01-08T11:46:23.697-0100: 38.044: Total time for which application threads were stopped: 0.0003153 seconds, Stopping threads took: 0.0000830 seconds
2018-01-08T11:46:23.709-0100: 38.056: Total time for which application threads were stopped: 0.0003709 seconds, Stopping threads took: 0.0000880 seconds
2018-01-08T11:46:23.720-0100: 38.067: Total time for which application threads were stopped: 0.0002448 seconds, Stopping threads took: 0.0000596 seconds
2018-01-08T11:46:23.730-0100: 38.077: Total time for which application threads were stopped: 0.0002694 seconds, Stopping threads took: 0.0000689 seconds
2018-01-08T11:46:23.741-0100: 38.087: Total time for which application threads were stopped: 0.0003290 seconds, Stopping threads took: 0.0000639 seconds
2018-01-08T11:46:23.751-0100: 38.098: Total time for which application threads were stopped: 0.0002649 seconds, Stopping threads took: 0.0000692 seconds
{Heap before GC invocations=23 (full 1):
 par new generation   total 109248K, used 109248K [0x00000007a0000000, 0x00000007a8000000, 0x00000007a8000000)
  eden space 87424K, 100% used [0x00000007a0000000, 0x00000007a5560000, 0x00000007a5560000)
  from space 21824K, 100% used [0x00000007a6ab0000, 0x00000007a8000000, 0x00000007a8000000)
  to   space 21824K,   0% used [0x00000007a5560000, 0x00000007a5560000, 0x00000007a6ab0000)
 concurrent mark-sweep generation total 393216K, used 16666K [0x00000007a8000000, 0x00000007c0000000, 0x00000007c0000000)
 Metaspace       used 39181K, capacity 40550K, committed 40708K, reserved 1085440K
  class space    used 4743K, capacity 5061K, committed 5160K, reserved 1048576K
2018-01-08T11:46:23.752-0100: 38.099: [GC (Allocation Failure) 2018-01-08T11:46:23.752-0100: 38.099: [ParNew
Desired survivor size 20112992 bytes, new threshold 8 (max 8)
- age   1:     680800 bytes,     680800 total
- age   2:     129840 bytes,     810640 total
- age   3:    4740536 bytes,    5551176 total
- age   4:     110024 bytes,    5661200 total
- age   5:     154648 bytes,    5815848 total
- age   6:     726088 bytes,    6541936 total
- age   7:      10816 bytes,    6552752 total
- age   8:    9119344 bytes,   15672096 total
: 109248K->19141K(109248K), 0.0184027 secs] 125914K->37148K(502464K), 0.0185792 secs] [Times: user=0.08 sys=0.00, real=0.02 secs] 
Heap after GC invocations=24 (full 1):
 par new generation   total 109248K, used 19141K [0x00000007a0000000, 0x00000007a8000000, 0x00000007a8000000)
  eden space 87424K,   0% used [0x00000007a0000000, 0x00000007a0000000, 0x00000007a5560000)
  from space 21824K,  87% used [0x00000007a5560000, 0x00000007a6811538, 0x00000007a6ab0000)
  to   space 21824K,   0% used [0x00000007a6ab0000, 0x00000007a6ab0000, 0x00000007a8000000)
 concurrent mark-sweep generation total 393216K, used 18007K [0x00000007a8000000, 0x00000007c0000000, 0x00000007c0000000)
 Metaspace       used 39181K, capacity 40550K, committed 40708K, reserved 1085440K
  class space    used 4743K, capacity 5061K, committed 5160K, reserved 1048576K
}
2018-01-08T11:46:23.771-0100: 38.118: Total time for which application threads were stopped: 0.0189346 seconds, Stopping threads took: 0.0000528 seconds
{Heap before GC invocations=24 (full 1):
 par new generation   total 109248K, used 106565K [0x00000007a0000000, 0x00000007a8000000, 0x00000007a8000000)
  eden space 87424K, 100% used [0x00000007a0000000, 0x00000007a5560000, 0x00000007a5560000)
  from space 21824K,  87% used [0x00000007a5560000, 0x00000007a6811538, 0x00000007a6ab0000)
  to   space 21824K,   0% used [0x00000007a6ab0000, 0x00000007a6ab0000, 0x00000007a8000000)
 concurrent mark-sweep generation total 393216K, used 18007K [0x00000007a8000000, 0x00000007c0000000, 0x00000007c0000000)
 Metaspace       used 39191K, capacity 40550K, committed 40708K, reserved 1085440K
  class space    used 4743K, capacity 5061K, committed 5160K, reserved 1048576K
2018-01-08T11:46:23.848-0100: 38.195: [GC (Allocation Failure) 2018-01-08T11:46:23.848-0100: 38.195: [ParNew
Desired survivor size 20112992 bytes, new threshold 8 (max 8)
- age   1:    1068392 bytes,    1068392 total
- age   2:     108504 bytes,    1176896 total
- age   3:     129840 bytes,    1306736 total
- age   4:    4740360 bytes,    6047096 total
- age   5:     110024 bytes,    6157120 total
- age   6:     154648 bytes,    6311768 total
- age   7:     726088 bytes,    7037856 total
- age   8:      10816 bytes,    7048672 total
: 106565K->12625K(109248K), 0.0334600 secs] 124572K->41014K(502464K), 0.0336090 secs] [Times: user=0.12 sys=0.01, real=0.04 secs] 
Heap after GC invocations=25 (full 1):
 par new generation   total 109248K, used 12625K [0x00000007a0000000, 0x00000007a8000000, 0x00000007a8000000)
  eden space 87424K,   0% used [0x00000007a0000000, 0x00000007a0000000, 0x00000007a5560000)
  from space 21824K,  57% used [0x00000007a6ab0000, 0x00000007a7704430, 0x00000007a8000000)
  to   space 21824K,   0% used [0x00000007a5560000, 0x00000007a5560000, 0x00000007a6ab0000)
 concurrent mark-sweep generation total 393216K, used 28389K [0x00000007a8000000, 0x00000007c0000000, 0x00000007c0000000)
 Metaspace       used 39191K, capacity 40550K, committed 40708K, reserved 1085440K
  class space    used 4743K, capacity 5061K, committed 5160K, reserved 1048576K
}
2018-01-08T11:46:23.882-0100: 38.229: Total time for which application threads were stopped: 0.0340076 seconds, Stopping threads took: 0.0001113 seconds
2018-01-08T11:46:23.936-0100: 38.283: Total time for which application threads were stopped: 0.0003019 seconds, Stopping threads took: 0.0001032 seconds
{Heap before GC invocations=25 (full 1):
 par new generation   total 109248K, used 100049K [0x00000007a0000000, 0x00000007a8000000, 0x00000007a8000000)
  eden space 87424K, 100% used [0x00000007a0000000, 0x00000007a5560000, 0x00000007a5560000)
  from space 21824K,  57% used [0x00000007a6ab0000, 0x00000007a7704430, 0x00000007a8000000)
  to   space 21824K,   0% used [0x00000007a5560000, 0x00000007a5560000, 0x00000007a6ab0000)
 concurrent mark-sweep generation total 393216K, used 28389K [0x00000007a8000000, 0x00000007c0000000, 0x00000007c0000000)
 Metaspace       used 39218K, capacity 40568K, committed 40708K, reserved 1085440K
  class space    used 4744K, capacity 5064K, committed 5160K, reserved 1048576K
2018-01-08T11:46:23.958-0100: 38.305: [GC (Allocation Failure) 2018-01-08T11:46:23.958-0100: 38.305: [ParNew
Desired survivor size 20112992 bytes, new threshold 8 (max 8)
- age   1:     851560 bytes,     851560 total
- age   2:     675232 bytes,    1526792 total
- age   3:     107568 bytes,    1634360 total
- age   4:     128760 bytes,    1763120 total
- age   5:    4200992 bytes,    5964112 total
- age   6:     110024 bytes,    6074136 total
- age   7:     154648 bytes,    6228784 total
- age   8:     726088 bytes,    6954872 total
: 100049K->8509K(109248K), 0.0106905 secs] 128438K->36909K(502464K), 0.0108227 secs] [Times: user=0.03 sys=0.00, real=0.01 secs] 
Heap after GC invocations=26 (full 1):
 par new generation   total 109248K, used 8509K [0x00000007a0000000, 0x00000007a8000000, 0x00000007a8000000)
  eden space 87424K,   0% used [0x00000007a0000000, 0x00000007a0000000, 0x00000007a5560000)
  from space 21824K,  38% used [0x00000007a5560000, 0x00000007a5daf468, 0x00000007a6ab0000)
  to   space 21824K,   0% used [0x00000007a6ab0000, 0x00000007a6ab0000, 0x00000007a8000000)
 concurrent mark-sweep generation total 393216K, used 28400K [0x00000007a8000000, 0x00000007c0000000, 0x00000007c0000000)
 Metaspace       used 39218K, capacity 40568K, committed 40708K, reserved 1085440K
  class space    used 4744K, capacity 5064K, committed 5160K, reserved 1048576K
}
2018-01-08T11:46:23.969-0100: 38.316: Total time for which application threads were stopped: 0.0112168 seconds, Stopping threads took: 0.0000936 seconds
2018-01-08T11:46:24.003-0100: 38.350: Total time for which application threads were stopped: 0.0005579 seconds, Stopping threads took: 0.0000933 seconds
2018-01-08T11:46:24.092-0100: 38.439: Total time for which application threads were stopped: 0.0003029 seconds, Stopping threads took: 0.0000652 seconds
2018-01-08T11:46:24.128-0100: 38.475: Total time for which application threads were stopped: 0.0003604 seconds, Stopping threads took: 0.0000561 seconds
2018-01-08T11:46:24.130-0100: 38.477: Total time for which application threads were stopped: 0.0003399 seconds, Stopping threads took: 0.0000334 seconds
2018-01-08T11:46:24.131-0100: 38.478: Total time for which application threads were stopped: 0.0002394 seconds, Stopping threads took: 0.0000220 seconds
2018-01-08T11:46:24.131-0100: 38.478: Total time for which application threads were stopped: 0.0001704 seconds, Stopping threads took: 0.0000180 seconds
2018-01-08T11:46:24.132-0100: 38.478: Total time for which application threads were stopped: 0.0002747 seconds, Stopping threads took: 0.0000170 seconds
2018-01-08T11:46:24.132-0100: 38.479: Total time for which application threads were stopped: 0.0002300 seconds, Stopping threads took: 0.0000582 seconds
2018-01-08T11:46:24.132-0100: 38.479: Total time for which application threads were stopped: 0.0001483 seconds, Stopping threads took: 0.0000178 seconds
2018-01-08T11:46:24.132-0100: 38.479: Total time for which application threads were stopped: 0.0002886 seconds, Stopping threads took: 0.0001333 seconds
2018-01-08T11:46:24.133-0100: 38.480: Total time for which application threads were stopped: 0.0001551 seconds, Stopping threads took: 0.0000299 seconds
2018-01-08T11:46:24.145-0100: 38.491: Total time for which application threads were stopped: 0.0002256 seconds, Stopping threads took: 0.0000610 seconds
2018-01-08T11:46:24.146-0100: 38.493: Total time for which application threads were stopped: 0.0002837 seconds, Stopping threads took: 0.0001277 seconds
2018-01-08T11:46:24.146-0100: 38.493: Total time for which application threads were stopped: 0.0001800 seconds, Stopping threads took: 0.0000468 seconds
2018-01-08T11:46:24.146-0100: 38.493: Total time for which application threads were stopped: 0.0001496 seconds, Stopping threads took: 0.0000371 seconds
2018-01-08T11:46:24.146-0100: 38.493: Total time for which application threads were stopped: 0.0001350 seconds, Stopping threads took: 0.0000269 seconds
2018-01-08T11:46:24.147-0100: 38.494: Total time for which application threads were stopped: 0.0001128 seconds, Stopping threads took: 0.0000143 seconds
2018-01-08T11:46:24.147-0100: 38.494: Total time for which application threads were stopped: 0.0001517 seconds, Stopping threads took: 0.0000489 seconds
2018-01-08T11:46:24.147-0100: 38.494: Total time for which application threads were stopped: 0.0001260 seconds, Stopping threads took: 0.0000286 seconds
2018-01-08T11:46:24.147-0100: 38.494: Total time for which application threads were stopped: 0.0001198 seconds, Stopping threads took: 0.0000283 seconds
2018-01-08T11:46:24.147-0100: 38.494: Total time for which application threads were stopped: 0.0001148 seconds, Stopping threads took: 0.0000258 seconds
2018-01-08T11:46:24.147-0100: 38.494: Total time for which application threads were stopped: 0.0001184 seconds, Stopping threads took: 0.0000257 seconds
2018-01-08T11:46:24.148-0100: 38.495: Total time for which application threads were stopped: 0.0001059 seconds, Stopping threads took: 0.0000231 seconds
2018-01-08T11:46:24.148-0100: 38.495: Total time for which application threads were stopped: 0.0001090 seconds, Stopping threads took: 0.0000259 seconds
2018-01-08T11:46:24.148-0100: 38.495: Total time for which application threads were stopped: 0.0001173 seconds, Stopping threads took: 0.0000272 seconds
2018-01-08T11:46:24.148-0100: 38.495: Total time for which application threads were stopped: 0.0001129 seconds, Stopping threads took: 0.0000270 seconds
2018-01-08T11:46:24.148-0100: 38.495: Total time for which application threads were stopped: 0.0001174 seconds, Stopping threads took: 0.0000294 seconds
2018-01-08T11:46:24.148-0100: 38.495: Total time for which application threads were stopped: 0.0001173 seconds, Stopping threads took: 0.0000261 seconds
2018-01-08T11:46:24.149-0100: 38.495: Total time for which application threads were stopped: 0.0001132 seconds, Stopping threads took: 0.0000277 seconds
2018-01-08T11:46:24.149-0100: 38.496: Total time for which application threads were stopped: 0.0001087 seconds, Stopping threads took: 0.0000246 seconds
2018-01-08T11:46:24.149-0100: 38.496: Total time for which application threads were stopped: 0.0000988 seconds, Stopping threads took: 0.0000226 seconds
2018-01-08T11:46:24.149-0100: 38.496: Total time for which application threads were stopped: 0.0002979 seconds, Stopping threads took: 0.0000220 seconds
2018-01-08T11:46:24.153-0100: 38.500: Total time for which application threads were stopped: 0.0001980 seconds, Stopping threads took: 0.0000557 seconds
2018-01-08T11:46:24.154-0100: 38.500: Total time for which application threads were stopped: 0.0001701 seconds, Stopping threads took: 0.0000380 seconds
2018-01-08T11:46:24.160-0100: 38.507: Total time for which application threads were stopped: 0.0002037 seconds, Stopping threads took: 0.0000352 seconds
2018-01-08T11:46:25.162-0100: 39.509: Total time for which application threads were stopped: 0.0001693 seconds, Stopping threads took: 0.0000332 seconds
2018-01-08T11:46:26.163-0100: 40.510: Total time for which application threads were stopped: 0.0001986 seconds, Stopping threads took: 0.0000650 seconds
2018-01-08T11:46:28.166-0100: 42.513: Total time for which application threads were stopped: 0.0002315 seconds, Stopping threads took: 0.0000476 seconds
2018-01-08T11:46:47.218-0100: 61.565: Total time for which application threads were stopped: 0.0001446 seconds, Stopping threads took: 0.0000360 seconds
2018-01-08T11:47:03.421-0100: 77.768: Total time for which application threads were stopped: 0.0002464 seconds, Stopping threads took: 0.0000680 seconds
{Heap before GC invocations=26 (full 1):
 par new generation   total 109248K, used 95933K [0x00000007a0000000, 0x00000007a8000000, 0x00000007a8000000)
  eden space 87424K, 100% used [0x00000007a0000000, 0x00000007a5560000, 0x00000007a5560000)
  from space 21824K,  38% used [0x00000007a5560000, 0x00000007a5daf468, 0x00000007a6ab0000)
  to   space 21824K,   0% used [0x00000007a6ab0000, 0x00000007a6ab0000, 0x00000007a8000000)
 concurrent mark-sweep generation total 393216K, used 28400K [0x00000007a8000000, 0x00000007c0000000, 0x00000007c0000000)
 Metaspace       used 39300K, capacity 40680K, committed 40964K, reserved 1085440K
  class space    used 4753K, capacity 5072K, committed 5160K, reserved 1048576K
2018-01-08T11:47:03.425-0100: 77.772: [GC (Allocation Failure) 2018-01-08T11:47:03.425-0100: 77.772: [ParNew
Desired survivor size 20112992 bytes, new threshold 8 (max 8)
- age   1:    2957240 bytes,    2957240 total
- age   2:     690680 bytes,    3647920 total
- age   3:     122952 bytes,    3770872 total
- age   4:     106320 bytes,    3877192 total
- age   5:     126656 bytes,    4003848 total
- age   6:    3802776 bytes,    7806624 total
- age   7:     110024 bytes,    7916648 total
- age   8:     154648 bytes,    8071296 total
: 95933K->11734K(109248K), 0.0194176 secs] 124333K->40846K(502464K), 0.0196018 secs] [Times: user=0.06 sys=0.00, real=0.02 secs] 
Heap after GC invocations=27 (full 1):
 par new generation   total 109248K, used 11734K [0x00000007a0000000, 0x00000007a8000000, 0x00000007a8000000)
  eden space 87424K,   0% used [0x00000007a0000000, 0x00000007a0000000, 0x00000007a5560000)
  from space 21824K,  53% used [0x00000007a6ab0000, 0x00000007a7625bc0, 0x00000007a8000000)
  to   space 21824K,   0% used [0x00000007a5560000, 0x00000007a5560000, 0x00000007a6ab0000)
 concurrent mark-sweep generation total 393216K, used 29111K [0x00000007a8000000, 0x00000007c0000000, 0x00000007c0000000)
 Metaspace       used 39300K, capacity 40680K, committed 40964K, reserved 1085440K
  class space    used 4753K, capacity 5072K, committed 5160K, reserved 1048576K
}
2018-01-08T11:47:03.445-0100: 77.792: Total time for which application threads were stopped: 0.0200627 seconds, Stopping threads took: 0.0000609 seconds
{Heap before GC invocations=27 (full 1):
 par new generation   total 109248K, used 99158K [0x00000007a0000000, 0x00000007a8000000, 0x00000007a8000000)
  eden space 87424K, 100% used [0x00000007a0000000, 0x00000007a5560000, 0x00000007a5560000)
  from space 21824K,  53% used [0x00000007a6ab0000, 0x00000007a7625bc0, 0x00000007a8000000)
  to   space 21824K,   0% used [0x00000007a5560000, 0x00000007a5560000, 0x00000007a6ab0000)
 concurrent mark-sweep generation total 393216K, used 29111K [0x00000007a8000000, 0x00000007c0000000, 0x00000007c0000000)
 Metaspace       used 39301K, capacity 40680K, committed 40964K, reserved 1085440K
  class space    used 4753K, capacity 5072K, committed 5160K, reserved 1048576K
2018-01-08T11:47:03.472-0100: 77.819: [GC (Allocation Failure) 2018-01-08T11:47:03.472-0100: 77.819: [ParNew
Desired survivor size 20112992 bytes, new threshold 8 (max 8)
- age   1:      76672 bytes,      76672 total
- age   2:    2560696 bytes,    2637368 total
- age   3:     690680 bytes,    3328048 total
- age   4:     122952 bytes,    3451000 total
- age   5:     106320 bytes,    3557320 total
- age   6:     126656 bytes,    3683976 total
- age   7:    3802640 bytes,    7486616 total
- age   8:     110024 bytes,    7596640 total
: 99158K->8845K(109248K), 0.0099688 secs] 128270K->38111K(502464K), 0.0101341 secs] [Times: user=0.04 sys=0.00, real=0.01 secs] 
Heap after GC invocations=28 (full 1):
 par new generation   total 109248K, used 8845K [0x00000007a0000000, 0x00000007a8000000, 0x00000007a8000000)
  eden space 87424K,   0% used [0x00000007a0000000, 0x00000007a0000000, 0x00000007a5560000)
  from space 21824K,  40% used [0x00000007a5560000, 0x00000007a5e03580, 0x00000007a6ab0000)
  to   space 21824K,   0% used [0x00000007a6ab0000, 0x00000007a6ab0000, 0x00000007a8000000)
 concurrent mark-sweep generation total 393216K, used 29265K [0x00000007a8000000, 0x00000007c0000000, 0x00000007c0000000)
 Metaspace       used 39301K, capacity 40680K, committed 40964K, reserved 1085440K
  class space    used 4753K, capacity 5072K, committed 5160K, reserved 1048576K
}
2018-01-08T11:47:03.482-0100: 77.829: Total time for which application threads were stopped: 0.0104980 seconds, Stopping threads took: 0.0000542 seconds
2018-01-08T11:47:03.483-0100: 77.830: Total time for which application threads were stopped: 0.0002910 seconds, Stopping threads took: 0.0001354 seconds
2018-01-08T11:47:03.484-0100: 77.830: Total time for which application threads were stopped: 0.0002456 seconds, Stopping threads took: 0.0000996 seconds
2018-01-08T11:47:03.484-0100: 77.831: Total time for which application threads were stopped: 0.0001562 seconds, Stopping threads took: 0.0000206 seconds
2018-01-08T11:47:03.490-0100: 77.837: Total time for which application threads were stopped: 0.0002384 seconds, Stopping threads took: 0.0000648 seconds
2018-01-08T11:47:03.491-0100: 77.837: Total time for which application threads were stopped: 0.0002338 seconds, Stopping threads took: 0.0000971 seconds
2018-01-08T11:47:03.491-0100: 77.838: Total time for which application threads were stopped: 0.0002631 seconds, Stopping threads took: 0.0001062 seconds
2018-01-08T11:47:03.492-0100: 77.839: Total time for which application threads were stopped: 0.0004418 seconds, Stopping threads took: 0.0002637 seconds
2018-01-08T11:47:03.496-0100: 77.843: Total time for which application threads were stopped: 0.0003183 seconds, Stopping threads took: 0.0001586 seconds
2018-01-08T11:47:03.497-0100: 77.844: Total time for which application threads were stopped: 0.0001892 seconds, Stopping threads took: 0.0000409 seconds
2018-01-08T11:47:03.507-0100: 77.854: Total time for which application threads were stopped: 0.0002827 seconds, Stopping threads took: 0.0001163 seconds
2018-01-08T11:47:03.509-0100: 77.856: Total time for which application threads were stopped: 0.0013472 seconds, Stopping threads took: 0.0011806 seconds
2018-01-08T11:47:03.510-0100: 77.857: Total time for which application threads were stopped: 0.0003096 seconds, Stopping threads took: 0.0001403 seconds
2018-01-08T11:47:03.510-0100: 77.857: Total time for which application threads were stopped: 0.0001749 seconds, Stopping threads took: 0.0000365 seconds
2018-01-08T11:47:03.511-0100: 77.858: Total time for which application threads were stopped: 0.0002153 seconds, Stopping threads took: 0.0000799 seconds
2018-01-08T11:47:03.511-0100: 77.858: Total time for which application threads were stopped: 0.0001639 seconds, Stopping threads took: 0.0000325 seconds
2018-01-08T11:47:03.511-0100: 77.858: Total time for which application threads were stopped: 0.0001508 seconds, Stopping threads took: 0.0000425 seconds
2018-01-08T11:47:03.511-0100: 77.858: Total time for which application threads were stopped: 0.0000949 seconds, Stopping threads took: 0.0000129 seconds
2018-01-08T11:47:03.512-0100: 77.858: Total time for which application threads were stopped: 0.0002474 seconds, Stopping threads took: 0.0001301 seconds
2018-01-08T11:47:03.512-0100: 77.859: Total time for which application threads were stopped: 0.0001462 seconds, Stopping threads took: 0.0000449 seconds
2018-01-08T11:47:03.512-0100: 77.859: Total time for which application threads were stopped: 0.0004544 seconds, Stopping threads took: 0.0001059 seconds
{Heap before GC invocations=28 (full 1):
 par new generation   total 109248K, used 96269K [0x00000007a0000000, 0x00000007a8000000, 0x00000007a8000000)
  eden space 87424K, 100% used [0x00000007a0000000, 0x00000007a5560000, 0x00000007a5560000)
  from space 21824K,  40% used [0x00000007a5560000, 0x00000007a5e03580, 0x00000007a6ab0000)
  to   space 21824K,   0% used [0x00000007a6ab0000, 0x00000007a6ab0000, 0x00000007a8000000)
 concurrent mark-sweep generation total 393216K, used 29265K [0x00000007a8000000, 0x00000007c0000000, 0x00000007c0000000)
 Metaspace       used 39301K, capacity 40680K, committed 40964K, reserved 1085440K
  class space    used 4753K, capacity 5072K, committed 5160K, reserved 1048576K
2018-01-08T11:47:03.532-0100: 77.879: [GC (Allocation Failure) 2018-01-08T11:47:03.532-0100: 77.879: [ParNew
Desired survivor size 20112992 bytes, new threshold 8 (max 8)
- age   1:     226632 bytes,     226632 total
- age   2:      64352 bytes,     290984 total
- age   3:    2387224 bytes,    2678208 total
- age   4:     690680 bytes,    3368888 total
- age   5:     122952 bytes,    3491840 total
- age   6:     106320 bytes,    3598160 total
- age   7:     126656 bytes,    3724816 total
- age   8:    3802640 bytes,    7527456 total
: 96269K->11671K(109248K), 0.0120609 secs] 125535K->41047K(502464K), 0.0122127 secs] [Times: user=0.03 sys=0.00, real=0.01 secs] 
Heap after GC invocations=29 (full 1):
 par new generation   total 109248K, used 11671K [0x00000007a0000000, 0x00000007a8000000, 0x00000007a8000000)
  eden space 87424K,   0% used [0x00000007a0000000, 0x00000007a0000000, 0x00000007a5560000)
  from space 21824K,  53% used [0x00000007a6ab0000, 0x00000007a7615f98, 0x00000007a8000000)
  to   space 21824K,   0% used [0x00000007a5560000, 0x00000007a5560000, 0x00000007a6ab0000)
 concurrent mark-sweep generation total 393216K, used 29375K [0x00000007a8000000, 0x00000007c0000000, 0x00000007c0000000)
 Metaspace       used 39301K, capacity 40680K, committed 40964K, reserved 1085440K
  class space    used 4753K, capacity 5072K, committed 5160K, reserved 1048576K
}
2018-01-08T11:47:03.545-0100: 77.891: Total time for which application threads were stopped: 0.0125695 seconds, Stopping threads took: 0.0000313 seconds
2018-01-08T11:47:03.627-0100: 77.974: Total time for which application threads were stopped: 0.0003533 seconds, Stopping threads took: 0.0001041 seconds
2018-01-08T11:47:03.628-0100: 77.975: Total time for which application threads were stopped: 0.0004096 seconds, Stopping threads took: 0.0002722 seconds
{Heap before GC invocations=29 (full 1):
 par new generation   total 109248K, used 99095K [0x00000007a0000000, 0x00000007a8000000, 0x00000007a8000000)
  eden space 87424K, 100% used [0x00000007a0000000, 0x00000007a5560000, 0x00000007a5560000)
  from space 21824K,  53% used [0x00000007a6ab0000, 0x00000007a7615f98, 0x00000007a8000000)
  to   space 21824K,   0% used [0x00000007a5560000, 0x00000007a5560000, 0x00000007a6ab0000)
 concurrent mark-sweep generation total 393216K, used 29375K [0x00000007a8000000, 0x00000007c0000000, 0x00000007c0000000)
 Metaspace       used 39310K, capacity 40680K, committed 40964K, reserved 1085440K
  class space    used 4753K, capacity 5072K, committed 5160K, reserved 1048576K
2018-01-08T11:47:03.631-0100: 77.978: [GC (Allocation Failure) 2018-01-08T11:47:03.631-0100: 77.978: [ParNew
Desired survivor size 20112992 bytes, new threshold 8 (max 8)
- age   1:    1733248 bytes,    1733248 total
- age   2:     122872 bytes,    1856120 total
- age   3:      63704 bytes,    1919824 total
- age   4:    1843720 bytes,    3763544 total
- age   5:     690680 bytes,    4454224 total
- age   6:     122952 bytes,    4577176 total
- age   7:     106296 bytes,    4683472 total
- age   8:     118328 bytes,    4801800 total
: 99095K->7010K(109248K), 0.0215905 secs] 128471K->40107K(502464K), 0.0217178 secs] [Times: user=0.07 sys=0.00, real=0.02 secs] 
Heap after GC invocations=30 (full 1):
 par new generation   total 109248K, used 7010K [0x00000007a0000000, 0x00000007a8000000, 0x00000007a8000000)
  eden space 87424K,   0% used [0x00000007a0000000, 0x00000007a0000000, 0x00000007a5560000)
  from space 21824K,  32% used [0x00000007a5560000, 0x00000007a5c38940, 0x00000007a6ab0000)
  to   space 21824K,   0% used [0x00000007a6ab0000, 0x00000007a6ab0000, 0x00000007a8000000)
 concurrent mark-sweep generation total 393216K, used 33097K [0x00000007a8000000, 0x00000007c0000000, 0x00000007c0000000)
 Metaspace       used 39310K, capacity 40680K, committed 40964K, reserved 1085440K
  class space    used 4753K, capacity 5072K, committed 5160K, reserved 1048576K
}
2018-01-08T11:47:03.653-0100: 78.000: Total time for which application threads were stopped: 0.0220756 seconds, Stopping threads took: 0.0000560 seconds
2018-01-08T11:47:03.653-0100: 78.000: Total time for which application threads were stopped: 0.0001984 seconds, Stopping threads took: 0.0000917 seconds
{Heap before GC invocations=30 (full 1):
 par new generation   total 109248K, used 94434K [0x00000007a0000000, 0x00000007a8000000, 0x00000007a8000000)
  eden space 87424K, 100% used [0x00000007a0000000, 0x00000007a5560000, 0x00000007a5560000)
  from space 21824K,  32% used [0x00000007a5560000, 0x00000007a5c38940, 0x00000007a6ab0000)
  to   space 21824K,   0% used [0x00000007a6ab0000, 0x00000007a6ab0000, 0x00000007a8000000)
 concurrent mark-sweep generation total 393216K, used 33097K [0x00000007a8000000, 0x00000007c0000000, 0x00000007c0000000)
 Metaspace       used 39324K, capacity 40680K, committed 40964K, reserved 1085440K
  class space    used 4753K, capacity 5072K, committed 5160K, reserved 1048576K
2018-01-08T11:47:03.706-0100: 78.053: [GC (Allocation Failure) 2018-01-08T11:47:03.706-0100: 78.053: [ParNew
Desired survivor size 20112992 bytes, new threshold 8 (max 8)
- age   1:    1230440 bytes,    1230440 total
- age   2:    1221072 bytes,    2451512 total
- age   3:     122152 bytes,    2573664 total
- age   4:      63056 bytes,    2636720 total
- age   5:    1843328 bytes,    4480048 total
- age   6:     690680 bytes,    5170728 total
- age   7:     122952 bytes,    5293680 total
- age   8:     106296 bytes,    5399976 total
: 94434K->6586K(109248K), 0.0120024 secs] 127531K->39802K(502464K), 0.0121743 secs] [Times: user=0.04 sys=0.00, real=0.01 secs] 
Heap after GC invocations=31 (full 1):
 par new generation   total 109248K, used 6586K [0x00000007a0000000, 0x00000007a8000000, 0x00000007a8000000)
  eden space 87424K,   0% used [0x00000007a0000000, 0x00000007a0000000, 0x00000007a5560000)
  from space 21824K,  30% used [0x00000007a6ab0000, 0x00000007a711ebd0, 0x00000007a8000000)
  to   space 21824K,   0% used [0x00000007a5560000, 0x00000007a5560000, 0x00000007a6ab0000)
 concurrent mark-sweep generation total 393216K, used 33215K [0x00000007a8000000, 0x00000007c0000000, 0x00000007c0000000)
 Metaspace       used 39324K, capacity 40680K, committed 40964K, reserved 1085440K
  class space    used 4753K, capacity 5072K, committed 5160K, reserved 1048576K
}
2018-01-08T11:47:03.719-0100: 78.066: Total time for which application threads were stopped: 0.0125498 seconds, Stopping threads took: 0.0000349 seconds
2018-01-08T11:47:03.719-0100: 78.066: Total time for which application threads were stopped: 0.0002315 seconds, Stopping threads took: 0.0000357 seconds
2018-01-08T11:47:03.787-0100: 78.134: Total time for which application threads were stopped: 0.0002101 seconds, Stopping threads took: 0.0000514 seconds
2018-01-08T11:47:03.935-0100: 78.282: Total time for which application threads were stopped: 0.0002686 seconds, Stopping threads took: 0.0000549 seconds
2018-01-08T11:47:03.973-0100: 78.320: Total time for which application threads were stopped: 0.0002726 seconds, Stopping threads took: 0.0000554 seconds
2018-01-08T11:47:03.975-0100: 78.321: Total time for which application threads were stopped: 0.0002109 seconds, Stopping threads took: 0.0000390 seconds
2018-01-08T11:47:03.975-0100: 78.322: Total time for which application threads were stopped: 0.0001876 seconds, Stopping threads took: 0.0000453 seconds
2018-01-08T11:47:03.975-0100: 78.322: Total time for which application threads were stopped: 0.0001508 seconds, Stopping threads took: 0.0000406 seconds
2018-01-08T11:47:03.975-0100: 78.322: Total time for which application threads were stopped: 0.0001505 seconds, Stopping threads took: 0.0000311 seconds
2018-01-08T11:47:03.976-0100: 78.322: Total time for which application threads were stopped: 0.0001499 seconds, Stopping threads took: 0.0000386 seconds
2018-01-08T11:47:03.976-0100: 78.323: Total time for which application threads were stopped: 0.0001511 seconds, Stopping threads took: 0.0000383 seconds
2018-01-08T11:47:03.976-0100: 78.323: Total time for which application threads were stopped: 0.0001326 seconds, Stopping threads took: 0.0000393 seconds
2018-01-08T11:47:03.976-0100: 78.323: Total time for which application threads were stopped: 0.0001204 seconds, Stopping threads took: 0.0000322 seconds
2018-01-08T11:47:03.984-0100: 78.331: Total time for which application threads were stopped: 0.0002089 seconds, Stopping threads took: 0.0000402 seconds
2018-01-08T11:47:03.985-0100: 78.332: Total time for which application threads were stopped: 0.0001413 seconds, Stopping threads took: 0.0000238 seconds
2018-01-08T11:47:03.985-0100: 78.332: Total time for which application threads were stopped: 0.0001247 seconds, Stopping threads took: 0.0000170 seconds
2018-01-08T11:47:03.985-0100: 78.332: Total time for which application threads were stopped: 0.0001249 seconds, Stopping threads took: 0.0000165 seconds
2018-01-08T11:47:03.985-0100: 78.332: Total time for which application threads were stopped: 0.0001141 seconds, Stopping threads took: 0.0000156 seconds
2018-01-08T11:47:03.985-0100: 78.332: Total time for which application threads were stopped: 0.0001213 seconds, Stopping threads took: 0.0000184 seconds
2018-01-08T11:47:03.985-0100: 78.332: Total time for which application threads were stopped: 0.0001123 seconds, Stopping threads took: 0.0000166 seconds
2018-01-08T11:47:03.986-0100: 78.333: Total time for which application threads were stopped: 0.0001235 seconds, Stopping threads took: 0.0000160 seconds
2018-01-08T11:47:03.986-0100: 78.333: Total time for which application threads were stopped: 0.0001072 seconds, Stopping threads took: 0.0000157 seconds
2018-01-08T11:47:03.986-0100: 78.333: Total time for which application threads were stopped: 0.0001083 seconds, Stopping threads took: 0.0000150 seconds
2018-01-08T11:47:03.986-0100: 78.333: Total time for which application threads were stopped: 0.0001049 seconds, Stopping threads took: 0.0000145 seconds
2018-01-08T11:47:03.986-0100: 78.333: Total time for which application threads were stopped: 0.0001010 seconds, Stopping threads took: 0.0000151 seconds
2018-01-08T11:47:03.986-0100: 78.333: Total time for which application threads were stopped: 0.0001014 seconds, Stopping threads took: 0.0000149 seconds
2018-01-08T11:47:03.987-0100: 78.333: Total time for which application threads were stopped: 0.0000914 seconds, Stopping threads took: 0.0000143 seconds
2018-01-08T11:47:03.987-0100: 78.333: Total time for which application threads were stopped: 0.0001013 seconds, Stopping threads took: 0.0000168 seconds
2018-01-08T11:47:03.987-0100: 78.334: Total time for which application threads were stopped: 0.0000988 seconds, Stopping threads took: 0.0000151 seconds
2018-01-08T11:47:03.987-0100: 78.334: Total time for which application threads were stopped: 0.0001076 seconds, Stopping threads took: 0.0000152 seconds
2018-01-08T11:47:03.987-0100: 78.334: Total time for which application threads were stopped: 0.0000996 seconds, Stopping threads took: 0.0000137 seconds
2018-01-08T11:47:03.987-0100: 78.334: Total time for which application threads were stopped: 0.0001019 seconds, Stopping threads took: 0.0000146 seconds
2018-01-08T11:47:03.988-0100: 78.335: Total time for which application threads were stopped: 0.0005119 seconds, Stopping threads took: 0.0000145 seconds
2018-01-08T11:47:03.990-0100: 78.337: Total time for which application threads were stopped: 0.0001996 seconds, Stopping threads took: 0.0000553 seconds
2018-01-08T11:47:03.990-0100: 78.337: Total time for which application threads were stopped: 0.0001786 seconds, Stopping threads took: 0.0000349 seconds
2018-01-08T11:47:03.996-0100: 78.343: Total time for which application threads were stopped: 0.0001503 seconds, Stopping threads took: 0.0000409 seconds
2018-01-08T11:47:04.999-0100: 79.346: Total time for which application threads were stopped: 0.0002528 seconds, Stopping threads took: 0.0000492 seconds
{Heap before GC invocations=31 (full 1):
 par new generation   total 109248K, used 94010K [0x00000007a0000000, 0x00000007a8000000, 0x00000007a8000000)
  eden space 87424K, 100% used [0x00000007a0000000, 0x00000007a5560000, 0x00000007a5560000)
  from space 21824K,  30% used [0x00000007a6ab0000, 0x00000007a711ebd0, 0x00000007a8000000)
  to   space 21824K,   0% used [0x00000007a5560000, 0x00000007a5560000, 0x00000007a6ab0000)
 concurrent mark-sweep generation total 393216K, used 33215K [0x00000007a8000000, 0x00000007c0000000, 0x00000007c0000000)
 Metaspace       used 39357K, capacity 40752K, committed 40964K, reserved 1085440K
  class space    used 4755K, capacity 5074K, committed 5160K, reserved 1048576K
2018-01-08T11:47:05.500-0100: 79.847: [GC (Allocation Failure) 2018-01-08T11:47:05.500-0100: 79.847: [ParNew
Desired survivor size 20112992 bytes, new threshold 8 (max 8)
- age   1:    1078240 bytes,    1078240 total
- age   2:     543400 bytes,    1621640 total
- age   3:    1152984 bytes,    2774624 total
- age   4:     117536 bytes,    2892160 total
- age   5:      63000 bytes,    2955160 total
- age   6:    1286040 bytes,    4241200 total
- age   7:     690680 bytes,    4931880 total
- age   8:     122952 bytes,    5054832 total
: 94010K->8074K(109248K), 0.0072464 secs] 127226K->41395K(502464K), 0.0073766 secs] [Times: user=0.02 sys=0.00, real=0.00 secs] 
Heap after GC invocations=32 (full 1):
 par new generation   total 109248K, used 8074K [0x00000007a0000000, 0x00000007a8000000, 0x00000007a8000000)
  eden space 87424K,   0% used [0x00000007a0000000, 0x00000007a0000000, 0x00000007a5560000)
  from space 21824K,  36% used [0x00000007a5560000, 0x00000007a5d42878, 0x00000007a6ab0000)
  to   space 21824K,   0% used [0x00000007a6ab0000, 0x00000007a6ab0000, 0x00000007a8000000)
 concurrent mark-sweep generation total 393216K, used 33321K [0x00000007a8000000, 0x00000007c0000000, 0x00000007c0000000)
 Metaspace       used 39357K, capacity 40752K, committed 40964K, reserved 1085440K
  class space    used 4755K, capacity 5074K, committed 5160K, reserved 1048576K
}
2018-01-08T11:47:05.508-0100: 79.854: Total time for which application threads were stopped: 0.0076691 seconds, Stopping threads took: 0.0000511 seconds
2018-01-08T11:47:06.508-0100: 80.855: Total time for which application threads were stopped: 0.0001510 seconds, Stopping threads took: 0.0000329 seconds
2018-01-08T11:47:44.586-0100: 118.933: Total time for which application threads were stopped: 0.0001546 seconds, Stopping threads took: 0.0000336 seconds
2018-01-08T11:48:05.623-0100: 139.970: Total time for which application threads were stopped: 0.0001857 seconds, Stopping threads took: 0.0000449 seconds
2018-01-08T11:48:06.624-0100: 140.970: Total time for which application threads were stopped: 0.0001463 seconds, Stopping threads took: 0.0000302 seconds
2018-01-08T11:48:18.466-0100: 152.813: Total time for which application threads were stopped: 0.0001739 seconds, Stopping threads took: 0.0000430 seconds
2018-01-08T11:48:18.466-0100: 152.813: Total time for which application threads were stopped: 0.0001618 seconds, Stopping threads took: 0.0000487 seconds
2018-01-08T11:48:18.467-0100: 152.813: Total time for which application threads were stopped: 0.0001502 seconds, Stopping threads took: 0.0000338 seconds
2018-01-08T11:48:18.476-0100: 152.823: Total time for which application threads were stopped: 0.0002210 seconds, Stopping threads took: 0.0000669 seconds
{Heap before GC invocations=32 (full 1):
 par new generation   total 109248K, used 95498K [0x00000007a0000000, 0x00000007a8000000, 0x00000007a8000000)
  eden space 87424K, 100% used [0x00000007a0000000, 0x00000007a5560000, 0x00000007a5560000)
  from space 21824K,  36% used [0x00000007a5560000, 0x00000007a5d42878, 0x00000007a6ab0000)
  to   space 21824K,   0% used [0x00000007a6ab0000, 0x00000007a6ab0000, 0x00000007a8000000)
 concurrent mark-sweep generation total 393216K, used 33321K [0x00000007a8000000, 0x00000007c0000000, 0x00000007c0000000)
 Metaspace       used 39387K, capacity 40776K, committed 40964K, reserved 1085440K
  class space    used 4757K, capacity 5078K, committed 5160K, reserved 1048576K
2018-01-08T11:48:18.493-0100: 152.840: [GC (Allocation Failure) 2018-01-08T11:48:18.493-0100: 152.840: [ParNew
Desired survivor size 20112992 bytes, new threshold 8 (max 8)
- age   1:    1492736 bytes,    1492736 total
- age   2:     982840 bytes,    2475576 total
- age   3:     543224 bytes,    3018800 total
- age   4:    1218520 bytes,    4237320 total
- age   5:     117400 bytes,    4354720 total
- age   6:      62968 bytes,    4417688 total
- age   7:    1283096 bytes,    5700784 total
- age   8:     690680 bytes,    6391464 total
: 95498K->7759K(109248K), 0.0144801 secs] 128819K->41203K(502464K), 0.0146277 secs] [Times: user=0.05 sys=0.00, real=0.01 secs] 
Heap after GC invocations=33 (full 1):
 par new generation   total 109248K, used 7759K [0x00000007a0000000, 0x00000007a8000000, 0x00000007a8000000)
  eden space 87424K,   0% used [0x00000007a0000000, 0x00000007a0000000, 0x00000007a5560000)
  from space 21824K,  35% used [0x00000007a6ab0000, 0x00000007a7243de8, 0x00000007a8000000)
  to   space 21824K,   0% used [0x00000007a5560000, 0x00000007a5560000, 0x00000007a6ab0000)
 concurrent mark-sweep generation total 393216K, used 33443K [0x00000007a8000000, 0x00000007c0000000, 0x00000007c0000000)
 Metaspace       used 39387K, capacity 40776K, committed 40964K, reserved 1085440K
  class space    used 4757K, capacity 5078K, committed 5160K, reserved 1048576K
}
2018-01-08T11:48:18.508-0100: 152.855: Total time for which application threads were stopped: 0.0149497 seconds, Stopping threads took: 0.0000537 seconds
2018-01-08T11:48:18.509-0100: 152.856: Total time for which application threads were stopped: 0.0003116 seconds, Stopping threads took: 0.0001834 seconds
2018-01-08T11:48:18.510-0100: 152.856: Total time for which application threads were stopped: 0.0001431 seconds, Stopping threads took: 0.0000179 seconds
2018-01-08T11:48:18.510-0100: 152.857: Total time for which application threads were stopped: 0.0002199 seconds, Stopping threads took: 0.0001116 seconds
2018-01-08T11:48:18.510-0100: 152.857: Total time for which application threads were stopped: 0.0001245 seconds, Stopping threads took: 0.0000126 seconds
2018-01-08T11:48:18.518-0100: 152.865: Total time for which application threads were stopped: 0.0001857 seconds, Stopping threads took: 0.0000492 seconds
2018-01-08T11:48:18.520-0100: 152.867: Total time for which application threads were stopped: 0.0018148 seconds, Stopping threads took: 0.0016076 seconds
2018-01-08T11:48:18.521-0100: 152.868: Total time for which application threads were stopped: 0.0004203 seconds, Stopping threads took: 0.0002278 seconds
2018-01-08T11:48:18.521-0100: 152.868: Total time for which application threads were stopped: 0.0004393 seconds, Stopping threads took: 0.0002630 seconds
2018-01-08T11:48:18.522-0100: 152.868: Total time for which application threads were stopped: 0.0003261 seconds, Stopping threads took: 0.0001789 seconds
2018-01-08T11:48:18.522-0100: 152.869: Total time for which application threads were stopped: 0.0002185 seconds, Stopping threads took: 0.0000735 seconds
2018-01-08T11:48:18.523-0100: 152.869: Total time for which application threads were stopped: 0.0002809 seconds, Stopping threads took: 0.0001006 seconds
2018-01-08T11:48:18.523-0100: 152.870: Total time for which application threads were stopped: 0.0001563 seconds, Stopping threads took: 0.0000159 seconds
2018-01-08T11:48:18.524-0100: 152.871: Total time for which application threads were stopped: 0.0002067 seconds, Stopping threads took: 0.0000314 seconds
2018-01-08T11:48:18.526-0100: 152.873: Total time for which application threads were stopped: 0.0002730 seconds, Stopping threads took: 0.0000721 seconds
2018-01-08T11:48:18.530-0100: 152.877: Total time for which application threads were stopped: 0.0003206 seconds, Stopping threads took: 0.0001362 seconds
2018-01-08T11:48:18.531-0100: 152.877: Total time for which application threads were stopped: 0.0004040 seconds, Stopping threads took: 0.0002235 seconds
2018-01-08T11:48:18.531-0100: 152.878: Total time for which application threads were stopped: 0.0002613 seconds, Stopping threads took: 0.0001056 seconds
2018-01-08T11:48:18.531-0100: 152.878: Total time for which application threads were stopped: 0.0001968 seconds, Stopping threads took: 0.0000468 seconds
2018-01-08T11:48:18.531-0100: 152.878: Total time for which application threads were stopped: 0.0001288 seconds, Stopping threads took: 0.0000139 seconds
2018-01-08T11:48:18.532-0100: 152.879: Total time for which application threads were stopped: 0.0006007 seconds, Stopping threads took: 0.0001200 seconds
2018-01-08T11:48:18.550-0100: 152.897: Total time for which application threads were stopped: 0.0009913 seconds, Stopping threads took: 0.0001015 seconds
{Heap before GC invocations=33 (full 1):
 par new generation   total 109248K, used 95183K [0x00000007a0000000, 0x00000007a8000000, 0x00000007a8000000)
  eden space 87424K, 100% used [0x00000007a0000000, 0x00000007a5560000, 0x00000007a5560000)
  from space 21824K,  35% used [0x00000007a6ab0000, 0x00000007a7243de8, 0x00000007a8000000)
  to   space 21824K,   0% used [0x00000007a5560000, 0x00000007a5560000, 0x00000007a6ab0000)
 concurrent mark-sweep generation total 393216K, used 33443K [0x00000007a8000000, 0x00000007c0000000, 0x00000007c0000000)
 Metaspace       used 39667K, capacity 41088K, committed 41220K, reserved 1085440K
  class space    used 4791K, capacity 5128K, committed 5160K, reserved 1048576K
2018-01-08T11:48:18.557-0100: 152.904: [GC (Allocation Failure) 2018-01-08T11:48:18.557-0100: 152.904: [ParNew
Desired survivor size 20112992 bytes, new threshold 8 (max 8)
- age   1:     699384 bytes,     699384 total
- age   2:    1473184 bytes,    2172568 total
- age   3:     810680 bytes,    2983248 total
- age   4:     543224 bytes,    3526472 total
- age   5:    1153024 bytes,    4679496 total
- age   6:     117400 bytes,    4796896 total
- age   7:      62968 bytes,    4859864 total
- age   8:    1283096 bytes,    6142960 total
: 95183K->9152K(109248K), 0.0094048 secs] 128627K->43274K(502464K), 0.0095552 secs] [Times: user=0.03 sys=0.00, real=0.01 secs] 
Heap after GC invocations=34 (full 1):
 par new generation   total 109248K, used 9152K [0x00000007a0000000, 0x00000007a8000000, 0x00000007a8000000)
  eden space 87424K,   0% used [0x00000007a0000000, 0x00000007a0000000, 0x00000007a5560000)
  from space 21824K,  41% used [0x00000007a5560000, 0x00000007a5e502e0, 0x00000007a6ab0000)
  to   space 21824K,   0% used [0x00000007a6ab0000, 0x00000007a6ab0000, 0x00000007a8000000)
 concurrent mark-sweep generation total 393216K, used 34121K [0x00000007a8000000, 0x00000007c0000000, 0x00000007c0000000)
 Metaspace       used 39667K, capacity 41088K, committed 41220K, reserved 1085440K
  class space    used 4791K, capacity 5128K, committed 5160K, reserved 1048576K
}
2018-01-08T11:48:18.566-0100: 152.913: Total time for which application threads were stopped: 0.0100058 seconds, Stopping threads took: 0.0001331 seconds
{Heap before GC invocations=34 (full 1):
 par new generation   total 109248K, used 96576K [0x00000007a0000000, 0x00000007a8000000, 0x00000007a8000000)
  eden space 87424K, 100% used [0x00000007a0000000, 0x00000007a5560000, 0x00000007a5560000)
  from space 21824K,  41% used [0x00000007a5560000, 0x00000007a5e502e0, 0x00000007a6ab0000)
  to   space 21824K,   0% used [0x00000007a6ab0000, 0x00000007a6ab0000, 0x00000007a8000000)
 concurrent mark-sweep generation total 393216K, used 34121K [0x00000007a8000000, 0x00000007c0000000, 0x00000007c0000000)
 Metaspace       used 39708K, capacity 41166K, committed 41220K, reserved 1085440K
  class space    used 4800K, capacity 5143K, committed 5160K, reserved 1048576K
2018-01-08T11:48:18.647-0100: 152.994: [GC (Allocation Failure) 2018-01-08T11:48:18.647-0100: 152.994: [ParNew
Desired survivor size 20112992 bytes, new threshold 8 (max 8)
- age   1:     311176 bytes,     311176 total
- age   2:     192256 bytes,     503432 total
- age   3:    1471960 bytes,    1975392 total
- age   4:     810680 bytes,    2786072 total
- age   5:     543224 bytes,    3329296 total
- age   6:    1152952 bytes,    4482248 total
- age   7:     117400 bytes,    4599648 total
- age   8:      62968 bytes,    4662616 total
: 96576K->5614K(109248K), 0.0113903 secs] 130698K->40996K(502464K), 0.0115249 secs] [Times: user=0.04 sys=0.00, real=0.01 secs] 
Heap after GC invocations=35 (full 1):
 par new generation   total 109248K, used 5614K [0x00000007a0000000, 0x00000007a8000000, 0x00000007a8000000)
  eden space 87424K,   0% used [0x00000007a0000000, 0x00000007a0000000, 0x00000007a5560000)
  from space 21824K,  25% used [0x00000007a6ab0000, 0x00000007a702ba00, 0x00000007a8000000)
  to   space 21824K,   0% used [0x00000007a5560000, 0x00000007a5560000, 0x00000007a6ab0000)
 concurrent mark-sweep generation total 393216K, used 35382K [0x00000007a8000000, 0x00000007c0000000, 0x00000007c0000000)
 Metaspace       used 39708K, capacity 41166K, committed 41220K, reserved 1085440K
  class space    used 4800K, capacity 5143K, committed 5160K, reserved 1048576K
}
2018-01-08T11:48:18.659-0100: 153.005: Total time for which application threads were stopped: 0.0118778 seconds, Stopping threads took: 0.0000481 seconds
2018-01-08T11:48:18.718-0100: 153.064: Total time for which application threads were stopped: 0.0002300 seconds, Stopping threads took: 0.0000327 seconds
2018-01-08T11:48:18.849-0100: 153.195: Total time for which application threads were stopped: 0.0003526 seconds, Stopping threads took: 0.0000520 seconds
2018-01-08T11:48:18.853-0100: 153.200: Total time for which application threads were stopped: 0.0002543 seconds, Stopping threads took: 0.0000519 seconds
2018-01-08T11:48:18.854-0100: 153.201: Total time for which application threads were stopped: 0.0002357 seconds, Stopping threads took: 0.0000458 seconds
2018-01-08T11:48:19.857-0100: 154.204: Total time for which application threads were stopped: 0.0001619 seconds, Stopping threads took: 0.0000330 seconds
2018-01-08T11:48:19.984-0100: 154.331: Total time for which application threads were stopped: 0.0001346 seconds, Stopping threads took: 0.0000387 seconds
2018-01-08T11:48:19.984-0100: 154.331: Total time for which application threads were stopped: 0.0001858 seconds, Stopping threads took: 0.0000340 seconds
2018-01-08T11:48:20.989-0100: 155.336: Total time for which application threads were stopped: 0.0001611 seconds, Stopping threads took: 0.0000375 seconds
2018-01-08T11:48:20.999-0100: 155.345: Total time for which application threads were stopped: 0.0001443 seconds, Stopping threads took: 0.0000387 seconds
2018-01-08T11:48:20.999-0100: 155.346: Total time for which application threads were stopped: 0.0001253 seconds, Stopping threads took: 0.0000253 seconds
2018-01-08T11:48:22.002-0100: 156.349: Total time for which application threads were stopped: 0.0001731 seconds, Stopping threads took: 0.0000358 seconds
2018-01-08T11:48:22.010-0100: 156.357: Total time for which application threads were stopped: 0.0001732 seconds, Stopping threads took: 0.0000456 seconds
2018-01-08T11:48:22.011-0100: 156.357: Total time for which application threads were stopped: 0.0001553 seconds, Stopping threads took: 0.0000525 seconds
2018-01-08T11:48:23.012-0100: 157.359: Total time for which application threads were stopped: 0.0001428 seconds, Stopping threads took: 0.0000299 seconds
2018-01-08T11:48:23.022-0100: 157.368: Total time for which application threads were stopped: 0.0001619 seconds, Stopping threads took: 0.0000464 seconds
2018-01-08T11:48:23.022-0100: 157.369: Total time for which application threads were stopped: 0.0001384 seconds, Stopping threads took: 0.0000328 seconds
2018-01-08T11:48:24.026-0100: 158.373: Total time for which application threads were stopped: 0.0001558 seconds, Stopping threads took: 0.0000314 seconds
2018-01-08T11:48:24.033-0100: 158.380: Total time for which application threads were stopped: 0.0002410 seconds, Stopping threads took: 0.0001207 seconds
2018-01-08T11:48:24.033-0100: 158.380: Total time for which application threads were stopped: 0.0002029 seconds, Stopping threads took: 0.0000810 seconds
2018-01-08T11:48:25.035-0100: 159.382: Total time for which application threads were stopped: 0.0002213 seconds, Stopping threads took: 0.0000459 seconds
2018-01-08T11:48:25.044-0100: 159.391: Total time for which application threads were stopped: 0.0002028 seconds, Stopping threads took: 0.0000556 seconds
2018-01-08T11:48:25.045-0100: 159.392: Total time for which application threads were stopped: 0.0002177 seconds, Stopping threads took: 0.0000460 seconds
2018-01-08T11:48:26.048-0100: 160.395: Total time for which application threads were stopped: 0.0001817 seconds, Stopping threads took: 0.0000561 seconds
2018-01-08T11:48:26.056-0100: 160.403: Total time for which application threads were stopped: 0.0001495 seconds, Stopping threads took: 0.0000373 seconds
2018-01-08T11:48:26.057-0100: 160.403: Total time for which application threads were stopped: 0.0001573 seconds, Stopping threads took: 0.0000407 seconds
2018-01-08T11:48:27.057-0100: 161.404: Total time for which application threads were stopped: 0.0001622 seconds, Stopping threads took: 0.0000286 seconds
2018-01-08T11:48:27.067-0100: 161.414: Total time for which application threads were stopped: 0.0003388 seconds, Stopping threads took: 0.0000440 seconds
2018-01-08T11:48:27.068-0100: 161.414: Total time for which application threads were stopped: 0.0001157 seconds, Stopping threads took: 0.0000207 seconds
2018-01-08T11:48:28.079-0100: 162.425: Total time for which application threads were stopped: 0.0001731 seconds, Stopping threads took: 0.0000312 seconds
2018-01-08T11:48:28.079-0100: 162.426: Total time for which application threads were stopped: 0.0001744 seconds, Stopping threads took: 0.0000556 seconds
2018-01-08T11:48:28.081-0100: 162.427: Total time for which application threads were stopped: 0.0004158 seconds, Stopping threads took: 0.0000675 seconds
2018-01-08T11:48:29.090-0100: 163.436: Total time for which application threads were stopped: 0.0002395 seconds, Stopping threads took: 0.0001083 seconds
2018-01-08T11:48:29.090-0100: 163.437: Total time for which application threads were stopped: 0.0001886 seconds, Stopping threads took: 0.0000643 seconds
2018-01-08T11:48:30.101-0100: 164.447: Total time for which application threads were stopped: 0.0002131 seconds, Stopping threads took: 0.0000761 seconds
2018-01-08T11:48:30.101-0100: 164.448: Total time for which application threads were stopped: 0.0001660 seconds, Stopping threads took: 0.0000517 seconds
2018-01-08T11:48:31.112-0100: 165.459: Total time for which application threads were stopped: 0.0001436 seconds, Stopping threads took: 0.0000259 seconds
2018-01-08T11:48:31.113-0100: 165.459: Total time for which application threads were stopped: 0.0001752 seconds, Stopping threads took: 0.0000755 seconds
2018-01-08T11:48:32.117-0100: 166.464: Total time for which application threads were stopped: 0.0001275 seconds, Stopping threads took: 0.0000277 seconds
2018-01-08T11:48:32.124-0100: 166.470: Total time for which application threads were stopped: 0.0002338 seconds, Stopping threads took: 0.0000789 seconds
2018-01-08T11:48:32.124-0100: 166.471: Total time for which application threads were stopped: 0.0001601 seconds, Stopping threads took: 0.0000376 seconds
2018-01-08T11:48:33.127-0100: 167.474: Total time for which application threads were stopped: 0.0001437 seconds, Stopping threads took: 0.0000290 seconds
2018-01-08T11:48:33.135-0100: 167.481: Total time for which application threads were stopped: 0.0002174 seconds, Stopping threads took: 0.0000857 seconds
2018-01-08T11:48:33.135-0100: 167.482: Total time for which application threads were stopped: 0.0001991 seconds, Stopping threads took: 0.0000714 seconds
2018-01-08T11:48:34.146-0100: 168.493: Total time for which application threads were stopped: 0.0001679 seconds, Stopping threads took: 0.0000502 seconds
2018-01-08T11:48:34.146-0100: 168.493: Total time for which application threads were stopped: 0.0001353 seconds, Stopping threads took: 0.0000342 seconds
2018-01-08T11:48:35.154-0100: 169.500: Total time for which application threads were stopped: 0.0001435 seconds, Stopping threads took: 0.0000458 seconds
2018-01-08T11:48:35.154-0100: 169.501: Total time for which application threads were stopped: 0.0001158 seconds, Stopping threads took: 0.0000204 seconds
2018-01-08T11:48:36.157-0100: 170.503: Total time for which application threads were stopped: 0.0001808 seconds, Stopping threads took: 0.0000332 seconds
2018-01-08T11:48:36.162-0100: 170.509: Total time for which application threads were stopped: 0.0002310 seconds, Stopping threads took: 0.0000798 seconds
2018-01-08T11:48:36.163-0100: 170.510: Total time for which application threads were stopped: 0.0002899 seconds, Stopping threads took: 0.0001038 seconds
2018-01-08T11:48:37.180-0100: 171.527: Total time for which application threads were stopped: 0.0003130 seconds, Stopping threads took: 0.0000243 seconds
2018-01-08T11:48:38.192-0100: 172.539: Total time for which application threads were stopped: 0.0003395 seconds, Stopping threads took: 0.0000582 seconds
2018-01-08T11:48:40.195-0100: 174.541: Total time for which application threads were stopped: 0.0001462 seconds, Stopping threads took: 0.0000289 seconds
2018-01-08T11:48:41.195-0100: 175.542: Total time for which application threads were stopped: 0.0001579 seconds, Stopping threads took: 0.0000278 seconds
2018-01-08T11:48:42.198-0100: 176.544: Total time for which application threads were stopped: 0.0001699 seconds, Stopping threads took: 0.0000431 seconds
2018-01-08T11:48:44.275-0100: 178.622: Total time for which application threads were stopped: 0.0001599 seconds, Stopping threads took: 0.0000253 seconds
2018-01-08T11:48:44.282-0100: 178.629: Total time for which application threads were stopped: 0.0002115 seconds, Stopping threads took: 0.0000534 seconds
2018-01-08T11:48:44.283-0100: 178.630: Total time for which application threads were stopped: 0.0002010 seconds, Stopping threads took: 0.0000447 seconds
2018-01-08T11:48:44.284-0100: 178.630: Total time for which application threads were stopped: 0.0001305 seconds, Stopping threads took: 0.0000348 seconds
2018-01-08T11:48:44.284-0100: 178.631: Total time for which application threads were stopped: 0.0001695 seconds, Stopping threads took: 0.0000406 seconds
2018-01-08T11:48:44.285-0100: 178.631: Total time for which application threads were stopped: 0.0001735 seconds, Stopping threads took: 0.0000403 seconds
2018-01-08T11:48:44.285-0100: 178.631: Total time for which application threads were stopped: 0.0001256 seconds, Stopping threads took: 0.0000166 seconds
2018-01-08T11:48:44.285-0100: 178.632: Total time for which application threads were stopped: 0.0001406 seconds, Stopping threads took: 0.0000347 seconds
2018-01-08T11:48:44.285-0100: 178.632: Total time for which application threads were stopped: 0.0001110 seconds, Stopping threads took: 0.0000154 seconds
2018-01-08T11:48:45.289-0100: 179.636: Total time for which application threads were stopped: 0.0003316 seconds, Stopping threads took: 0.0000454 seconds
2018-01-08T11:48:46.290-0100: 180.637: Total time for which application threads were stopped: 0.0002570 seconds, Stopping threads took: 0.0000367 seconds
2018-01-08T11:48:48.293-0100: 182.639: Total time for which application threads were stopped: 0.0001378 seconds, Stopping threads took: 0.0000281 seconds
2018-01-08T11:48:51.297-0100: 185.643: Total time for which application threads were stopped: 0.0002139 seconds, Stopping threads took: 0.0000467 seconds
2018-01-08T11:48:52.298-0100: 186.645: Total time for which application threads were stopped: 0.0001713 seconds, Stopping threads took: 0.0000324 seconds
2018-01-08T11:48:53.903-0100: 188.250: Total time for which application threads were stopped: 0.0001463 seconds, Stopping threads took: 0.0000292 seconds
2018-01-08T11:48:53.904-0100: 188.250: Total time for which application threads were stopped: 0.0000911 seconds, Stopping threads took: 0.0000134 seconds
2018-01-08T11:48:54.540-0100: 188.887: Total time for which application threads were stopped: 0.0001301 seconds, Stopping threads took: 0.0000355 seconds
2018-01-08T11:48:54.541-0100: 188.887: Total time for which application threads were stopped: 0.0000876 seconds, Stopping threads took: 0.0000130 seconds
2018-01-08T11:48:55.544-0100: 189.891: Total time for which application threads were stopped: 0.0001876 seconds, Stopping threads took: 0.0000464 seconds
{Heap before GC invocations=35 (full 1):
 par new generation   total 109248K, used 93036K [0x00000007a0000000, 0x00000007a8000000, 0x00000007a8000000)
  eden space 87424K,  99% used [0x00000007a0000000, 0x00000007a555f618, 0x00000007a5560000)
  from space 21824K,  25% used [0x00000007a6ab0000, 0x00000007a702ba00, 0x00000007a8000000)
  to   space 21824K,   0% used [0x00000007a5560000, 0x00000007a5560000, 0x00000007a6ab0000)
 concurrent mark-sweep generation total 393216K, used 35382K [0x00000007a8000000, 0x00000007c0000000, 0x00000007c0000000)
 Metaspace       used 40198K, capacity 41748K, committed 42116K, reserved 1085440K
  class space    used 4826K, capacity 5174K, committed 5288K, reserved 1048576K
2018-01-08T11:48:56.031-0100: 190.377: [GC (Allocation Failure) 2018-01-08T11:48:56.031-0100: 190.377: [ParNew
Desired survivor size 20112992 bytes, new threshold 8 (max 8)
- age   1:    1973688 bytes,    1973688 total
- age   2:     132616 bytes,    2106304 total
- age   3:     155168 bytes,    2261472 total
- age   4:     360448 bytes,    2621920 total
- age   5:     213008 bytes,    2834928 total
- age   6:      46712 bytes,    2881640 total
- age   7:    1152928 bytes,    4034568 total
- age   8:     117400 bytes,    4151968 total
: 93036K->7204K(109248K), 0.0063420 secs] 128418K->42650K(502464K), 0.0064576 secs] [Times: user=0.02 sys=0.00, real=0.00 secs] 
Heap after GC invocations=36 (full 1):
 par new generation   total 109248K, used 7204K [0x00000007a0000000, 0x00000007a8000000, 0x00000007a8000000)
  eden space 87424K,   0% used [0x00000007a0000000, 0x00000007a0000000, 0x00000007a5560000)
  from space 21824K,  33% used [0x00000007a5560000, 0x00000007a5c69178, 0x00000007a6ab0000)
  to   space 21824K,   0% used [0x00000007a6ab0000, 0x00000007a6ab0000, 0x00000007a8000000)
 concurrent mark-sweep generation total 393216K, used 35446K [0x00000007a8000000, 0x00000007c0000000, 0x00000007c0000000)
 Metaspace       used 40198K, capacity 41748K, committed 42116K, reserved 1085440K
  class space    used 4826K, capacity 5174K, committed 5288K, reserved 1048576K
}
2018-01-08T11:48:56.037-0100: 190.384: Total time for which application threads were stopped: 0.0067268 seconds, Stopping threads took: 0.0000349 seconds
2018-01-08T11:48:58.038-0100: 192.385: Total time for which application threads were stopped: 0.0001284 seconds, Stopping threads took: 0.0000286 seconds
2018-01-08T11:49:03.051-0100: 197.398: Total time for which application threads were stopped: 0.0001583 seconds, Stopping threads took: 0.0000311 seconds
2018-01-08T11:49:03.914-0100: 198.261: Total time for which application threads were stopped: 0.0001461 seconds, Stopping threads took: 0.0000299 seconds
2018-01-08T11:49:04.554-0100: 198.900: Total time for which application threads were stopped: 0.0001414 seconds, Stopping threads took: 0.0000240 seconds
2018-01-08T11:49:05.557-0100: 199.904: Total time for which application threads were stopped: 0.0004133 seconds, Stopping threads took: 0.0001226 seconds
2018-01-08T11:49:06.557-0100: 200.904: Total time for which application threads were stopped: 0.0001583 seconds, Stopping threads took: 0.0000323 seconds
2018-01-08T11:49:07.559-0100: 201.906: Total time for which application threads were stopped: 0.0001877 seconds, Stopping threads took: 0.0000374 seconds
2018-01-08T11:49:08.561-0100: 202.907: Total time for which application threads were stopped: 0.0001643 seconds, Stopping threads took: 0.0000331 seconds
2018-01-08T11:49:09.561-0100: 203.908: Total time for which application threads were stopped: 0.0002039 seconds, Stopping threads took: 0.0000383 seconds
2018-01-08T11:49:10.165-0100: 204.511: Total time for which application threads were stopped: 0.0002531 seconds, Stopping threads took: 0.0000558 seconds
2018-01-08T11:49:10.165-0100: 204.512: Total time for which application threads were stopped: 0.0001919 seconds, Stopping threads took: 0.0000416 seconds
2018-01-08T11:49:10.165-0100: 204.512: Total time for which application threads were stopped: 0.0001546 seconds, Stopping threads took: 0.0000361 seconds
2018-01-08T11:49:10.166-0100: 204.512: Total time for which application threads were stopped: 0.0002291 seconds, Stopping threads took: 0.0000840 seconds
2018-01-08T11:49:11.170-0100: 205.517: Total time for which application threads were stopped: 0.0002052 seconds, Stopping threads took: 0.0000295 seconds
2018-01-08T11:49:12.171-0100: 206.518: Total time for which application threads were stopped: 0.0001499 seconds, Stopping threads took: 0.0000298 seconds
2018-01-08T11:49:14.177-0100: 208.524: Total time for which application threads were stopped: 0.0001777 seconds, Stopping threads took: 0.0000353 seconds
2018-01-08T11:49:15.179-0100: 209.525: Total time for which application threads were stopped: 0.0002464 seconds, Stopping threads took: 0.0000482 seconds
2018-01-08T11:49:16.179-0100: 210.526: Total time for which application threads were stopped: 0.0001483 seconds, Stopping threads took: 0.0000296 seconds
2018-01-08T11:49:17.179-0100: 211.526: Total time for which application threads were stopped: 0.0001414 seconds, Stopping threads took: 0.0000322 seconds
2018-01-08T11:49:19.184-0100: 213.531: Total time for which application threads were stopped: 0.0001534 seconds, Stopping threads took: 0.0000316 seconds
2018-01-08T11:49:20.185-0100: 214.532: Total time for which application threads were stopped: 0.0001468 seconds, Stopping threads took: 0.0000287 seconds
2018-01-08T11:49:22.190-0100: 216.536: Total time for which application threads were stopped: 0.0003044 seconds, Stopping threads took: 0.0000392 seconds
2018-01-08T11:49:23.194-0100: 217.541: Total time for which application threads were stopped: 0.0001760 seconds, Stopping threads took: 0.0000358 seconds
2018-01-08T11:49:25.198-0100: 219.545: Total time for which application threads were stopped: 0.0001642 seconds, Stopping threads took: 0.0000371 seconds
2018-01-08T11:50:07.780-0100: 262.126: Total time for which application threads were stopped: 0.0001656 seconds, Stopping threads took: 0.0000364 seconds
2018-01-08T11:50:07.780-0100: 262.126: Total time for which application threads were stopped: 0.0000997 seconds, Stopping threads took: 0.0000134 seconds
2018-01-08T11:50:07.788-0100: 262.135: Total time for which application threads were stopped: 0.0001809 seconds, Stopping threads took: 0.0000545 seconds
2018-01-08T11:50:07.788-0100: 262.135: Total time for which application threads were stopped: 0.0001864 seconds, Stopping threads took: 0.0000781 seconds
2018-01-08T11:50:08.789-0100: 263.136: Total time for which application threads were stopped: 0.0001401 seconds, Stopping threads took: 0.0000288 seconds
2018-01-08T11:50:12.384-0100: 266.730: Total time for which application threads were stopped: 0.0008193 seconds, Stopping threads took: 0.0000227 seconds
2018-01-08T11:50:12.794-0100: 267.140: Total time for which application threads were stopped: 0.0001929 seconds, Stopping threads took: 0.0000249 seconds
2018-01-08T11:50:12.794-0100: 267.140: Total time for which application threads were stopped: 0.0002010 seconds, Stopping threads took: 0.0000399 seconds
2018-01-08T11:50:12.794-0100: 267.141: Total time for which application threads were stopped: 0.0001497 seconds, Stopping threads took: 0.0000321 seconds
2018-01-08T11:50:12.794-0100: 267.141: Total time for which application threads were stopped: 0.0001161 seconds, Stopping threads took: 0.0000154 seconds
2018-01-08T11:50:12.795-0100: 267.141: Total time for which application threads were stopped: 0.0000791 seconds, Stopping threads took: 0.0000124 seconds
2018-01-08T11:50:12.795-0100: 267.142: Total time for which application threads were stopped: 0.0001104 seconds, Stopping threads took: 0.0000167 seconds
2018-01-08T11:50:12.795-0100: 267.142: Total time for which application threads were stopped: 0.0001055 seconds, Stopping threads took: 0.0000151 seconds
2018-01-08T11:50:12.796-0100: 267.142: Total time for which application threads were stopped: 0.0000783 seconds, Stopping threads took: 0.0000107 seconds
2018-01-08T11:50:12.796-0100: 267.142: Total time for which application threads were stopped: 0.0001288 seconds, Stopping threads took: 0.0000135 seconds
2018-01-08T11:50:12.796-0100: 267.143: Total time for which application threads were stopped: 0.0000738 seconds, Stopping threads took: 0.0000101 seconds
2018-01-08T11:50:12.796-0100: 267.143: Total time for which application threads were stopped: 0.0000680 seconds, Stopping threads took: 0.0000097 seconds
2018-01-08T11:50:12.796-0100: 267.143: Total time for which application threads were stopped: 0.0000676 seconds, Stopping threads took: 0.0000096 seconds
2018-01-08T11:50:12.796-0100: 267.143: Total time for which application threads were stopped: 0.0000653 seconds, Stopping threads took: 0.0000092 seconds
2018-01-08T11:50:12.797-0100: 267.144: Total time for which application threads were stopped: 0.0001938 seconds, Stopping threads took: 0.0001079 seconds
2018-01-08T11:50:12.797-0100: 267.144: Total time for which application threads were stopped: 0.0000983 seconds, Stopping threads took: 0.0000217 seconds
2018-01-08T11:50:12.805-0100: 267.152: Total time for which application threads were stopped: 0.0002834 seconds, Stopping threads took: 0.0000963 seconds
2018-01-08T11:50:12.805-0100: 267.152: Total time for which application threads were stopped: 0.0001422 seconds, Stopping threads took: 0.0000315 seconds
2018-01-08T11:50:12.813-0100: 267.160: Total time for which application threads were stopped: 0.0002461 seconds, Stopping threads took: 0.0000519 seconds
2018-01-08T11:50:12.814-0100: 267.160: Total time for which application threads were stopped: 0.0001651 seconds, Stopping threads took: 0.0000329 seconds
2018-01-08T11:50:13.815-0100: 268.161: Total time for which application threads were stopped: 0.0001484 seconds, Stopping threads took: 0.0000292 seconds
2018-01-08T11:51:01.831-0100: 316.178: Total time for which application threads were stopped: 0.0004370 seconds, Stopping threads took: 0.0001890 seconds
2018-01-08T11:51:01.832-0100: 316.178: Total time for which application threads were stopped: 0.0002304 seconds, Stopping threads took: 0.0000469 seconds
2018-01-08T11:51:01.842-0100: 316.189: Total time for which application threads were stopped: 0.0002611 seconds, Stopping threads took: 0.0000546 seconds
2018-01-08T11:51:01.842-0100: 316.189: Total time for which application threads were stopped: 0.0002865 seconds, Stopping threads took: 0.0000734 seconds
2018-01-08T11:51:01.844-0100: 316.191: Total time for which application threads were stopped: 0.0002696 seconds, Stopping threads took: 0.0000692 seconds
2018-01-08T11:51:01.845-0100: 316.191: Total time for which application threads were stopped: 0.0002028 seconds, Stopping threads took: 0.0000396 seconds
2018-01-08T11:51:02.847-0100: 317.193: Total time for which application threads were stopped: 0.0002269 seconds, Stopping threads took: 0.0000348 seconds
2018-01-08T11:51:04.470-0100: 318.816: Total time for which application threads were stopped: 0.0002018 seconds, Stopping threads took: 0.0000517 seconds
2018-01-08T11:51:04.470-0100: 318.816: Total time for which application threads were stopped: 0.0001504 seconds, Stopping threads took: 0.0000182 seconds
2018-01-08T11:51:04.478-0100: 318.824: Total time for which application threads were stopped: 0.0002714 seconds, Stopping threads took: 0.0000704 seconds
2018-01-08T11:51:04.478-0100: 318.824: Total time for which application threads were stopped: 0.0002329 seconds, Stopping threads took: 0.0000680 seconds
2018-01-08T11:51:05.482-0100: 319.829: Total time for which application threads were stopped: 0.0001764 seconds, Stopping threads took: 0.0000350 seconds
2018-01-08T11:51:08.822-0100: 323.169: Total time for which application threads were stopped: 0.0001757 seconds, Stopping threads took: 0.0000252 seconds
2018-01-08T11:51:08.823-0100: 323.170: Total time for which application threads were stopped: 0.0002260 seconds, Stopping threads took: 0.0000623 seconds
2018-01-08T11:51:08.824-0100: 323.170: Total time for which application threads were stopped: 0.0001363 seconds, Stopping threads took: 0.0000317 seconds
2018-01-08T11:51:08.824-0100: 323.170: Total time for which application threads were stopped: 0.0001224 seconds, Stopping threads took: 0.0000291 seconds
2018-01-08T11:51:08.826-0100: 323.173: Total time for which application threads were stopped: 0.0001918 seconds, Stopping threads took: 0.0000440 seconds
2018-01-08T11:51:08.827-0100: 323.173: Total time for which application threads were stopped: 0.0001389 seconds, Stopping threads took: 0.0000328 seconds
2018-01-08T11:51:08.832-0100: 323.178: Total time for which application threads were stopped: 0.0002308 seconds, Stopping threads took: 0.0000523 seconds
2018-01-08T11:51:08.832-0100: 323.179: Total time for which application threads were stopped: 0.0001575 seconds, Stopping threads took: 0.0000377 seconds
2018-01-08T11:51:08.835-0100: 323.182: Total time for which application threads were stopped: 0.0002838 seconds, Stopping threads took: 0.0000759 seconds
2018-01-08T11:51:08.835-0100: 323.182: Total time for which application threads were stopped: 0.0002699 seconds, Stopping threads took: 0.0000966 seconds
2018-01-08T11:51:14.647-0100: 328.993: Total time for which application threads were stopped: 0.0002047 seconds, Stopping threads took: 0.0000430 seconds
2018-01-08T11:51:14.647-0100: 328.993: Total time for which application threads were stopped: 0.0001386 seconds, Stopping threads took: 0.0000135 seconds
2018-01-08T11:51:14.655-0100: 329.001: Total time for which application threads were stopped: 0.0002162 seconds, Stopping threads took: 0.0000699 seconds
2018-01-08T11:51:14.655-0100: 329.001: Total time for which application threads were stopped: 0.0002239 seconds, Stopping threads took: 0.0000490 seconds
2018-01-08T11:51:15.657-0100: 330.003: Total time for which application threads were stopped: 0.0001411 seconds, Stopping threads took: 0.0000299 seconds
2018-01-08T11:51:17.782-0100: 332.128: Total time for which application threads were stopped: 0.0002692 seconds, Stopping threads took: 0.0000580 seconds
2018-01-08T11:51:17.782-0100: 332.128: Total time for which application threads were stopped: 0.0001510 seconds, Stopping threads took: 0.0000435 seconds
2018-01-08T11:51:17.791-0100: 332.138: Total time for which application threads were stopped: 0.0003728 seconds, Stopping threads took: 0.0001261 seconds
2018-01-08T11:51:17.791-0100: 332.138: Total time for which application threads were stopped: 0.0002253 seconds, Stopping threads took: 0.0000363 seconds
2018-01-08T11:51:18.792-0100: 333.138: Total time for which application threads were stopped: 0.0001478 seconds, Stopping threads took: 0.0000297 seconds
2018-01-08T11:51:20.186-0100: 334.533: Total time for which application threads were stopped: 0.0002799 seconds, Stopping threads took: 0.0000563 seconds
2018-01-08T11:51:20.186-0100: 334.533: Total time for which application threads were stopped: 0.0001723 seconds, Stopping threads took: 0.0000449 seconds
2018-01-08T11:51:20.195-0100: 334.541: Total time for which application threads were stopped: 0.0005844 seconds, Stopping threads took: 0.0000484 seconds
2018-01-08T11:51:20.195-0100: 334.542: Total time for which application threads were stopped: 0.0003471 seconds, Stopping threads took: 0.0000685 seconds
2018-01-08T11:51:20.196-0100: 334.542: Total time for which application threads were stopped: 0.0003142 seconds, Stopping threads took: 0.0000822 seconds
2018-01-08T11:51:21.199-0100: 335.546: Total time for which application threads were stopped: 0.0001912 seconds, Stopping threads took: 0.0000316 seconds
2018-01-08T11:51:22.520-0100: 336.867: Total time for which application threads were stopped: 0.0001660 seconds, Stopping threads took: 0.0000298 seconds
2018-01-08T11:51:22.521-0100: 336.867: Total time for which application threads were stopped: 0.0001096 seconds, Stopping threads took: 0.0000114 seconds
2018-01-08T11:51:22.528-0100: 336.875: Total time for which application threads were stopped: 0.0002034 seconds, Stopping threads took: 0.0000657 seconds
2018-01-08T11:51:22.529-0100: 336.875: Total time for which application threads were stopped: 0.0002548 seconds, Stopping threads took: 0.0000748 seconds
2018-01-08T11:51:23.533-0100: 337.879: Total time for which application threads were stopped: 0.0002310 seconds, Stopping threads took: 0.0000587 seconds
2018-01-08T11:51:25.859-0100: 340.205: Total time for which application threads were stopped: 0.0002692 seconds, Stopping threads took: 0.0001050 seconds
2018-01-08T11:51:25.859-0100: 340.206: Total time for which application threads were stopped: 0.0001479 seconds, Stopping threads took: 0.0000395 seconds
2018-01-08T11:51:25.867-0100: 340.213: Total time for which application threads were stopped: 0.0002299 seconds, Stopping threads took: 0.0000543 seconds
2018-01-08T11:51:25.867-0100: 340.213: Total time for which application threads were stopped: 0.0001310 seconds, Stopping threads took: 0.0000261 seconds
2018-01-08T11:51:27.236-0100: 341.582: Total time for which application threads were stopped: 0.0002578 seconds, Stopping threads took: 0.0000575 seconds
2018-01-08T11:51:27.236-0100: 341.582: Total time for which application threads were stopped: 0.0002126 seconds, Stopping threads took: 0.0000851 seconds
2018-01-08T11:51:27.245-0100: 341.591: Total time for which application threads were stopped: 0.0002918 seconds, Stopping threads took: 0.0000559 seconds
2018-01-08T11:51:27.245-0100: 341.592: Total time for which application threads were stopped: 0.0002381 seconds, Stopping threads took: 0.0001015 seconds
2018-01-08T11:51:32.474-0100: 346.820: Total time for which application threads were stopped: 0.0002254 seconds, Stopping threads took: 0.0000314 seconds
2018-01-08T11:51:32.474-0100: 346.820: Total time for which application threads were stopped: 0.0001806 seconds, Stopping threads took: 0.0000187 seconds
2018-01-08T11:51:32.482-0100: 346.829: Total time for which application threads were stopped: 0.0002449 seconds, Stopping threads took: 0.0000627 seconds
2018-01-08T11:51:32.483-0100: 346.829: Total time for which application threads were stopped: 0.0002340 seconds, Stopping threads took: 0.0000366 seconds
2018-01-08T11:51:35.146-0100: 349.492: Total time for which application threads were stopped: 0.0002090 seconds, Stopping threads took: 0.0000439 seconds
2018-01-08T11:51:35.146-0100: 349.492: Total time for which application threads were stopped: 0.0001312 seconds, Stopping threads took: 0.0000171 seconds
2018-01-08T11:51:35.155-0100: 349.502: Total time for which application threads were stopped: 0.0002981 seconds, Stopping threads took: 0.0000931 seconds
2018-01-08T11:51:35.155-0100: 349.502: Total time for which application threads were stopped: 0.0001874 seconds, Stopping threads took: 0.0000378 seconds
2018-01-08T11:51:36.157-0100: 350.503: Total time for which application threads were stopped: 0.0001445 seconds, Stopping threads took: 0.0000404 seconds
2018-01-08T11:51:36.796-0100: 351.143: Total time for which application threads were stopped: 0.0002404 seconds, Stopping threads took: 0.0000326 seconds
2018-01-08T11:51:36.812-0100: 351.158: Total time for which application threads were stopped: 0.0002489 seconds, Stopping threads took: 0.0000563 seconds
2018-01-08T11:51:36.812-0100: 351.158: Total time for which application threads were stopped: 0.0001578 seconds, Stopping threads took: 0.0000388 seconds
2018-01-08T11:51:36.820-0100: 351.166: Total time for which application threads were stopped: 0.0002293 seconds, Stopping threads took: 0.0000615 seconds
2018-01-08T11:51:36.820-0100: 351.167: Total time for which application threads were stopped: 0.0001731 seconds, Stopping threads took: 0.0000457 seconds
2018-01-08T11:51:37.824-0100: 352.170: Total time for which application threads were stopped: 0.0001606 seconds, Stopping threads took: 0.0000297 seconds
2018-01-08T11:51:59.872-0100: 374.218: Total time for which application threads were stopped: 0.0001703 seconds, Stopping threads took: 0.0000317 seconds
2018-01-08T11:52:07.362-0100: 381.708: Total time for which application threads were stopped: 0.0001888 seconds, Stopping threads took: 0.0000681 seconds
2018-01-08T11:52:07.362-0100: 381.709: Total time for which application threads were stopped: 0.0000925 seconds, Stopping threads took: 0.0000123 seconds
2018-01-08T11:52:08.018-0100: 382.364: Total time for which application threads were stopped: 0.0001949 seconds, Stopping threads took: 0.0000242 seconds
2018-01-08T11:52:08.018-0100: 382.365: Total time for which application threads were stopped: 0.0000947 seconds, Stopping threads took: 0.0000151 seconds
2018-01-08T11:52:08.835-0100: 383.181: Total time for which application threads were stopped: 0.0001990 seconds, Stopping threads took: 0.0000412 seconds
2018-01-08T11:52:20.805-0100: 395.151: Total time for which application threads were stopped: 0.0002084 seconds, Stopping threads took: 0.0000884 seconds
2018-01-08T11:52:20.805-0100: 395.151: Total time for which application threads were stopped: 0.0002027 seconds, Stopping threads took: 0.0000902 seconds
2018-01-08T11:52:20.806-0100: 395.152: Total time for which application threads were stopped: 0.0001476 seconds, Stopping threads took: 0.0000422 seconds
{Heap before GC invocations=36 (full 1):
 par new generation   total 109248K, used 94616K [0x00000007a0000000, 0x00000007a8000000, 0x00000007a8000000)
  eden space 87424K,  99% used [0x00000007a0000000, 0x00000007a555cea0, 0x00000007a5560000)
  from space 21824K,  33% used [0x00000007a5560000, 0x00000007a5c69178, 0x00000007a6ab0000)
  to   space 21824K,   0% used [0x00000007a6ab0000, 0x00000007a6ab0000, 0x00000007a8000000)
 concurrent mark-sweep generation total 393216K, used 35446K [0x00000007a8000000, 0x00000007c0000000, 0x00000007c0000000)
 Metaspace       used 40865K, capacity 42518K, committed 42628K, reserved 1087488K
  class space    used 4857K, capacity 5225K, committed 5288K, reserved 1048576K
2018-01-08T11:52:20.819-0100: 395.165: [GC (Allocation Failure) 2018-01-08T11:52:20.819-0100: 395.166: [ParNew
Desired survivor size 20112992 bytes, new threshold 8 (max 8)
- age   1:    2835680 bytes,    2835680 total
- age   2:    1586624 bytes,    4422304 total
- age   3:     132416 bytes,    4554720 total
- age   4:     142664 bytes,    4697384 total
- age   5:     305120 bytes,    5002504 total
- age   6:     210344 bytes,    5212848 total
- age   7:      46712 bytes,    5259560 total
- age   8:    1152928 bytes,    6412488 total
: 94616K->7149K(109248K), 0.0075397 secs] 130062K->42712K(502464K), 0.0079573 secs] [Times: user=0.04 sys=0.00, real=0.01 secs] 
Heap after GC invocations=37 (full 1):
 par new generation   total 109248K, used 7149K [0x00000007a0000000, 0x00000007a8000000, 0x00000007a8000000)
  eden space 87424K,   0% used [0x00000007a0000000, 0x00000007a0000000, 0x00000007a5560000)
  from space 21824K,  32% used [0x00000007a6ab0000, 0x00000007a71ab7d0, 0x00000007a8000000)
  to   space 21824K,   0% used [0x00000007a5560000, 0x00000007a5560000, 0x00000007a6ab0000)
 concurrent mark-sweep generation total 393216K, used 35563K [0x00000007a8000000, 0x00000007c0000000, 0x00000007c0000000)
 Metaspace       used 40865K, capacity 42518K, committed 42628K, reserved 1087488K
  class space    used 4857K, capacity 5225K, committed 5288K, reserved 1048576K
}
2018-01-08T11:52:20.827-0100: 395.173: Total time for which application threads were stopped: 0.0082983 seconds, Stopping threads took: 0.0000576 seconds
{Heap before GC invocations=37 (full 1):
 par new generation   total 109248K, used 94573K [0x00000007a0000000, 0x00000007a8000000, 0x00000007a8000000)
  eden space 87424K, 100% used [0x00000007a0000000, 0x00000007a5560000, 0x00000007a5560000)
  from space 21824K,  32% used [0x00000007a6ab0000, 0x00000007a71ab7d0, 0x00000007a8000000)
  to   space 21824K,   0% used [0x00000007a5560000, 0x00000007a5560000, 0x00000007a6ab0000)
 concurrent mark-sweep generation total 393216K, used 35563K [0x00000007a8000000, 0x00000007c0000000, 0x00000007c0000000)
 Metaspace       used 40881K, capacity 42542K, committed 42628K, reserved 1087488K
  class space    used 4860K, capacity 5229K, committed 5288K, reserved 1048576K
2018-01-08T11:52:20.853-0100: 395.199: [GC (Allocation Failure) 2018-01-08T11:52:20.853-0100: 395.199: [ParNew
Desired survivor size 20112992 bytes, new threshold 8 (max 8)
- age   1:    1297016 bytes,    1297016 total
- age   2:    2233712 bytes,    3530728 total
- age   3:    1586624 bytes,    5117352 total
- age   4:     132416 bytes,    5249768 total
- age   5:     142664 bytes,    5392432 total
- age   6:     305120 bytes,    5697552 total
- age   7:     210344 bytes,    5907896 total
- age   8:      46712 bytes,    5954608 total
: 94573K->9112K(109248K), 0.0144650 secs] 130136K->45804K(502464K), 0.0146031 secs] [Times: user=0.06 sys=0.00, real=0.01 secs] 
Heap after GC invocations=38 (full 1):
 par new generation   total 109248K, used 9112K [0x00000007a0000000, 0x00000007a8000000, 0x00000007a8000000)
  eden space 87424K,   0% used [0x00000007a0000000, 0x00000007a0000000, 0x00000007a5560000)
  from space 21824K,  41% used [0x00000007a5560000, 0x00000007a5e463a0, 0x00000007a6ab0000)
  to   space 21824K,   0% used [0x00000007a6ab0000, 0x00000007a6ab0000, 0x00000007a8000000)
 concurrent mark-sweep generation total 393216K, used 36692K [0x00000007a8000000, 0x00000007c0000000, 0x00000007c0000000)
 Metaspace       used 40881K, capacity 42542K, committed 42628K, reserved 1087488K
  class space    used 4860K, capacity 5229K, committed 5288K, reserved 1048576K
}
2018-01-08T11:52:20.867-0100: 395.214: Total time for which application threads were stopped: 0.0149673 seconds, Stopping threads took: 0.0000341 seconds
2018-01-08T11:52:20.872-0100: 395.219: Total time for which application threads were stopped: 0.0002847 seconds, Stopping threads took: 0.0001187 seconds
{Heap before GC invocations=38 (full 1):
 par new generation   total 109248K, used 96536K [0x00000007a0000000, 0x00000007a8000000, 0x00000007a8000000)
  eden space 87424K, 100% used [0x00000007a0000000, 0x00000007a5560000, 0x00000007a5560000)
  from space 21824K,  41% used [0x00000007a5560000, 0x00000007a5e463a0, 0x00000007a6ab0000)
  to   space 21824K,   0% used [0x00000007a6ab0000, 0x00000007a6ab0000, 0x00000007a8000000)
 concurrent mark-sweep generation total 393216K, used 36692K [0x00000007a8000000, 0x00000007c0000000, 0x00000007c0000000)
 Metaspace       used 40890K, capacity 42548K, committed 42628K, reserved 1087488K
  class space    used 4860K, capacity 5230K, committed 5288K, reserved 1048576K
2018-01-08T11:52:20.908-0100: 395.254: [GC (Allocation Failure) 2018-01-08T11:52:20.908-0100: 395.254: [ParNew
Desired survivor size 20112992 bytes, new threshold 8 (max 8)
- age   1:     853896 bytes,     853896 total
- age   2:     659048 bytes,    1512944 total
- age   3:    2233688 bytes,    3746632 total
- age   4:    1586624 bytes,    5333256 total
- age   5:     132416 bytes,    5465672 total
- age   6:     142664 bytes,    5608336 total
- age   7:     305120 bytes,    5913456 total
- age   8:     210344 bytes,    6123800 total
: 96536K->7577K(109248K), 0.0171883 secs] 133228K->44316K(502464K), 0.0173619 secs] [Times: user=0.04 sys=0.00, real=0.02 secs] 
Heap after GC invocations=39 (full 1):
 par new generation   total 109248K, used 7577K [0x00000007a0000000, 0x00000007a8000000, 0x00000007a8000000)
  eden space 87424K,   0% used [0x00000007a0000000, 0x00000007a0000000, 0x00000007a5560000)
  from space 21824K,  34% used [0x00000007a6ab0000, 0x00000007a7216788, 0x00000007a8000000)
  to   space 21824K,   0% used [0x00000007a5560000, 0x00000007a5560000, 0x00000007a6ab0000)
 concurrent mark-sweep generation total 393216K, used 36738K [0x00000007a8000000, 0x00000007c0000000, 0x00000007c0000000)
 Metaspace       used 40890K, capacity 42548K, committed 42628K, reserved 1087488K
  class space    used 4860K, capacity 5230K, committed 5288K, reserved 1048576K
}
2018-01-08T11:52:20.925-0100: 395.272: Total time for which application threads were stopped: 0.0178345 seconds, Stopping threads took: 0.0001168 seconds
2018-01-08T11:52:20.926-0100: 395.272: Total time for which application threads were stopped: 0.0002590 seconds, Stopping threads took: 0.0000865 seconds
{Heap before GC invocations=39 (full 1):
 par new generation   total 109248K, used 95001K [0x00000007a0000000, 0x00000007a8000000, 0x00000007a8000000)
  eden space 87424K, 100% used [0x00000007a0000000, 0x00000007a5560000, 0x00000007a5560000)
  from space 21824K,  34% used [0x00000007a6ab0000, 0x00000007a7216788, 0x00000007a8000000)
  to   space 21824K,   0% used [0x00000007a5560000, 0x00000007a5560000, 0x00000007a6ab0000)
 concurrent mark-sweep generation total 393216K, used 36738K [0x00000007a8000000, 0x00000007c0000000, 0x00000007c0000000)
 Metaspace       used 40926K, capacity 42602K, committed 42884K, reserved 1087488K
  class space    used 4865K, capacity 5239K, committed 5288K, reserved 1048576K
2018-01-08T11:52:20.965-0100: 395.312: [GC (Allocation Failure) 2018-01-08T11:52:20.966-0100: 395.312: [ParNew
Desired survivor size 20112992 bytes, new threshold 8 (max 8)
- age   1:    1345960 bytes,    1345960 total
- age   2:     166896 bytes,    1512856 total
- age   3:     647336 bytes,    2160192 total
- age   4:    2233688 bytes,    4393880 total
- age   5:    1586624 bytes,    5980504 total
- age   6:     132416 bytes,    6112920 total
- age   7:     142664 bytes,    6255584 total
- age   8:     305120 bytes,    6560704 total
: 95001K->9054K(109248K), 0.0113268 secs] 131740K->46003K(502464K), 0.0114991 secs] [Times: user=0.04 sys=0.00, real=0.01 secs] 
Heap after GC invocations=40 (full 1):
 par new generation   total 109248K, used 9054K [0x00000007a0000000, 0x00000007a8000000, 0x00000007a8000000)
  eden space 87424K,   0% used [0x00000007a0000000, 0x00000007a0000000, 0x00000007a5560000)
  from space 21824K,  41% used [0x00000007a5560000, 0x00000007a5e37ae0, 0x00000007a6ab0000)
  to   space 21824K,   0% used [0x00000007a6ab0000, 0x00000007a6ab0000, 0x00000007a8000000)
 concurrent mark-sweep generation total 393216K, used 36948K [0x00000007a8000000, 0x00000007c0000000, 0x00000007c0000000)
 Metaspace       used 40926K, capacity 42602K, committed 42884K, reserved 1087488K
  class space    used 4865K, capacity 5239K, committed 5288K, reserved 1048576K
}
2018-01-08T11:52:20.977-0100: 395.323: Total time for which application threads were stopped: 0.0119555 seconds, Stopping threads took: 0.0001092 seconds
{Heap before GC invocations=40 (full 1):
 par new generation   total 109248K, used 96478K [0x00000007a0000000, 0x00000007a8000000, 0x00000007a8000000)
  eden space 87424K, 100% used [0x00000007a0000000, 0x00000007a5560000, 0x00000007a5560000)
  from space 21824K,  41% used [0x00000007a5560000, 0x00000007a5e37ae0, 0x00000007a6ab0000)
  to   space 21824K,   0% used [0x00000007a6ab0000, 0x00000007a6ab0000, 0x00000007a8000000)
 concurrent mark-sweep generation total 393216K, used 36948K [0x00000007a8000000, 0x00000007c0000000, 0x00000007c0000000)
 Metaspace       used 40931K, capacity 42602K, committed 42884K, reserved 1087488K
  class space    used 4865K, capacity 5239K, committed 5288K, reserved 1048576K
2018-01-08T11:52:21.027-0100: 395.374: [GC (Allocation Failure) 2018-01-08T11:52:21.028-0100: 395.374: [ParNew
Desired survivor size 20112992 bytes, new threshold 8 (max 8)
- age   1:    1041128 bytes,    1041128 total
- age   2:     697088 bytes,    1738216 total
- age   3:     166272 bytes,    1904488 total
- age   4:     646112 bytes,    2550600 total
- age   5:    2232808 bytes,    4783408 total
- age   6:    1586624 bytes,    6370032 total
- age   7:     132416 bytes,    6502448 total
- age   8:     142664 bytes,    6645112 total
: 96478K->8316K(109248K), 0.0148562 secs] 133427K->45565K(502464K), 0.0150044 secs] [Times: user=0.06 sys=0.01, real=0.02 secs] 
Heap after GC invocations=41 (full 1):
 par new generation   total 109248K, used 8316K [0x00000007a0000000, 0x00000007a8000000, 0x00000007a8000000)
  eden space 87424K,   0% used [0x00000007a0000000, 0x00000007a0000000, 0x00000007a5560000)
  from space 21824K,  38% used [0x00000007a6ab0000, 0x00000007a72cf168, 0x00000007a8000000)
  to   space 21824K,   0% used [0x00000007a5560000, 0x00000007a5560000, 0x00000007a6ab0000)
 concurrent mark-sweep generation total 393216K, used 37249K [0x00000007a8000000, 0x00000007c0000000, 0x00000007c0000000)
 Metaspace       used 40931K, capacity 42602K, committed 42884K, reserved 1087488K
  class space    used 4865K, capacity 5239K, committed 5288K, reserved 1048576K
}
2018-01-08T11:52:21.043-0100: 395.389: Total time for which application threads were stopped: 0.0154702 seconds, Stopping threads took: 0.0001064 seconds
2018-01-08T11:52:21.084-0100: 395.430: Total time for which application threads were stopped: 0.0001650 seconds, Stopping threads took: 0.0000260 seconds
2018-01-08T11:52:21.144-0100: 395.490: Total time for which application threads were stopped: 0.0003075 seconds, Stopping threads took: 0.0000625 seconds
2018-01-08T11:52:21.179-0100: 395.525: Total time for which application threads were stopped: 0.0003990 seconds, Stopping threads took: 0.0001164 seconds
2018-01-08T11:52:21.180-0100: 395.527: Total time for which application threads were stopped: 0.0002349 seconds, Stopping threads took: 0.0000542 seconds
2018-01-08T11:52:21.181-0100: 395.527: Total time for which application threads were stopped: 0.0001841 seconds, Stopping threads took: 0.0000357 seconds
2018-01-08T11:52:21.181-0100: 395.527: Total time for which application threads were stopped: 0.0001385 seconds, Stopping threads took: 0.0000179 seconds
2018-01-08T11:52:21.181-0100: 395.528: Total time for which application threads were stopped: 0.0001532 seconds, Stopping threads took: 0.0000317 seconds
2018-01-08T11:52:21.181-0100: 395.528: Total time for which application threads were stopped: 0.0001383 seconds, Stopping threads took: 0.0000153 seconds
2018-01-08T11:52:21.182-0100: 395.528: Total time for which application threads were stopped: 0.0001127 seconds, Stopping threads took: 0.0000147 seconds
2018-01-08T11:52:21.188-0100: 395.534: Total time for which application threads were stopped: 0.0002627 seconds, Stopping threads took: 0.0000660 seconds
2018-01-08T11:52:21.188-0100: 395.535: Total time for which application threads were stopped: 0.0002098 seconds, Stopping threads took: 0.0000477 seconds
2018-01-08T11:52:21.189-0100: 395.535: Total time for which application threads were stopped: 0.0001574 seconds, Stopping threads took: 0.0000190 seconds
2018-01-08T11:52:21.189-0100: 395.535: Total time for which application threads were stopped: 0.0001337 seconds, Stopping threads took: 0.0000198 seconds
2018-01-08T11:52:21.189-0100: 395.535: Total time for which application threads were stopped: 0.0002333 seconds, Stopping threads took: 0.0001048 seconds
2018-01-08T11:52:21.189-0100: 395.536: Total time for which application threads were stopped: 0.0001420 seconds, Stopping threads took: 0.0000162 seconds
2018-01-08T11:52:21.189-0100: 395.536: Total time for which application threads were stopped: 0.0001849 seconds, Stopping threads took: 0.0000430 seconds
2018-01-08T11:52:21.190-0100: 395.536: Total time for which application threads were stopped: 0.0001564 seconds, Stopping threads took: 0.0000374 seconds
2018-01-08T11:52:21.190-0100: 395.536: Total time for which application threads were stopped: 0.0001562 seconds, Stopping threads took: 0.0000375 seconds
2018-01-08T11:52:21.190-0100: 395.536: Total time for which application threads were stopped: 0.0001288 seconds, Stopping threads took: 0.0000181 seconds
2018-01-08T11:52:21.190-0100: 395.537: Total time for which application threads were stopped: 0.0001755 seconds, Stopping threads took: 0.0000580 seconds
2018-01-08T11:52:21.190-0100: 395.537: Total time for which application threads were stopped: 0.0001389 seconds, Stopping threads took: 0.0000158 seconds
2018-01-08T11:52:21.191-0100: 395.537: Total time for which application threads were stopped: 0.0001430 seconds, Stopping threads took: 0.0000367 seconds
2018-01-08T11:52:21.191-0100: 395.537: Total time for which application threads were stopped: 0.0001737 seconds, Stopping threads took: 0.0000591 seconds
2018-01-08T11:52:21.191-0100: 395.537: Total time for which application threads were stopped: 0.0001310 seconds, Stopping threads took: 0.0000197 seconds
2018-01-08T11:52:21.191-0100: 395.538: Total time for which application threads were stopped: 0.0001426 seconds, Stopping threads took: 0.0000330 seconds
2018-01-08T11:52:21.191-0100: 395.538: Total time for which application threads were stopped: 0.0001201 seconds, Stopping threads took: 0.0000271 seconds
2018-01-08T11:52:21.192-0100: 395.538: Total time for which application threads were stopped: 0.0001302 seconds, Stopping threads took: 0.0000267 seconds
2018-01-08T11:52:21.192-0100: 395.538: Total time for which application threads were stopped: 0.0002202 seconds, Stopping threads took: 0.0001088 seconds
2018-01-08T11:52:21.192-0100: 395.539: Total time for which application threads were stopped: 0.0003928 seconds, Stopping threads took: 0.0000155 seconds
2018-01-08T11:52:21.195-0100: 395.541: Total time for which application threads were stopped: 0.0002760 seconds, Stopping threads took: 0.0000636 seconds
2018-01-08T11:52:21.195-0100: 395.542: Total time for which application threads were stopped: 0.0002159 seconds, Stopping threads took: 0.0000392 seconds
2018-01-08T11:52:22.196-0100: 396.542: Total time for which application threads were stopped: 0.0002214 seconds, Stopping threads took: 0.0000312 seconds
2018-01-08T11:52:23.196-0100: 397.543: Total time for which application threads were stopped: 0.0001484 seconds, Stopping threads took: 0.0000317 seconds
2018-01-08T11:52:27.380-0100: 401.726: Total time for which application threads were stopped: 0.0002971 seconds, Stopping threads took: 0.0000408 seconds
2018-01-08T11:52:28.029-0100: 402.375: Total time for which application threads were stopped: 0.0001835 seconds, Stopping threads took: 0.0000373 seconds
2018-01-08T11:52:31.713-0100: 406.059: Total time for which application threads were stopped: 0.0002530 seconds, Stopping threads took: 0.0000338 seconds
2018-01-08T11:52:31.713-0100: 406.060: Total time for which application threads were stopped: 0.0001874 seconds, Stopping threads took: 0.0000349 seconds
2018-01-08T11:52:31.722-0100: 406.068: Total time for which application threads were stopped: 0.0002723 seconds, Stopping threads took: 0.0001028 seconds
2018-01-08T11:52:31.722-0100: 406.069: Total time for which application threads were stopped: 0.0001246 seconds, Stopping threads took: 0.0000201 seconds
2018-01-08T11:52:36.512-0100: 410.859: Total time for which application threads were stopped: 0.0002337 seconds, Stopping threads took: 0.0000543 seconds
2018-01-08T11:52:36.513-0100: 410.859: Total time for which application threads were stopped: 0.0002107 seconds, Stopping threads took: 0.0000535 seconds
2018-01-08T11:52:36.513-0100: 410.859: Total time for which application threads were stopped: 0.0001496 seconds, Stopping threads took: 0.0000368 seconds
2018-01-08T11:52:36.513-0100: 410.860: Total time for which application threads were stopped: 0.0001675 seconds, Stopping threads took: 0.0000334 seconds
2018-01-08T11:52:36.514-0100: 410.860: Total time for which application threads were stopped: 0.0003384 seconds, Stopping threads took: 0.0000389 seconds
2018-01-08T11:52:36.524-0100: 410.870: Total time for which application threads were stopped: 0.0003310 seconds, Stopping threads took: 0.0000586 seconds
2018-01-08T11:52:36.524-0100: 410.870: Total time for which application threads were stopped: 0.0001885 seconds, Stopping threads took: 0.0000507 seconds
2018-01-08T11:52:36.532-0100: 410.879: Total time for which application threads were stopped: 0.0002466 seconds, Stopping threads took: 0.0000499 seconds
2018-01-08T11:52:36.533-0100: 410.879: Total time for which application threads were stopped: 0.0002580 seconds, Stopping threads took: 0.0000872 seconds
2018-01-08T11:52:39.195-0100: 413.541: Total time for which application threads were stopped: 0.0002298 seconds, Stopping threads took: 0.0000865 seconds
2018-01-08T11:52:39.196-0100: 413.542: Total time for which application threads were stopped: 0.0001752 seconds, Stopping threads took: 0.0000529 seconds
2018-01-08T11:52:39.196-0100: 413.542: Total time for which application threads were stopped: 0.0001592 seconds, Stopping threads took: 0.0000495 seconds
2018-01-08T11:52:39.196-0100: 413.543: Total time for which application threads were stopped: 0.0001218 seconds, Stopping threads took: 0.0000324 seconds
2018-01-08T11:52:39.197-0100: 413.543: Total time for which application threads were stopped: 0.0001248 seconds, Stopping threads took: 0.0000349 seconds
2018-01-08T11:52:39.197-0100: 413.543: Total time for which application threads were stopped: 0.0001214 seconds, Stopping threads took: 0.0000344 seconds
2018-01-08T11:52:39.197-0100: 413.543: Total time for which application threads were stopped: 0.0001049 seconds, Stopping threads took: 0.0000264 seconds
2018-01-08T11:52:39.197-0100: 413.543: Total time for which application threads were stopped: 0.0001065 seconds, Stopping threads took: 0.0000258 seconds
2018-01-08T11:52:39.197-0100: 413.544: Total time for which application threads were stopped: 0.0001063 seconds, Stopping threads took: 0.0000233 seconds
2018-01-08T11:52:39.198-0100: 413.545: Total time for which application threads were stopped: 0.0001879 seconds, Stopping threads took: 0.0000648 seconds
2018-01-08T11:52:39.198-0100: 413.545: Total time for which application threads were stopped: 0.0001096 seconds, Stopping threads took: 0.0000158 seconds
2018-01-08T11:52:39.205-0100: 413.551: Total time for which application threads were stopped: 0.0001648 seconds, Stopping threads took: 0.0000250 seconds
2018-01-08T11:52:39.205-0100: 413.551: Total time for which application threads were stopped: 0.0001026 seconds, Stopping threads took: 0.0000110 seconds
2018-01-08T11:52:39.213-0100: 413.559: Total time for which application threads were stopped: 0.0001982 seconds, Stopping threads took: 0.0000473 seconds
2018-01-08T11:52:39.213-0100: 413.559: Total time for which application threads were stopped: 0.0002163 seconds, Stopping threads took: 0.0000762 seconds
2018-01-08T11:52:41.218-0100: 415.564: Total time for which application threads were stopped: 0.0001540 seconds, Stopping threads took: 0.0000326 seconds
2018-01-08T11:53:02.069-0100: 436.415: Total time for which application threads were stopped: 0.0002779 seconds, Stopping threads took: 0.0000369 seconds
2018-01-08T11:53:07.078-0100: 441.424: Total time for which application threads were stopped: 0.0002525 seconds, Stopping threads took: 0.0000455 seconds
2018-01-08T11:53:10.080-0100: 444.426: Total time for which application threads were stopped: 0.0002830 seconds, Stopping threads took: 0.0000649 seconds
2018-01-08T11:53:11.082-0100: 445.428: Total time for which application threads were stopped: 0.0002084 seconds, Stopping threads took: 0.0000443 seconds
2018-01-08T11:53:15.090-0100: 449.437: Total time for which application threads were stopped: 0.0002896 seconds, Stopping threads took: 0.0000519 seconds
2018-01-08T11:53:16.091-0100: 450.437: Total time for which application threads were stopped: 0.0001730 seconds, Stopping threads took: 0.0000330 seconds
2018-01-08T11:53:18.094-0100: 452.441: Total time for which application threads were stopped: 0.0001729 seconds, Stopping threads took: 0.0000356 seconds
{Heap before GC invocations=41 (full 1):
 par new generation   total 109248K, used 95728K [0x00000007a0000000, 0x00000007a8000000, 0x00000007a8000000)
  eden space 87424K,  99% used [0x00000007a0000000, 0x00000007a555d0f8, 0x00000007a5560000)
  from space 21824K,  38% used [0x00000007a6ab0000, 0x00000007a72cf168, 0x00000007a8000000)
  to   space 21824K,   0% used [0x00000007a5560000, 0x00000007a5560000, 0x00000007a6ab0000)
 concurrent mark-sweep generation total 393216K, used 37249K [0x00000007a8000000, 0x00000007c0000000, 0x00000007c0000000)
 Metaspace       used 41084K, capacity 42666K, committed 42884K, reserved 1087488K
  class space    used 4866K, capacity 5239K, committed 5288K, reserved 1048576K
2018-01-08T11:53:20.416-0100: 454.763: [GC (Allocation Failure) 2018-01-08T11:53:20.422-0100: 454.768: [ParNew
Desired survivor size 20112992 bytes, new threshold 8 (max 8)
- age   1:    1682912 bytes,    1682912 total
- age   2:     876776 bytes,    2559688 total
- age   3:     139392 bytes,    2699080 total
- age   4:     163032 bytes,    2862112 total
- age   5:     620960 bytes,    3483072 total
- age   6:     791760 bytes,    4274832 total
- age   7:    1585832 bytes,    5860664 total
- age   8:     132416 bytes,    5993080 total
: 95728K->10134K(109248K), 0.0075156 secs] 132977K->47526K(502464K), 0.0130840 secs] [Times: user=0.02 sys=0.00, real=0.01 secs] 
Heap after GC invocations=42 (full 1):
 par new generation   total 109248K, used 10134K [0x00000007a0000000, 0x00000007a8000000, 0x00000007a8000000)
  eden space 87424K,   0% used [0x00000007a0000000, 0x00000007a0000000, 0x00000007a5560000)
  from space 21824K,  46% used [0x00000007a5560000, 0x00000007a5f45938, 0x00000007a6ab0000)
  to   space 21824K,   0% used [0x00000007a6ab0000, 0x00000007a6ab0000, 0x00000007a8000000)
 concurrent mark-sweep generation total 393216K, used 37391K [0x00000007a8000000, 0x00000007c0000000, 0x00000007c0000000)
 Metaspace       used 41084K, capacity 42666K, committed 42884K, reserved 1087488K
  class space    used 4866K, capacity 5239K, committed 5288K, reserved 1048576K
}
2018-01-08T11:53:20.429-0100: 454.776: Total time for which application threads were stopped: 0.0133935 seconds, Stopping threads took: 0.0000513 seconds
2018-01-08T11:53:22.437-0100: 456.783: Total time for which application threads were stopped: 0.0003172 seconds, Stopping threads took: 0.0000627 seconds
2018-01-08T11:53:23.440-0100: 457.786: Total time for which application threads were stopped: 0.0001757 seconds, Stopping threads took: 0.0000291 seconds
2018-01-08T11:53:24.440-0100: 458.786: Total time for which application threads were stopped: 0.0001555 seconds, Stopping threads took: 0.0000267 seconds
2018-01-08T11:53:25.443-0100: 459.790: Total time for which application threads were stopped: 0.0001504 seconds, Stopping threads took: 0.0000283 seconds
2018-01-08T11:53:27.446-0100: 461.793: Total time for which application threads were stopped: 0.0002061 seconds, Stopping threads took: 0.0000499 seconds
2018-01-08T11:53:27.505-0100: 461.852: Total time for which application threads were stopped: 0.0002311 seconds, Stopping threads took: 0.0000776 seconds
2018-01-08T11:53:27.506-0100: 461.852: Total time for which application threads were stopped: 0.0002377 seconds, Stopping threads took: 0.0001124 seconds
2018-01-08T11:53:27.506-0100: 461.852: Total time for which application threads were stopped: 0.0001561 seconds, Stopping threads took: 0.0000463 seconds
2018-01-08T11:53:28.509-0100: 462.855: Total time for which application threads were stopped: 0.0001521 seconds, Stopping threads took: 0.0000312 seconds
2018-01-08T11:53:35.527-0100: 469.873: Total time for which application threads were stopped: 0.0001788 seconds, Stopping threads took: 0.0000370 seconds
2018-01-08T11:54:06.976-0100: 501.322: Total time for which application threads were stopped: 0.0001732 seconds, Stopping threads took: 0.0000287 seconds
2018-01-08T11:54:07.977-0100: 502.323: Total time for which application threads were stopped: 0.0001521 seconds, Stopping threads took: 0.0000356 seconds
2018-01-08T11:54:14.062-0100: 508.408: Total time for which application threads were stopped: 0.0001857 seconds, Stopping threads took: 0.0000254 seconds
2018-01-08T11:54:14.062-0100: 508.408: Total time for which application threads were stopped: 0.0001036 seconds, Stopping threads took: 0.0000118 seconds
2018-01-08T11:54:14.071-0100: 508.417: Total time for which application threads were stopped: 0.0002630 seconds, Stopping threads took: 0.0000815 seconds
2018-01-08T11:54:14.071-0100: 508.418: Total time for which application threads were stopped: 0.0001479 seconds, Stopping threads took: 0.0000489 seconds
2018-01-08T11:54:14.621-0100: 508.967: Total time for which application threads were stopped: 0.0002178 seconds, Stopping threads took: 0.0000531 seconds
2018-01-08T11:54:14.621-0100: 508.968: Total time for which application threads were stopped: 0.0001432 seconds, Stopping threads took: 0.0000321 seconds
2018-01-08T11:54:14.622-0100: 508.968: Total time for which application threads were stopped: 0.0001225 seconds, Stopping threads took: 0.0000246 seconds
2018-01-08T11:54:14.622-0100: 508.968: Total time for which application threads were stopped: 0.0001445 seconds, Stopping threads took: 0.0000375 seconds
2018-01-08T11:54:14.622-0100: 508.968: Total time for which application threads were stopped: 0.0000962 seconds, Stopping threads took: 0.0000196 seconds
2018-01-08T11:54:14.622-0100: 508.969: Total time for which application threads were stopped: 0.0000986 seconds, Stopping threads took: 0.0000140 seconds
2018-01-08T11:54:14.623-0100: 508.969: Total time for which application threads were stopped: 0.0001061 seconds, Stopping threads took: 0.0000228 seconds
2018-01-08T11:54:14.623-0100: 508.969: Total time for which application threads were stopped: 0.0000803 seconds, Stopping threads took: 0.0000219 seconds
2018-01-08T11:54:14.623-0100: 508.969: Total time for which application threads were stopped: 0.0000848 seconds, Stopping threads took: 0.0000213 seconds
2018-01-08T11:54:14.623-0100: 508.969: Total time for which application threads were stopped: 0.0000852 seconds, Stopping threads took: 0.0000218 seconds
2018-01-08T11:54:14.623-0100: 508.970: Total time for which application threads were stopped: 0.0001867 seconds, Stopping threads took: 0.0000600 seconds
2018-01-08T11:54:14.624-0100: 508.970: Total time for which application threads were stopped: 0.0000948 seconds, Stopping threads took: 0.0000228 seconds
2018-01-08T11:54:14.624-0100: 508.970: Total time for which application threads were stopped: 0.0000785 seconds, Stopping threads took: 0.0000196 seconds
2018-01-08T11:54:14.625-0100: 508.971: Total time for which application threads were stopped: 0.0001439 seconds, Stopping threads took: 0.0000415 seconds
2018-01-08T11:54:14.625-0100: 508.971: Total time for which application threads were stopped: 0.0001178 seconds, Stopping threads took: 0.0000354 seconds
2018-01-08T11:54:14.631-0100: 508.977: Total time for which application threads were stopped: 0.0001566 seconds, Stopping threads took: 0.0000260 seconds
2018-01-08T11:54:14.631-0100: 508.977: Total time for which application threads were stopped: 0.0001143 seconds, Stopping threads took: 0.0000118 seconds
2018-01-08T11:54:14.637-0100: 508.984: Total time for which application threads were stopped: 0.0001782 seconds, Stopping threads took: 0.0000426 seconds
2018-01-08T11:54:14.638-0100: 508.984: Total time for which application threads were stopped: 0.0002032 seconds, Stopping threads took: 0.0000811 seconds
2018-01-08T11:54:15.638-0100: 509.984: Total time for which application threads were stopped: 0.0001494 seconds, Stopping threads took: 0.0000301 seconds
2018-01-08T11:54:15.802-0100: 510.148: Total time for which application threads were stopped: 0.0001893 seconds, Stopping threads took: 0.0000363 seconds
2018-01-08T11:54:15.802-0100: 510.149: Total time for which application threads were stopped: 0.0001663 seconds, Stopping threads took: 0.0000530 seconds
2018-01-08T11:54:15.809-0100: 510.155: Total time for which application threads were stopped: 0.0001989 seconds, Stopping threads took: 0.0000622 seconds
2018-01-08T11:54:15.809-0100: 510.156: Total time for which application threads were stopped: 0.0001778 seconds, Stopping threads took: 0.0000562 seconds
2018-01-08T11:54:17.309-0100: 511.655: Total time for which application threads were stopped: 0.0002077 seconds, Stopping threads took: 0.0000488 seconds
2018-01-08T11:54:17.309-0100: 511.656: Total time for which application threads were stopped: 0.0001330 seconds, Stopping threads took: 0.0000301 seconds
2018-01-08T11:54:17.317-0100: 511.663: Total time for which application threads were stopped: 0.0002297 seconds, Stopping threads took: 0.0000458 seconds
2018-01-08T11:54:17.317-0100: 511.664: Total time for which application threads were stopped: 0.0002204 seconds, Stopping threads took: 0.0000719 seconds
2018-01-08T11:54:18.321-0100: 512.667: Total time for which application threads were stopped: 0.0001387 seconds, Stopping threads took: 0.0000281 seconds
2018-01-08T11:54:27.344-0100: 521.691: Total time for which application threads were stopped: 0.0002601 seconds, Stopping threads took: 0.0000480 seconds
2018-01-08T11:54:28.591-0100: 522.937: Total time for which application threads were stopped: 0.0001967 seconds, Stopping threads took: 0.0000547 seconds
2018-01-08T11:54:28.592-0100: 522.938: Total time for which application threads were stopped: 0.0001931 seconds, Stopping threads took: 0.0000219 seconds
2018-01-08T11:54:28.598-0100: 522.944: Total time for which application threads were stopped: 0.0002710 seconds, Stopping threads took: 0.0000375 seconds
{Heap before GC invocations=42 (full 1):
 par new generation   total 109248K, used 97556K [0x00000007a0000000, 0x00000007a8000000, 0x00000007a8000000)
  eden space 87424K,  99% used [0x00000007a0000000, 0x00000007a555f8f8, 0x00000007a5560000)
  from space 21824K,  46% used [0x00000007a5560000, 0x00000007a5f45938, 0x00000007a6ab0000)
  to   space 21824K,   0% used [0x00000007a6ab0000, 0x00000007a6ab0000, 0x00000007a8000000)
 concurrent mark-sweep generation total 393216K, used 37391K [0x00000007a8000000, 0x00000007c0000000, 0x00000007c0000000)
 Metaspace       used 41208K, capacity 42794K, committed 42884K, reserved 1087488K
  class space    used 4866K, capacity 5239K, committed 5288K, reserved 1048576K
2018-01-08T11:54:28.612-0100: 522.958: [GC (Allocation Failure) 2018-01-08T11:54:28.612-0100: 522.958: [ParNew
Desired survivor size 20112992 bytes, new threshold 8 (max 8)
- age   1:    2426968 bytes,    2426968 total
- age   2:    1343168 bytes,    3770136 total
- age   3:     876376 bytes,    4646512 total
- age   4:     139216 bytes,    4785728 total
- age   5:     163032 bytes,    4948760 total
- age   6:     620960 bytes,    5569720 total
- age   7:     704016 bytes,    6273736 total
- age   8:    1576576 bytes,    7850312 total
: 97556K->8732K(109248K), 0.0090344 secs] 134948K->46257K(502464K), 0.0091862 secs] [Times: user=0.03 sys=0.00, real=0.01 secs] 
Heap after GC invocations=43 (full 1):
 par new generation   total 109248K, used 8732K [0x00000007a0000000, 0x00000007a8000000, 0x00000007a8000000)
  eden space 87424K,   0% used [0x00000007a0000000, 0x00000007a0000000, 0x00000007a5560000)
  from space 21824K,  40% used [0x00000007a6ab0000, 0x00000007a73372e0, 0x00000007a8000000)
  to   space 21824K,   0% used [0x00000007a5560000, 0x00000007a5560000, 0x00000007a6ab0000)
 concurrent mark-sweep generation total 393216K, used 37524K [0x00000007a8000000, 0x00000007c0000000, 0x00000007c0000000)
 Metaspace       used 41208K, capacity 42794K, committed 42884K, reserved 1087488K
  class space    used 4866K, capacity 5239K, committed 5288K, reserved 1048576K
}
2018-01-08T11:54:28.621-0100: 522.968: Total time for which application threads were stopped: 0.0094805 seconds, Stopping threads took: 0.0000333 seconds
2018-01-08T11:54:28.622-0100: 522.968: Total time for which application threads were stopped: 0.0002377 seconds, Stopping threads took: 0.0000792 seconds
2018-01-08T11:54:28.622-0100: 522.968: Total time for which application threads were stopped: 0.0003401 seconds, Stopping threads took: 0.0001316 seconds
2018-01-08T11:54:28.622-0100: 522.969: Total time for which application threads were stopped: 0.0002180 seconds, Stopping threads took: 0.0001011 seconds
2018-01-08T11:54:28.623-0100: 522.969: Total time for which application threads were stopped: 0.0002169 seconds, Stopping threads took: 0.0001060 seconds
2018-01-08T11:54:28.623-0100: 522.969: Total time for which application threads were stopped: 0.0001712 seconds, Stopping threads took: 0.0000886 seconds
2018-01-08T11:54:28.623-0100: 522.969: Total time for which application threads were stopped: 0.0001854 seconds, Stopping threads took: 0.0000847 seconds
2018-01-08T11:54:28.623-0100: 522.970: Total time for which application threads were stopped: 0.0001017 seconds, Stopping threads took: 0.0000285 seconds
2018-01-08T11:54:28.624-0100: 522.970: Total time for which application threads were stopped: 0.0001976 seconds, Stopping threads took: 0.0000969 seconds
2018-01-08T11:54:28.624-0100: 522.970: Total time for which application threads were stopped: 0.0001271 seconds, Stopping threads took: 0.0000402 seconds
2018-01-08T11:54:28.624-0100: 522.970: Total time for which application threads were stopped: 0.0001764 seconds, Stopping threads took: 0.0000871 seconds
2018-01-08T11:54:28.624-0100: 522.970: Total time for which application threads were stopped: 0.0001700 seconds, Stopping threads took: 0.0000758 seconds
2018-01-08T11:54:28.624-0100: 522.971: Total time for which application threads were stopped: 0.0001549 seconds, Stopping threads took: 0.0000665 seconds
2018-01-08T11:54:28.625-0100: 522.971: Total time for which application threads were stopped: 0.0001573 seconds, Stopping threads took: 0.0000622 seconds
2018-01-08T11:54:28.625-0100: 522.971: Total time for which application threads were stopped: 0.0001221 seconds, Stopping threads took: 0.0000377 seconds
2018-01-08T11:54:28.625-0100: 522.971: Total time for which application threads were stopped: 0.0002515 seconds, Stopping threads took: 0.0000960 seconds
2018-01-08T11:54:28.625-0100: 522.971: Total time for which application threads were stopped: 0.0001302 seconds, Stopping threads took: 0.0000139 seconds
2018-01-08T11:54:28.625-0100: 522.972: Total time for which application threads were stopped: 0.0001436 seconds, Stopping threads took: 0.0000529 seconds
2018-01-08T11:54:28.626-0100: 522.972: Total time for which application threads were stopped: 0.0001465 seconds, Stopping threads took: 0.0000615 seconds
2018-01-08T11:54:28.626-0100: 522.972: Total time for which application threads were stopped: 0.0003419 seconds, Stopping threads took: 0.0000568 seconds
{Heap before GC invocations=43 (full 1):
 par new generation   total 109248K, used 96156K [0x00000007a0000000, 0x00000007a8000000, 0x00000007a8000000)
  eden space 87424K, 100% used [0x00000007a0000000, 0x00000007a5560000, 0x00000007a5560000)
  from space 21824K,  40% used [0x00000007a6ab0000, 0x00000007a73372e0, 0x00000007a8000000)
  to   space 21824K,   0% used [0x00000007a5560000, 0x00000007a5560000, 0x00000007a6ab0000)
 concurrent mark-sweep generation total 393216K, used 37524K [0x00000007a8000000, 0x00000007c0000000, 0x00000007c0000000)
 Metaspace       used 41211K, capacity 42794K, committed 42884K, reserved 1087488K
  class space    used 4866K, capacity 5239K, committed 5288K, reserved 1048576K
2018-01-08T11:54:28.653-0100: 522.999: [GC (Allocation Failure) 2018-01-08T11:54:28.653-0100: 522.999: [ParNew
Desired survivor size 20112992 bytes, new threshold 8 (max 8)
- age   1:    1332944 bytes,    1332944 total
- age   2:    2075728 bytes,    3408672 total
- age   3:    1170752 bytes,    4579424 total
- age   4:     876376 bytes,    5455800 total
- age   5:     139216 bytes,    5595016 total
- age   6:     154704 bytes,    5749720 total
- age   7:     618688 bytes,    6368408 total
- age   8:     704016 bytes,    7072424 total
: 96156K->11335K(109248K), 0.0104147 secs] 133681K->50406K(502464K), 0.0105751 secs] [Times: user=0.04 sys=0.00, real=0.01 secs] 
Heap after GC invocations=44 (full 1):
 par new generation   total 109248K, used 11335K [0x00000007a0000000, 0x00000007a8000000, 0x00000007a8000000)
  eden space 87424K,   0% used [0x00000007a0000000, 0x00000007a0000000, 0x00000007a5560000)
  from space 21824K,  51% used [0x00000007a5560000, 0x00000007a6071e80, 0x00000007a6ab0000)
  to   space 21824K,   0% used [0x00000007a6ab0000, 0x00000007a6ab0000, 0x00000007a8000000)
 concurrent mark-sweep generation total 393216K, used 39071K [0x00000007a8000000, 0x00000007c0000000, 0x00000007c0000000)
 Metaspace       used 41211K, capacity 42794K, committed 42884K, reserved 1087488K
  class space    used 4866K, capacity 5239K, committed 5288K, reserved 1048576K
}
2018-01-08T11:54:28.663-0100: 523.010: Total time for which application threads were stopped: 0.0112681 seconds, Stopping threads took: 0.0003856 seconds
2018-01-08T11:54:28.665-0100: 523.011: Total time for which application threads were stopped: 0.0003378 seconds, Stopping threads took: 0.0001295 seconds
{Heap before GC invocations=44 (full 1):
 par new generation   total 109248K, used 98759K [0x00000007a0000000, 0x00000007a8000000, 0x00000007a8000000)
  eden space 87424K, 100% used [0x00000007a0000000, 0x00000007a5560000, 0x00000007a5560000)
  from space 21824K,  51% used [0x00000007a5560000, 0x00000007a6071e80, 0x00000007a6ab0000)
  to   space 21824K,   0% used [0x00000007a6ab0000, 0x00000007a6ab0000, 0x00000007a8000000)
 concurrent mark-sweep generation total 393216K, used 39071K [0x00000007a8000000, 0x00000007c0000000, 0x00000007c0000000)
 Metaspace       used 41219K, capacity 42864K, committed 43140K, reserved 1087488K
  class space    used 4867K, capacity 5240K, committed 5288K, reserved 1048576K
2018-01-08T11:54:28.705-0100: 523.051: [GC (Allocation Failure) 2018-01-08T11:54:28.705-0100: 523.051: [ParNew
Desired survivor size 20112992 bytes, new threshold 8 (max 8)
- age   1:     586344 bytes,     586344 total
- age   2:     311992 bytes,     898336 total
- age   3:    2075728 bytes,    2974064 total
- age   4:    1170752 bytes,    4144816 total
- age   5:     876376 bytes,    5021192 total
- age   6:     139216 bytes,    5160408 total
- age   7:     154704 bytes,    5315112 total
- age   8:     618688 bytes,    5933800 total
: 98759K->7528K(109248K), 0.0142518 secs] 137830K->47293K(502464K), 0.0144069 secs] [Times: user=0.03 sys=0.00, real=0.01 secs] 
Heap after GC invocations=45 (full 1):
 par new generation   total 109248K, used 7528K [0x00000007a0000000, 0x00000007a8000000, 0x00000007a8000000)
  eden space 87424K,   0% used [0x00000007a0000000, 0x00000007a0000000, 0x00000007a5560000)
  from space 21824K,  34% used [0x00000007a6ab0000, 0x00000007a720a248, 0x00000007a8000000)
  to   space 21824K,   0% used [0x00000007a5560000, 0x00000007a5560000, 0x00000007a6ab0000)
 concurrent mark-sweep generation total 393216K, used 39764K [0x00000007a8000000, 0x00000007c0000000, 0x00000007c0000000)
 Metaspace       used 41219K, capacity 42864K, committed 43140K, reserved 1087488K
  class space    used 4867K, capacity 5240K, committed 5288K, reserved 1048576K
}
2018-01-08T11:54:28.719-0100: 523.065: Total time for which application threads were stopped: 0.0148730 seconds, Stopping threads took: 0.0001251 seconds
2018-01-08T11:54:28.720-0100: 523.066: Total time for which application threads were stopped: 0.0003814 seconds, Stopping threads took: 0.0002359 seconds
{Heap before GC invocations=45 (full 1):
 par new generation   total 109248K, used 94952K [0x00000007a0000000, 0x00000007a8000000, 0x00000007a8000000)
  eden space 87424K, 100% used [0x00000007a0000000, 0x00000007a5560000, 0x00000007a5560000)
  from space 21824K,  34% used [0x00000007a6ab0000, 0x00000007a720a248, 0x00000007a8000000)
  to   space 21824K,   0% used [0x00000007a5560000, 0x00000007a5560000, 0x00000007a6ab0000)
 concurrent mark-sweep generation total 393216K, used 39764K [0x00000007a8000000, 0x00000007c0000000, 0x00000007c0000000)
 Metaspace       used 41219K, capacity 42864K, committed 43140K, reserved 1087488K
  class space    used 4867K, capacity 5240K, committed 5288K, reserved 1048576K
2018-01-08T11:54:28.747-0100: 523.093: [GC (Allocation Failure) 2018-01-08T11:54:28.747-0100: 523.093: [ParNew
Desired survivor size 20112992 bytes, new threshold 8 (max 8)
- age   1:     947808 bytes,     947808 total
- age   2:      94776 bytes,    1042584 total
- age   3:     301320 bytes,    1343904 total
- age   4:    2073928 bytes,    3417832 total
- age   5:    1170752 bytes,    4588584 total
- age   6:     876376 bytes,    5464960 total
- age   7:     139216 bytes,    5604176 total
- age   8:     154704 bytes,    5758880 total
: 94952K->9069K(109248K), 0.0164055 secs] 134717K->49441K(502464K), 0.0165471 secs] [Times: user=0.06 sys=0.00, real=0.02 secs] 
Heap after GC invocations=46 (full 1):
 par new generation   total 109248K, used 9069K [0x00000007a0000000, 0x00000007a8000000, 0x00000007a8000000)
  eden space 87424K,   0% used [0x00000007a0000000, 0x00000007a0000000, 0x00000007a5560000)
  from space 21824K,  41% used [0x00000007a5560000, 0x00000007a5e3b5f0, 0x00000007a6ab0000)
  to   space 21824K,   0% used [0x00000007a6ab0000, 0x00000007a6ab0000, 0x00000007a8000000)
 concurrent mark-sweep generation total 393216K, used 40371K [0x00000007a8000000, 0x00000007c0000000, 0x00000007c0000000)
 Metaspace       used 41219K, capacity 42864K, committed 43140K, reserved 1087488K
  class space    used 4867K, capacity 5240K, committed 5288K, reserved 1048576K
}
2018-01-08T11:54:28.763-0100: 523.109: Total time for which application threads were stopped: 0.0169766 seconds, Stopping threads took: 0.0000548 seconds
2018-01-08T11:54:28.797-0100: 523.144: Total time for which application threads were stopped: 0.0015514 seconds, Stopping threads took: 0.0013141 seconds
{Heap before GC invocations=46 (full 1):
 par new generation   total 109248K, used 96493K [0x00000007a0000000, 0x00000007a8000000, 0x00000007a8000000)
  eden space 87424K, 100% used [0x00000007a0000000, 0x00000007a5560000, 0x00000007a5560000)
  from space 21824K,  41% used [0x00000007a5560000, 0x00000007a5e3b5f0, 0x00000007a6ab0000)
  to   space 21824K,   0% used [0x00000007a6ab0000, 0x00000007a6ab0000, 0x00000007a8000000)
 concurrent mark-sweep generation total 393216K, used 40371K [0x00000007a8000000, 0x00000007c0000000, 0x00000007c0000000)
 Metaspace       used 41223K, capacity 42864K, committed 43140K, reserved 1087488K
  class space    used 4867K, capacity 5240K, committed 5288K, reserved 1048576K
2018-01-08T11:54:28.833-0100: 523.179: [GC (Allocation Failure) 2018-01-08T11:54:28.833-0100: 523.179: [ParNew
Desired survivor size 20112992 bytes, new threshold 8 (max 8)
- age   1:    1043496 bytes,    1043496 total
- age   2:     813624 bytes,    1857120 total
- age   3:      94776 bytes,    1951896 total
- age   4:     301320 bytes,    2253216 total
- age   5:     983016 bytes,    3236232 total
- age   6:    1170752 bytes,    4406984 total
- age   7:     876376 bytes,    5283360 total
- age   8:     139216 bytes,    5422576 total
: 96493K->6754K(109248K), 0.0120773 secs] 136865K->47280K(502464K), 0.0122225 secs] [Times: user=0.05 sys=0.00, real=0.01 secs] 
Heap after GC invocations=47 (full 1):
 par new generation   total 109248K, used 6754K [0x00000007a0000000, 0x00000007a8000000, 0x00000007a8000000)
  eden space 87424K,   0% used [0x00000007a0000000, 0x00000007a0000000, 0x00000007a5560000)
  from space 21824K,  30% used [0x00000007a6ab0000, 0x00000007a7148840, 0x00000007a8000000)
  to   space 21824K,   0% used [0x00000007a5560000, 0x00000007a5560000, 0x00000007a6ab0000)
 concurrent mark-sweep generation total 393216K, used 40526K [0x00000007a8000000, 0x00000007c0000000, 0x00000007c0000000)
 Metaspace       used 41223K, capacity 42864K, committed 43140K, reserved 1087488K
  class space    used 4867K, capacity 5240K, committed 5288K, reserved 1048576K
}
2018-01-08T11:54:28.845-0100: 523.191: Total time for which application threads were stopped: 0.0125839 seconds, Stopping threads took: 0.0000403 seconds
2018-01-08T11:54:28.855-0100: 523.201: Total time for which application threads were stopped: 0.0002311 seconds, Stopping threads took: 0.0000346 seconds
2018-01-08T11:54:28.926-0100: 523.272: Total time for which application threads were stopped: 0.0002730 seconds, Stopping threads took: 0.0000537 seconds
2018-01-08T11:54:28.971-0100: 523.317: Total time for which application threads were stopped: 0.0004458 seconds, Stopping threads took: 0.0001901 seconds
2018-01-08T11:54:28.972-0100: 523.318: Total time for which application threads were stopped: 0.0002354 seconds, Stopping threads took: 0.0000362 seconds
2018-01-08T11:54:28.972-0100: 523.319: Total time for which application threads were stopped: 0.0001713 seconds, Stopping threads took: 0.0000212 seconds
2018-01-08T11:54:28.973-0100: 523.319: Total time for which application threads were stopped: 0.0001534 seconds, Stopping threads took: 0.0000184 seconds
2018-01-08T11:54:28.973-0100: 523.319: Total time for which application threads were stopped: 0.0001452 seconds, Stopping threads took: 0.0000175 seconds
2018-01-08T11:54:28.973-0100: 523.319: Total time for which application threads were stopped: 0.0001359 seconds, Stopping threads took: 0.0000154 seconds
2018-01-08T11:54:28.973-0100: 523.319: Total time for which application threads were stopped: 0.0001252 seconds, Stopping threads took: 0.0000163 seconds
2018-01-08T11:54:28.980-0100: 523.326: Total time for which application threads were stopped: 0.0002499 seconds, Stopping threads took: 0.0000590 seconds
2018-01-08T11:54:28.980-0100: 523.326: Total time for which application threads were stopped: 0.0002060 seconds, Stopping threads took: 0.0000394 seconds
2018-01-08T11:54:28.980-0100: 523.326: Total time for which application threads were stopped: 0.0001784 seconds, Stopping threads took: 0.0000342 seconds
2018-01-08T11:54:28.980-0100: 523.326: Total time for which application threads were stopped: 0.0001737 seconds, Stopping threads took: 0.0000467 seconds
2018-01-08T11:54:28.981-0100: 523.327: Total time for which application threads were stopped: 0.0002417 seconds, Stopping threads took: 0.0001040 seconds
2018-01-08T11:54:28.981-0100: 523.327: Total time for which application threads were stopped: 0.0001336 seconds, Stopping threads took: 0.0000164 seconds
2018-01-08T11:54:28.981-0100: 523.327: Total time for which application threads were stopped: 0.0002262 seconds, Stopping threads took: 0.0000878 seconds
2018-01-08T11:54:28.981-0100: 523.327: Total time for which application threads were stopped: 0.0002126 seconds, Stopping threads took: 0.0000795 seconds
2018-01-08T11:54:28.982-0100: 523.328: Total time for which application threads were stopped: 0.0001469 seconds, Stopping threads took: 0.0000177 seconds
2018-01-08T11:54:28.982-0100: 523.328: Total time for which application threads were stopped: 0.0002171 seconds, Stopping threads took: 0.0000762 seconds
2018-01-08T11:54:28.982-0100: 523.328: Total time for which application threads were stopped: 0.0001860 seconds, Stopping threads took: 0.0000552 seconds
2018-01-08T11:54:28.982-0100: 523.328: Total time for which application threads were stopped: 0.0001616 seconds, Stopping threads took: 0.0000415 seconds
2018-01-08T11:54:28.982-0100: 523.329: Total time for which application threads were stopped: 0.0001539 seconds, Stopping threads took: 0.0000357 seconds
2018-01-08T11:54:28.983-0100: 523.329: Total time for which application threads were stopped: 0.0001426 seconds, Stopping threads took: 0.0000319 seconds
2018-01-08T11:54:28.983-0100: 523.329: Total time for which application threads were stopped: 0.0001485 seconds, Stopping threads took: 0.0000331 seconds
2018-01-08T11:54:28.983-0100: 523.329: Total time for which application threads were stopped: 0.0001472 seconds, Stopping threads took: 0.0000343 seconds
2018-01-08T11:54:28.983-0100: 523.329: Total time for which application threads were stopped: 0.0001432 seconds, Stopping threads took: 0.0000327 seconds
2018-01-08T11:54:28.983-0100: 523.330: Total time for which application threads were stopped: 0.0001454 seconds, Stopping threads took: 0.0000342 seconds
2018-01-08T11:54:28.984-0100: 523.330: Total time for which application threads were stopped: 0.0002221 seconds, Stopping threads took: 0.0000898 seconds
2018-01-08T11:54:28.984-0100: 523.331: Total time for which application threads were stopped: 0.0005528 seconds, Stopping threads took: 0.0001018 seconds
2018-01-08T11:54:28.986-0100: 523.332: Total time for which application threads were stopped: 0.0001992 seconds, Stopping threads took: 0.0000326 seconds
2018-01-08T11:54:28.986-0100: 523.333: Total time for which application threads were stopped: 0.0001600 seconds, Stopping threads took: 0.0000219 seconds
2018-01-08T11:54:28.997-0100: 523.343: Total time for which application threads were stopped: 0.0002403 seconds, Stopping threads took: 0.0000327 seconds
2018-01-08T11:54:28.997-0100: 523.343: Total time for which application threads were stopped: 0.0001712 seconds, Stopping threads took: 0.0000202 seconds
2018-01-08T11:54:29.997-0100: 524.344: Total time for which application threads were stopped: 0.0001548 seconds, Stopping threads took: 0.0000294 seconds
2018-01-08T11:54:30.555-0100: 524.901: Total time for which application threads were stopped: 0.0001886 seconds, Stopping threads took: 0.0000499 seconds
2018-01-08T11:54:31.555-0100: 525.902: Total time for which application threads were stopped: 0.0001876 seconds, Stopping threads took: 0.0000327 seconds
2018-01-08T11:54:37.266-0100: 531.612: Total time for which application threads were stopped: 0.0002360 seconds, Stopping threads took: 0.0000499 seconds
2018-01-08T11:54:37.266-0100: 531.612: Total time for which application threads were stopped: 0.0001171 seconds, Stopping threads took: 0.0000121 seconds
2018-01-08T11:54:37.273-0100: 531.619: Total time for which application threads were stopped: 0.0002719 seconds, Stopping threads took: 0.0001061 seconds
2018-01-08T11:54:37.273-0100: 531.619: Total time for which application threads were stopped: 0.0001947 seconds, Stopping threads took: 0.0000612 seconds
2018-01-08T11:54:38.274-0100: 532.620: Total time for which application threads were stopped: 0.0001487 seconds, Stopping threads took: 0.0000291 seconds
2018-01-08T11:54:46.071-0100: 540.417: Total time for which application threads were stopped: 0.0002165 seconds, Stopping threads took: 0.0000423 seconds
2018-01-08T11:54:46.071-0100: 540.417: Total time for which application threads were stopped: 0.0001693 seconds, Stopping threads took: 0.0000319 seconds
2018-01-08T11:54:46.071-0100: 540.418: Total time for which application threads were stopped: 0.0001519 seconds, Stopping threads took: 0.0000397 seconds
2018-01-08T11:54:46.072-0100: 540.418: Total time for which application threads were stopped: 0.0001119 seconds, Stopping threads took: 0.0000266 seconds
2018-01-08T11:54:46.072-0100: 540.418: Total time for which application threads were stopped: 0.0003798 seconds, Stopping threads took: 0.0000424 seconds
2018-01-08T11:54:46.082-0100: 540.429: Total time for which application threads were stopped: 0.0002675 seconds, Stopping threads took: 0.0000343 seconds
2018-01-08T11:54:46.083-0100: 540.429: Total time for which application threads were stopped: 0.0001921 seconds, Stopping threads took: 0.0000423 seconds
2018-01-08T11:54:46.092-0100: 540.439: Total time for which application threads were stopped: 0.0002037 seconds, Stopping threads took: 0.0000350 seconds
2018-01-08T11:54:46.093-0100: 540.439: Total time for which application threads were stopped: 0.0001288 seconds, Stopping threads took: 0.0000143 seconds
2018-01-08T11:54:47.094-0100: 541.440: Total time for which application threads were stopped: 0.0001240 seconds, Stopping threads took: 0.0000266 seconds
2018-01-08T11:54:51.803-0100: 546.149: Total time for which application threads were stopped: 0.0002318 seconds, Stopping threads took: 0.0000587 seconds
2018-01-08T11:54:51.804-0100: 546.150: Total time for which application threads were stopped: 0.0001889 seconds, Stopping threads took: 0.0000481 seconds
2018-01-08T11:54:51.804-0100: 546.150: Total time for which application threads were stopped: 0.0001247 seconds, Stopping threads took: 0.0000111 seconds
2018-01-08T11:54:51.804-0100: 546.150: Total time for which application threads were stopped: 0.0001174 seconds, Stopping threads took: 0.0000296 seconds
2018-01-08T11:54:51.804-0100: 546.150: Total time for which application threads were stopped: 0.0001863 seconds, Stopping threads took: 0.0000333 seconds
2018-01-08T11:54:51.804-0100: 546.151: Total time for which application threads were stopped: 0.0001736 seconds, Stopping threads took: 0.0000289 seconds
2018-01-08T11:54:51.805-0100: 546.151: Total time for which application threads were stopped: 0.0001676 seconds, Stopping threads took: 0.0000355 seconds
2018-01-08T11:54:51.805-0100: 546.151: Total time for which application threads were stopped: 0.0001401 seconds, Stopping threads took: 0.0000477 seconds
2018-01-08T11:54:51.805-0100: 546.151: Total time for which application threads were stopped: 0.0001476 seconds, Stopping threads took: 0.0000345 seconds
2018-01-08T11:54:51.806-0100: 546.152: Total time for which application threads were stopped: 0.0002705 seconds, Stopping threads took: 0.0000334 seconds
2018-01-08T11:54:51.806-0100: 546.153: Total time for which application threads were stopped: 0.0002066 seconds, Stopping threads took: 0.0000337 seconds
2018-01-08T11:54:51.815-0100: 546.162: Total time for which application threads were stopped: 0.0002588 seconds, Stopping threads took: 0.0000889 seconds
2018-01-08T11:54:51.816-0100: 546.162: Total time for which application threads were stopped: 0.0001389 seconds, Stopping threads took: 0.0000293 seconds
2018-01-08T11:54:51.825-0100: 546.171: Total time for which application threads were stopped: 0.0004775 seconds, Stopping threads took: 0.0001081 seconds
2018-01-08T11:54:51.825-0100: 546.171: Total time for which application threads were stopped: 0.0003677 seconds, Stopping threads took: 0.0000660 seconds
2018-01-08T11:54:51.825-0100: 546.172: Total time for which application threads were stopped: 0.0003686 seconds, Stopping threads took: 0.0000884 seconds
2018-01-08T11:54:58.844-0100: 553.190: Total time for which application threads were stopped: 0.0001286 seconds, Stopping threads took: 0.0000263 seconds
2018-01-08T11:55:03.635-0100: 557.982: Total time for which application threads were stopped: 0.0001922 seconds, Stopping threads took: 0.0000370 seconds
2018-01-08T11:55:03.636-0100: 557.982: Total time for which application threads were stopped: 0.0001359 seconds, Stopping threads took: 0.0000299 seconds
2018-01-08T11:55:03.643-0100: 557.989: Total time for which application threads were stopped: 0.0002375 seconds, Stopping threads took: 0.0000675 seconds
2018-01-08T11:55:03.643-0100: 557.989: Total time for which application threads were stopped: 0.0001915 seconds, Stopping threads took: 0.0000659 seconds
2018-01-08T11:55:13.657-0100: 568.003: Total time for which application threads were stopped: 0.0001450 seconds, Stopping threads took: 0.0000297 seconds
2018-01-08T11:55:25.781-0100: 580.127: Total time for which application threads were stopped: 0.0002543 seconds, Stopping threads took: 0.0000480 seconds
2018-01-08T11:55:25.781-0100: 580.127: Total time for which application threads were stopped: 0.0002337 seconds, Stopping threads took: 0.0000383 seconds
2018-01-08T11:55:25.790-0100: 580.136: Total time for which application threads were stopped: 0.0002455 seconds, Stopping threads took: 0.0000696 seconds
2018-01-08T11:55:25.790-0100: 580.136: Total time for which application threads were stopped: 0.0001451 seconds, Stopping threads took: 0.0000273 seconds
2018-01-08T11:55:30.839-0100: 585.185: Total time for which application threads were stopped: 0.0001427 seconds, Stopping threads took: 0.0000403 seconds
2018-01-08T11:55:30.839-0100: 585.185: Total time for which application threads were stopped: 0.0000763 seconds, Stopping threads took: 0.0000097 seconds
2018-01-08T11:55:31.450-0100: 585.796: Total time for which application threads were stopped: 0.0005486 seconds, Stopping threads took: 0.0000557 seconds
2018-01-08T11:55:31.452-0100: 585.798: Total time for which application threads were stopped: 0.0002680 seconds, Stopping threads took: 0.0000673 seconds
2018-01-08T11:55:31.489-0100: 585.835: Total time for which application threads were stopped: 0.0002591 seconds, Stopping threads took: 0.0000718 seconds
2018-01-08T11:55:31.489-0100: 585.836: Total time for which application threads were stopped: 0.0001679 seconds, Stopping threads took: 0.0000221 seconds
2018-01-08T11:55:36.500-0100: 590.846: Total time for which application threads were stopped: 0.0002592 seconds, Stopping threads took: 0.0000442 seconds
2018-01-08T11:55:37.500-0100: 591.846: Total time for which application threads were stopped: 0.0002844 seconds, Stopping threads took: 0.0000572 seconds
2018-01-08T11:55:38.502-0100: 592.848: Total time for which application threads were stopped: 0.0003580 seconds, Stopping threads took: 0.0000729 seconds
2018-01-08T11:55:41.507-0100: 595.853: Total time for which application threads were stopped: 0.0001839 seconds, Stopping threads took: 0.0000493 seconds
2018-01-08T11:55:48.515-0100: 602.861: Total time for which application threads were stopped: 0.0002046 seconds, Stopping threads took: 0.0000364 seconds
2018-01-08T11:55:52.524-0100: 606.870: Total time for which application threads were stopped: 0.0002163 seconds, Stopping threads took: 0.0000350 seconds
2018-01-08T11:55:53.526-0100: 607.872: Total time for which application threads were stopped: 0.0002377 seconds, Stopping threads took: 0.0000347 seconds
2018-01-08T11:55:55.535-0100: 609.881: Total time for which application threads were stopped: 0.0001533 seconds, Stopping threads took: 0.0000263 seconds
2018-01-08T11:55:56.863-0100: 611.209: Total time for which application threads were stopped: 0.0002148 seconds, Stopping threads took: 0.0000467 seconds
2018-01-08T11:55:56.864-0100: 611.210: Total time for which application threads were stopped: 0.0001888 seconds, Stopping threads took: 0.0000440 seconds
2018-01-08T11:55:56.864-0100: 611.210: Total time for which application threads were stopped: 0.0001546 seconds, Stopping threads took: 0.0000358 seconds
2018-01-08T11:55:57.864-0100: 612.210: Total time for which application threads were stopped: 0.0001332 seconds, Stopping threads took: 0.0000274 seconds
2018-01-08T11:56:10.866-0100: 625.213: Total time for which application threads were stopped: 0.0001576 seconds, Stopping threads took: 0.0000399 seconds
2018-01-08T11:56:11.511-0100: 625.857: Total time for which application threads were stopped: 0.0001718 seconds, Stopping threads took: 0.0000438 seconds
2018-01-08T11:56:25.794-0100: 640.140: Total time for which application threads were stopped: 0.0001542 seconds, Stopping threads took: 0.0000271 seconds
2018-01-08T11:56:27.683-0100: 642.029: Total time for which application threads were stopped: 0.0001927 seconds, Stopping threads took: 0.0000254 seconds
2018-01-08T11:56:27.684-0100: 642.030: Total time for which application threads were stopped: 0.0001805 seconds, Stopping threads took: 0.0000148 seconds
2018-01-08T11:56:27.693-0100: 642.039: Total time for which application threads were stopped: 0.0001959 seconds, Stopping threads took: 0.0000382 seconds
2018-01-08T11:56:27.693-0100: 642.039: Total time for which application threads were stopped: 0.0002242 seconds, Stopping threads took: 0.0000807 seconds
2018-01-08T11:56:28.988-0100: 643.334: Total time for which application threads were stopped: 0.0003730 seconds, Stopping threads took: 0.0001960 seconds
2018-01-08T11:56:28.988-0100: 643.334: Total time for which application threads were stopped: 0.0001594 seconds, Stopping threads took: 0.0000162 seconds
2018-01-08T11:56:28.996-0100: 643.342: Total time for which application threads were stopped: 0.0002565 seconds, Stopping threads took: 0.0000870 seconds
2018-01-08T11:56:28.997-0100: 643.343: Total time for which application threads were stopped: 0.0001665 seconds, Stopping threads took: 0.0000575 seconds
2018-01-08T11:56:30.002-0100: 644.348: Total time for which application threads were stopped: 0.0001953 seconds, Stopping threads took: 0.0000518 seconds
2018-01-08T11:56:31.099-0100: 645.446: Total time for which application threads were stopped: 0.0002703 seconds, Stopping threads took: 0.0000478 seconds
2018-01-08T11:56:31.100-0100: 645.446: Total time for which application threads were stopped: 0.0002189 seconds, Stopping threads took: 0.0000374 seconds
2018-01-08T11:56:31.108-0100: 645.454: Total time for which application threads were stopped: 0.0002105 seconds, Stopping threads took: 0.0000451 seconds
2018-01-08T11:56:31.109-0100: 645.455: Total time for which application threads were stopped: 0.0001479 seconds, Stopping threads took: 0.0000278 seconds
2018-01-08T11:56:32.081-0100: 646.427: Total time for which application threads were stopped: 0.0002885 seconds, Stopping threads took: 0.0000479 seconds
2018-01-08T11:56:32.082-0100: 646.428: Total time for which application threads were stopped: 0.0001933 seconds, Stopping threads took: 0.0000423 seconds
2018-01-08T11:56:32.091-0100: 646.437: Total time for which application threads were stopped: 0.0002244 seconds, Stopping threads took: 0.0000536 seconds
2018-01-08T11:56:32.092-0100: 646.438: Total time for which application threads were stopped: 0.0001584 seconds, Stopping threads took: 0.0000313 seconds
2018-01-08T11:56:33.302-0100: 647.648: Total time for which application threads were stopped: 0.0002007 seconds, Stopping threads took: 0.0000389 seconds
2018-01-08T11:56:33.302-0100: 647.648: Total time for which application threads were stopped: 0.0001559 seconds, Stopping threads took: 0.0000137 seconds
2018-01-08T11:56:33.310-0100: 647.656: Total time for which application threads were stopped: 0.0002213 seconds, Stopping threads took: 0.0000459 seconds
2018-01-08T11:56:33.310-0100: 647.656: Total time for which application threads were stopped: 0.0001372 seconds, Stopping threads took: 0.0000133 seconds
2018-01-08T11:56:33.342-0100: 647.688: Total time for which application threads were stopped: 0.0002567 seconds, Stopping threads took: 0.0000574 seconds
2018-01-08T11:56:33.343-0100: 647.689: Total time for which application threads were stopped: 0.0002519 seconds, Stopping threads took: 0.0000747 seconds
2018-01-08T11:56:33.352-0100: 647.698: Total time for which application threads were stopped: 0.0002787 seconds, Stopping threads took: 0.0001023 seconds
2018-01-08T11:56:33.352-0100: 647.698: Total time for which application threads were stopped: 0.0001946 seconds, Stopping threads took: 0.0000500 seconds
2018-01-08T11:56:34.271-0100: 648.617: Total time for which application threads were stopped: 0.0001822 seconds, Stopping threads took: 0.0000247 seconds
2018-01-08T11:56:34.271-0100: 648.617: Total time for which application threads were stopped: 0.0001274 seconds, Stopping threads took: 0.0000104 seconds
2018-01-08T11:56:34.279-0100: 648.625: Total time for which application threads were stopped: 0.0002071 seconds, Stopping threads took: 0.0000563 seconds
2018-01-08T11:56:34.279-0100: 648.625: Total time for which application threads were stopped: 0.0002148 seconds, Stopping threads took: 0.0000883 seconds
2018-01-08T11:56:35.273-0100: 649.619: Total time for which application threads were stopped: 0.0003266 seconds, Stopping threads took: 0.0000472 seconds
2018-01-08T11:56:35.273-0100: 649.619: Total time for which application threads were stopped: 0.0001413 seconds, Stopping threads took: 0.0000137 seconds
2018-01-08T11:56:35.281-0100: 649.627: Total time for which application threads were stopped: 0.0001948 seconds, Stopping threads took: 0.0000441 seconds
2018-01-08T11:56:35.281-0100: 649.627: Total time for which application threads were stopped: 0.0001225 seconds, Stopping threads took: 0.0000240 seconds
2018-01-08T11:56:36.283-0100: 650.629: Total time for which application threads were stopped: 0.0001396 seconds, Stopping threads took: 0.0000298 seconds
2018-01-08T11:57:26.036-0100: 700.382: Total time for which application threads were stopped: 0.0001751 seconds, Stopping threads took: 0.0000237 seconds
2018-01-08T11:57:26.036-0100: 700.382: Total time for which application threads were stopped: 0.0001257 seconds, Stopping threads took: 0.0000304 seconds
2018-01-08T11:57:26.044-0100: 700.390: Total time for which application threads were stopped: 0.0005179 seconds, Stopping threads took: 0.0000849 seconds
2018-01-08T11:57:26.044-0100: 700.390: Total time for which application threads were stopped: 0.0002801 seconds, Stopping threads took: 0.0000283 seconds
2018-01-08T11:57:26.044-0100: 700.390: Total time for which application threads were stopped: 0.0002394 seconds, Stopping threads took: 0.0000327 seconds
2018-01-08T11:58:26.045-0100: 760.391: Total time for which application threads were stopped: 0.0001680 seconds, Stopping threads took: 0.0000314 seconds
2018-01-08T11:58:52.268-0100: 786.613: Total time for which application threads were stopped: 0.0001929 seconds, Stopping threads took: 0.0000309 seconds
2018-01-08T11:58:53.272-0100: 787.618: Total time for which application threads were stopped: 0.0002105 seconds, Stopping threads took: 0.0000310 seconds
2018-01-08T11:59:14.356-0100: 808.702: Total time for which application threads were stopped: 0.0002620 seconds, Stopping threads took: 0.0000968 seconds
2018-01-08T11:59:14.357-0100: 808.703: Total time for which application threads were stopped: 0.0000979 seconds, Stopping threads took: 0.0000132 seconds
2018-01-08T11:59:14.919-0100: 809.265: Total time for which application threads were stopped: 0.0002024 seconds, Stopping threads took: 0.0000266 seconds
2018-01-08T11:59:14.919-0100: 809.265: Total time for which application threads were stopped: 0.0000941 seconds, Stopping threads took: 0.0000142 seconds
2018-01-08T11:59:17.923-0100: 812.269: Total time for which application threads were stopped: 0.0001430 seconds, Stopping threads took: 0.0000294 seconds
2018-01-08T11:59:22.556-0100: 816.902: Total time for which application threads were stopped: 0.0001865 seconds, Stopping threads took: 0.0000243 seconds
2018-01-08T11:59:22.556-0100: 816.902: Total time for which application threads were stopped: 0.0002067 seconds, Stopping threads took: 0.0000138 seconds
2018-01-08T11:59:22.565-0100: 816.911: Total time for which application threads were stopped: 0.0002499 seconds, Stopping threads took: 0.0000831 seconds
2018-01-08T11:59:22.565-0100: 816.911: Total time for which application threads were stopped: 0.0001533 seconds, Stopping threads took: 0.0000322 seconds
2018-01-08T11:59:26.693-0100: 821.039: Total time for which application threads were stopped: 0.0002648 seconds, Stopping threads took: 0.0000734 seconds
2018-01-08T11:59:26.694-0100: 821.039: Total time for which application threads were stopped: 0.0001709 seconds, Stopping threads took: 0.0000188 seconds
2018-01-08T11:59:26.701-0100: 821.047: Total time for which application threads were stopped: 0.0002141 seconds, Stopping threads took: 0.0000470 seconds
2018-01-08T11:59:26.701-0100: 821.047: Total time for which application threads were stopped: 0.0002642 seconds, Stopping threads took: 0.0000979 seconds
2018-01-08T11:59:27.703-0100: 822.048: Total time for which application threads were stopped: 0.0001586 seconds, Stopping threads took: 0.0000282 seconds
2018-01-08T11:59:37.868-0100: 832.214: Total time for which application threads were stopped: 0.0002416 seconds, Stopping threads took: 0.0000690 seconds
2018-01-08T11:59:37.868-0100: 832.214: Total time for which application threads were stopped: 0.0001545 seconds, Stopping threads took: 0.0000342 seconds
2018-01-08T11:59:37.878-0100: 832.223: Total time for which application threads were stopped: 0.0002284 seconds, Stopping threads took: 0.0000697 seconds
2018-01-08T11:59:37.878-0100: 832.224: Total time for which application threads were stopped: 0.0001718 seconds, Stopping threads took: 0.0000551 seconds
2018-01-08T12:00:14.384-0100: 868.729: Total time for which application threads were stopped: 0.0001520 seconds, Stopping threads took: 0.0000389 seconds
2018-01-08T12:00:14.954-0100: 869.300: Total time for which application threads were stopped: 0.0001649 seconds, Stopping threads took: 0.0000406 seconds
2018-01-08T12:00:25.981-0100: 880.327: Total time for which application threads were stopped: 0.0001979 seconds, Stopping threads took: 0.0000278 seconds
2018-01-08T12:00:26.981-0100: 881.327: Total time for which application threads were stopped: 0.0001887 seconds, Stopping threads took: 0.0000300 seconds
2018-01-08T12:00:28.982-0100: 883.328: Total time for which application threads were stopped: 0.0001902 seconds, Stopping threads took: 0.0000432 seconds
2018-01-08T12:00:29.987-0100: 884.333: Total time for which application threads were stopped: 0.0002147 seconds, Stopping threads took: 0.0000685 seconds
2018-01-08T12:00:31.996-0100: 886.341: Total time for which application threads were stopped: 0.0002045 seconds, Stopping threads took: 0.0000369 seconds
2018-01-08T12:00:33.000-0100: 887.346: Total time for which application threads were stopped: 0.0002267 seconds, Stopping threads took: 0.0000423 seconds
2018-01-08T12:00:35.577-0100: 889.922: Total time for which application threads were stopped: 0.0002080 seconds, Stopping threads took: 0.0000277 seconds
2018-01-08T12:00:36.582-0100: 890.928: Total time for which application threads were stopped: 0.0003199 seconds, Stopping threads took: 0.0000550 seconds
2018-01-08T12:00:37.583-0100: 891.929: Total time for which application threads were stopped: 0.0001761 seconds, Stopping threads took: 0.0000288 seconds
2018-01-08T12:00:37.879-0100: 892.225: Total time for which application threads were stopped: 0.0003292 seconds, Stopping threads took: 0.0000426 seconds
2018-01-08T12:00:38.881-0100: 893.226: Total time for which application threads were stopped: 0.0001819 seconds, Stopping threads took: 0.0000284 seconds
2018-01-08T12:00:46.900-0100: 901.246: Total time for which application threads were stopped: 0.0001939 seconds, Stopping threads took: 0.0000274 seconds
2018-01-08T12:00:50.908-0100: 905.253: Total time for which application threads were stopped: 0.0001672 seconds, Stopping threads took: 0.0000307 seconds
{Heap before GC invocations=47 (full 1):
 par new generation   total 109248K, used 94178K [0x00000007a0000000, 0x00000007a8000000, 0x00000007a8000000)
  eden space 87424K, 100% used [0x00000007a0000000, 0x00000007a5560000, 0x00000007a5560000)
  from space 21824K,  30% used [0x00000007a6ab0000, 0x00000007a7148840, 0x00000007a8000000)
  to   space 21824K,   0% used [0x00000007a5560000, 0x00000007a5560000, 0x00000007a6ab0000)
 concurrent mark-sweep generation total 393216K, used 40526K [0x00000007a8000000, 0x00000007c0000000, 0x00000007c0000000)
 Metaspace       used 41567K, capacity 43218K, committed 43396K, reserved 1087488K
  class space    used 4873K, capacity 5243K, committed 5288K, reserved 1048576K
2018-01-08T12:00:51.887-0100: 906.233: [GC (Allocation Failure) 2018-01-08T12:00:51.888-0100: 906.233: [ParNew
Desired survivor size 20112992 bytes, new threshold 8 (max 8)
- age   1:    1701520 bytes,    1701520 total
- age   2:     902128 bytes,    2603648 total
- age   3:     254600 bytes,    2858248 total
- age   4:      93448 bytes,    2951696 total
- age   5:     297648 bytes,    3249344 total
- age   6:     706408 bytes,    3955752 total
- age   7:     916136 bytes,    4871888 total
- age   8:     876376 bytes,    5748264 total
: 94178K->8132K(109248K), 0.0069767 secs] 134704K->48797K(502464K), 0.0073776 secs] [Times: user=0.02 sys=0.00, real=0.01 secs] 
Heap after GC invocations=48 (full 1):
 par new generation   total 109248K, used 8132K [0x00000007a0000000, 0x00000007a8000000, 0x00000007a8000000)
  eden space 87424K,   0% used [0x00000007a0000000, 0x00000007a0000000, 0x00000007a5560000)
  from space 21824K,  37% used [0x00000007a5560000, 0x00000007a5d51138, 0x00000007a6ab0000)
  to   space 21824K,   0% used [0x00000007a6ab0000, 0x00000007a6ab0000, 0x00000007a8000000)
 concurrent mark-sweep generation total 393216K, used 40664K [0x00000007a8000000, 0x00000007c0000000, 0x00000007c0000000)
 Metaspace       used 41567K, capacity 43218K, committed 43396K, reserved 1087488K
  class space    used 4873K, capacity 5243K, committed 5288K, reserved 1048576K
}
2018-01-08T12:00:51.895-0100: 906.240: Total time for which application threads were stopped: 0.0076305 seconds, Stopping threads took: 0.0000376 seconds
2018-01-08T12:00:55.901-0100: 910.247: Total time for which application threads were stopped: 0.0001747 seconds, Stopping threads took: 0.0000278 seconds
2018-01-08T12:00:56.905-0100: 911.251: Total time for which application threads were stopped: 0.0003570 seconds, Stopping threads took: 0.0000796 seconds
2018-01-08T12:01:03.926-0100: 918.271: Total time for which application threads were stopped: 0.0002967 seconds, Stopping threads took: 0.0000476 seconds
2018-01-08T12:01:04.926-0100: 919.272: Total time for which application threads were stopped: 0.0001943 seconds, Stopping threads took: 0.0000264 seconds
2018-01-08T12:01:06.930-0100: 921.276: Total time for which application threads were stopped: 0.0001648 seconds, Stopping threads took: 0.0000311 seconds
2018-01-08T12:01:09.935-0100: 924.280: Total time for which application threads were stopped: 0.0002166 seconds, Stopping threads took: 0.0000326 seconds
2018-01-08T12:01:14.943-0100: 929.289: Total time for which application threads were stopped: 0.0002105 seconds, Stopping threads took: 0.0000296 seconds
2018-01-08T12:01:16.022-0100: 930.367: Total time for which application threads were stopped: 0.0001719 seconds, Stopping threads took: 0.0000254 seconds
2018-01-08T12:01:17.025-0100: 931.370: Total time for which application threads were stopped: 0.0001811 seconds, Stopping threads took: 0.0000301 seconds
2018-01-08T12:01:21.036-0100: 935.382: Total time for which application threads were stopped: 0.0002130 seconds, Stopping threads took: 0.0000726 seconds
2018-01-08T12:01:23.041-0100: 937.387: Total time for which application threads were stopped: 0.0001951 seconds, Stopping threads took: 0.0000495 seconds
2018-01-08T12:01:27.050-0100: 941.396: Total time for which application threads were stopped: 0.0002729 seconds, Stopping threads took: 0.0000487 seconds
2018-01-08T12:01:28.053-0100: 942.398: Total time for which application threads were stopped: 0.0002573 seconds, Stopping threads took: 0.0000363 seconds
2018-01-08T12:01:32.057-0100: 946.403: Total time for which application threads were stopped: 0.0001988 seconds, Stopping threads took: 0.0000318 seconds
2018-01-08T12:01:35.060-0100: 949.406: Total time for which application threads were stopped: 0.0003034 seconds, Stopping threads took: 0.0000565 seconds
2018-01-08T12:01:39.066-0100: 953.411: Total time for which application threads were stopped: 0.0002226 seconds, Stopping threads took: 0.0000380 seconds
2018-01-08T12:01:40.071-0100: 954.416: Total time for which application threads were stopped: 0.0003015 seconds, Stopping threads took: 0.0000492 seconds
2018-01-08T12:01:42.074-0100: 956.420: Total time for which application threads were stopped: 0.0002433 seconds, Stopping threads took: 0.0000629 seconds
2018-01-08T12:01:46.083-0100: 960.429: Total time for which application threads were stopped: 0.0001914 seconds, Stopping threads took: 0.0000479 seconds
2018-01-08T12:01:49.089-0100: 963.435: Total time for which application threads were stopped: 0.0002022 seconds, Stopping threads took: 0.0000342 seconds
2018-01-08T12:01:50.093-0100: 964.438: Total time for which application threads were stopped: 0.0002070 seconds, Stopping threads took: 0.0000355 seconds
2018-01-08T12:01:56.106-0100: 970.451: Total time for which application threads were stopped: 0.0002284 seconds, Stopping threads took: 0.0000749 seconds
2018-01-08T12:01:56.361-0100: 970.706: Total time for which application threads were stopped: 0.0002131 seconds, Stopping threads took: 0.0000260 seconds
2018-01-08T12:02:00.368-0100: 974.714: Total time for which application threads were stopped: 0.0002371 seconds, Stopping threads took: 0.0000357 seconds
2018-01-08T12:02:01.370-0100: 975.715: Total time for which application threads were stopped: 0.0002357 seconds, Stopping threads took: 0.0000382 seconds
{Heap before GC invocations=48 (full 1):
 par new generation   total 109248K, used 95556K [0x00000007a0000000, 0x00000007a8000000, 0x00000007a8000000)
  eden space 87424K, 100% used [0x00000007a0000000, 0x00000007a5560000, 0x00000007a5560000)
  from space 21824K,  37% used [0x00000007a5560000, 0x00000007a5d51138, 0x00000007a6ab0000)
  to   space 21824K,   0% used [0x00000007a6ab0000, 0x00000007a6ab0000, 0x00000007a8000000)
 concurrent mark-sweep generation total 393216K, used 40664K [0x00000007a8000000, 0x00000007c0000000, 0x00000007c0000000)
 Metaspace       used 41667K, capacity 43346K, committed 43396K, reserved 1087488K
  class space    used 4873K, capacity 5243K, committed 5288K, reserved 1048576K
2018-01-08T12:02:04.308-0100: 978.653: [GC (Allocation Failure) 2018-01-08T12:02:04.313-0100: 978.659: [ParNew
Desired survivor size 20112992 bytes, new threshold 8 (max 8)
- age   1:     527256 bytes,     527256 total
- age   2:    1193648 bytes,    1720904 total
- age   3:     902128 bytes,    2623032 total
- age   4:     254600 bytes,    2877632 total
- age   5:      93448 bytes,    2971080 total
- age   6:     294744 bytes,    3265824 total
- age   7:     705360 bytes,    3971184 total
- age   8:     911256 bytes,    4882440 total
: 95556K->6533K(109248K), 0.0075795 secs] 136221K->48058K(502464K), 0.0131299 secs] [Times: user=0.02 sys=0.01, real=0.02 secs] 
Heap after GC invocations=49 (full 1):
 par new generation   total 109248K, used 6533K [0x00000007a0000000, 0x00000007a8000000, 0x00000007a8000000)
  eden space 87424K,   0% used [0x00000007a0000000, 0x00000007a0000000, 0x00000007a5560000)
  from space 21824K,  29% used [0x00000007a6ab0000, 0x00000007a71116c0, 0x00000007a8000000)
  to   space 21824K,   0% used [0x00000007a5560000, 0x00000007a5560000, 0x00000007a6ab0000)
 concurrent mark-sweep generation total 393216K, used 41524K [0x00000007a8000000, 0x00000007c0000000, 0x00000007c0000000)
 Metaspace       used 41667K, capacity 43346K, committed 43396K, reserved 1087488K
  class space    used 4873K, capacity 5243K, committed 5288K, reserved 1048576K
}
2018-01-08T12:02:04.321-0100: 978.667: Total time for which application threads were stopped: 0.0134087 seconds, Stopping threads took: 0.0000358 seconds
2018-01-08T12:02:04.321-0100: 978.667: Total time for which application threads were stopped: 0.0001554 seconds, Stopping threads took: 0.0000389 seconds
2018-01-08T12:02:04.322-0100: 978.667: Total time for which application threads were stopped: 0.0001209 seconds, Stopping threads took: 0.0000288 seconds
2018-01-08T12:02:04.322-0100: 978.667: Total time for which application threads were stopped: 0.0000953 seconds, Stopping threads took: 0.0000129 seconds
2018-01-08T12:02:04.322-0100: 978.667: Total time for which application threads were stopped: 0.0001364 seconds, Stopping threads took: 0.0000601 seconds
2018-01-08T12:02:04.322-0100: 978.668: Total time for which application threads were stopped: 0.0000809 seconds, Stopping threads took: 0.0000098 seconds
2018-01-08T12:02:04.322-0100: 978.668: Total time for which application threads were stopped: 0.0001170 seconds, Stopping threads took: 0.0000435 seconds
2018-01-08T12:02:04.322-0100: 978.668: Total time for which application threads were stopped: 0.0001008 seconds, Stopping threads took: 0.0000130 seconds
2018-01-08T12:02:04.322-0100: 978.668: Total time for which application threads were stopped: 0.0000821 seconds, Stopping threads took: 0.0000102 seconds
2018-01-08T12:02:04.323-0100: 978.668: Total time for which application threads were stopped: 0.0000931 seconds, Stopping threads took: 0.0000231 seconds
2018-01-08T12:02:04.323-0100: 978.668: Total time for which application threads were stopped: 0.0001112 seconds, Stopping threads took: 0.0000136 seconds
2018-01-08T12:02:04.323-0100: 978.668: Total time for which application threads were stopped: 0.0001052 seconds, Stopping threads took: 0.0000126 seconds
2018-01-08T12:02:04.323-0100: 978.669: Total time for which application threads were stopped: 0.0001428 seconds, Stopping threads took: 0.0000718 seconds
2018-01-08T12:02:04.323-0100: 978.669: Total time for which application threads were stopped: 0.0000779 seconds, Stopping threads took: 0.0000096 seconds
2018-01-08T12:02:04.323-0100: 978.669: Total time for which application threads were stopped: 0.0000757 seconds, Stopping threads took: 0.0000110 seconds
2018-01-08T12:02:04.323-0100: 978.669: Total time for which application threads were stopped: 0.0000764 seconds, Stopping threads took: 0.0000100 seconds
2018-01-08T12:02:04.323-0100: 978.669: Total time for which application threads were stopped: 0.0000735 seconds, Stopping threads took: 0.0000093 seconds
2018-01-08T12:02:04.324-0100: 978.669: Total time for which application threads were stopped: 0.0000690 seconds, Stopping threads took: 0.0000087 seconds
2018-01-08T12:02:04.324-0100: 978.669: Total time for which application threads were stopped: 0.0000685 seconds, Stopping threads took: 0.0000088 seconds
2018-01-08T12:02:04.324-0100: 978.669: Total time for which application threads were stopped: 0.0000684 seconds, Stopping threads took: 0.0000088 seconds
2018-01-08T12:02:04.324-0100: 978.670: Total time for which application threads were stopped: 0.0002464 seconds, Stopping threads took: 0.0000089 seconds
2018-01-08T12:02:36.203-0100: 1010.548: Total time for which application threads were stopped: 0.0004800 seconds, Stopping threads took: 0.0000281 seconds
2018-01-08T12:02:40.211-0100: 1014.556: Total time for which application threads were stopped: 0.0001707 seconds, Stopping threads took: 0.0000406 seconds
2018-01-08T12:02:41.212-0100: 1015.558: Total time for which application threads were stopped: 0.0001763 seconds, Stopping threads took: 0.0000267 seconds
2018-01-08T12:02:42.213-0100: 1016.558: Total time for which application threads were stopped: 0.0002774 seconds, Stopping threads took: 0.0000454 seconds
2018-01-08T12:02:46.222-0100: 1020.567: Total time for which application threads were stopped: 0.0002305 seconds, Stopping threads took: 0.0000255 seconds
2018-01-08T12:02:46.230-0100: 1020.575: Total time for which application threads were stopped: 0.0005557 seconds, Stopping threads took: 0.0001653 seconds
2018-01-08T12:02:47.232-0100: 1021.577: Total time for which application threads were stopped: 0.0001993 seconds, Stopping threads took: 0.0000444 seconds
2018-01-08T12:02:51.240-0100: 1025.586: Total time for which application threads were stopped: 0.0002524 seconds, Stopping threads took: 0.0000304 seconds
2018-01-08T12:02:58.255-0100: 1032.600: Total time for which application threads were stopped: 0.0002178 seconds, Stopping threads took: 0.0000346 seconds
{Heap before GC invocations=49 (full 1):
 par new generation   total 109248K, used 93957K [0x00000007a0000000, 0x00000007a8000000, 0x00000007a8000000)
  eden space 87424K, 100% used [0x00000007a0000000, 0x00000007a5560000, 0x00000007a5560000)
  from space 21824K,  29% used [0x00000007a6ab0000, 0x00000007a71116c0, 0x00000007a8000000)
  to   space 21824K,   0% used [0x00000007a5560000, 0x00000007a5560000, 0x00000007a6ab0000)
 concurrent mark-sweep generation total 393216K, used 41524K [0x00000007a8000000, 0x00000007c0000000, 0x00000007c0000000)
 Metaspace       used 41668K, capacity 43346K, committed 43396K, reserved 1087488K
  class space    used 4873K, capacity 5243K, committed 5288K, reserved 1048576K
2018-01-08T12:03:10.459-0100: 1044.805: [GC (Allocation Failure) 2018-01-08T12:03:10.465-0100: 1044.810: [ParNew
Desired survivor size 20112992 bytes, new threshold 8 (max 8)
- age   1:     616752 bytes,     616752 total
- age   2:     172032 bytes,     788784 total
- age   3:    1015608 bytes,    1804392 total
- age   4:     902128 bytes,    2706520 total
- age   5:     254600 bytes,    2961120 total
- age   6:      93448 bytes,    3054568 total
- age   7:     294744 bytes,    3349312 total
- age   8:     703504 bytes,    4052816 total
: 93957K->5860K(109248K), 0.0075583 secs] 135482K->48272K(502464K), 0.0129529 secs] [Times: user=0.02 sys=0.00, real=0.02 secs] 
Heap after GC invocations=50 (full 1):
 par new generation   total 109248K, used 5860K [0x00000007a0000000, 0x00000007a8000000, 0x00000007a8000000)
  eden space 87424K,   0% used [0x00000007a0000000, 0x00000007a0000000, 0x00000007a5560000)
  from space 21824K,  26% used [0x00000007a5560000, 0x00000007a5b19278, 0x00000007a6ab0000)
  to   space 21824K,   0% used [0x00000007a6ab0000, 0x00000007a6ab0000, 0x00000007a8000000)
 concurrent mark-sweep generation total 393216K, used 42412K [0x00000007a8000000, 0x00000007c0000000, 0x00000007c0000000)
 Metaspace       used 41668K, capacity 43346K, committed 43396K, reserved 1087488K
  class space    used 4873K, capacity 5243K, committed 5288K, reserved 1048576K
}
2018-01-08T12:03:10.472-0100: 1044.818: Total time for which application threads were stopped: 0.0132369 seconds, Stopping threads took: 0.0000386 seconds
2018-01-08T12:03:14.482-0100: 1048.827: Total time for which application threads were stopped: 0.0001968 seconds, Stopping threads took: 0.0000442 seconds
2018-01-08T12:03:17.489-0100: 1051.835: Total time for which application threads were stopped: 0.0002508 seconds, Stopping threads took: 0.0000397 seconds
2018-01-08T12:03:17.910-0100: 1052.256: Total time for which application threads were stopped: 0.0001936 seconds, Stopping threads took: 0.0000455 seconds
2018-01-08T12:03:17.911-0100: 1052.256: Total time for which application threads were stopped: 0.0001254 seconds, Stopping threads took: 0.0000148 seconds
2018-01-08T12:03:18.364-0100: 1052.710: Total time for which application threads were stopped: 0.0002778 seconds, Stopping threads took: 0.0001014 seconds
2018-01-08T12:03:18.364-0100: 1052.710: Total time for which application threads were stopped: 0.0001156 seconds, Stopping threads took: 0.0000106 seconds
2018-01-08T12:03:26.300-0100: 1060.646: Total time for which application threads were stopped: 0.0002079 seconds, Stopping threads took: 0.0000484 seconds
2018-01-08T12:03:30.308-0100: 1064.653: Total time for which application threads were stopped: 0.0002782 seconds, Stopping threads took: 0.0000454 seconds
2018-01-08T12:03:36.321-0100: 1070.666: Total time for which application threads were stopped: 0.0001692 seconds, Stopping threads took: 0.0000306 seconds
2018-01-08T12:03:59.372-0100: 1093.718: Total time for which application threads were stopped: 0.0001723 seconds, Stopping threads took: 0.0000289 seconds
2018-01-08T12:04:03.608-0100: 1097.953: Total time for which application threads were stopped: 0.0001416 seconds, Stopping threads took: 0.0000236 seconds
2018-01-08T12:04:04.533-0100: 1098.878: Total time for which application threads were stopped: 0.0001638 seconds, Stopping threads took: 0.0000229 seconds
2018-01-08T12:04:07.541-0100: 1101.886: Total time for which application threads were stopped: 0.0003801 seconds, Stopping threads took: 0.0001097 seconds
2018-01-08T12:04:08.543-0100: 1102.888: Total time for which application threads were stopped: 0.0004815 seconds, Stopping threads took: 0.0002318 seconds
2018-01-08T12:04:08.590-0100: 1102.935: Total time for which application threads were stopped: 0.0002346 seconds, Stopping threads took: 0.0000411 seconds
2018-01-08T12:04:08.590-0100: 1102.936: Total time for which application threads were stopped: 0.0001649 seconds, Stopping threads took: 0.0000150 seconds
2018-01-08T12:04:08.599-0100: 1102.944: Total time for which application threads were stopped: 0.0002050 seconds, Stopping threads took: 0.0000396 seconds
2018-01-08T12:04:08.599-0100: 1102.945: Total time for which application threads were stopped: 0.0002135 seconds, Stopping threads took: 0.0000736 seconds
2018-01-08T12:04:10.714-0100: 1105.059: Total time for which application threads were stopped: 0.0003311 seconds, Stopping threads took: 0.0000813 seconds
2018-01-08T12:04:10.715-0100: 1105.060: Total time for which application threads were stopped: 0.0003142 seconds, Stopping threads took: 0.0000297 seconds
2018-01-08T12:04:10.715-0100: 1105.060: Total time for which application threads were stopped: 0.0002929 seconds, Stopping threads took: 0.0000319 seconds
2018-01-08T12:04:10.715-0100: 1105.061: Total time for which application threads were stopped: 0.0002487 seconds, Stopping threads took: 0.0000342 seconds
2018-01-08T12:04:10.716-0100: 1105.061: Total time for which application threads were stopped: 0.0002277 seconds, Stopping threads took: 0.0000451 seconds
2018-01-08T12:04:10.716-0100: 1105.061: Total time for which application threads were stopped: 0.0002092 seconds, Stopping threads took: 0.0000382 seconds
2018-01-08T12:04:10.717-0100: 1105.062: Total time for which application threads were stopped: 0.0002084 seconds, Stopping threads took: 0.0000217 seconds
2018-01-08T12:04:10.717-0100: 1105.063: Total time for which application threads were stopped: 0.0002488 seconds, Stopping threads took: 0.0000197 seconds
2018-01-08T12:04:10.718-0100: 1105.063: Total time for which application threads were stopped: 0.0002241 seconds, Stopping threads took: 0.0000371 seconds
2018-01-08T12:04:10.718-0100: 1105.063: Total time for which application threads were stopped: 0.0002089 seconds, Stopping threads took: 0.0000177 seconds
2018-01-08T12:04:10.718-0100: 1105.063: Total time for which application threads were stopped: 0.0001438 seconds, Stopping threads took: 0.0000153 seconds
2018-01-08T12:04:10.718-0100: 1105.064: Total time for which application threads were stopped: 0.0002368 seconds, Stopping threads took: 0.0000170 seconds
2018-01-08T12:04:10.719-0100: 1105.064: Total time for which application threads were stopped: 0.0001825 seconds, Stopping threads took: 0.0000415 seconds
2018-01-08T12:04:10.719-0100: 1105.064: Total time for which application threads were stopped: 0.0001399 seconds, Stopping threads took: 0.0000125 seconds
2018-01-08T12:04:10.720-0100: 1105.065: Total time for which application threads were stopped: 0.0002472 seconds, Stopping threads took: 0.0000412 seconds
2018-01-08T12:04:10.720-0100: 1105.065: Total time for which application threads were stopped: 0.0002185 seconds, Stopping threads took: 0.0000502 seconds
2018-01-08T12:04:10.728-0100: 1105.074: Total time for which application threads were stopped: 0.0002525 seconds, Stopping threads took: 0.0000733 seconds
2018-01-08T12:04:10.729-0100: 1105.074: Total time for which application threads were stopped: 0.0001634 seconds, Stopping threads took: 0.0000150 seconds
2018-01-08T12:04:10.737-0100: 1105.082: Total time for which application threads were stopped: 0.0002851 seconds, Stopping threads took: 0.0000500 seconds
2018-01-08T12:04:10.737-0100: 1105.082: Total time for which application threads were stopped: 0.0001827 seconds, Stopping threads took: 0.0000506 seconds
2018-01-08T12:04:11.737-0100: 1106.083: Total time for which application threads were stopped: 0.0002276 seconds, Stopping threads took: 0.0000471 seconds
2018-01-08T12:04:12.739-0100: 1107.084: Total time for which application threads were stopped: 0.0002741 seconds, Stopping threads took: 0.0000760 seconds
{Heap before GC invocations=50 (full 1):
 par new generation   total 109248K, used 93279K [0x00000007a0000000, 0x00000007a8000000, 0x00000007a8000000)
  eden space 87424K,  99% used [0x00000007a0000000, 0x00000007a555ec50, 0x00000007a5560000)
  from space 21824K,  26% used [0x00000007a5560000, 0x00000007a5b19278, 0x00000007a6ab0000)
  to   space 21824K,   0% used [0x00000007a6ab0000, 0x00000007a6ab0000, 0x00000007a8000000)
 concurrent mark-sweep generation total 393216K, used 42412K [0x00000007a8000000, 0x00000007c0000000, 0x00000007c0000000)
 Metaspace       used 41695K, capacity 43346K, committed 43396K, reserved 1087488K
  class space    used 4873K, capacity 5243K, committed 5288K, reserved 1048576K
2018-01-08T12:04:13.539-0100: 1107.885: [GC (Allocation Failure) 2018-01-08T12:04:13.540-0100: 1107.885: [ParNew
Desired survivor size 20112992 bytes, new threshold 8 (max 8)
- age   1:     729264 bytes,     729264 total
- age   2:     222072 bytes,     951336 total
- age   3:     145784 bytes,    1097120 total
- age   4:     904256 bytes,    2001376 total
- age   5:     902128 bytes,    2903504 total
- age   6:     254600 bytes,    3158104 total
- age   7:      93368 bytes,    3251472 total
- age   8:     293440 bytes,    3544912 total
: 93279K->4270K(109248K), 0.0072446 secs] 135691K->47370K(502464K), 0.0073599 secs] [Times: user=0.02 sys=0.00, real=0.01 secs] 
Heap after GC invocations=51 (full 1):
 par new generation   total 109248K, used 4270K [0x00000007a0000000, 0x00000007a8000000, 0x00000007a8000000)
  eden space 87424K,   0% used [0x00000007a0000000, 0x00000007a0000000, 0x00000007a5560000)
  from space 21824K,  19% used [0x00000007a6ab0000, 0x00000007a6edbb00, 0x00000007a8000000)
  to   space 21824K,   0% used [0x00000007a5560000, 0x00000007a5560000, 0x00000007a6ab0000)
 concurrent mark-sweep generation total 393216K, used 43099K [0x00000007a8000000, 0x00000007c0000000, 0x00000007c0000000)
 Metaspace       used 41695K, capacity 43346K, committed 43396K, reserved 1087488K
  class space    used 4873K, capacity 5243K, committed 5288K, reserved 1048576K
}
2018-01-08T12:04:13.547-0100: 1107.892: Total time for which application threads were stopped: 0.0076369 seconds, Stopping threads took: 0.0000252 seconds
2018-01-08T12:04:15.197-0100: 1109.542: Total time for which application threads were stopped: 0.0003013 seconds, Stopping threads took: 0.0000535 seconds
2018-01-08T12:04:15.197-0100: 1109.543: Total time for which application threads were stopped: 0.0001812 seconds, Stopping threads took: 0.0000327 seconds
2018-01-08T12:04:15.206-0100: 1109.551: Total time for which application threads were stopped: 0.0003735 seconds, Stopping threads took: 0.0001118 seconds
2018-01-08T12:04:15.206-0100: 1109.551: Total time for which application threads were stopped: 0.0002720 seconds, Stopping threads took: 0.0000181 seconds
2018-01-08T12:04:16.208-0100: 1110.553: Total time for which application threads were stopped: 0.0001810 seconds, Stopping threads took: 0.0000299 seconds
2018-01-08T12:04:17.210-0100: 1111.555: Total time for which application threads were stopped: 0.0001860 seconds, Stopping threads took: 0.0000303 seconds
2018-01-08T12:04:17.944-0100: 1112.289: Total time for which application threads were stopped: 0.0001609 seconds, Stopping threads took: 0.0000230 seconds
2018-01-08T12:04:18.400-0100: 1112.745: Total time for which application threads were stopped: 0.0002104 seconds, Stopping threads took: 0.0000259 seconds
2018-01-08T12:04:18.795-0100: 1113.140: Total time for which application threads were stopped: 0.0003239 seconds, Stopping threads took: 0.0000557 seconds
2018-01-08T12:04:18.795-0100: 1113.141: Total time for which application threads were stopped: 0.0002958 seconds, Stopping threads took: 0.0000451 seconds
2018-01-08T12:04:18.796-0100: 1113.141: Total time for which application threads were stopped: 0.0002202 seconds, Stopping threads took: 0.0000407 seconds
2018-01-08T12:04:18.796-0100: 1113.141: Total time for which application threads were stopped: 0.0002258 seconds, Stopping threads took: 0.0000180 seconds
2018-01-08T12:04:18.797-0100: 1113.142: Total time for which application threads were stopped: 0.0004630 seconds, Stopping threads took: 0.0000363 seconds
2018-01-08T12:04:18.805-0100: 1113.150: Total time for which application threads were stopped: 0.0002155 seconds, Stopping threads took: 0.0000387 seconds
2018-01-08T12:04:18.805-0100: 1113.151: Total time for which application threads were stopped: 0.0002154 seconds, Stopping threads took: 0.0000210 seconds
2018-01-08T12:04:18.814-0100: 1113.159: Total time for which application threads were stopped: 0.0003209 seconds, Stopping threads took: 0.0001114 seconds
2018-01-08T12:04:18.814-0100: 1113.160: Total time for which application threads were stopped: 0.0003364 seconds, Stopping threads took: 0.0000777 seconds
2018-01-08T12:04:19.815-0100: 1114.160: Total time for which application threads were stopped: 0.0001721 seconds, Stopping threads took: 0.0000310 seconds
2018-01-08T12:04:19.860-0100: 1114.205: Total time for which application threads were stopped: 0.0002815 seconds, Stopping threads took: 0.0000347 seconds
2018-01-08T12:04:19.861-0100: 1114.206: Total time for which application threads were stopped: 0.0002109 seconds, Stopping threads took: 0.0000279 seconds
2018-01-08T12:04:19.861-0100: 1114.207: Total time for which application threads were stopped: 0.0001845 seconds, Stopping threads took: 0.0000376 seconds
2018-01-08T12:04:19.862-0100: 1114.207: Total time for which application threads were stopped: 0.0001855 seconds, Stopping threads took: 0.0000626 seconds
2018-01-08T12:04:19.862-0100: 1114.207: Total time for which application threads were stopped: 0.0002093 seconds, Stopping threads took: 0.0000944 seconds
2018-01-08T12:04:19.862-0100: 1114.207: Total time for which application threads were stopped: 0.0001351 seconds, Stopping threads took: 0.0000276 seconds
2018-01-08T12:04:19.862-0100: 1114.208: Total time for which application threads were stopped: 0.0001968 seconds, Stopping threads took: 0.0000639 seconds
2018-01-08T12:04:19.863-0100: 1114.208: Total time for which application threads were stopped: 0.0001647 seconds, Stopping threads took: 0.0000573 seconds
2018-01-08T12:04:19.863-0100: 1114.208: Total time for which application threads were stopped: 0.0001443 seconds, Stopping threads took: 0.0000384 seconds
2018-01-08T12:04:19.864-0100: 1114.209: Total time for which application threads were stopped: 0.0001859 seconds, Stopping threads took: 0.0000219 seconds
2018-01-08T12:04:19.864-0100: 1114.209: Total time for which application threads were stopped: 0.0001634 seconds, Stopping threads took: 0.0000120 seconds
2018-01-08T12:04:19.871-0100: 1114.216: Total time for which application threads were stopped: 0.0002697 seconds, Stopping threads took: 0.0000396 seconds
2018-01-08T12:04:19.871-0100: 1114.216: Total time for which application threads were stopped: 0.0001854 seconds, Stopping threads took: 0.0000093 seconds
2018-01-08T12:04:19.880-0100: 1114.225: Total time for which application threads were stopped: 0.0002746 seconds, Stopping threads took: 0.0000652 seconds
2018-01-08T12:04:19.880-0100: 1114.226: Total time for which application threads were stopped: 0.0003123 seconds, Stopping threads took: 0.0000929 seconds
2018-01-08T12:04:19.923-0100: 1114.269: Total time for which application threads were stopped: 0.0003328 seconds, Stopping threads took: 0.0000618 seconds
2018-01-08T12:04:19.924-0100: 1114.269: Total time for which application threads were stopped: 0.0002914 seconds, Stopping threads took: 0.0000806 seconds
2018-01-08T12:04:19.932-0100: 1114.278: Total time for which application threads were stopped: 0.0007479 seconds, Stopping threads took: 0.0003658 seconds
2018-01-08T12:04:19.933-0100: 1114.278: Total time for which application threads were stopped: 0.0003612 seconds, Stopping threads took: 0.0000965 seconds
2018-01-08T12:04:20.422-0100: 1114.767: Total time for which application threads were stopped: 0.0002323 seconds, Stopping threads took: 0.0000274 seconds
2018-01-08T12:04:20.422-0100: 1114.768: Total time for which application threads were stopped: 0.0001314 seconds, Stopping threads took: 0.0000095 seconds
2018-01-08T12:04:20.431-0100: 1114.777: Total time for which application threads were stopped: 0.0007460 seconds, Stopping threads took: 0.0000628 seconds
2018-01-08T12:04:20.432-0100: 1114.777: Total time for which application threads were stopped: 0.0005136 seconds, Stopping threads took: 0.0000837 seconds
2018-01-08T12:04:20.432-0100: 1114.778: Total time for which application threads were stopped: 0.0003257 seconds, Stopping threads took: 0.0000140 seconds
2018-01-08T12:04:22.147-0100: 1116.493: Total time for which application threads were stopped: 0.0002318 seconds, Stopping threads took: 0.0000469 seconds
2018-01-08T12:04:22.148-0100: 1116.493: Total time for which application threads were stopped: 0.0001654 seconds, Stopping threads took: 0.0000347 seconds
2018-01-08T12:04:22.156-0100: 1116.501: Total time for which application threads were stopped: 0.0002636 seconds, Stopping threads took: 0.0000752 seconds
2018-01-08T12:04:22.156-0100: 1116.501: Total time for which application threads were stopped: 0.0002510 seconds, Stopping threads took: 0.0000885 seconds
2018-01-08T12:04:23.631-0100: 1117.977: Total time for which application threads were stopped: 0.0002093 seconds, Stopping threads took: 0.0000320 seconds
2018-01-08T12:04:23.632-0100: 1117.977: Total time for which application threads were stopped: 0.0001678 seconds, Stopping threads took: 0.0000146 seconds
2018-01-08T12:04:23.640-0100: 1117.986: Total time for which application threads were stopped: 0.0002228 seconds, Stopping threads took: 0.0000606 seconds
2018-01-08T12:04:23.641-0100: 1117.986: Total time for which application threads were stopped: 0.0002611 seconds, Stopping threads took: 0.0000881 seconds
2018-01-08T12:04:25.647-0100: 1119.992: Total time for which application threads were stopped: 0.0002141 seconds, Stopping threads took: 0.0000360 seconds
2018-01-08T12:04:42.693-0100: 1137.039: Total time for which application threads were stopped: 0.0001959 seconds, Stopping threads took: 0.0000307 seconds
2018-01-08T12:04:43.698-0100: 1138.043: Total time for which application threads were stopped: 0.0001775 seconds, Stopping threads took: 0.0000311 seconds
2018-01-08T12:04:44.702-0100: 1139.047: Total time for which application threads were stopped: 0.0001820 seconds, Stopping threads took: 0.0000310 seconds
2018-01-08T12:04:48.711-0100: 1143.056: Total time for which application threads were stopped: 0.0002507 seconds, Stopping threads took: 0.0000619 seconds
2018-01-08T12:04:48.981-0100: 1143.327: Total time for which application threads were stopped: 0.0003137 seconds, Stopping threads took: 0.0000331 seconds
2018-01-08T12:04:48.982-0100: 1143.327: Total time for which application threads were stopped: 0.0001665 seconds, Stopping threads took: 0.0000182 seconds
2018-01-08T12:04:48.989-0100: 1143.334: Total time for which application threads were stopped: 0.0002479 seconds, Stopping threads took: 0.0000531 seconds
2018-01-08T12:04:48.989-0100: 1143.335: Total time for which application threads were stopped: 0.0002616 seconds, Stopping threads took: 0.0000845 seconds
2018-01-08T12:04:51.999-0100: 1146.344: Total time for which application threads were stopped: 0.0001707 seconds, Stopping threads took: 0.0000298 seconds
2018-01-08T12:04:53.003-0100: 1147.348: Total time for which application threads were stopped: 0.0002050 seconds, Stopping threads took: 0.0000298 seconds
2018-01-08T12:05:48.994-0100: 1203.340: Total time for which application threads were stopped: 0.0002551 seconds, Stopping threads took: 0.0000434 seconds
2018-01-08T12:07:21.452-0100: 1295.799: Total time for which application threads were stopped: 0.0002588 seconds, Stopping threads took: 0.0000909 seconds
2018-01-08T12:07:21.452-0100: 1295.799: Total time for which application threads were stopped: 0.0001565 seconds, Stopping threads took: 0.0000379 seconds
2018-01-08T12:07:21.453-0100: 1295.799: Total time for which application threads were stopped: 0.0001088 seconds, Stopping threads took: 0.0000187 seconds
2018-01-08T12:07:21.937-0100: 1296.284: Total time for which application threads were stopped: 0.0003979 seconds, Stopping threads took: 0.0000509 seconds
2018-01-08T12:07:21.938-0100: 1296.284: Total time for which application threads were stopped: 0.0002265 seconds, Stopping threads took: 0.0001112 seconds
2018-01-08T12:07:21.938-0100: 1296.285: Total time for which application threads were stopped: 0.0001116 seconds, Stopping threads took: 0.0000189 seconds
2018-01-08T12:08:21.491-0100: 1355.838: Total time for which application threads were stopped: 0.0001697 seconds, Stopping threads took: 0.0000397 seconds
2018-01-08T12:08:21.969-0100: 1356.316: Total time for which application threads were stopped: 0.0002334 seconds, Stopping threads took: 0.0001015 seconds
2018-01-08T12:11:25.009-0100: 1539.355: Total time for which application threads were stopped: 0.0002225 seconds, Stopping threads took: 0.0000713 seconds
2018-01-08T12:11:25.009-0100: 1539.356: Total time for which application threads were stopped: 0.0001253 seconds, Stopping threads took: 0.0000175 seconds
2018-01-08T12:11:25.520-0100: 1539.866: Total time for which application threads were stopped: 0.0001961 seconds, Stopping threads took: 0.0000600 seconds
2018-01-08T12:11:25.520-0100: 1539.866: Total time for which application threads were stopped: 0.0001528 seconds, Stopping threads took: 0.0000410 seconds
2018-01-08T12:11:25.520-0100: 1539.867: Total time for which application threads were stopped: 0.0000927 seconds, Stopping threads took: 0.0000157 seconds
2018-01-08T12:12:25.063-0100: 1599.409: Total time for which application threads were stopped: 0.0001983 seconds, Stopping threads took: 0.0000492 seconds
2018-01-08T12:12:25.563-0100: 1599.909: Total time for which application threads were stopped: 0.0001926 seconds, Stopping threads took: 0.0000467 seconds
2018-01-08T12:15:28.698-0100: 1783.045: Total time for which application threads were stopped: 0.0001929 seconds, Stopping threads took: 0.0000549 seconds
2018-01-08T12:15:28.699-0100: 1783.045: Total time for which application threads were stopped: 0.0001395 seconds, Stopping threads took: 0.0000314 seconds
2018-01-08T12:15:28.699-0100: 1783.045: Total time for which application threads were stopped: 0.0001380 seconds, Stopping threads took: 0.0000445 seconds
2018-01-08T12:15:29.147-0100: 1783.493: Total time for which application threads were stopped: 0.0001751 seconds, Stopping threads took: 0.0000327 seconds
2018-01-08T12:15:29.147-0100: 1783.494: Total time for which application threads were stopped: 0.0001194 seconds, Stopping threads took: 0.0000193 seconds
2018-01-08T12:42:57.910-0100: 1815.645: Total time for which application threads were stopped: 0.0001911 seconds, Stopping threads took: 0.0000314 seconds
2018-01-08T12:42:57.912-0100: 1815.648: Total time for which application threads were stopped: 0.0001723 seconds, Stopping threads took: 0.0000259 seconds
2018-01-08T12:42:58.017-0100: 1815.753: Total time for which application threads were stopped: 0.0001207 seconds, Stopping threads took: 0.0000339 seconds
2018-01-08T12:42:58.017-0100: 1815.753: Total time for which application threads were stopped: 0.0001214 seconds, Stopping threads took: 0.0000249 seconds
2018-01-08T12:42:58.017-0100: 1815.753: Total time for which application threads were stopped: 0.0001844 seconds, Stopping threads took: 0.0000975 seconds
2018-01-08T12:42:58.018-0100: 1815.754: Total time for which application threads were stopped: 0.0001220 seconds, Stopping threads took: 0.0000346 seconds
2018-01-08T12:42:58.018-0100: 1815.754: Total time for which application threads were stopped: 0.0002294 seconds, Stopping threads took: 0.0000375 seconds
2018-01-08T12:42:58.574-0100: 1816.310: Total time for which application threads were stopped: 0.0002052 seconds, Stopping threads took: 0.0000789 seconds
2018-01-08T12:42:58.574-0100: 1816.310: Total time for which application threads were stopped: 0.0001609 seconds, Stopping threads took: 0.0000424 seconds
2018-01-08T12:43:25.813-0100: 1843.082: Total time for which application threads were stopped: 0.0002322 seconds, Stopping threads took: 0.0000486 seconds
2018-01-08T12:43:26.267-0100: 1843.536: Total time for which application threads were stopped: 0.0001514 seconds, Stopping threads took: 0.0000229 seconds
2018-01-08T12:45:14.484-0100: 1951.753: Total time for which application threads were stopped: 0.0002364 seconds, Stopping threads took: 0.0000477 seconds
2018-01-08T12:46:29.369-0100: 2026.637: Total time for which application threads were stopped: 0.0002145 seconds, Stopping threads took: 0.0000689 seconds
2018-01-08T12:46:29.369-0100: 2026.638: Total time for which application threads were stopped: 0.0001123 seconds, Stopping threads took: 0.0000160 seconds
2018-01-08T12:46:29.765-0100: 2027.034: Total time for which application threads were stopped: 0.0001659 seconds, Stopping threads took: 0.0000291 seconds
2018-01-08T12:46:29.766-0100: 2027.034: Total time for which application threads were stopped: 0.0001163 seconds, Stopping threads took: 0.0000182 seconds
2018-01-08T12:47:29.409-0100: 2086.678: Total time for which application threads were stopped: 0.0002001 seconds, Stopping threads took: 0.0000638 seconds
2018-01-08T12:47:29.801-0100: 2087.070: Total time for which application threads were stopped: 0.0001916 seconds, Stopping threads took: 0.0000432 seconds
2018-01-08T12:50:32.912-0100: 2270.180: Total time for which application threads were stopped: 0.0001624 seconds, Stopping threads took: 0.0000432 seconds
2018-01-08T12:50:32.912-0100: 2270.181: Total time for which application threads were stopped: 0.0001075 seconds, Stopping threads took: 0.0000183 seconds
2018-01-08T12:50:32.912-0100: 2270.181: Total time for which application threads were stopped: 0.0001200 seconds, Stopping threads took: 0.0000137 seconds
2018-01-08T12:50:33.374-0100: 2270.642: Total time for which application threads were stopped: 0.0001749 seconds, Stopping threads took: 0.0000272 seconds
2018-01-08T12:50:33.374-0100: 2270.643: Total time for which application threads were stopped: 0.0002564 seconds, Stopping threads took: 0.0000181 seconds
2018-01-08T12:50:33.374-0100: 2270.643: Total time for which application threads were stopped: 0.0002011 seconds, Stopping threads took: 0.0000131 seconds
2018-01-08T12:51:32.948-0100: 2330.216: Total time for which application threads were stopped: 0.0001686 seconds, Stopping threads took: 0.0000424 seconds
2018-01-08T12:51:33.418-0100: 2330.687: Total time for which application threads were stopped: 0.0002153 seconds, Stopping threads took: 0.0000542 seconds
2018-01-08T12:54:36.473-0100: 2513.742: Total time for which application threads were stopped: 0.0001789 seconds, Stopping threads took: 0.0000328 seconds
2018-01-08T12:54:36.474-0100: 2513.742: Total time for which application threads were stopped: 0.0001207 seconds, Stopping threads took: 0.0000193 seconds
2018-01-08T12:54:36.919-0100: 2514.187: Total time for which application threads were stopped: 0.0001568 seconds, Stopping threads took: 0.0000247 seconds
2018-01-08T12:54:36.919-0100: 2514.187: Total time for which application threads were stopped: 0.0000964 seconds, Stopping threads took: 0.0000127 seconds
2018-01-08T12:55:36.503-0100: 2573.772: Total time for which application threads were stopped: 0.0002152 seconds, Stopping threads took: 0.0000455 seconds
2018-01-08T12:55:36.938-0100: 2574.206: Total time for which application threads were stopped: 0.0001532 seconds, Stopping threads took: 0.0000412 seconds
2018-01-08T12:55:37.943-0100: 2575.211: Total time for which application threads were stopped: 0.0003459 seconds, Stopping threads took: 0.0000860 seconds
2018-01-08T12:57:40.016-0100: 2697.284: Total time for which application threads were stopped: 0.0005115 seconds, Stopping threads took: 0.0000373 seconds
2018-01-08T12:57:41.020-0100: 2698.288: Total time for which application threads were stopped: 0.0002796 seconds, Stopping threads took: 0.0000453 seconds
2018-01-08T12:57:42.021-0100: 2699.289: Total time for which application threads were stopped: 0.0002795 seconds, Stopping threads took: 0.0000455 seconds
{Heap before GC invocations=51 (full 1):
 par new generation   total 109248K, used 91686K [0x00000007a0000000, 0x00000007a8000000, 0x00000007a8000000)
  eden space 87424K,  99% used [0x00000007a0000000, 0x00000007a555dea0, 0x00000007a5560000)
  from space 21824K,  19% used [0x00000007a6ab0000, 0x00000007a6edbb00, 0x00000007a8000000)
  to   space 21824K,   0% used [0x00000007a5560000, 0x00000007a5560000, 0x00000007a6ab0000)
 concurrent mark-sweep generation total 393216K, used 43099K [0x00000007a8000000, 0x00000007c0000000, 0x00000007c0000000)
 Metaspace       used 41793K, capacity 43410K, committed 43652K, reserved 1087488K
  class space    used 4873K, capacity 5243K, committed 5288K, reserved 1048576K
2018-01-08T12:57:48.359-0100: 2705.627: [GC (Allocation Failure) 2018-01-08T12:57:48.360-0100: 2705.628: [ParNew
Desired survivor size 20112992 bytes, new threshold 8 (max 8)
- age   1:     857208 bytes,     857208 total
- age   2:     225296 bytes,    1082504 total
- age   3:     153392 bytes,    1235896 total
- age   4:     132016 bytes,    1367912 total
- age   5:     828464 bytes,    2196376 total
- age   6:     902128 bytes,    3098504 total
- age   7:     254600 bytes,    3353104 total
- age   8:      93368 bytes,    3446472 total
: 91686K->5477K(109248K), 0.0120882 secs] 134786K->48867K(502464K), 0.0122674 secs] [Times: user=0.03 sys=0.00, real=0.02 secs] 
Heap after GC invocations=52 (full 1):
 par new generation   total 109248K, used 5477K [0x00000007a0000000, 0x00000007a8000000, 0x00000007a8000000)
  eden space 87424K,   0% used [0x00000007a0000000, 0x00000007a0000000, 0x00000007a5560000)
  from space 21824K,  25% used [0x00000007a5560000, 0x00000007a5ab97c0, 0x00000007a6ab0000)
  to   space 21824K,   0% used [0x00000007a6ab0000, 0x00000007a6ab0000, 0x00000007a8000000)
 concurrent mark-sweep generation total 393216K, used 43389K [0x00000007a8000000, 0x00000007c0000000, 0x00000007c0000000)
 Metaspace       used 41793K, capacity 43410K, committed 43652K, reserved 1087488K
  class space    used 4873K, capacity 5243K, committed 5288K, reserved 1048576K
}
2018-01-08T12:57:48.372-0100: 2705.640: Total time for which application threads were stopped: 0.0125927 seconds, Stopping threads took: 0.0000336 seconds
2018-01-08T12:58:00.021-0100: 2717.287: Total time for which application threads were stopped: 0.0003218 seconds, Stopping threads took: 0.0000309 seconds
2018-01-08T12:58:03.036-0100: 2720.293: Total time for which application threads were stopped: 0.0002013 seconds, Stopping threads took: 0.0000357 seconds
2018-01-08T12:58:10.044-0100: 2727.290: Total time for which application threads were stopped: 0.0001902 seconds, Stopping threads took: 0.0000290 seconds
2018-01-08T12:58:12.051-0100: 2729.294: Total time for which application threads were stopped: 0.0003240 seconds, Stopping threads took: 0.0000519 seconds
2018-01-08T12:58:20.058-0100: 2737.294: Total time for which application threads were stopped: 0.0002712 seconds, Stopping threads took: 0.0000303 seconds
2018-01-08T12:58:32.089-0100: 2749.318: Total time for which application threads were stopped: 0.0002827 seconds, Stopping threads took: 0.0000485 seconds
2018-01-08T12:58:40.057-0100: 2757.284: Total time for which application threads were stopped: 0.0002666 seconds, Stopping threads took: 0.0000518 seconds
2018-01-08T12:58:40.057-0100: 2757.284: Total time for which application threads were stopped: 0.0001779 seconds, Stopping threads took: 0.0000409 seconds
2018-01-08T12:58:40.057-0100: 2757.284: Total time for which application threads were stopped: 0.0001252 seconds, Stopping threads took: 0.0000188 seconds
2018-01-08T12:58:40.507-0100: 2757.734: Total time for which application threads were stopped: 0.0002736 seconds, Stopping threads took: 0.0000549 seconds
2018-01-08T12:58:40.508-0100: 2757.734: Total time for which application threads were stopped: 0.0001572 seconds, Stopping threads took: 0.0000197 seconds
2018-01-08T12:58:50.531-0100: 2767.756: Total time for which application threads were stopped: 0.0003050 seconds, Stopping threads took: 0.0000746 seconds
2018-01-08T12:58:53.324-0100: 2770.549: Total time for which application threads were stopped: 0.0001650 seconds, Stopping threads took: 0.0000237 seconds
2018-01-08T12:58:53.325-0100: 2770.550: Total time for which application threads were stopped: 0.0001477 seconds, Stopping threads took: 0.0000147 seconds
2018-01-08T12:58:56.331-0100: 2773.556: Total time for which application threads were stopped: 0.0002561 seconds, Stopping threads took: 0.0000419 seconds
2018-01-08T12:58:57.331-0100: 2774.556: Total time for which application threads were stopped: 0.0002690 seconds, Stopping threads took: 0.0000447 seconds
{Heap before GC invocations=52 (full 1):
 par new generation   total 109248K, used 92901K [0x00000007a0000000, 0x00000007a8000000, 0x00000007a8000000)
  eden space 87424K, 100% used [0x00000007a0000000, 0x00000007a5560000, 0x00000007a5560000)
  from space 21824K,  25% used [0x00000007a5560000, 0x00000007a5ab97c0, 0x00000007a6ab0000)
  to   space 21824K,   0% used [0x00000007a6ab0000, 0x00000007a6ab0000, 0x00000007a8000000)
 concurrent mark-sweep generation total 393216K, used 43389K [0x00000007a8000000, 0x00000007c0000000, 0x00000007c0000000)
 Metaspace       used 41801K, capacity 43410K, committed 43652K, reserved 1087488K
  class space    used 4873K, capacity 5243K, committed 5288K, reserved 1048576K
2018-01-08T12:59:00.277-0100: 2777.501: [GC (Allocation Failure) 2018-01-08T12:59:00.277-0100: 2777.501: [ParNew
Desired survivor size 20112992 bytes, new threshold 8 (max 8)
- age   1:     605528 bytes,     605528 total
- age   2:     338880 bytes,     944408 total
- age   3:     196888 bytes,    1141296 total
- age   4:     142408 bytes,    1283704 total
- age   5:     128480 bytes,    1412184 total
- age   6:     824552 bytes,    2236736 total
- age   7:     902128 bytes,    3138864 total
- age   8:     254600 bytes,    3393464 total
: 92901K->4059K(109248K), 0.0066137 secs] 136291K->47543K(502464K), 0.0067336 secs] [Times: user=0.02 sys=0.00, real=0.01 secs] 
Heap after GC invocations=53 (full 1):
 par new generation   total 109248K, used 4059K [0x00000007a0000000, 0x00000007a8000000, 0x00000007a8000000)
  eden space 87424K,   0% used [0x00000007a0000000, 0x00000007a0000000, 0x00000007a5560000)
  from space 21824K,  18% used [0x00000007a6ab0000, 0x00000007a6ea6fb0, 0x00000007a8000000)
  to   space 21824K,   0% used [0x00000007a5560000, 0x00000007a5560000, 0x00000007a6ab0000)
 concurrent mark-sweep generation total 393216K, used 43483K [0x00000007a8000000, 0x00000007c0000000, 0x00000007c0000000)
 Metaspace       used 41801K, capacity 43410K, committed 43652K, reserved 1087488K
  class space    used 4873K, capacity 5243K, committed 5288K, reserved 1048576K
}
2018-01-08T12:59:00.283-0100: 2777.508: Total time for which application threads were stopped: 0.0070614 seconds, Stopping threads took: 0.0000320 seconds
2018-01-08T12:59:31.325-0100: 2808.548: Total time for which application threads were stopped: 0.0001785 seconds, Stopping threads took: 0.0000371 seconds
2018-01-08T12:59:40.102-0100: 2817.326: Total time for which application threads were stopped: 0.0006144 seconds, Stopping threads took: 0.0000866 seconds
2018-01-08T12:59:40.536-0100: 2817.759: Total time for which application threads were stopped: 0.0002056 seconds, Stopping threads took: 0.0000253 seconds
2018-01-08T12:59:55.581-0100: 2832.805: Total time for which application threads were stopped: 0.0003175 seconds, Stopping threads took: 0.0000486 seconds
2018-01-08T13:00:07.599-0100: 2844.822: Total time for which application threads were stopped: 0.0003174 seconds, Stopping threads took: 0.0000820 seconds
2018-01-08T13:00:08.599-0100: 2845.823: Total time for which application threads were stopped: 0.0002885 seconds, Stopping threads took: 0.0000500 seconds
{Heap before GC invocations=53 (full 1):
 par new generation   total 109248K, used 91483K [0x00000007a0000000, 0x00000007a8000000, 0x00000007a8000000)
  eden space 87424K, 100% used [0x00000007a0000000, 0x00000007a5560000, 0x00000007a5560000)
  from space 21824K,  18% used [0x00000007a6ab0000, 0x00000007a6ea6fb0, 0x00000007a8000000)
  to   space 21824K,   0% used [0x00000007a5560000, 0x00000007a5560000, 0x00000007a6ab0000)
 concurrent mark-sweep generation total 393216K, used 43483K [0x00000007a8000000, 0x00000007c0000000, 0x00000007c0000000)
 Metaspace       used 41806K, capacity 43410K, committed 43652K, reserved 1087488K
  class space    used 4873K, capacity 5243K, committed 5288K, reserved 1048576K
2018-01-08T13:00:12.316-0100: 2849.539: [GC (Allocation Failure) 2018-01-08T13:00:12.316-0100: 2849.539: [ParNew
Desired survivor size 20112992 bytes, new threshold 8 (max 8)
- age   1:     639448 bytes,     639448 total
- age   2:     209360 bytes,     848808 total
- age   3:     308464 bytes,    1157272 total
- age   4:     183008 bytes,    1340280 total
- age   5:     138200 bytes,    1478480 total
- age   6:     122472 bytes,    1600952 total
- age   7:     820432 bytes,    2421384 total
- age   8:     902128 bytes,    3323512 total
: 91483K->5060K(109248K), 0.0080233 secs] 134967K->48795K(502464K), 0.0081483 secs] [Times: user=0.03 sys=0.00, real=0.01 secs] 
Heap after GC invocations=54 (full 1):
 par new generation   total 109248K, used 5060K [0x00000007a0000000, 0x00000007a8000000, 0x00000007a8000000)
  eden space 87424K,   0% used [0x00000007a0000000, 0x00000007a0000000, 0x00000007a5560000)
  from space 21824K,  23% used [0x00000007a5560000, 0x00000007a5a51048, 0x00000007a6ab0000)
  to   space 21824K,   0% used [0x00000007a6ab0000, 0x00000007a6ab0000, 0x00000007a8000000)
 concurrent mark-sweep generation total 393216K, used 43735K [0x00000007a8000000, 0x00000007c0000000, 0x00000007c0000000)
 Metaspace       used 41806K, capacity 43410K, committed 43652K, reserved 1087488K
  class space    used 4873K, capacity 5243K, committed 5288K, reserved 1048576K
}
2018-01-08T13:00:12.324-0100: 2849.548: Total time for which application threads were stopped: 0.0085340 seconds, Stopping threads took: 0.0000780 seconds
2018-01-08T13:00:20.341-0100: 2857.565: Total time for which application threads were stopped: 0.0003566 seconds, Stopping threads took: 0.0000520 seconds
2018-01-08T13:00:26.358-0100: 2863.581: Total time for which application threads were stopped: 0.0001715 seconds, Stopping threads took: 0.0000271 seconds
2018-01-08T13:00:36.375-0100: 2873.598: Total time for which application threads were stopped: 0.0002112 seconds, Stopping threads took: 0.0000358 seconds
2018-01-08T13:00:41.387-0100: 2878.611: Total time for which application threads were stopped: 0.0002219 seconds, Stopping threads took: 0.0000563 seconds
2018-01-08T13:00:46.405-0100: 2883.629: Total time for which application threads were stopped: 0.0002258 seconds, Stopping threads took: 0.0000385 seconds
2018-01-08T13:00:50.416-0100: 2887.639: Total time for which application threads were stopped: 0.0002945 seconds, Stopping threads took: 0.0000458 seconds
2018-01-08T13:01:10.452-0100: 2907.675: Total time for which application threads were stopped: 0.0002160 seconds, Stopping threads took: 0.0000369 seconds
2018-01-08T13:01:11.353-0100: 2908.576: Total time for which application threads were stopped: 0.0002636 seconds, Stopping threads took: 0.0000309 seconds
2018-01-08T13:01:11.411-0100: 2908.635: Total time for which application threads were stopped: 0.0002667 seconds, Stopping threads took: 0.0000574 seconds
2018-01-08T13:01:20.152-0100: 2917.375: Total time for which application threads were stopped: 0.0004603 seconds, Stopping threads took: 0.0000303 seconds
{Heap before GC invocations=54 (full 1):
 par new generation   total 109248K, used 92484K [0x00000007a0000000, 0x00000007a8000000, 0x00000007a8000000)
  eden space 87424K, 100% used [0x00000007a0000000, 0x00000007a5560000, 0x00000007a5560000)
  from space 21824K,  23% used [0x00000007a5560000, 0x00000007a5a51048, 0x00000007a6ab0000)
  to   space 21824K,   0% used [0x00000007a6ab0000, 0x00000007a6ab0000, 0x00000007a8000000)
 concurrent mark-sweep generation total 393216K, used 43735K [0x00000007a8000000, 0x00000007c0000000, 0x00000007c0000000)
 Metaspace       used 41809K, capacity 43410K, committed 43652K, reserved 1087488K
  class space    used 4873K, capacity 5243K, committed 5288K, reserved 1048576K
2018-01-08T13:01:24.297-0100: 2921.520: [GC (Allocation Failure) 2018-01-08T13:01:24.297-0100: 2921.520: [ParNew
Desired survivor size 20112992 bytes, new threshold 8 (max 8)
- age   1:     561104 bytes,     561104 total
- age   2:     277848 bytes,     838952 total
- age   3:     187816 bytes,    1026768 total
- age   4:     290856 bytes,    1317624 total
- age   5:     176656 bytes,    1494280 total
- age   6:     130760 bytes,    1625040 total
- age   7:     115912 bytes,    1740952 total
- age   8:     819600 bytes,    2560552 total
: 92484K->3452K(109248K), 0.0076375 secs] 136219K->48071K(502464K), 0.0077451 secs] [Times: user=0.03 sys=0.00, real=0.01 secs] 
Heap after GC invocations=55 (full 1):
 par new generation   total 109248K, used 3452K [0x00000007a0000000, 0x00000007a8000000, 0x00000007a8000000)
  eden space 87424K,   0% used [0x00000007a0000000, 0x00000007a0000000, 0x00000007a5560000)
  from space 21824K,  15% used [0x00000007a6ab0000, 0x00000007a6e0f040, 0x00000007a8000000)
  to   space 21824K,   0% used [0x00000007a5560000, 0x00000007a5560000, 0x00000007a6ab0000)
 concurrent mark-sweep generation total 393216K, used 44619K [0x00000007a8000000, 0x00000007c0000000, 0x00000007c0000000)
 Metaspace       used 41809K, capacity 43410K, committed 43652K, reserved 1087488K
  class space    used 4873K, capacity 5243K, committed 5288K, reserved 1048576K
}
2018-01-08T13:01:24.305-0100: 2921.528: Total time for which application threads were stopped: 0.0080674 seconds, Stopping threads took: 0.0000463 seconds
2018-01-08T13:01:26.310-0100: 2923.533: Total time for which application threads were stopped: 0.0003222 seconds, Stopping threads took: 0.0000387 seconds
2018-01-08T13:01:32.316-0100: 2929.539: Total time for which application threads were stopped: 0.0001760 seconds, Stopping threads took: 0.0000310 seconds
2018-01-08T13:01:35.320-0100: 2932.543: Total time for which application threads were stopped: 0.0001872 seconds, Stopping threads took: 0.0000335 seconds
2018-01-08T13:01:46.336-0100: 2943.560: Total time for which application threads were stopped: 0.0001960 seconds, Stopping threads took: 0.0000290 seconds
2018-01-08T13:01:50.348-0100: 2947.571: Total time for which application threads were stopped: 0.0003609 seconds, Stopping threads took: 0.0000574 seconds
2018-01-08T13:01:56.358-0100: 2953.581: Total time for which application threads were stopped: 0.0002681 seconds, Stopping threads took: 0.0000356 seconds
2018-01-08T13:02:03.368-0100: 2960.591: Total time for which application threads were stopped: 0.0002217 seconds, Stopping threads took: 0.0000366 seconds
{Heap before GC invocations=55 (full 1):
 par new generation   total 109248K, used 90876K [0x00000007a0000000, 0x00000007a8000000, 0x00000007a8000000)
  eden space 87424K, 100% used [0x00000007a0000000, 0x00000007a5560000, 0x00000007a5560000)
  from space 21824K,  15% used [0x00000007a6ab0000, 0x00000007a6e0f040, 0x00000007a8000000)
  to   space 21824K,   0% used [0x00000007a5560000, 0x00000007a5560000, 0x00000007a6ab0000)
 concurrent mark-sweep generation total 393216K, used 44619K [0x00000007a8000000, 0x00000007c0000000, 0x00000007c0000000)
 Metaspace       used 41810K, capacity 43410K, committed 43652K, reserved 1087488K
  class space    used 4873K, capacity 5243K, committed 5288K, reserved 1048576K
2018-01-08T13:02:36.450-0100: 2993.673: [GC (Allocation Failure) 2018-01-08T13:02:36.455-0100: 2993.678: [ParNew
Desired survivor size 20112992 bytes, new threshold 8 (max 8)
- age   1:     556856 bytes,     556856 total
- age   2:     186960 bytes,     743816 total
- age   3:     259512 bytes,    1003328 total
- age   4:     170064 bytes,    1173392 total
- age   5:     289184 bytes,    1462576 total
- age   6:     170400 bytes,    1632976 total
- age   7:     126552 bytes,    1759528 total
- age   8:     114656 bytes,    1874184 total
: 90876K->2642K(109248K), 0.0081270 secs] 135495K->48068K(502464K), 0.0137487 secs] [Times: user=0.02 sys=0.00, real=0.01 secs] 
Heap after GC invocations=56 (full 1):
 par new generation   total 109248K, used 2642K [0x00000007a0000000, 0x00000007a8000000, 0x00000007a8000000)
  eden space 87424K,   0% used [0x00000007a0000000, 0x00000007a0000000, 0x00000007a5560000)
  from space 21824K,  12% used [0x00000007a5560000, 0x00000007a57f4a00, 0x00000007a6ab0000)
  to   space 21824K,   0% used [0x00000007a6ab0000, 0x00000007a6ab0000, 0x00000007a8000000)
 concurrent mark-sweep generation total 393216K, used 45426K [0x00000007a8000000, 0x00000007c0000000, 0x00000007c0000000)
 Metaspace       used 41810K, capacity 43410K, committed 43652K, reserved 1087488K
  class space    used 4873K, capacity 5243K, committed 5288K, reserved 1048576K
}
2018-01-08T13:02:36.463-0100: 2993.687: Total time for which application threads were stopped: 0.0141920 seconds, Stopping threads took: 0.0001138 seconds
2018-01-08T13:02:43.606-0100: 3000.829: Total time for which application threads were stopped: 0.0001931 seconds, Stopping threads took: 0.0000597 seconds
2018-01-08T13:02:43.606-0100: 3000.829: Total time for which application threads were stopped: 0.0001085 seconds, Stopping threads took: 0.0000118 seconds
2018-01-08T13:02:43.997-0100: 3001.220: Total time for which application threads were stopped: 0.0002335 seconds, Stopping threads took: 0.0000333 seconds
2018-01-08T13:02:43.997-0100: 3001.220: Total time for which application threads were stopped: 0.0001775 seconds, Stopping threads took: 0.0000446 seconds
2018-01-08T13:02:56.015-0100: 3013.238: Total time for which application threads were stopped: 0.0002261 seconds, Stopping threads took: 0.0000369 seconds
2018-01-08T13:03:06.041-0100: 3023.264: Total time for which application threads were stopped: 0.0003362 seconds, Stopping threads took: 0.0000571 seconds
2018-01-08T13:03:29.411-0100: 3046.634: Total time for which application threads were stopped: 0.0002484 seconds, Stopping threads took: 0.0000373 seconds
2018-01-08T13:03:29.466-0100: 3046.689: Total time for which application threads were stopped: 0.0002233 seconds, Stopping threads took: 0.0000324 seconds
2018-01-08T13:03:43.638-0100: 3060.861: Total time for which application threads were stopped: 0.0002077 seconds, Stopping threads took: 0.0000571 seconds
2018-01-08T13:03:44.034-0100: 3061.257: Total time for which application threads were stopped: 0.0002289 seconds, Stopping threads took: 0.0000318 seconds
{Heap before GC invocations=56 (full 1):
 par new generation   total 109248K, used 90066K [0x00000007a0000000, 0x00000007a8000000, 0x00000007a8000000)
  eden space 87424K, 100% used [0x00000007a0000000, 0x00000007a5560000, 0x00000007a5560000)
  from space 21824K,  12% used [0x00000007a5560000, 0x00000007a57f4a00, 0x00000007a6ab0000)
  to   space 21824K,   0% used [0x00000007a6ab0000, 0x00000007a6ab0000, 0x00000007a8000000)
 concurrent mark-sweep generation total 393216K, used 45426K [0x00000007a8000000, 0x00000007c0000000, 0x00000007c0000000)
 Metaspace       used 41819K, capacity 43410K, committed 43652K, reserved 1087488K
  class space    used 4873K, capacity 5243K, committed 5288K, reserved 1048576K
2018-01-08T13:03:49.428-0100: 3066.651: [GC (Allocation Failure) 2018-01-08T13:03:49.433-0100: 3066.656: [ParNew
Desired survivor size 20112992 bytes, new threshold 8 (max 8)
- age   1:     637864 bytes,     637864 total
- age   2:     184072 bytes,     821936 total
- age   3:     160040 bytes,     981976 total
- age   4:     162328 bytes,    1144304 total
- age   5:     165448 bytes,    1309752 total
- age   6:     283088 bytes,    1592840 total
- age   7:     166016 bytes,    1758856 total
- age   8:     119504 bytes,    1878360 total
: 90066K->2541K(109248K), 0.0075039 secs] 135492K->48079K(502464K), 0.0129280 secs] [Times: user=0.02 sys=0.00, real=0.02 secs] 
Heap after GC invocations=57 (full 1):
 par new generation   total 109248K, used 2541K [0x00000007a0000000, 0x00000007a8000000, 0x00000007a8000000)
  eden space 87424K,   0% used [0x00000007a0000000, 0x00000007a0000000, 0x00000007a5560000)
  from space 21824K,  11% used [0x00000007a6ab0000, 0x00000007a6d2b690, 0x00000007a8000000)
  to   space 21824K,   0% used [0x00000007a5560000, 0x00000007a5560000, 0x00000007a6ab0000)
 concurrent mark-sweep generation total 393216K, used 45537K [0x00000007a8000000, 0x00000007c0000000, 0x00000007c0000000)
 Metaspace       used 41819K, capacity 43410K, committed 43652K, reserved 1087488K
  class space    used 4873K, capacity 5243K, committed 5288K, reserved 1048576K
}
2018-01-08T13:03:49.441-0100: 3066.664: Total time for which application threads were stopped: 0.0132478 seconds, Stopping threads took: 0.0000456 seconds
2018-01-08T13:03:57.464-0100: 3074.687: Total time for which application threads were stopped: 0.0004222 seconds, Stopping threads took: 0.0000655 seconds
2018-01-08T13:04:20.508-0100: 3097.731: Total time for which application threads were stopped: 0.0002621 seconds, Stopping threads took: 0.0000319 seconds
2018-01-08T13:04:28.532-0100: 3105.755: Total time for which application threads were stopped: 0.0002395 seconds, Stopping threads took: 0.0000547 seconds
2018-01-08T13:04:30.540-0100: 3107.763: Total time for which application threads were stopped: 0.0003614 seconds, Stopping threads took: 0.0000577 seconds
2018-01-08T13:04:40.554-0100: 3117.776: Total time for which application threads were stopped: 0.0001809 seconds, Stopping threads took: 0.0000316 seconds
2018-01-08T13:04:50.578-0100: 3127.801: Total time for which application threads were stopped: 0.0003059 seconds, Stopping threads took: 0.0000667 seconds
2018-01-08T13:05:00.251-0100: 3137.474: Total time for which application threads were stopped: 0.0004117 seconds, Stopping threads took: 0.0000296 seconds
{Heap before GC invocations=57 (full 1):
 par new generation   total 109248K, used 89965K [0x00000007a0000000, 0x00000007a8000000, 0x00000007a8000000)
  eden space 87424K, 100% used [0x00000007a0000000, 0x00000007a5560000, 0x00000007a5560000)
  from space 21824K,  11% used [0x00000007a6ab0000, 0x00000007a6d2b690, 0x00000007a8000000)
  to   space 21824K,   0% used [0x00000007a5560000, 0x00000007a5560000, 0x00000007a6ab0000)
 concurrent mark-sweep generation total 393216K, used 45537K [0x00000007a8000000, 0x00000007c0000000, 0x00000007c0000000)
 Metaspace       used 41836K, capacity 43474K, committed 43652K, reserved 1087488K
  class space    used 4873K, capacity 5243K, committed 5288K, reserved 1048576K
2018-01-08T13:05:01.381-0100: 3138.604: [GC (Allocation Failure) 2018-01-08T13:05:01.381-0100: 3138.604: [ParNew
Desired survivor size 20112992 bytes, new threshold 8 (max 8)
- age   1:     551128 bytes,     551128 total
- age   2:     289248 bytes,     840376 total
- age   3:     165472 bytes,    1005848 total
- age   4:     148288 bytes,    1154136 total
- age   5:     152512 bytes,    1306648 total
- age   6:     158160 bytes,    1464808 total
- age   7:     279496 bytes,    1744304 total
- age   8:     164832 bytes,    1909136 total
: 89965K->2590K(109248K), 0.0069499 secs] 135503K->48244K(502464K), 0.0070527 secs] [Times: user=0.02 sys=0.01, real=0.00 secs] 
Heap after GC invocations=58 (full 1):
 par new generation   total 109248K, used 2590K [0x00000007a0000000, 0x00000007a8000000, 0x00000007a8000000)
  eden space 87424K,   0% used [0x00000007a0000000, 0x00000007a0000000, 0x00000007a5560000)
  from space 21824K,  11% used [0x00000007a5560000, 0x00000007a57e7a58, 0x00000007a6ab0000)
  to   space 21824K,   0% used [0x00000007a6ab0000, 0x00000007a6ab0000, 0x00000007a8000000)
 concurrent mark-sweep generation total 393216K, used 45653K [0x00000007a8000000, 0x00000007c0000000, 0x00000007c0000000)
 Metaspace       used 41836K, capacity 43474K, committed 43652K, reserved 1087488K
  class space    used 4873K, capacity 5243K, committed 5288K, reserved 1048576K
}
2018-01-08T13:05:01.389-0100: 3138.611: Total time for which application threads were stopped: 0.0073433 seconds, Stopping threads took: 0.0000263 seconds
2018-01-08T13:05:06.396-0100: 3143.619: Total time for which application threads were stopped: 0.0003197 seconds, Stopping threads took: 0.0000485 seconds
2018-01-08T13:05:46.460-0100: 3183.682: Total time for which application threads were stopped: 0.0002216 seconds, Stopping threads took: 0.0000347 seconds
2018-01-08T13:05:46.517-0100: 3183.740: Total time for which application threads were stopped: 0.0002135 seconds, Stopping threads took: 0.0000269 seconds
{Heap before GC invocations=58 (full 1):
 par new generation   total 109248K, used 90014K [0x00000007a0000000, 0x00000007a8000000, 0x00000007a8000000)
  eden space 87424K, 100% used [0x00000007a0000000, 0x00000007a5560000, 0x00000007a5560000)
  from space 21824K,  11% used [0x00000007a5560000, 0x00000007a57e7a58, 0x00000007a6ab0000)
  to   space 21824K,   0% used [0x00000007a6ab0000, 0x00000007a6ab0000, 0x00000007a8000000)
 concurrent mark-sweep generation total 393216K, used 45653K [0x00000007a8000000, 0x00000007c0000000, 0x00000007c0000000)
 Metaspace       used 41844K, capacity 43474K, committed 43652K, reserved 1087488K
  class space    used 4873K, capacity 5243K, committed 5288K, reserved 1048576K
2018-01-08T13:06:13.413-0100: 3210.635: [GC (Allocation Failure) 2018-01-08T13:06:13.419-0100: 3210.641: [ParNew
Desired survivor size 20112992 bytes, new threshold 8 (max 8)
- age   1:     595368 bytes,     595368 total
- age   2:     176288 bytes,     771656 total
- age   3:     257128 bytes,    1028784 total
- age   4:     153160 bytes,    1181944 total
- age   5:     143168 bytes,    1325112 total
- age   6:     144480 bytes,    1469592 total
- age   7:     153584 bytes,    1623176 total
- age   8:     279248 bytes,    1902424 total
: 90014K->2570K(109248K), 0.0067850 secs] 135668K->48385K(502464K), 0.0123417 secs] [Times: user=0.02 sys=0.00, real=0.01 secs] 
Heap after GC invocations=59 (full 1):
 par new generation   total 109248K, used 2570K [0x00000007a0000000, 0x00000007a8000000, 0x00000007a8000000)
  eden space 87424K,   0% used [0x00000007a0000000, 0x00000007a0000000, 0x00000007a5560000)
  from space 21824K,  11% used [0x00000007a6ab0000, 0x00000007a6d328e0, 0x00000007a8000000)
  to   space 21824K,   0% used [0x00000007a5560000, 0x00000007a5560000, 0x00000007a6ab0000)
 concurrent mark-sweep generation total 393216K, used 45814K [0x00000007a8000000, 0x00000007c0000000, 0x00000007c0000000)
 Metaspace       used 41844K, capacity 43474K, committed 43652K, reserved 1087488K
  class space    used 4873K, capacity 5243K, committed 5288K, reserved 1048576K
}
2018-01-08T13:06:13.425-0100: 3210.648: Total time for which application threads were stopped: 0.0126799 seconds, Stopping threads took: 0.0000276 seconds
2018-01-08T13:06:46.481-0100: 3243.703: Total time for which application threads were stopped: 0.0002225 seconds, Stopping threads took: 0.0000369 seconds
2018-01-08T13:06:47.157-0100: 3244.380: Total time for which application threads were stopped: 0.0003192 seconds, Stopping threads took: 0.0000780 seconds
2018-01-08T13:06:47.158-0100: 3244.380: Total time for which application threads were stopped: 0.0001949 seconds, Stopping threads took: 0.0000437 seconds
2018-01-08T13:06:47.158-0100: 3244.380: Total time for which application threads were stopped: 0.0001571 seconds, Stopping threads took: 0.0000203 seconds
2018-01-08T13:06:47.568-0100: 3244.791: Total time for which application threads were stopped: 0.0002645 seconds, Stopping threads took: 0.0000362 seconds
2018-01-08T13:06:47.569-0100: 3244.791: Total time for which application threads were stopped: 0.0001324 seconds, Stopping threads took: 0.0000159 seconds
2018-01-08T13:06:48.569-0100: 3245.792: Total time for which application threads were stopped: 0.0001968 seconds, Stopping threads took: 0.0000331 seconds
2018-01-08T13:06:54.576-0100: 3251.798: Total time for which application threads were stopped: 0.0002809 seconds, Stopping threads took: 0.0000868 seconds
2018-01-08T13:07:00.590-0100: 3257.813: Total time for which application threads were stopped: 0.0001845 seconds, Stopping threads took: 0.0000245 seconds
2018-01-08T13:07:06.607-0100: 3263.829: Total time for which application threads were stopped: 0.0002390 seconds, Stopping threads took: 0.0000290 seconds
2018-01-08T13:07:20.637-0100: 3277.859: Total time for which application threads were stopped: 0.0002425 seconds, Stopping threads took: 0.0000468 seconds
2018-01-08T13:07:21.641-0100: 3278.864: Total time for which application threads were stopped: 0.0002879 seconds, Stopping threads took: 0.0000473 seconds
{Heap before GC invocations=59 (full 1):
 par new generation   total 109248K, used 89994K [0x00000007a0000000, 0x00000007a8000000, 0x00000007a8000000)
  eden space 87424K, 100% used [0x00000007a0000000, 0x00000007a5560000, 0x00000007a5560000)
  from space 21824K,  11% used [0x00000007a6ab0000, 0x00000007a6d328e0, 0x00000007a8000000)
  to   space 21824K,   0% used [0x00000007a5560000, 0x00000007a5560000, 0x00000007a6ab0000)
 concurrent mark-sweep generation total 393216K, used 45814K [0x00000007a8000000, 0x00000007c0000000, 0x00000007c0000000)
 Metaspace       used 41850K, capacity 43474K, committed 43652K, reserved 1087488K
  class space    used 4873K, capacity 5243K, committed 5288K, reserved 1048576K
2018-01-08T13:07:25.461-0100: 3282.683: [GC (Allocation Failure) 2018-01-08T13:07:25.462-0100: 3282.685: [ParNew
Desired survivor size 20112992 bytes, new threshold 8 (max 8)
- age   1:     595224 bytes,     595224 total
- age   2:     194616 bytes,     789840 total
- age   3:     157696 bytes,     947536 total
- age   4:     166176 bytes,    1113712 total
- age   5:     147976 bytes,    1261688 total
- age   6:     135248 bytes,    1396936 total
- age   7:     140640 bytes,    1537576 total
- age   8:     152472 bytes,    1690048 total
: 89994K->2325K(109248K), 0.0067148 secs] 135809K->48414K(502464K), 0.0080738 secs] [Times: user=0.02 sys=0.00, real=0.00 secs] 
Heap after GC invocations=60 (full 1):
 par new generation   total 109248K, used 2325K [0x00000007a0000000, 0x00000007a8000000, 0x00000007a8000000)
  eden space 87424K,   0% used [0x00000007a0000000, 0x00000007a0000000, 0x00000007a5560000)
  from space 21824K,  10% used [0x00000007a5560000, 0x00000007a57a5770, 0x00000007a6ab0000)
  to   space 21824K,   0% used [0x00000007a6ab0000, 0x00000007a6ab0000, 0x00000007a8000000)
 concurrent mark-sweep generation total 393216K, used 46089K [0x00000007a8000000, 0x00000007c0000000, 0x00000007c0000000)
 Metaspace       used 41850K, capacity 43474K, committed 43652K, reserved 1087488K
  class space    used 4873K, capacity 5243K, committed 5288K, reserved 1048576K
}
2018-01-08T13:07:25.469-0100: 3282.692: Total time for which application threads were stopped: 0.0085090 seconds, Stopping threads took: 0.0001128 seconds
2018-01-08T13:07:26.475-0100: 3283.697: Total time for which application threads were stopped: 0.0002722 seconds, Stopping threads took: 0.0000479 seconds
2018-01-08T13:07:37.499-0100: 3294.722: Total time for which application threads were stopped: 0.0002706 seconds, Stopping threads took: 0.0000462 seconds
2018-01-08T13:07:41.508-0100: 3298.730: Total time for which application threads were stopped: 0.0002711 seconds, Stopping threads took: 0.0000481 seconds
2018-01-08T13:07:44.514-0100: 3301.736: Total time for which application threads were stopped: 0.0002686 seconds, Stopping threads took: 0.0000447 seconds
2018-01-08T13:07:47.192-0100: 3304.414: Total time for which application threads were stopped: 0.0002276 seconds, Stopping threads took: 0.0000610 seconds
2018-01-08T13:07:47.597-0100: 3304.819: Total time for which application threads were stopped: 0.0002407 seconds, Stopping threads took: 0.0000476 seconds
2018-01-08T13:07:56.611-0100: 3313.833: Total time for which application threads were stopped: 0.0002603 seconds, Stopping threads took: 0.0000605 seconds
2018-01-08T13:08:00.616-0100: 3317.838: Total time for which application threads were stopped: 0.0003062 seconds, Stopping threads took: 0.0000482 seconds
2018-01-08T13:08:04.466-0100: 3321.688: Total time for which application threads were stopped: 0.0002014 seconds, Stopping threads took: 0.0000410 seconds
2018-01-08T13:08:04.572-0100: 3321.794: Total time for which application threads were stopped: 0.0002718 seconds, Stopping threads took: 0.0000327 seconds
2018-01-08T13:08:06.576-0100: 3323.798: Total time for which application threads were stopped: 0.0002171 seconds, Stopping threads took: 0.0000366 seconds
2018-01-08T13:08:14.592-0100: 3331.814: Total time for which application threads were stopped: 0.0003009 seconds, Stopping threads took: 0.0000488 seconds
2018-01-08T13:08:16.593-0100: 3333.815: Total time for which application threads were stopped: 0.0003157 seconds, Stopping threads took: 0.0000458 seconds
2018-01-08T13:08:20.603-0100: 3337.825: Total time for which application threads were stopped: 0.0002949 seconds, Stopping threads took: 0.0000472 seconds
2018-01-08T13:08:29.632-0100: 3346.854: Total time for which application threads were stopped: 0.0002878 seconds, Stopping threads took: 0.0000514 seconds
2018-01-08T13:08:31.633-0100: 3348.855: Total time for which application threads were stopped: 0.0002904 seconds, Stopping threads took: 0.0000511 seconds
{Heap before GC invocations=60 (full 1):
 par new generation   total 109248K, used 89749K [0x00000007a0000000, 0x00000007a8000000, 0x00000007a8000000)
  eden space 87424K, 100% used [0x00000007a0000000, 0x00000007a5560000, 0x00000007a5560000)
  from space 21824K,  10% used [0x00000007a5560000, 0x00000007a57a5770, 0x00000007a6ab0000)
  to   space 21824K,   0% used [0x00000007a6ab0000, 0x00000007a6ab0000, 0x00000007a8000000)
 concurrent mark-sweep generation total 393216K, used 46089K [0x00000007a8000000, 0x00000007c0000000, 0x00000007c0000000)
 Metaspace       used 41869K, capacity 43474K, committed 43652K, reserved 1087488K
  class space    used 4873K, capacity 5243K, committed 5288K, reserved 1048576K
2018-01-08T13:08:35.591-0100: 3352.813: [GC (Allocation Failure) 2018-01-08T13:08:35.591-0100: 3352.813: [ParNew
Desired survivor size 20112992 bytes, new threshold 8 (max 8)
- age   1:     666752 bytes,     666752 total
- age   2:     181816 bytes,     848568 total
- age   3:     167776 bytes,    1016344 total
- age   4:     146376 bytes,    1162720 total
- age   5:     153760 bytes,    1316480 total
- age   6:     140448 bytes,    1456928 total
- age   7:     131736 bytes,    1588664 total
- age   8:     139584 bytes,    1728248 total
: 89749K->2128K(109248K), 0.0071497 secs] 135838K->48365K(502464K), 0.0072718 secs] [Times: user=0.02 sys=0.00, real=0.00 secs] 
Heap after GC invocations=61 (full 1):
 par new generation   total 109248K, used 2128K [0x00000007a0000000, 0x00000007a8000000, 0x00000007a8000000)
  eden space 87424K,   0% used [0x00000007a0000000, 0x00000007a0000000, 0x00000007a5560000)
  from space 21824K,   9% used [0x00000007a6ab0000, 0x00000007a6cc4300, 0x00000007a8000000)
  to   space 21824K,   0% used [0x00000007a5560000, 0x00000007a5560000, 0x00000007a6ab0000)
 concurrent mark-sweep generation total 393216K, used 46237K [0x00000007a8000000, 0x00000007c0000000, 0x00000007c0000000)
 Metaspace       used 41869K, capacity 43474K, committed 43652K, reserved 1087488K
  class space    used 4873K, capacity 5243K, committed 5288K, reserved 1048576K
}
2018-01-08T13:08:35.598-0100: 3352.820: Total time for which application threads were stopped: 0.0076146 seconds, Stopping threads took: 0.0000344 seconds
2018-01-08T13:08:40.338-0100: 3357.560: Total time for which application threads were stopped: 0.0005479 seconds, Stopping threads took: 0.0000354 seconds
2018-01-08T13:08:44.349-0100: 3361.571: Total time for which application threads were stopped: 0.0002971 seconds, Stopping threads took: 0.0000594 seconds
2018-01-08T13:08:46.358-0100: 3363.580: Total time for which application threads were stopped: 0.0001806 seconds, Stopping threads took: 0.0000312 seconds
2018-01-08T13:08:47.359-0100: 3364.581: Total time for which application threads were stopped: 0.0002324 seconds, Stopping threads took: 0.0000380 seconds
2018-01-08T13:08:56.375-0100: 3373.597: Total time for which application threads were stopped: 0.0003366 seconds, Stopping threads took: 0.0000555 seconds
2018-01-08T13:09:00.383-0100: 3377.605: Total time for which application threads were stopped: 0.0002184 seconds, Stopping threads took: 0.0000319 seconds
2018-01-08T13:09:13.236-0100: 3390.458: Total time for which application threads were stopped: 0.0003284 seconds, Stopping threads took: 0.0000924 seconds
2018-01-08T13:09:13.237-0100: 3390.458: Total time for which application threads were stopped: 0.0001568 seconds, Stopping threads took: 0.0000174 seconds
2018-01-08T13:09:13.247-0100: 3390.469: Total time for which application threads were stopped: 0.0003038 seconds, Stopping threads took: 0.0000387 seconds
2018-01-08T13:09:13.247-0100: 3390.469: Total time for which application threads were stopped: 0.0002487 seconds, Stopping threads took: 0.0000800 seconds
2018-01-08T13:09:14.250-0100: 3391.472: Total time for which application threads were stopped: 0.0002384 seconds, Stopping threads took: 0.0000389 seconds
2018-01-08T13:09:15.255-0100: 3392.477: Total time for which application threads were stopped: 0.0004102 seconds, Stopping threads took: 0.0000495 seconds
2018-01-08T13:09:18.259-0100: 3395.481: Total time for which application threads were stopped: 0.0001686 seconds, Stopping threads took: 0.0000334 seconds
2018-01-08T13:09:20.264-0100: 3397.486: Total time for which application threads were stopped: 0.0004491 seconds, Stopping threads took: 0.0000642 seconds
2018-01-08T13:09:24.274-0100: 3401.496: Total time for which application threads were stopped: 0.0003753 seconds, Stopping threads took: 0.0000714 seconds
2018-01-08T13:09:25.275-0100: 3402.497: Total time for which application threads were stopped: 0.0003165 seconds, Stopping threads took: 0.0000497 seconds
2018-01-08T13:09:28.277-0100: 3405.499: Total time for which application threads were stopped: 0.0002506 seconds, Stopping threads took: 0.0000413 seconds
2018-01-08T13:09:31.283-0100: 3408.505: Total time for which application threads were stopped: 0.0002956 seconds, Stopping threads took: 0.0000496 seconds
2018-01-08T13:09:33.287-0100: 3410.509: Total time for which application threads were stopped: 0.0003187 seconds, Stopping threads took: 0.0000538 seconds
2018-01-08T13:09:34.291-0100: 3411.513: Total time for which application threads were stopped: 0.0002830 seconds, Stopping threads took: 0.0000485 seconds
2018-01-08T13:10:13.249-0100: 3450.471: Total time for which application threads were stopped: 0.0002767 seconds, Stopping threads took: 0.0000448 seconds
2018-01-08T13:10:14.245-0100: 3451.466: Total time for which application threads were stopped: 0.0006922 seconds, Stopping threads took: 0.0000515 seconds
2018-01-08T13:10:50.726-0100: 3487.948: Total time for which application threads were stopped: 0.0004031 seconds, Stopping threads took: 0.0000770 seconds
2018-01-08T13:10:50.727-0100: 3487.948: Total time for which application threads were stopped: 0.0001189 seconds, Stopping threads took: 0.0000190 seconds
2018-01-08T13:10:51.163-0100: 3488.385: Total time for which application threads were stopped: 0.0001722 seconds, Stopping threads took: 0.0000309 seconds
2018-01-08T13:11:05.182-0100: 3502.403: Total time for which application threads were stopped: 0.0002746 seconds, Stopping threads took: 0.0000705 seconds
2018-01-08T13:11:20.232-0100: 3517.454: Total time for which application threads were stopped: 0.0002534 seconds, Stopping threads took: 0.0000562 seconds
2018-01-08T13:11:36.347-0100: 3533.569: Total time for which application threads were stopped: 0.0001636 seconds, Stopping threads took: 0.0000401 seconds
2018-01-08T13:11:46.366-0100: 3543.587: Total time for which application threads were stopped: 0.0002122 seconds, Stopping threads took: 0.0000329 seconds
{Heap before GC invocations=61 (full 1):
 par new generation   total 109248K, used 89552K [0x00000007a0000000, 0x00000007a8000000, 0x00000007a8000000)
  eden space 87424K, 100% used [0x00000007a0000000, 0x00000007a5560000, 0x00000007a5560000)
  from space 21824K,   9% used [0x00000007a6ab0000, 0x00000007a6cc4300, 0x00000007a8000000)
  to   space 21824K,   0% used [0x00000007a5560000, 0x00000007a5560000, 0x00000007a6ab0000)
 concurrent mark-sweep generation total 393216K, used 46237K [0x00000007a8000000, 0x00000007c0000000, 0x00000007c0000000)
 Metaspace       used 41901K, capacity 43602K, committed 43652K, reserved 1087488K
  class space    used 4875K, capacity 5243K, committed 5288K, reserved 1048576K
2018-01-08T13:11:50.247-0100: 3547.468: [GC (Allocation Failure) 2018-01-08T13:11:50.247-0100: 3547.468: [ParNew
Desired survivor size 20112992 bytes, new threshold 8 (max 8)
- age   1:     932592 bytes,     932592 total
- age   2:     206888 bytes,    1139480 total
- age   3:     157592 bytes,    1297072 total
- age   4:     154040 bytes,    1451112 total
- age   5:     140888 bytes,    1592000 total
- age   6:     143104 bytes,    1735104 total
- age   7:     137232 bytes,    1872336 total
- age   8:     130280 bytes,    2002616 total
: 89552K->2957K(109248K), 0.0073534 secs] 135789K->49325K(502464K), 0.0075038 secs] [Times: user=0.03 sys=0.00, real=0.01 secs] 
