Java HotSpot(TM) 64-Bit Server VM (25.144-b01) for bsd-amd64 JRE (1.8.0_144-b01), built on Jul 21 2017 22:07:42 by "java_re" with gcc 4.2.1 (Based on Apple Inc. build 5658) (LLVM build 2336.11.00)
Memory: 4k page, physical 16777216k(1499720k free)

/proc/meminfo:

CommandLine flags: -XX:CMSInitiatingOccupancyFraction=50 -XX:CMSMaxAbortablePrecleanTime=6000 -XX:+CMSParallelRemarkEnabled -XX:+CMSScavengeBeforeRemark -XX:ConcGCThreads=4 -XX:GCLogFileSize=20971520 -XX:InitialHeapSize=536870912 -XX:MaxHeapSize=536870912 -XX:MaxTenuringThreshold=8 -XX:NewRatio=3 -XX:NumberOfGCLogFiles=9 -XX:OldPLABSize=16 -XX:-OmitStackTraceInFastThrow -XX:OnOutOfMemoryError=/Users/jakublemiszewski/Desktop/LuceneSolrTutorial/solr-7.2.0/bin/oom_solr.sh 7574 /Users/jakublemiszewski/Desktop/LuceneSolrTutorial/solr-7.2.0/example/cloud/node2/solr/../logs -XX:ParallelGCThreads=4 -XX:+ParallelRefProcEnabled -XX:PretenureSizeThreshold=67108864 -XX:+PrintGC -XX:+PrintGCApplicationStoppedTime -XX:+PrintGCDateStamps -XX:+PrintGCDetails -XX:+PrintGCTimeStamps -XX:+PrintHeapAtGC -XX:+PrintTenuringDistribution -XX:SurvivorRatio=4 -XX:TargetSurvivorRatio=90 -XX:ThreadStackSize=256 -XX:+UseCMSInitiatingOccupancyOnly -XX:+UseCompressedClassPointers -XX:+UseCompressedOops -XX:+UseConcMarkSweepGC -XX:+UseGCLogFileRotation -XX:+UseParNewGC 
2018-01-08T10:32:53.842-0100: 0.142: Total time for which application threads were stopped: 0.0001174 seconds, Stopping threads took: 0.0000305 seconds
2018-01-08T10:32:53.905-0100: 0.205: Total time for which application threads were stopped: 0.0001403 seconds, Stopping threads took: 0.0000119 seconds
2018-01-08T10:32:54.164-0100: 0.464: Total time for which application threads were stopped: 0.0001682 seconds, Stopping threads took: 0.0000107 seconds
2018-01-08T10:32:54.251-0100: 0.551: Total time for which application threads were stopped: 0.0001575 seconds, Stopping threads took: 0.0000125 seconds
2018-01-08T10:32:54.263-0100: 0.562: Total time for which application threads were stopped: 0.0002104 seconds, Stopping threads took: 0.0000187 seconds
2018-01-08T10:32:54.475-0100: 0.774: Total time for which application threads were stopped: 0.0001726 seconds, Stopping threads took: 0.0000105 seconds
2018-01-08T10:32:54.497-0100: 0.796: Total time for which application threads were stopped: 0.0001707 seconds, Stopping threads took: 0.0000108 seconds
2018-01-08T10:32:54.633-0100: 0.933: Total time for which application threads were stopped: 0.0002078 seconds, Stopping threads took: 0.0000138 seconds
2018-01-08T10:32:54.735-0100: 1.035: Total time for which application threads were stopped: 0.0001947 seconds, Stopping threads took: 0.0000115 seconds
2018-01-08T10:32:54.736-0100: 1.036: Total time for which application threads were stopped: 0.0001662 seconds, Stopping threads took: 0.0000075 seconds
2018-01-08T10:32:54.738-0100: 1.038: Total time for which application threads were stopped: 0.0001104 seconds, Stopping threads took: 0.0000072 seconds
2018-01-08T10:32:54.745-0100: 1.044: Total time for which application threads were stopped: 0.0001833 seconds, Stopping threads took: 0.0000110 seconds
2018-01-08T10:32:54.802-0100: 1.102: Total time for which application threads were stopped: 0.0002917 seconds, Stopping threads took: 0.0000155 seconds
{Heap before GC invocations=0 (full 0):
 par new generation   total 109248K, used 87424K [0x00000007a0000000, 0x00000007a8000000, 0x00000007a8000000)
  eden space 87424K, 100% used [0x00000007a0000000, 0x00000007a5560000, 0x00000007a5560000)
  from space 21824K,   0% used [0x00000007a5560000, 0x00000007a5560000, 0x00000007a6ab0000)
  to   space 21824K,   0% used [0x00000007a6ab0000, 0x00000007a6ab0000, 0x00000007a8000000)
 concurrent mark-sweep generation total 393216K, used 0K [0x00000007a8000000, 0x00000007c0000000, 0x00000007c0000000)
 Metaspace       used 18841K, capacity 19140K, committed 19456K, reserved 1067008K
  class space    used 2182K, capacity 2268K, committed 2304K, reserved 1048576K
2018-01-08T10:32:54.844-0100: 1.143: [GC (Allocation Failure) 2018-01-08T10:32:54.844-0100: 1.144: [ParNew
Desired survivor size 20112992 bytes, new threshold 8 (max 8)
- age   1:   10944344 bytes,   10944344 total
: 87424K->10801K(109248K), 0.0092019 secs] 87424K->10801K(502464K), 0.0093406 secs] [Times: user=0.03 sys=0.00, real=0.01 secs] 
Heap after GC invocations=1 (full 0):
 par new generation   total 109248K, used 10801K [0x00000007a0000000, 0x00000007a8000000, 0x00000007a8000000)
  eden space 87424K,   0% used [0x00000007a0000000, 0x00000007a0000000, 0x00000007a5560000)
  from space 21824K,  49% used [0x00000007a6ab0000, 0x00000007a753c6d8, 0x00000007a8000000)
  to   space 21824K,   0% used [0x00000007a5560000, 0x00000007a5560000, 0x00000007a6ab0000)
 concurrent mark-sweep generation total 393216K, used 0K [0x00000007a8000000, 0x00000007c0000000, 0x00000007c0000000)
 Metaspace       used 18841K, capacity 19140K, committed 19456K, reserved 1067008K
  class space    used 2182K, capacity 2268K, committed 2304K, reserved 1048576K
}
2018-01-08T10:32:54.853-0100: 1.153: Total time for which application threads were stopped: 0.0095177 seconds, Stopping threads took: 0.0000136 seconds
2018-01-08T10:32:55.049-0100: 1.349: Total time for which application threads were stopped: 0.0001308 seconds, Stopping threads took: 0.0000142 seconds
2018-01-08T10:32:55.122-0100: 1.422: Total time for which application threads were stopped: 0.0001026 seconds, Stopping threads took: 0.0000150 seconds
2018-01-08T10:32:55.141-0100: 1.440: Total time for which application threads were stopped: 0.0000699 seconds, Stopping threads took: 0.0000145 seconds
2018-01-08T10:32:55.153-0100: 1.453: Total time for which application threads were stopped: 0.0002686 seconds, Stopping threads took: 0.0000278 seconds
2018-01-08T10:32:55.191-0100: 1.491: Total time for which application threads were stopped: 0.0000839 seconds, Stopping threads took: 0.0000123 seconds
2018-01-08T10:32:55.220-0100: 1.519: Total time for which application threads were stopped: 0.0000741 seconds, Stopping threads took: 0.0000143 seconds
2018-01-08T10:32:55.247-0100: 1.547: Total time for which application threads were stopped: 0.0000754 seconds, Stopping threads took: 0.0000150 seconds
2018-01-08T10:32:55.273-0100: 1.573: Total time for which application threads were stopped: 0.0000738 seconds, Stopping threads took: 0.0000147 seconds
2018-01-08T10:32:56.274-0100: 2.574: Total time for which application threads were stopped: 0.0000720 seconds, Stopping threads took: 0.0000174 seconds
2018-01-08T10:32:56.336-0100: 2.636: Total time for which application threads were stopped: 0.0000658 seconds, Stopping threads took: 0.0000134 seconds
2018-01-08T10:32:56.343-0100: 2.643: Total time for which application threads were stopped: 0.0002617 seconds, Stopping threads took: 0.0000137 seconds
2018-01-08T10:32:56.357-0100: 2.657: Total time for which application threads were stopped: 0.0000628 seconds, Stopping threads took: 0.0000132 seconds
2018-01-08T10:32:56.380-0100: 2.680: Total time for which application threads were stopped: 0.0000886 seconds, Stopping threads took: 0.0000277 seconds
2018-01-08T10:32:56.395-0100: 2.695: Total time for which application threads were stopped: 0.0003034 seconds, Stopping threads took: 0.0000155 seconds
2018-01-08T10:32:56.407-0100: 2.707: Total time for which application threads were stopped: 0.0000699 seconds, Stopping threads took: 0.0000153 seconds
2018-01-08T10:32:56.855-0100: 3.154: [GC (CMS Initial Mark) [1 CMS-initial-mark: 0K(393216K)] 64291K(502464K), 0.0053662 secs] [Times: user=0.02 sys=0.00, real=0.01 secs] 
2018-01-08T10:32:56.860-0100: 3.160: Total time for which application threads were stopped: 0.0055521 seconds, Stopping threads took: 0.0000220 seconds
2018-01-08T10:32:56.860-0100: 3.160: [CMS-concurrent-mark-start]
2018-01-08T10:32:56.860-0100: 3.160: [CMS-concurrent-mark: 0.000/0.000 secs] [Times: user=0.00 sys=0.00, real=0.00 secs] 
2018-01-08T10:32:56.860-0100: 3.160: [CMS-concurrent-preclean-start]
2018-01-08T10:32:56.861-0100: 3.161: [CMS-concurrent-preclean: 0.001/0.001 secs] [Times: user=0.00 sys=0.00, real=0.00 secs] 
2018-01-08T10:32:56.861-0100: 3.161: [CMS-concurrent-abortable-preclean-start]
2018-01-08T10:32:57.803-0100: 4.103: Total time for which application threads were stopped: 0.0001757 seconds, Stopping threads took: 0.0000155 seconds
 CMS: abort preclean due to time 2018-01-08T10:33:02.967-0100: 9.266: [CMS-concurrent-abortable-preclean: 1.405/6.106 secs] [Times: user=1.40 sys=0.01, real=6.10 secs] 
2018-01-08T10:33:02.967-0100: 9.267: [GC (CMS Final Remark) [YG occupancy: 64291 K (109248 K)]{Heap before GC invocations=1 (full 1):
 par new generation   total 109248K, used 64291K [0x00000007a0000000, 0x00000007a8000000, 0x00000007a8000000)
  eden space 87424K,  61% used [0x00000007a0000000, 0x00000007a343c768, 0x00000007a5560000)
  from space 21824K,  49% used [0x00000007a6ab0000, 0x00000007a753c6d8, 0x00000007a8000000)
  to   space 21824K,   0% used [0x00000007a5560000, 0x00000007a5560000, 0x00000007a6ab0000)
 concurrent mark-sweep generation total 393216K, used 0K [0x00000007a8000000, 0x00000007c0000000, 0x00000007c0000000)
 Metaspace       used 23956K, capacity 24631K, committed 24948K, reserved 1071104K
  class space    used 2878K, capacity 3104K, committed 3220K, reserved 1048576K
2018-01-08T10:33:02.967-0100: 9.267: [GC (CMS Final Remark) 2018-01-08T10:33:02.967-0100: 9.267: [ParNew
Desired survivor size 20112992 bytes, new threshold 8 (max 8)
- age   1:    6135784 bytes,    6135784 total
- age   2:    5023704 bytes,   11159488 total
: 64291K->13564K(109248K), 0.0101642 secs] 64291K->13564K(502464K), 0.0102336 secs] [Times: user=0.03 sys=0.01, real=0.01 secs] 
Heap after GC invocations=2 (full 1):
 par new generation   total 109248K, used 13564K [0x00000007a0000000, 0x00000007a8000000, 0x00000007a8000000)
  eden space 87424K,   0% used [0x00000007a0000000, 0x00000007a0000000, 0x00000007a5560000)
  from space 21824K,  62% used [0x00000007a5560000, 0x00000007a629f040, 0x00000007a6ab0000)
  to   space 21824K,   0% used [0x00000007a6ab0000, 0x00000007a6ab0000, 0x00000007a8000000)
 concurrent mark-sweep generation total 393216K, used 0K [0x00000007a8000000, 0x00000007c0000000, 0x00000007c0000000)
 Metaspace       used 23956K, capacity 24631K, committed 24948K, reserved 1071104K
  class space    used 2878K, capacity 3104K, committed 3220K, reserved 1048576K
}
2018-01-08T10:33:02.977-0100: 9.277: [Rescan (parallel) , 0.0019956 secs]2018-01-08T10:33:02.979-0100: 9.279: [weak refs processing, 0.0013031 secs]2018-01-08T10:33:02.981-0100: 9.280: [class unloading, 0.0030300 secs]2018-01-08T10:33:02.984-0100: 9.283: [scrub symbol table, 0.0025649 secs]2018-01-08T10:33:02.986-0100: 9.286: [scrub string table, 0.0003175 secs][1 CMS-remark: 0K(393216K)] 13564K(502464K), 0.0203510 secs] [Times: user=0.05 sys=0.01, real=0.02 secs] 
2018-01-08T10:33:02.987-0100: 9.287: Total time for which application threads were stopped: 0.0204871 seconds, Stopping threads took: 0.0000489 seconds
2018-01-08T10:33:02.988-0100: 9.287: [CMS-concurrent-sweep-start]
2018-01-08T10:33:02.988-0100: 9.287: [CMS-concurrent-sweep: 0.000/0.000 secs] [Times: user=0.00 sys=0.00, real=0.00 secs] 
2018-01-08T10:33:02.988-0100: 9.287: [CMS-concurrent-reset-start]
2018-01-08T10:33:02.991-0100: 9.291: [CMS-concurrent-reset: 0.004/0.004 secs] [Times: user=0.00 sys=0.00, real=0.01 secs] 
2018-01-08T10:33:03.988-0100: 10.288: Total time for which application threads were stopped: 0.0001079 seconds, Stopping threads took: 0.0000273 seconds
2018-01-08T10:33:22.027-0100: 28.327: Total time for which application threads were stopped: 0.0001266 seconds, Stopping threads took: 0.0000370 seconds
2018-01-08T10:33:27.037-0100: 33.337: Total time for which application threads were stopped: 0.0000798 seconds, Stopping threads took: 0.0000228 seconds
2018-01-08T10:33:45.067-0100: 51.367: Total time for which application threads were stopped: 0.0001041 seconds, Stopping threads took: 0.0000297 seconds
2018-01-08T10:35:17.246-0100: 143.545: Total time for which application threads were stopped: 0.0000859 seconds, Stopping threads took: 0.0000266 seconds
2018-01-08T10:35:27.263-0100: 153.562: Total time for which application threads were stopped: 0.0000879 seconds, Stopping threads took: 0.0000247 seconds
2018-01-08T10:35:42.282-0100: 168.582: Total time for which application threads were stopped: 0.0000850 seconds, Stopping threads took: 0.0000260 seconds
2018-01-08T10:36:32.361-0100: 218.661: Total time for which application threads were stopped: 0.0001992 seconds, Stopping threads took: 0.0000553 seconds
2018-01-08T10:38:41.712-0100: 348.011: Total time for which application threads were stopped: 0.0001007 seconds, Stopping threads took: 0.0000285 seconds
2018-01-08T10:39:01.779-0100: 368.078: Total time for which application threads were stopped: 0.0001193 seconds, Stopping threads took: 0.0000439 seconds
2018-01-08T10:41:07.980-0100: 469.894: Total time for which application threads were stopped: 0.0001198 seconds, Stopping threads took: 0.0000634 seconds
2018-01-08T10:41:07.980-0100: 469.894: Total time for which application threads were stopped: 0.0000873 seconds, Stopping threads took: 0.0000342 seconds
2018-01-08T10:41:07.981-0100: 469.895: Total time for which application threads were stopped: 0.0000767 seconds, Stopping threads took: 0.0000323 seconds
2018-01-08T10:41:08.842-0100: 470.756: Total time for which application threads were stopped: 0.0000608 seconds, Stopping threads took: 0.0000159 seconds
2018-01-08T10:41:08.846-0100: 470.760: Total time for which application threads were stopped: 0.0000793 seconds, Stopping threads took: 0.0000289 seconds
2018-01-08T10:41:08.846-0100: 470.760: Total time for which application threads were stopped: 0.0000535 seconds, Stopping threads took: 0.0000146 seconds
2018-01-08T10:41:08.846-0100: 470.760: Total time for which application threads were stopped: 0.0000640 seconds, Stopping threads took: 0.0000301 seconds
2018-01-08T10:41:08.933-0100: 470.847: Total time for which application threads were stopped: 0.0002396 seconds, Stopping threads took: 0.0000486 seconds
2018-01-08T10:41:08.940-0100: 470.854: Total time for which application threads were stopped: 0.0001325 seconds, Stopping threads took: 0.0000408 seconds
2018-01-08T10:41:58.842-0100: 520.943: Total time for which application threads were stopped: 0.0001071 seconds, Stopping threads took: 0.0000290 seconds
2018-01-08T10:42:03.851-0100: 525.953: Total time for which application threads were stopped: 0.0000961 seconds, Stopping threads took: 0.0000267 seconds
2018-01-08T10:43:49.055-0100: 631.157: Total time for which application threads were stopped: 0.0001281 seconds, Stopping threads took: 0.0000357 seconds
2018-01-08T10:44:09.088-0100: 651.190: Total time for which application threads were stopped: 0.0000724 seconds, Stopping threads took: 0.0000212 seconds
2018-01-08T10:44:19.101-0100: 661.202: Total time for which application threads were stopped: 0.0000800 seconds, Stopping threads took: 0.0000222 seconds
2018-01-08T10:47:34.478-0100: 856.579: Total time for which application threads were stopped: 0.0001149 seconds, Stopping threads took: 0.0000572 seconds
2018-01-08T10:47:44.493-0100: 866.594: Total time for which application threads were stopped: 0.0000829 seconds, Stopping threads took: 0.0000241 seconds
2018-01-08T10:47:49.500-0100: 871.602: Total time for which application threads were stopped: 0.0000913 seconds, Stopping threads took: 0.0000342 seconds
2018-01-08T10:51:37.668-0100: 1099.769: Total time for which application threads were stopped: 0.0000816 seconds, Stopping threads took: 0.0000234 seconds
2018-01-08T10:51:38.051-0100: 1100.153: Total time for which application threads were stopped: 0.0000995 seconds, Stopping threads took: 0.0000385 seconds
2018-01-08T10:51:38.052-0100: 1100.153: Total time for which application threads were stopped: 0.0000623 seconds, Stopping threads took: 0.0000146 seconds
2018-01-08T10:51:38.052-0100: 1100.153: Total time for which application threads were stopped: 0.0000722 seconds, Stopping threads took: 0.0000264 seconds
2018-01-08T10:51:38.052-0100: 1100.153: Total time for which application threads were stopped: 0.0000940 seconds, Stopping threads took: 0.0000380 seconds
2018-01-08T10:51:38.059-0100: 1100.160: Total time for which application threads were stopped: 0.0001230 seconds, Stopping threads took: 0.0000211 seconds
2018-01-08T10:51:38.060-0100: 1100.162: Total time for which application threads were stopped: 0.0001153 seconds, Stopping threads took: 0.0000187 seconds
2018-01-08T10:51:38.062-0100: 1100.163: Total time for which application threads were stopped: 0.0001512 seconds, Stopping threads took: 0.0000674 seconds
2018-01-08T10:51:38.065-0100: 1100.166: Total time for which application threads were stopped: 0.0001426 seconds, Stopping threads took: 0.0000219 seconds
2018-01-08T10:51:38.066-0100: 1100.167: Total time for which application threads were stopped: 0.0001264 seconds, Stopping threads took: 0.0000330 seconds
2018-01-08T10:51:38.068-0100: 1100.169: Total time for which application threads were stopped: 0.0001023 seconds, Stopping threads took: 0.0000196 seconds
2018-01-08T10:51:38.069-0100: 1100.170: Total time for which application threads were stopped: 0.0001298 seconds, Stopping threads took: 0.0000212 seconds
2018-01-08T10:51:38.070-0100: 1100.171: Total time for which application threads were stopped: 0.0001158 seconds, Stopping threads took: 0.0000169 seconds
2018-01-08T10:51:38.070-0100: 1100.171: Total time for which application threads were stopped: 0.0001123 seconds, Stopping threads took: 0.0000168 seconds
2018-01-08T10:51:38.074-0100: 1100.175: Total time for which application threads were stopped: 0.0001269 seconds, Stopping threads took: 0.0000211 seconds
2018-01-08T10:51:38.076-0100: 1100.177: Total time for which application threads were stopped: 0.0001265 seconds, Stopping threads took: 0.0000212 seconds
2018-01-08T10:51:38.077-0100: 1100.178: Total time for which application threads were stopped: 0.0001025 seconds, Stopping threads took: 0.0000430 seconds
2018-01-08T10:51:38.078-0100: 1100.180: Total time for which application threads were stopped: 0.0001314 seconds, Stopping threads took: 0.0000202 seconds
2018-01-08T10:51:38.079-0100: 1100.180: Total time for which application threads were stopped: 0.0001432 seconds, Stopping threads took: 0.0000470 seconds
2018-01-08T10:51:38.080-0100: 1100.181: Total time for which application threads were stopped: 0.0001011 seconds, Stopping threads took: 0.0000413 seconds
2018-01-08T10:51:38.080-0100: 1100.182: Total time for which application threads were stopped: 0.0002049 seconds, Stopping threads took: 0.0000701 seconds
2018-01-08T10:51:38.081-0100: 1100.183: Total time for which application threads were stopped: 0.0000998 seconds, Stopping threads took: 0.0000335 seconds
2018-01-08T10:51:38.082-0100: 1100.183: Total time for which application threads were stopped: 0.0001174 seconds, Stopping threads took: 0.0000467 seconds
2018-01-08T10:51:38.083-0100: 1100.184: Total time for which application threads were stopped: 0.0000961 seconds, Stopping threads took: 0.0000215 seconds
2018-01-08T10:51:38.085-0100: 1100.186: Total time for which application threads were stopped: 0.0000961 seconds, Stopping threads took: 0.0000298 seconds
2018-01-08T10:51:38.085-0100: 1100.186: Total time for which application threads were stopped: 0.0001555 seconds, Stopping threads took: 0.0000345 seconds
2018-01-08T10:51:38.088-0100: 1100.189: Total time for which application threads were stopped: 0.0001026 seconds, Stopping threads took: 0.0000313 seconds
2018-01-08T10:51:38.201-0100: 1100.302: Total time for which application threads were stopped: 0.0001584 seconds, Stopping threads took: 0.0000302 seconds
2018-01-08T10:51:39.090-0100: 1101.191: Total time for which application threads were stopped: 0.0002677 seconds, Stopping threads took: 0.0000527 seconds
2018-01-08T10:51:39.096-0100: 1101.197: Total time for which application threads were stopped: 0.0001458 seconds, Stopping threads took: 0.0000247 seconds
2018-01-08T10:51:39.098-0100: 1101.199: Total time for which application threads were stopped: 0.0001471 seconds, Stopping threads took: 0.0000503 seconds
2018-01-08T10:51:39.103-0100: 1101.204: Total time for which application threads were stopped: 0.0004988 seconds, Stopping threads took: 0.0000592 seconds
2018-01-08T10:51:39.170-0100: 1101.271: Total time for which application threads were stopped: 0.0001777 seconds, Stopping threads took: 0.0000217 seconds
2018-01-08T10:51:39.171-0100: 1101.272: Total time for which application threads were stopped: 0.0001437 seconds, Stopping threads took: 0.0000390 seconds
2018-01-08T10:51:39.176-0100: 1101.277: Total time for which application threads were stopped: 0.0001629 seconds, Stopping threads took: 0.0000390 seconds
2018-01-08T10:51:39.184-0100: 1101.285: Total time for which application threads were stopped: 0.0001582 seconds, Stopping threads took: 0.0000258 seconds
2018-01-08T10:51:39.184-0100: 1101.285: Total time for which application threads were stopped: 0.0001320 seconds, Stopping threads took: 0.0000188 seconds
2018-01-08T10:51:39.213-0100: 1101.314: Total time for which application threads were stopped: 0.0001869 seconds, Stopping threads took: 0.0000604 seconds
2018-01-08T10:51:39.214-0100: 1101.315: Total time for which application threads were stopped: 0.0001225 seconds, Stopping threads took: 0.0000186 seconds
2018-01-08T10:51:39.223-0100: 1101.325: Total time for which application threads were stopped: 0.0096972 seconds, Stopping threads took: 0.0095663 seconds
2018-01-08T10:51:39.224-0100: 1101.325: Total time for which application threads were stopped: 0.0001337 seconds, Stopping threads took: 0.0000414 seconds
2018-01-08T10:51:39.224-0100: 1101.325: Total time for which application threads were stopped: 0.0001360 seconds, Stopping threads took: 0.0000151 seconds
2018-01-08T10:51:39.224-0100: 1101.326: Total time for which application threads were stopped: 0.0001250 seconds, Stopping threads took: 0.0000339 seconds
2018-01-08T10:51:39.225-0100: 1101.326: Total time for which application threads were stopped: 0.0001226 seconds, Stopping threads took: 0.0000369 seconds
2018-01-08T10:51:39.225-0100: 1101.326: Total time for which application threads were stopped: 0.0001255 seconds, Stopping threads took: 0.0000142 seconds
2018-01-08T10:51:39.225-0100: 1101.326: Total time for which application threads were stopped: 0.0001258 seconds, Stopping threads took: 0.0000337 seconds
2018-01-08T10:51:39.225-0100: 1101.326: Total time for which application threads were stopped: 0.0001192 seconds, Stopping threads took: 0.0000394 seconds
2018-01-08T10:51:39.225-0100: 1101.327: Total time for which application threads were stopped: 0.0000957 seconds, Stopping threads took: 0.0000131 seconds
2018-01-08T10:51:39.226-0100: 1101.327: Total time for which application threads were stopped: 0.0001587 seconds, Stopping threads took: 0.0000718 seconds
2018-01-08T10:51:39.226-0100: 1101.327: Total time for which application threads were stopped: 0.0001375 seconds, Stopping threads took: 0.0000445 seconds
2018-01-08T10:51:39.235-0100: 1101.337: Total time for which application threads were stopped: 0.0092659 seconds, Stopping threads took: 0.0091566 seconds
2018-01-08T10:51:39.236-0100: 1101.337: Total time for which application threads were stopped: 0.0002055 seconds, Stopping threads took: 0.0001004 seconds
2018-01-08T10:51:39.236-0100: 1101.337: Total time for which application threads were stopped: 0.0000981 seconds, Stopping threads took: 0.0000160 seconds
2018-01-08T10:51:39.236-0100: 1101.338: Total time for which application threads were stopped: 0.0002077 seconds, Stopping threads took: 0.0000116 seconds
2018-01-08T10:51:39.237-0100: 1101.338: Total time for which application threads were stopped: 0.0001744 seconds, Stopping threads took: 0.0000495 seconds
2018-01-08T10:51:39.237-0100: 1101.338: Total time for which application threads were stopped: 0.0001197 seconds, Stopping threads took: 0.0000282 seconds
2018-01-08T10:51:39.238-0100: 1101.340: Total time for which application threads were stopped: 0.0001628 seconds, Stopping threads took: 0.0000330 seconds
2018-01-08T10:51:39.265-0100: 1101.366: Total time for which application threads were stopped: 0.0001451 seconds, Stopping threads took: 0.0000231 seconds
2018-01-08T10:51:39.284-0100: 1101.385: Total time for which application threads were stopped: 0.0001387 seconds, Stopping threads took: 0.0000330 seconds
2018-01-08T10:51:39.284-0100: 1101.386: Total time for which application threads were stopped: 0.0001155 seconds, Stopping threads took: 0.0000465 seconds
2018-01-08T10:51:39.285-0100: 1101.387: Total time for which application threads were stopped: 0.0000787 seconds, Stopping threads took: 0.0000166 seconds
2018-01-08T10:51:39.311-0100: 1101.413: Total time for which application threads were stopped: 0.0000875 seconds, Stopping threads took: 0.0000168 seconds
2018-01-08T10:51:39.314-0100: 1101.416: Total time for which application threads were stopped: 0.0000873 seconds, Stopping threads took: 0.0000213 seconds
2018-01-08T10:51:39.315-0100: 1101.416: Total time for which application threads were stopped: 0.0000792 seconds, Stopping threads took: 0.0000114 seconds
2018-01-08T10:51:39.315-0100: 1101.417: Total time for which application threads were stopped: 0.0000685 seconds, Stopping threads took: 0.0000105 seconds
2018-01-08T10:51:39.315-0100: 1101.417: Total time for which application threads were stopped: 0.0000658 seconds, Stopping threads took: 0.0000061 seconds
2018-01-08T10:51:39.316-0100: 1101.417: Total time for which application threads were stopped: 0.0000914 seconds, Stopping threads took: 0.0000154 seconds
2018-01-08T10:51:39.316-0100: 1101.418: Total time for which application threads were stopped: 0.0000694 seconds, Stopping threads took: 0.0000107 seconds
2018-01-08T10:51:39.317-0100: 1101.418: Total time for which application threads were stopped: 0.0000850 seconds, Stopping threads took: 0.0000231 seconds
2018-01-08T10:51:39.317-0100: 1101.418: Total time for which application threads were stopped: 0.0000921 seconds, Stopping threads took: 0.0000082 seconds
2018-01-08T10:51:39.320-0100: 1101.421: Total time for which application threads were stopped: 0.0001175 seconds, Stopping threads took: 0.0000477 seconds
2018-01-08T10:51:39.320-0100: 1101.421: Total time for which application threads were stopped: 0.0000744 seconds, Stopping threads took: 0.0000267 seconds
2018-01-08T10:51:39.320-0100: 1101.421: Total time for which application threads were stopped: 0.0000734 seconds, Stopping threads took: 0.0000248 seconds
2018-01-08T10:51:39.320-0100: 1101.421: Total time for which application threads were stopped: 0.0000616 seconds, Stopping threads took: 0.0000212 seconds
2018-01-08T10:51:39.320-0100: 1101.422: Total time for which application threads were stopped: 0.0001149 seconds, Stopping threads took: 0.0000086 seconds
2018-01-08T10:51:39.340-0100: 1101.441: Total time for which application threads were stopped: 0.0001640 seconds, Stopping threads took: 0.0000703 seconds
2018-01-08T10:51:39.345-0100: 1101.446: Total time for which application threads were stopped: 0.0001627 seconds, Stopping threads took: 0.0000435 seconds
2018-01-08T10:51:39.345-0100: 1101.447: Total time for which application threads were stopped: 0.0001276 seconds, Stopping threads took: 0.0000305 seconds
2018-01-08T10:51:39.346-0100: 1101.447: Total time for which application threads were stopped: 0.0001316 seconds, Stopping threads took: 0.0000438 seconds
2018-01-08T10:51:39.346-0100: 1101.447: Total time for which application threads were stopped: 0.0001388 seconds, Stopping threads took: 0.0000347 seconds
2018-01-08T10:51:39.346-0100: 1101.447: Total time for which application threads were stopped: 0.0001085 seconds, Stopping threads took: 0.0000139 seconds
2018-01-08T10:51:39.346-0100: 1101.447: Total time for which application threads were stopped: 0.0001441 seconds, Stopping threads took: 0.0000343 seconds
2018-01-08T10:51:39.346-0100: 1101.448: Total time for which application threads were stopped: 0.0001394 seconds, Stopping threads took: 0.0000315 seconds
2018-01-08T10:51:39.347-0100: 1101.448: Total time for which application threads were stopped: 0.0001192 seconds, Stopping threads took: 0.0000414 seconds
2018-01-08T10:51:39.347-0100: 1101.448: Total time for which application threads were stopped: 0.0001356 seconds, Stopping threads took: 0.0000138 seconds
2018-01-08T10:51:39.347-0100: 1101.449: Total time for which application threads were stopped: 0.0001089 seconds, Stopping threads took: 0.0000121 seconds
2018-01-08T10:51:39.348-0100: 1101.449: Total time for which application threads were stopped: 0.0001287 seconds, Stopping threads took: 0.0000341 seconds
2018-01-08T10:51:39.348-0100: 1101.449: Total time for which application threads were stopped: 0.0001048 seconds, Stopping threads took: 0.0000124 seconds
2018-01-08T10:51:39.348-0100: 1101.449: Total time for which application threads were stopped: 0.0001222 seconds, Stopping threads took: 0.0000346 seconds
2018-01-08T10:51:39.348-0100: 1101.449: Total time for which application threads were stopped: 0.0001905 seconds, Stopping threads took: 0.0000966 seconds
2018-01-08T10:51:39.349-0100: 1101.450: Total time for which application threads were stopped: 0.0001207 seconds, Stopping threads took: 0.0000164 seconds
2018-01-08T10:51:39.349-0100: 1101.450: Total time for which application threads were stopped: 0.0001022 seconds, Stopping threads took: 0.0000134 seconds
2018-01-08T10:51:39.349-0100: 1101.450: Total time for which application threads were stopped: 0.0000987 seconds, Stopping threads took: 0.0000113 seconds
2018-01-08T10:51:39.349-0100: 1101.450: Total time for which application threads were stopped: 0.0001007 seconds, Stopping threads took: 0.0000123 seconds
2018-01-08T10:51:39.349-0100: 1101.451: Total time for which application threads were stopped: 0.0001193 seconds, Stopping threads took: 0.0000320 seconds
2018-01-08T10:51:39.350-0100: 1101.451: Total time for which application threads were stopped: 0.0001476 seconds, Stopping threads took: 0.0000585 seconds
2018-01-08T10:51:39.350-0100: 1101.451: Total time for which application threads were stopped: 0.0002254 seconds, Stopping threads took: 0.0000133 seconds
2018-01-08T10:51:39.355-0100: 1101.456: Total time for which application threads were stopped: 0.0001741 seconds, Stopping threads took: 0.0000583 seconds
2018-01-08T10:51:39.405-0100: 1101.507: Total time for which application threads were stopped: 0.0001821 seconds, Stopping threads took: 0.0000466 seconds
2018-01-08T10:51:39.413-0100: 1101.514: Total time for which application threads were stopped: 0.0002525 seconds, Stopping threads took: 0.0001123 seconds
2018-01-08T10:51:39.413-0100: 1101.514: Total time for which application threads were stopped: 0.0002137 seconds, Stopping threads took: 0.0001118 seconds
2018-01-08T10:51:39.470-0100: 1101.571: Total time for which application threads were stopped: 0.0040503 seconds, Stopping threads took: 0.0035360 seconds
2018-01-08T10:51:39.512-0100: 1101.613: Total time for which application threads were stopped: 0.0005254 seconds, Stopping threads took: 0.0000562 seconds
{Heap before GC invocations=2 (full 1):
 par new generation   total 109248K, used 100988K [0x00000007a0000000, 0x00000007a8000000, 0x00000007a8000000)
  eden space 87424K, 100% used [0x00000007a0000000, 0x00000007a5560000, 0x00000007a5560000)
  from space 21824K,  62% used [0x00000007a5560000, 0x00000007a629f040, 0x00000007a6ab0000)
  to   space 21824K,   0% used [0x00000007a6ab0000, 0x00000007a6ab0000, 0x00000007a8000000)
 concurrent mark-sweep generation total 393216K, used 0K [0x00000007a8000000, 0x00000007c0000000, 0x00000007c0000000)
 Metaspace       used 26451K, capacity 27179K, committed 27252K, reserved 1073152K
  class space    used 3178K, capacity 3412K, committed 3476K, reserved 1048576K
2018-01-08T10:51:39.547-0100: 1101.648: [GC (Allocation Failure) 2018-01-08T10:51:39.547-0100: 1101.649: [ParNew
Desired survivor size 20112992 bytes, new threshold 8 (max 8)
- age   1:    4831240 bytes,    4831240 total
- age   2:    2604216 bytes,    7435456 total
- age   3:    4996328 bytes,   12431784 total
: 100988K->19736K(109248K), 0.0113867 secs] 100988K->19736K(502464K), 0.0118957 secs] [Times: user=0.06 sys=0.00, real=0.01 secs] 
Heap after GC invocations=3 (full 1):
 par new generation   total 109248K, used 19736K [0x00000007a0000000, 0x00000007a8000000, 0x00000007a8000000)
  eden space 87424K,   0% used [0x00000007a0000000, 0x00000007a0000000, 0x00000007a5560000)
  from space 21824K,  90% used [0x00000007a6ab0000, 0x00000007a7df61c0, 0x00000007a8000000)
  to   space 21824K,   0% used [0x00000007a5560000, 0x00000007a5560000, 0x00000007a6ab0000)
 concurrent mark-sweep generation total 393216K, used 0K [0x00000007a8000000, 0x00000007c0000000, 0x00000007c0000000)
 Metaspace       used 26451K, capacity 27179K, committed 27252K, reserved 1073152K
  class space    used 3178K, capacity 3412K, committed 3476K, reserved 1048576K
}
2018-01-08T10:51:39.559-0100: 1101.660: Total time for which application threads were stopped: 0.0126628 seconds, Stopping threads took: 0.0005336 seconds
2018-01-08T10:51:39.560-0100: 1101.662: Total time for which application threads were stopped: 0.0002503 seconds, Stopping threads took: 0.0000876 seconds
2018-01-08T10:51:39.562-0100: 1101.663: Total time for which application threads were stopped: 0.0002275 seconds, Stopping threads took: 0.0000997 seconds
2018-01-08T10:51:39.580-0100: 1101.682: Total time for which application threads were stopped: 0.0002614 seconds, Stopping threads took: 0.0000458 seconds
2018-01-08T10:51:39.671-0100: 1101.772: Total time for which application threads were stopped: 0.0002234 seconds, Stopping threads took: 0.0000471 seconds
2018-01-08T10:51:39.676-0100: 1101.777: Total time for which application threads were stopped: 0.0001125 seconds, Stopping threads took: 0.0000230 seconds
2018-01-08T10:51:39.772-0100: 1101.873: Total time for which application threads were stopped: 0.0001944 seconds, Stopping threads took: 0.0000579 seconds
{Heap before GC invocations=3 (full 1):
 par new generation   total 109248K, used 107160K [0x00000007a0000000, 0x00000007a8000000, 0x00000007a8000000)
  eden space 87424K, 100% used [0x00000007a0000000, 0x00000007a5560000, 0x00000007a5560000)
  from space 21824K,  90% used [0x00000007a6ab0000, 0x00000007a7df61c0, 0x00000007a8000000)
  to   space 21824K,   0% used [0x00000007a5560000, 0x00000007a5560000, 0x00000007a6ab0000)
 concurrent mark-sweep generation total 393216K, used 0K [0x00000007a8000000, 0x00000007c0000000, 0x00000007c0000000)
 Metaspace       used 27275K, capacity 27973K, committed 28148K, reserved 1073152K
  class space    used 3277K, capacity 3487K, committed 3604K, reserved 1048576K
2018-01-08T10:51:39.812-0100: 1101.914: [GC (Allocation Failure) 2018-01-08T10:51:39.812-0100: 1101.914: [ParNew
Desired survivor size 20112992 bytes, new threshold 8 (max 8)
- age   1:    3111920 bytes,    3111920 total
- age   2:    2013776 bytes,    5125696 total
- age   3:    2391920 bytes,    7517616 total
- age   4:    4486088 bytes,   12003704 total
: 107160K->13755K(109248K), 0.0119440 secs] 107160K->13755K(502464K), 0.0121066 secs] [Times: user=0.05 sys=0.00, real=0.01 secs] 
Heap after GC invocations=4 (full 1):
 par new generation   total 109248K, used 13755K [0x00000007a0000000, 0x00000007a8000000, 0x00000007a8000000)
  eden space 87424K,   0% used [0x00000007a0000000, 0x00000007a0000000, 0x00000007a5560000)
  from space 21824K,  63% used [0x00000007a5560000, 0x00000007a62ced90, 0x00000007a6ab0000)
  to   space 21824K,   0% used [0x00000007a6ab0000, 0x00000007a6ab0000, 0x00000007a8000000)
 concurrent mark-sweep generation total 393216K, used 0K [0x00000007a8000000, 0x00000007c0000000, 0x00000007c0000000)
 Metaspace       used 27275K, capacity 27973K, committed 28148K, reserved 1073152K
  class space    used 3277K, capacity 3487K, committed 3604K, reserved 1048576K
}
2018-01-08T10:51:39.825-0100: 1101.926: Total time for which application threads were stopped: 0.0123763 seconds, Stopping threads took: 0.0000489 seconds
2018-01-08T10:51:39.825-0100: 1101.926: Total time for which application threads were stopped: 0.0003362 seconds, Stopping threads took: 0.0002219 seconds
2018-01-08T10:51:39.825-0100: 1101.927: Total time for which application threads were stopped: 0.0001950 seconds, Stopping threads took: 0.0000880 seconds
2018-01-08T10:51:39.926-0100: 1102.027: Total time for which application threads were stopped: 0.0002529 seconds, Stopping threads took: 0.0000493 seconds
2018-01-08T10:51:39.928-0100: 1102.030: Total time for which application threads were stopped: 0.0002051 seconds, Stopping threads took: 0.0000493 seconds
2018-01-08T10:51:39.961-0100: 1102.062: Total time for which application threads were stopped: 0.0001596 seconds, Stopping threads took: 0.0000232 seconds
{Heap before GC invocations=4 (full 1):
 par new generation   total 109248K, used 101179K [0x00000007a0000000, 0x00000007a8000000, 0x00000007a8000000)
  eden space 87424K, 100% used [0x00000007a0000000, 0x00000007a5560000, 0x00000007a5560000)
  from space 21824K,  63% used [0x00000007a5560000, 0x00000007a62ced90, 0x00000007a6ab0000)
  to   space 21824K,   0% used [0x00000007a6ab0000, 0x00000007a6ab0000, 0x00000007a8000000)
 concurrent mark-sweep generation total 393216K, used 0K [0x00000007a8000000, 0x00000007c0000000, 0x00000007c0000000)
 Metaspace       used 28063K, capacity 28797K, committed 28916K, reserved 1075200K
  class space    used 3377K, capacity 3587K, committed 3604K, reserved 1048576K
2018-01-08T10:51:39.996-0100: 1102.098: [GC (Allocation Failure) 2018-01-08T10:51:39.997-0100: 1102.098: [ParNew
Desired survivor size 20112992 bytes, new threshold 8 (max 8)
- age   1:    1219584 bytes,    1219584 total
- age   2:    1876728 bytes,    3096312 total
- age   3:    1993416 bytes,    5089728 total
- age   4:    2391992 bytes,    7481720 total
- age   5:    4481416 bytes,   11963136 total
: 101179K->15250K(109248K), 0.0120368 secs] 101179K->15250K(502464K), 0.0121684 secs] [Times: user=0.04 sys=0.00, real=0.01 secs] 
Heap after GC invocations=5 (full 1):
 par new generation   total 109248K, used 15250K [0x00000007a0000000, 0x00000007a8000000, 0x00000007a8000000)
  eden space 87424K,   0% used [0x00000007a0000000, 0x00000007a0000000, 0x00000007a5560000)
  from space 21824K,  69% used [0x00000007a6ab0000, 0x00000007a79949a0, 0x00000007a8000000)
  to   space 21824K,   0% used [0x00000007a5560000, 0x00000007a5560000, 0x00000007a6ab0000)
 concurrent mark-sweep generation total 393216K, used 0K [0x00000007a8000000, 0x00000007c0000000, 0x00000007c0000000)
 Metaspace       used 28063K, capacity 28797K, committed 28916K, reserved 1075200K
  class space    used 3377K, capacity 3587K, committed 3604K, reserved 1048576K
}
2018-01-08T10:51:40.009-0100: 1102.110: Total time for which application threads were stopped: 0.0124351 seconds, Stopping threads took: 0.0000914 seconds
{Heap before GC invocations=5 (full 1):
 par new generation   total 109248K, used 102674K [0x00000007a0000000, 0x00000007a8000000, 0x00000007a8000000)
  eden space 87424K, 100% used [0x00000007a0000000, 0x00000007a5560000, 0x00000007a5560000)
  from space 21824K,  69% used [0x00000007a6ab0000, 0x00000007a79949a0, 0x00000007a8000000)
  to   space 21824K,   0% used [0x00000007a5560000, 0x00000007a5560000, 0x00000007a6ab0000)
 concurrent mark-sweep generation total 393216K, used 0K [0x00000007a8000000, 0x00000007c0000000, 0x00000007c0000000)
 Metaspace       used 28158K, capacity 28893K, committed 29300K, reserved 1075200K
  class space    used 3390K, capacity 3619K, committed 3732K, reserved 1048576K
2018-01-08T10:51:40.089-0100: 1102.190: [GC (Allocation Failure) 2018-01-08T10:51:40.089-0100: 1102.190: [ParNew
Desired survivor size 20112992 bytes, new threshold 8 (max 8)
- age   1:     856312 bytes,     856312 total
- age   2:     341064 bytes,    1197376 total
- age   3:    1876248 bytes,    3073624 total
- age   4:    1992752 bytes,    5066376 total
- age   5:    2391680 bytes,    7458056 total
- age   6:    4480544 bytes,   11938600 total
: 102674K->15575K(109248K), 0.0149884 secs] 102674K->15575K(502464K), 0.0151262 secs] [Times: user=0.06 sys=0.00, real=0.02 secs] 
Heap after GC invocations=6 (full 1):
 par new generation   total 109248K, used 15575K [0x00000007a0000000, 0x00000007a8000000, 0x00000007a8000000)
  eden space 87424K,   0% used [0x00000007a0000000, 0x00000007a0000000, 0x00000007a5560000)
  from space 21824K,  71% used [0x00000007a5560000, 0x00000007a6495c88, 0x00000007a6ab0000)
  to   space 21824K,   0% used [0x00000007a6ab0000, 0x00000007a6ab0000, 0x00000007a8000000)
 concurrent mark-sweep generation total 393216K, used 0K [0x00000007a8000000, 0x00000007c0000000, 0x00000007c0000000)
 Metaspace       used 28158K, capacity 28893K, committed 29300K, reserved 1075200K
  class space    used 3390K, capacity 3619K, committed 3732K, reserved 1048576K
}
2018-01-08T10:51:40.104-0100: 1102.205: Total time for which application threads were stopped: 0.0154717 seconds, Stopping threads took: 0.0001014 seconds
2018-01-08T10:51:40.280-0100: 1102.381: Total time for which application threads were stopped: 0.0001643 seconds, Stopping threads took: 0.0000232 seconds
2018-01-08T10:51:40.294-0100: 1102.395: Total time for which application threads were stopped: 0.0001712 seconds, Stopping threads took: 0.0000566 seconds
2018-01-08T10:51:40.295-0100: 1102.396: Total time for which application threads were stopped: 0.0002055 seconds, Stopping threads took: 0.0000912 seconds
2018-01-08T10:51:40.306-0100: 1102.407: Total time for which application threads were stopped: 0.0001369 seconds, Stopping threads took: 0.0000396 seconds
2018-01-08T10:51:40.382-0100: 1102.483: Total time for which application threads were stopped: 0.0007446 seconds, Stopping threads took: 0.0001308 seconds
2018-01-08T10:51:40.534-0100: 1102.635: Total time for which application threads were stopped: 0.0002541 seconds, Stopping threads took: 0.0000462 seconds
{Heap before GC invocations=6 (full 1):
 par new generation   total 109248K, used 102999K [0x00000007a0000000, 0x00000007a8000000, 0x00000007a8000000)
  eden space 87424K, 100% used [0x00000007a0000000, 0x00000007a5560000, 0x00000007a5560000)
  from space 21824K,  71% used [0x00000007a5560000, 0x00000007a6495c88, 0x00000007a6ab0000)
  to   space 21824K,   0% used [0x00000007a6ab0000, 0x00000007a6ab0000, 0x00000007a8000000)
 concurrent mark-sweep generation total 393216K, used 0K [0x00000007a8000000, 0x00000007c0000000, 0x00000007c0000000)
 Metaspace       used 29994K, capacity 30789K, committed 30964K, reserved 1077248K
  class space    used 3592K, capacity 3823K, committed 3860K, reserved 1048576K
2018-01-08T10:51:40.585-0100: 1102.687: [GC (Allocation Failure) 2018-01-08T10:51:40.585-0100: 1102.687: [ParNew
Desired survivor size 20112992 bytes, new threshold 8 (max 8)
- age   1:    2861400 bytes,    2861400 total
- age   2:     102208 bytes,    2963608 total
- age   3:     333008 bytes,    3296616 total
- age   4:     414416 bytes,    3711032 total
- age   5:    1989928 bytes,    5700960 total
- age   6:    2389096 bytes,    8090056 total
- age   7:    4479192 bytes,   12569248 total
: 102999K->13730K(109248K), 0.0235619 secs] 102999K->13730K(502464K), 0.0237210 secs] [Times: user=0.07 sys=0.00, real=0.02 secs] 
Heap after GC invocations=7 (full 1):
 par new generation   total 109248K, used 13730K [0x00000007a0000000, 0x00000007a8000000, 0x00000007a8000000)
  eden space 87424K,   0% used [0x00000007a0000000, 0x00000007a0000000, 0x00000007a5560000)
  from space 21824K,  62% used [0x00000007a6ab0000, 0x00000007a7818ba0, 0x00000007a8000000)
  to   space 21824K,   0% used [0x00000007a5560000, 0x00000007a5560000, 0x00000007a6ab0000)
 concurrent mark-sweep generation total 393216K, used 0K [0x00000007a8000000, 0x00000007c0000000, 0x00000007c0000000)
 Metaspace       used 29994K, capacity 30789K, committed 30964K, reserved 1077248K
  class space    used 3592K, capacity 3823K, committed 3860K, reserved 1048576K
}
2018-01-08T10:51:40.609-0100: 1102.710: Total time for which application threads were stopped: 0.0240159 seconds, Stopping threads took: 0.0000454 seconds
2018-01-08T10:51:40.697-0100: 1102.798: Total time for which application threads were stopped: 0.0007031 seconds, Stopping threads took: 0.0000283 seconds
2018-01-08T10:51:40.721-0100: 1102.822: Total time for which application threads were stopped: 0.0006268 seconds, Stopping threads took: 0.0000273 seconds
2018-01-08T10:51:40.750-0100: 1102.851: Total time for which application threads were stopped: 0.0001536 seconds, Stopping threads took: 0.0000245 seconds
2018-01-08T10:51:40.759-0100: 1102.860: Total time for which application threads were stopped: 0.0001297 seconds, Stopping threads took: 0.0000259 seconds
2018-01-08T10:51:40.802-0100: 1102.903: Total time for which application threads were stopped: 0.0001874 seconds, Stopping threads took: 0.0000531 seconds
2018-01-08T10:51:40.804-0100: 1102.905: Total time for which application threads were stopped: 0.0002023 seconds, Stopping threads took: 0.0000778 seconds
2018-01-08T10:51:40.805-0100: 1102.906: Total time for which application threads were stopped: 0.0002508 seconds, Stopping threads took: 0.0000554 seconds
2018-01-08T10:51:40.811-0100: 1102.912: Total time for which application threads were stopped: 0.0001720 seconds, Stopping threads took: 0.0000456 seconds
2018-01-08T10:51:40.830-0100: 1102.931: Total time for which application threads were stopped: 0.0001472 seconds, Stopping threads took: 0.0000232 seconds
2018-01-08T10:51:40.962-0100: 1103.063: Total time for which application threads were stopped: 0.0003115 seconds, Stopping threads took: 0.0000262 seconds
2018-01-08T10:51:41.106-0100: 1103.207: Total time for which application threads were stopped: 0.0002946 seconds, Stopping threads took: 0.0000662 seconds
2018-01-08T10:51:41.146-0100: 1103.247: Total time for which application threads were stopped: 0.0002418 seconds, Stopping threads took: 0.0000789 seconds
2018-01-08T10:51:41.148-0100: 1103.249: Total time for which application threads were stopped: 0.0001720 seconds, Stopping threads took: 0.0000246 seconds
2018-01-08T10:51:41.160-0100: 1103.262: Total time for which application threads were stopped: 0.0001840 seconds, Stopping threads took: 0.0000482 seconds
2018-01-08T10:51:41.162-0100: 1103.263: Total time for which application threads were stopped: 0.0001841 seconds, Stopping threads took: 0.0000563 seconds
{Heap before GC invocations=7 (full 1):
 par new generation   total 109248K, used 101154K [0x00000007a0000000, 0x00000007a8000000, 0x00000007a8000000)
  eden space 87424K,  99% used [0x00000007a0000000, 0x00000007a555fff0, 0x00000007a5560000)
  from space 21824K,  62% used [0x00000007a6ab0000, 0x00000007a7818ba0, 0x00000007a8000000)
  to   space 21824K,   0% used [0x00000007a5560000, 0x00000007a5560000, 0x00000007a6ab0000)
 concurrent mark-sweep generation total 393216K, used 0K [0x00000007a8000000, 0x00000007c0000000, 0x00000007c0000000)
 Metaspace       used 33111K, capacity 34081K, committed 34292K, reserved 1079296K
  class space    used 3986K, capacity 4247K, committed 4372K, reserved 1048576K
2018-01-08T10:51:41.167-0100: 1103.268: [GC (Allocation Failure) 2018-01-08T10:51:41.167-0100: 1103.269: [ParNew
Desired survivor size 20112992 bytes, new threshold 8 (max 8)
- age   1:    7272528 bytes,    7272528 total
- age   2:    1033672 bytes,    8306200 total
- age   3:     101424 bytes,    8407624 total
- age   4:     328832 bytes,    8736456 total
- age   5:     283280 bytes,    9019736 total
- age   6:    1957880 bytes,   10977616 total
- age   7:    2377176 bytes,   13354792 total
- age   8:    4407392 bytes,   17762184 total
: 101154K->21462K(109248K), 0.0183889 secs] 101154K->21462K(502464K), 0.0185516 secs] [Times: user=0.07 sys=0.01, real=0.02 secs] 
Heap after GC invocations=8 (full 1):
 par new generation   total 109248K, used 21462K [0x00000007a0000000, 0x00000007a8000000, 0x00000007a8000000)
  eden space 87424K,   0% used [0x00000007a0000000, 0x00000007a0000000, 0x00000007a5560000)
  from space 21824K,  98% used [0x00000007a5560000, 0x00000007a6a558c0, 0x00000007a6ab0000)
  to   space 21824K,   0% used [0x00000007a6ab0000, 0x00000007a6ab0000, 0x00000007a8000000)
 concurrent mark-sweep generation total 393216K, used 0K [0x00000007a8000000, 0x00000007c0000000, 0x00000007c0000000)
 Metaspace       used 33111K, capacity 34081K, committed 34292K, reserved 1079296K
  class space    used 3986K, capacity 4247K, committed 4372K, reserved 1048576K
}
2018-01-08T10:51:41.186-0100: 1103.287: Total time for which application threads were stopped: 0.0188642 seconds, Stopping threads took: 0.0000517 seconds
2018-01-08T10:51:41.197-0100: 1103.298: Total time for which application threads were stopped: 0.0002046 seconds, Stopping threads took: 0.0000743 seconds
2018-01-08T10:51:41.202-0100: 1103.303: Total time for which application threads were stopped: 0.0007497 seconds, Stopping threads took: 0.0000573 seconds
2018-01-08T10:51:41.215-0100: 1103.316: Total time for which application threads were stopped: 0.0025474 seconds, Stopping threads took: 0.0023806 seconds
2018-01-08T10:51:41.246-0100: 1103.347: Total time for which application threads were stopped: 0.0002433 seconds, Stopping threads took: 0.0001061 seconds
2018-01-08T10:51:41.262-0100: 1103.363: Total time for which application threads were stopped: 0.0006900 seconds, Stopping threads took: 0.0000271 seconds
2018-01-08T10:51:41.267-0100: 1103.368: Total time for which application threads were stopped: 0.0001740 seconds, Stopping threads took: 0.0000281 seconds
2018-01-08T10:51:41.269-0100: 1103.370: Total time for which application threads were stopped: 0.0001372 seconds, Stopping threads took: 0.0000249 seconds
2018-01-08T10:51:41.270-0100: 1103.371: Total time for which application threads were stopped: 0.0001785 seconds, Stopping threads took: 0.0000443 seconds
2018-01-08T10:51:41.272-0100: 1103.374: Total time for which application threads were stopped: 0.0002255 seconds, Stopping threads took: 0.0000999 seconds
2018-01-08T10:51:41.273-0100: 1103.374: Total time for which application threads were stopped: 0.0001589 seconds, Stopping threads took: 0.0000453 seconds
2018-01-08T10:51:41.273-0100: 1103.374: Total time for which application threads were stopped: 0.0001129 seconds, Stopping threads took: 0.0000154 seconds
2018-01-08T10:51:41.276-0100: 1103.378: Total time for which application threads were stopped: 0.0001944 seconds, Stopping threads took: 0.0000553 seconds
2018-01-08T10:51:41.281-0100: 1103.382: Total time for which application threads were stopped: 0.0001869 seconds, Stopping threads took: 0.0000554 seconds
2018-01-08T10:51:41.288-0100: 1103.389: Total time for which application threads were stopped: 0.0001666 seconds, Stopping threads took: 0.0000257 seconds
2018-01-08T10:51:41.299-0100: 1103.400: Total time for which application threads were stopped: 0.0001736 seconds, Stopping threads took: 0.0000246 seconds
2018-01-08T10:51:41.305-0100: 1103.406: Total time for which application threads were stopped: 0.0002099 seconds, Stopping threads took: 0.0000464 seconds
2018-01-08T10:51:41.308-0100: 1103.409: Total time for which application threads were stopped: 0.0001685 seconds, Stopping threads took: 0.0000437 seconds
2018-01-08T10:51:41.317-0100: 1103.419: Total time for which application threads were stopped: 0.0001553 seconds, Stopping threads took: 0.0000442 seconds
2018-01-08T10:51:41.322-0100: 1103.423: Total time for which application threads were stopped: 0.0001372 seconds, Stopping threads took: 0.0000236 seconds
2018-01-08T10:51:41.322-0100: 1103.424: Total time for which application threads were stopped: 0.0001657 seconds, Stopping threads took: 0.0000473 seconds
2018-01-08T10:51:41.345-0100: 1103.446: Total time for which application threads were stopped: 0.0001800 seconds, Stopping threads took: 0.0000282 seconds
2018-01-08T10:51:41.364-0100: 1103.465: Total time for which application threads were stopped: 0.0001732 seconds, Stopping threads took: 0.0000470 seconds
2018-01-08T10:51:41.444-0100: 1103.545: Total time for which application threads were stopped: 0.0003551 seconds, Stopping threads took: 0.0000679 seconds
2018-01-08T10:51:41.463-0100: 1103.565: Total time for which application threads were stopped: 0.0016341 seconds, Stopping threads took: 0.0014705 seconds
2018-01-08T10:51:41.479-0100: 1103.580: Total time for which application threads were stopped: 0.0002758 seconds, Stopping threads took: 0.0001092 seconds
2018-01-08T10:51:41.483-0100: 1103.585: Total time for which application threads were stopped: 0.0006848 seconds, Stopping threads took: 0.0000226 seconds
2018-01-08T10:51:41.501-0100: 1103.602: Total time for which application threads were stopped: 0.0001800 seconds, Stopping threads took: 0.0000470 seconds
2018-01-08T10:51:41.503-0100: 1103.604: Total time for which application threads were stopped: 0.0001558 seconds, Stopping threads took: 0.0000385 seconds
2018-01-08T10:51:41.589-0100: 1103.691: Total time for which application threads were stopped: 0.0001926 seconds, Stopping threads took: 0.0000865 seconds
2018-01-08T10:51:41.985-0100: 1104.086: Total time for which application threads were stopped: 0.0001620 seconds, Stopping threads took: 0.0000392 seconds
2018-01-08T10:51:41.991-0100: 1104.092: Total time for which application threads were stopped: 0.0001392 seconds, Stopping threads took: 0.0000428 seconds
2018-01-08T10:51:41.994-0100: 1104.095: Total time for which application threads were stopped: 0.0001509 seconds, Stopping threads took: 0.0000563 seconds
2018-01-08T10:51:41.994-0100: 1104.095: Total time for which application threads were stopped: 0.0001152 seconds, Stopping threads took: 0.0000407 seconds
2018-01-08T10:51:42.002-0100: 1104.103: Total time for which application threads were stopped: 0.0001237 seconds, Stopping threads took: 0.0000406 seconds
2018-01-08T10:51:42.007-0100: 1104.108: Total time for which application threads were stopped: 0.0004804 seconds, Stopping threads took: 0.0000296 seconds
2018-01-08T10:51:42.011-0100: 1104.113: Total time for which application threads were stopped: 0.0001175 seconds, Stopping threads took: 0.0000226 seconds
2018-01-08T10:51:42.038-0100: 1104.139: Total time for which application threads were stopped: 0.0002059 seconds, Stopping threads took: 0.0000738 seconds
2018-01-08T10:51:42.065-0100: 1104.166: Total time for which application threads were stopped: 0.0004663 seconds, Stopping threads took: 0.0000199 seconds
2018-01-08T10:51:43.067-0100: 1105.168: Total time for which application threads were stopped: 0.0001359 seconds, Stopping threads took: 0.0000304 seconds
2018-01-08T10:51:43.635-0100: 1105.736: Total time for which application threads were stopped: 0.0035424 seconds, Stopping threads took: 0.0031664 seconds
2018-01-08T10:51:43.638-0100: 1105.739: Total time for which application threads were stopped: 0.0001946 seconds, Stopping threads took: 0.0000576 seconds
2018-01-08T10:51:43.736-0100: 1105.838: Total time for which application threads were stopped: 0.0001413 seconds, Stopping threads took: 0.0000401 seconds
2018-01-08T10:51:43.749-0100: 1105.850: Total time for which application threads were stopped: 0.0009810 seconds, Stopping threads took: 0.0007409 seconds
2018-01-08T10:51:43.751-0100: 1105.853: Total time for which application threads were stopped: 0.0021416 seconds, Stopping threads took: 0.0007395 seconds
2018-01-08T10:51:43.760-0100: 1105.861: Total time for which application threads were stopped: 0.0036346 seconds, Stopping threads took: 0.0035276 seconds
2018-01-08T10:51:43.770-0100: 1105.871: Total time for which application threads were stopped: 0.0059742 seconds, Stopping threads took: 0.0058592 seconds
{Heap before GC invocations=8 (full 1):
 par new generation   total 109248K, used 108872K [0x00000007a0000000, 0x00000007a8000000, 0x00000007a8000000)
  eden space 87424K,  99% used [0x00000007a0000000, 0x00000007a555c9a0, 0x00000007a5560000)
  from space 21824K,  98% used [0x00000007a5560000, 0x00000007a6a558c0, 0x00000007a6ab0000)
  to   space 21824K,   0% used [0x00000007a6ab0000, 0x00000007a6ab0000, 0x00000007a8000000)
 concurrent mark-sweep generation total 393216K, used 0K [0x00000007a8000000, 0x00000007c0000000, 0x00000007c0000000)
 Metaspace       used 36399K, capacity 37661K, committed 37748K, reserved 1083392K
  class space    used 4444K, capacity 4731K, committed 4756K, reserved 1048576K
2018-01-08T10:51:43.776-0100: 1105.877: [GC (Allocation Failure) 2018-01-08T10:51:43.776-0100: 1105.878: [ParNew
Desired survivor size 20112992 bytes, new threshold 8 (max 8)
- age   1:    8361360 bytes,    8361360 total
- age   2:    4126624 bytes,   12487984 total
- age   3:    1031560 bytes,   13519544 total
- age   4:     101424 bytes,   13620968 total
- age   5:     328712 bytes,   13949680 total
- age   6:     282256 bytes,   14231936 total
- age   7:    1916288 bytes,   16148224 total
- age   8:    2376112 bytes,   18524336 total
: 108872K->21824K(109248K), 0.0695508 secs] 108872K->27742K(502464K), 0.0698713 secs] [Times: user=0.16 sys=0.01, real=0.07 secs] 
Heap after GC invocations=9 (full 1):
 par new generation   total 109248K, used 21824K [0x00000007a0000000, 0x00000007a8000000, 0x00000007a8000000)
  eden space 87424K,   0% used [0x00000007a0000000, 0x00000007a0000000, 0x00000007a5560000)
  from space 21824K, 100% used [0x00000007a6ab0000, 0x00000007a8000000, 0x00000007a8000000)
  to   space 21824K,   0% used [0x00000007a5560000, 0x00000007a5560000, 0x00000007a6ab0000)
 concurrent mark-sweep generation total 393216K, used 5918K [0x00000007a8000000, 0x00000007c0000000, 0x00000007c0000000)
 Metaspace       used 36399K, capacity 37661K, committed 37748K, reserved 1083392K
  class space    used 4444K, capacity 4731K, committed 4756K, reserved 1048576K
}
2018-01-08T10:51:43.846-0100: 1105.947: Total time for which application threads were stopped: 0.0701315 seconds, Stopping threads took: 0.0000339 seconds
2018-01-08T10:51:43.849-0100: 1105.950: Total time for which application threads were stopped: 0.0001840 seconds, Stopping threads took: 0.0000506 seconds
2018-01-08T10:51:43.905-0100: 1106.006: Total time for which application threads were stopped: 0.0001554 seconds, Stopping threads took: 0.0000522 seconds
2018-01-08T10:51:43.908-0100: 1106.009: Total time for which application threads were stopped: 0.0002537 seconds, Stopping threads took: 0.0001249 seconds
2018-01-08T10:51:43.912-0100: 1106.013: Total time for which application threads were stopped: 0.0002917 seconds, Stopping threads took: 0.0001619 seconds
2018-01-08T10:51:43.944-0100: 1106.046: Total time for which application threads were stopped: 0.0003060 seconds, Stopping threads took: 0.0001194 seconds
{Heap before GC invocations=9 (full 1):
 par new generation   total 109248K, used 109248K [0x00000007a0000000, 0x00000007a8000000, 0x00000007a8000000)
  eden space 87424K, 100% used [0x00000007a0000000, 0x00000007a5560000, 0x00000007a5560000)
  from space 21824K, 100% used [0x00000007a6ab0000, 0x00000007a8000000, 0x00000007a8000000)
  to   space 21824K,   0% used [0x00000007a5560000, 0x00000007a5560000, 0x00000007a6ab0000)
 concurrent mark-sweep generation total 393216K, used 5918K [0x00000007a8000000, 0x00000007c0000000, 0x00000007c0000000)
 Metaspace       used 36421K, capacity 37743K, committed 38004K, reserved 1083392K
  class space    used 4445K, capacity 4734K, committed 4756K, reserved 1048576K
2018-01-08T10:51:43.950-0100: 1106.052: [GC (Allocation Failure) 2018-01-08T10:51:43.950-0100: 1106.052: [ParNew
Desired survivor size 20112992 bytes, new threshold 8 (max 8)
- age   1:    1244320 bytes,    1244320 total
- age   2:    6073528 bytes,    7317848 total
- age   3:    4025096 bytes,   11342944 total
- age   4:    1031560 bytes,   12374504 total
- age   5:     101424 bytes,   12475928 total
- age   6:     328712 bytes,   12804640 total
- age   7:     281944 bytes,   13086584 total
- age   8:    1916224 bytes,   15002808 total
: 109248K->21824K(109248K), 0.0227262 secs] 115166K->30159K(502464K), 0.0228601 secs] [Times: user=0.08 sys=0.00, real=0.02 secs] 
Heap after GC invocations=10 (full 1):
 par new generation   total 109248K, used 21824K [0x00000007a0000000, 0x00000007a8000000, 0x00000007a8000000)
  eden space 87424K,   0% used [0x00000007a0000000, 0x00000007a0000000, 0x00000007a5560000)
  from space 21824K, 100% used [0x00000007a5560000, 0x00000007a6ab0000, 0x00000007a6ab0000)
  to   space 21824K,   0% used [0x00000007a6ab0000, 0x00000007a6ab0000, 0x00000007a8000000)
 concurrent mark-sweep generation total 393216K, used 8335K [0x00000007a8000000, 0x00000007c0000000, 0x00000007c0000000)
 Metaspace       used 36421K, capacity 37743K, committed 38004K, reserved 1083392K
  class space    used 4445K, capacity 4734K, committed 4756K, reserved 1048576K
}
2018-01-08T10:51:43.973-0100: 1106.075: Total time for which application threads were stopped: 0.0231356 seconds, Stopping threads took: 0.0000275 seconds
2018-01-08T10:51:43.974-0100: 1106.076: Total time for which application threads were stopped: 0.0002557 seconds, Stopping threads took: 0.0001256 seconds
2018-01-08T10:51:43.975-0100: 1106.076: Total time for which application threads were stopped: 0.0001166 seconds, Stopping threads took: 0.0000144 seconds
2018-01-08T10:51:44.024-0100: 1106.125: Total time for which application threads were stopped: 0.0062223 seconds, Stopping threads took: 0.0060623 seconds
2018-01-08T10:51:44.026-0100: 1106.127: Total time for which application threads were stopped: 0.0002728 seconds, Stopping threads took: 0.0001229 seconds
2018-01-08T10:51:44.026-0100: 1106.128: Total time for which application threads were stopped: 0.0003645 seconds, Stopping threads took: 0.0000796 seconds
{Heap before GC invocations=10 (full 1):
 par new generation   total 109248K, used 109248K [0x00000007a0000000, 0x00000007a8000000, 0x00000007a8000000)
  eden space 87424K, 100% used [0x00000007a0000000, 0x00000007a5560000, 0x00000007a5560000)
  from space 21824K, 100% used [0x00000007a5560000, 0x00000007a6ab0000, 0x00000007a6ab0000)
  to   space 21824K,   0% used [0x00000007a6ab0000, 0x00000007a6ab0000, 0x00000007a8000000)
 concurrent mark-sweep generation total 393216K, used 8335K [0x00000007a8000000, 0x00000007c0000000, 0x00000007c0000000)
 Metaspace       used 36424K, capacity 37743K, committed 38004K, reserved 1083392K
  class space    used 4445K, capacity 4734K, committed 4756K, reserved 1048576K
2018-01-08T10:51:44.047-0100: 1106.148: [GC (Allocation Failure) 2018-01-08T10:51:44.047-0100: 1106.148: [ParNew
Desired survivor size 20112992 bytes, new threshold 8 (max 8)
- age   1:    1206320 bytes,    1206320 total
- age   2:     860304 bytes,    2066624 total
- age   3:    6063392 bytes,    8130016 total
- age   4:    4025096 bytes,   12155112 total
- age   5:    1031560 bytes,   13186672 total
- age   6:     101424 bytes,   13288096 total
- age   7:     328712 bytes,   13616808 total
- age   8:     281944 bytes,   13898752 total
: 109248K->16976K(109248K), 0.0303575 secs] 117583K->27195K(502464K), 0.0305938 secs] [Times: user=0.08 sys=0.00, real=0.03 secs] 
Heap after GC invocations=11 (full 1):
 par new generation   total 109248K, used 16976K [0x00000007a0000000, 0x00000007a8000000, 0x00000007a8000000)
  eden space 87424K,   0% used [0x00000007a0000000, 0x00000007a0000000, 0x00000007a5560000)
  from space 21824K,  77% used [0x00000007a6ab0000, 0x00000007a7b440f0, 0x00000007a8000000)
  to   space 21824K,   0% used [0x00000007a5560000, 0x00000007a5560000, 0x00000007a6ab0000)
 concurrent mark-sweep generation total 393216K, used 10219K [0x00000007a8000000, 0x00000007c0000000, 0x00000007c0000000)
 Metaspace       used 36424K, capacity 37743K, committed 38004K, reserved 1083392K
  class space    used 4445K, capacity 4734K, committed 4756K, reserved 1048576K
}
2018-01-08T10:51:44.077-0100: 1106.179: Total time for which application threads were stopped: 0.0310163 seconds, Stopping threads took: 0.0001696 seconds
2018-01-08T10:51:44.078-0100: 1106.179: Total time for which application threads were stopped: 0.0001350 seconds, Stopping threads took: 0.0000300 seconds
2018-01-08T10:51:44.132-0100: 1106.233: Total time for which application threads were stopped: 0.0002827 seconds, Stopping threads took: 0.0001451 seconds
2018-01-08T10:51:44.133-0100: 1106.234: Total time for which application threads were stopped: 0.0006340 seconds, Stopping threads took: 0.0005160 seconds
{Heap before GC invocations=11 (full 1):
 par new generation   total 109248K, used 104400K [0x00000007a0000000, 0x00000007a8000000, 0x00000007a8000000)
  eden space 87424K, 100% used [0x00000007a0000000, 0x00000007a5560000, 0x00000007a5560000)
  from space 21824K,  77% used [0x00000007a6ab0000, 0x00000007a7b440f0, 0x00000007a8000000)
  to   space 21824K,   0% used [0x00000007a5560000, 0x00000007a5560000, 0x00000007a6ab0000)
 concurrent mark-sweep generation total 393216K, used 10219K [0x00000007a8000000, 0x00000007c0000000, 0x00000007c0000000)
 Metaspace       used 36451K, capacity 37761K, committed 38004K, reserved 1083392K
  class space    used 4447K, capacity 4737K, committed 4756K, reserved 1048576K
2018-01-08T10:51:44.157-0100: 1106.258: [GC (Allocation Failure) 2018-01-08T10:51:44.157-0100: 1106.258: [ParNew
Desired survivor size 20112992 bytes, new threshold 8 (max 8)
- age   1:     601872 bytes,     601872 total
- age   2:     925344 bytes,    1527216 total
- age   3:     849624 bytes,    2376840 total
- age   4:    6062368 bytes,    8439208 total
- age   5:    4025096 bytes,   12464304 total
- age   6:    1031560 bytes,   13495864 total
- age   7:     101424 bytes,   13597288 total
- age   8:     328504 bytes,   13925792 total
: 104400K->15657K(109248K), 0.0160948 secs] 114619K->26159K(502464K), 0.0162567 secs] [Times: user=0.05 sys=0.00, real=0.02 secs] 
Heap after GC invocations=12 (full 1):
 par new generation   total 109248K, used 15657K [0x00000007a0000000, 0x00000007a8000000, 0x00000007a8000000)
  eden space 87424K,   0% used [0x00000007a0000000, 0x00000007a0000000, 0x00000007a5560000)
  from space 21824K,  71% used [0x00000007a5560000, 0x00000007a64aa490, 0x00000007a6ab0000)
  to   space 21824K,   0% used [0x00000007a6ab0000, 0x00000007a6ab0000, 0x00000007a8000000)
 concurrent mark-sweep generation total 393216K, used 10501K [0x00000007a8000000, 0x00000007c0000000, 0x00000007c0000000)
 Metaspace       used 36451K, capacity 37761K, committed 38004K, reserved 1083392K
  class space    used 4447K, capacity 4737K, committed 4756K, reserved 1048576K
}
2018-01-08T10:51:44.173-0100: 1106.274: Total time for which application threads were stopped: 0.0165975 seconds, Stopping threads took: 0.0000599 seconds
2018-01-08T10:51:44.249-0100: 1106.350: Total time for which application threads were stopped: 0.0130450 seconds, Stopping threads took: 0.0128718 seconds
2018-01-08T10:51:44.266-0100: 1106.367: Total time for which application threads were stopped: 0.0140404 seconds, Stopping threads took: 0.0138991 seconds
2018-01-08T10:51:44.354-0100: 1106.456: Total time for which application threads were stopped: 0.0005967 seconds, Stopping threads took: 0.0003856 seconds
2018-01-08T10:51:44.360-0100: 1106.461: Total time for which application threads were stopped: 0.0001482 seconds, Stopping threads took: 0.0000283 seconds
2018-01-08T10:51:44.360-0100: 1106.462: Total time for which application threads were stopped: 0.0002178 seconds, Stopping threads took: 0.0001087 seconds
2018-01-08T10:51:44.363-0100: 1106.464: Total time for which application threads were stopped: 0.0001579 seconds, Stopping threads took: 0.0000476 seconds
2018-01-08T10:51:44.370-0100: 1106.472: Total time for which application threads were stopped: 0.0002587 seconds, Stopping threads took: 0.0001298 seconds
2018-01-08T10:51:44.426-0100: 1106.527: Total time for which application threads were stopped: 0.0002311 seconds, Stopping threads took: 0.0000788 seconds
2018-01-08T10:51:44.429-0100: 1106.530: Total time for which application threads were stopped: 0.0002153 seconds, Stopping threads took: 0.0001048 seconds
2018-01-08T10:51:44.429-0100: 1106.530: Total time for which application threads were stopped: 0.0001199 seconds, Stopping threads took: 0.0000368 seconds
2018-01-08T10:51:44.429-0100: 1106.530: Total time for which application threads were stopped: 0.0001035 seconds, Stopping threads took: 0.0000303 seconds
2018-01-08T10:51:44.429-0100: 1106.530: Total time for which application threads were stopped: 0.0001126 seconds, Stopping threads took: 0.0000328 seconds
2018-01-08T10:51:44.429-0100: 1106.531: Total time for which application threads were stopped: 0.0001836 seconds, Stopping threads took: 0.0001061 seconds
2018-01-08T10:51:44.429-0100: 1106.531: Total time for which application threads were stopped: 0.0000909 seconds, Stopping threads took: 0.0000151 seconds
2018-01-08T10:51:44.430-0100: 1106.531: Total time for which application threads were stopped: 0.0002125 seconds, Stopping threads took: 0.0001222 seconds
2018-01-08T10:51:44.430-0100: 1106.531: Total time for which application threads were stopped: 0.0000918 seconds, Stopping threads took: 0.0000162 seconds
{Heap before GC invocations=12 (full 1):
 par new generation   total 109248K, used 103081K [0x00000007a0000000, 0x00000007a8000000, 0x00000007a8000000)
  eden space 87424K, 100% used [0x00000007a0000000, 0x00000007a5560000, 0x00000007a5560000)
  from space 21824K,  71% used [0x00000007a5560000, 0x00000007a64aa490, 0x00000007a6ab0000)
  to   space 21824K,   0% used [0x00000007a6ab0000, 0x00000007a6ab0000, 0x00000007a8000000)
 concurrent mark-sweep generation total 393216K, used 10501K [0x00000007a8000000, 0x00000007c0000000, 0x00000007c0000000)
 Metaspace       used 36551K, capacity 37855K, committed 38004K, reserved 1083392K
  class space    used 4450K, capacity 4742K, committed 4756K, reserved 1048576K
2018-01-08T10:51:44.436-0100: 1106.537: [GC (Allocation Failure) 2018-01-08T10:51:44.436-0100: 1106.537: [ParNew
Desired survivor size 20112992 bytes, new threshold 8 (max 8)
- age   1:    1215040 bytes,    1215040 total
- age   2:     130024 bytes,    1345064 total
- age   3:     923968 bytes,    2269032 total
- age   4:     848264 bytes,    3117296 total
- age   5:    5267176 bytes,    8384472 total
- age   6:    4021784 bytes,   12406256 total
- age   7:    1031560 bytes,   13437816 total
- age   8:     101424 bytes,   13539240 total
: 103081K->17942K(109248K), 0.0272724 secs] 113583K->28772K(502464K), 0.0274238 secs] [Times: user=0.08 sys=0.00, real=0.03 secs] 
Heap after GC invocations=13 (full 1):
 par new generation   total 109248K, used 17942K [0x00000007a0000000, 0x00000007a8000000, 0x00000007a8000000)
  eden space 87424K,   0% used [0x00000007a0000000, 0x00000007a0000000, 0x00000007a5560000)
  from space 21824K,  82% used [0x00000007a6ab0000, 0x00000007a7c35908, 0x00000007a8000000)
  to   space 21824K,   0% used [0x00000007a5560000, 0x00000007a5560000, 0x00000007a6ab0000)
 concurrent mark-sweep generation total 393216K, used 10830K [0x00000007a8000000, 0x00000007c0000000, 0x00000007c0000000)
 Metaspace       used 36551K, capacity 37855K, committed 38004K, reserved 1083392K
  class space    used 4450K, capacity 4742K, committed 4756K, reserved 1048576K
}
2018-01-08T10:51:44.464-0100: 1106.565: Total time for which application threads were stopped: 0.0277045 seconds, Stopping threads took: 0.0000441 seconds
2018-01-08T10:51:44.465-0100: 1106.566: Total time for which application threads were stopped: 0.0004467 seconds, Stopping threads took: 0.0003147 seconds
2018-01-08T10:51:44.467-0100: 1106.568: Total time for which application threads were stopped: 0.0003670 seconds, Stopping threads took: 0.0002502 seconds
2018-01-08T10:51:44.476-0100: 1106.577: Total time for which application threads were stopped: 0.0003701 seconds, Stopping threads took: 0.0002121 seconds
2018-01-08T10:51:44.486-0100: 1106.587: Total time for which application threads were stopped: 0.0001807 seconds, Stopping threads took: 0.0000516 seconds
2018-01-08T10:51:44.486-0100: 1106.588: Total time for which application threads were stopped: 0.0001563 seconds, Stopping threads took: 0.0000528 seconds
2018-01-08T10:51:44.487-0100: 1106.588: Total time for which application threads were stopped: 0.0001389 seconds, Stopping threads took: 0.0000449 seconds
2018-01-08T10:51:44.487-0100: 1106.588: Total time for which application threads were stopped: 0.0001051 seconds, Stopping threads took: 0.0000165 seconds
2018-01-08T10:51:44.487-0100: 1106.588: Total time for which application threads were stopped: 0.0000913 seconds, Stopping threads took: 0.0000126 seconds
2018-01-08T10:51:44.487-0100: 1106.588: Total time for which application threads were stopped: 0.0000923 seconds, Stopping threads took: 0.0000174 seconds
2018-01-08T10:51:44.487-0100: 1106.588: Total time for which application threads were stopped: 0.0001205 seconds, Stopping threads took: 0.0000260 seconds
2018-01-08T10:51:44.487-0100: 1106.589: Total time for which application threads were stopped: 0.0000780 seconds, Stopping threads took: 0.0000115 seconds
2018-01-08T10:51:44.488-0100: 1106.589: Total time for which application threads were stopped: 0.0001058 seconds, Stopping threads took: 0.0000267 seconds
2018-01-08T10:51:44.488-0100: 1106.589: Total time for which application threads were stopped: 0.0001020 seconds, Stopping threads took: 0.0000306 seconds
2018-01-08T10:51:44.488-0100: 1106.589: Total time for which application threads were stopped: 0.0000916 seconds, Stopping threads took: 0.0000333 seconds
2018-01-08T10:51:44.488-0100: 1106.589: Total time for which application threads were stopped: 0.0000872 seconds, Stopping threads took: 0.0000183 seconds
2018-01-08T10:51:44.488-0100: 1106.589: Total time for which application threads were stopped: 0.0000766 seconds, Stopping threads took: 0.0000182 seconds
2018-01-08T10:51:44.488-0100: 1106.589: Total time for which application threads were stopped: 0.0000797 seconds, Stopping threads took: 0.0000247 seconds
2018-01-08T10:51:44.488-0100: 1106.590: Total time for which application threads were stopped: 0.0000575 seconds, Stopping threads took: 0.0000086 seconds
2018-01-08T10:51:44.488-0100: 1106.590: Total time for which application threads were stopped: 0.0000708 seconds, Stopping threads took: 0.0000104 seconds
2018-01-08T10:51:44.489-0100: 1106.590: Total time for which application threads were stopped: 0.0000746 seconds, Stopping threads took: 0.0000116 seconds
2018-01-08T10:51:44.489-0100: 1106.590: Total time for which application threads were stopped: 0.0000701 seconds, Stopping threads took: 0.0000111 seconds
2018-01-08T10:51:44.489-0100: 1106.590: Total time for which application threads were stopped: 0.0000899 seconds, Stopping threads took: 0.0000110 seconds
2018-01-08T10:51:44.489-0100: 1106.590: Total time for which application threads were stopped: 0.0003376 seconds, Stopping threads took: 0.0002598 seconds
2018-01-08T10:51:44.490-0100: 1106.591: Total time for which application threads were stopped: 0.0002858 seconds, Stopping threads took: 0.0000377 seconds
2018-01-08T10:51:44.492-0100: 1106.594: Total time for which application threads were stopped: 0.0002232 seconds, Stopping threads took: 0.0001075 seconds
2018-01-08T10:51:44.493-0100: 1106.594: Total time for which application threads were stopped: 0.0001279 seconds, Stopping threads took: 0.0000371 seconds
2018-01-08T10:51:44.515-0100: 1106.616: Total time for which application threads were stopped: 0.0001692 seconds, Stopping threads took: 0.0000537 seconds
2018-01-08T10:51:44.581-0100: 1106.682: Total time for which application threads were stopped: 0.0002303 seconds, Stopping threads took: 0.0000472 seconds
2018-01-08T10:51:44.601-0100: 1106.702: Total time for which application threads were stopped: 0.0001524 seconds, Stopping threads took: 0.0000421 seconds
2018-01-08T10:51:44.601-0100: 1106.703: Total time for which application threads were stopped: 0.0000935 seconds, Stopping threads took: 0.0000163 seconds
2018-01-08T10:51:44.604-0100: 1106.705: Total time for which application threads were stopped: 0.0001357 seconds, Stopping threads took: 0.0000266 seconds
2018-01-08T10:51:44.639-0100: 1106.740: Total time for which application threads were stopped: 0.0001989 seconds, Stopping threads took: 0.0000487 seconds
2018-01-08T10:51:44.640-0100: 1106.741: Total time for which application threads were stopped: 0.0001291 seconds, Stopping threads took: 0.0000265 seconds
2018-01-08T10:51:44.640-0100: 1106.741: Total time for which application threads were stopped: 0.0000910 seconds, Stopping threads took: 0.0000144 seconds
2018-01-08T10:51:44.640-0100: 1106.741: Total time for which application threads were stopped: 0.0000866 seconds, Stopping threads took: 0.0000118 seconds
2018-01-08T10:51:44.640-0100: 1106.741: Total time for which application threads were stopped: 0.0000722 seconds, Stopping threads took: 0.0000120 seconds
2018-01-08T10:51:44.640-0100: 1106.741: Total time for which application threads were stopped: 0.0000703 seconds, Stopping threads took: 0.0000115 seconds
2018-01-08T10:51:44.640-0100: 1106.741: Total time for which application threads were stopped: 0.0000726 seconds, Stopping threads took: 0.0000139 seconds
2018-01-08T10:51:44.640-0100: 1106.742: Total time for which application threads were stopped: 0.0000709 seconds, Stopping threads took: 0.0000130 seconds
2018-01-08T10:51:44.640-0100: 1106.742: Total time for which application threads were stopped: 0.0000635 seconds, Stopping threads took: 0.0000095 seconds
2018-01-08T10:51:44.655-0100: 1106.756: Total time for which application threads were stopped: 0.0001747 seconds, Stopping threads took: 0.0000495 seconds
2018-01-08T10:51:44.657-0100: 1106.758: Total time for which application threads were stopped: 0.0001535 seconds, Stopping threads took: 0.0000482 seconds
2018-01-08T10:51:44.657-0100: 1106.758: Total time for which application threads were stopped: 0.0001307 seconds, Stopping threads took: 0.0000360 seconds
2018-01-08T10:51:44.671-0100: 1106.773: Total time for which application threads were stopped: 0.0001841 seconds, Stopping threads took: 0.0000323 seconds
2018-01-08T10:51:44.672-0100: 1106.773: Total time for which application threads were stopped: 0.0000920 seconds, Stopping threads took: 0.0000179 seconds
2018-01-08T10:51:44.687-0100: 1106.788: Total time for which application threads were stopped: 0.0001782 seconds, Stopping threads took: 0.0000545 seconds
2018-01-08T10:51:44.699-0100: 1106.800: Total time for which application threads were stopped: 0.0001793 seconds, Stopping threads took: 0.0000569 seconds
2018-01-08T10:51:44.699-0100: 1106.801: Total time for which application threads were stopped: 0.0001403 seconds, Stopping threads took: 0.0000580 seconds
2018-01-08T10:51:49.712-0100: 1111.814: Total time for which application threads were stopped: 0.0001601 seconds, Stopping threads took: 0.0000663 seconds
2018-01-08T10:53:19.194-0100: 1201.295: Total time for which application threads were stopped: 0.0000808 seconds, Stopping threads took: 0.0000193 seconds
2018-01-08T10:53:19.195-0100: 1201.296: Total time for which application threads were stopped: 0.0000599 seconds, Stopping threads took: 0.0000131 seconds
2018-01-08T10:55:00.360-0100: 1302.461: Total time for which application threads were stopped: 0.0002234 seconds, Stopping threads took: 0.0000477 seconds
2018-01-08T10:56:00.470-0100: 1362.571: Total time for which application threads were stopped: 0.0000942 seconds, Stopping threads took: 0.0000247 seconds
2018-01-08T10:56:05.485-0100: 1367.586: Total time for which application threads were stopped: 0.0001022 seconds, Stopping threads took: 0.0000264 seconds
2018-01-08T10:58:10.751-0100: 1492.825: Total time for which application threads were stopped: 0.0001106 seconds, Stopping threads took: 0.0000307 seconds
2018-01-08T10:58:15.755-0100: 1497.828: Total time for which application threads were stopped: 0.0000989 seconds, Stopping threads took: 0.0000346 seconds
2018-01-08T10:59:09.857-0100: 1551.931: Total time for which application threads were stopped: 0.0001388 seconds, Stopping threads took: 0.0000288 seconds
2018-01-08T11:02:55.603-0100: 1777.676: Total time for which application threads were stopped: 0.0000678 seconds, Stopping threads took: 0.0000143 seconds
2018-01-08T11:02:55.616-0100: 1777.689: Total time for which application threads were stopped: 0.0000667 seconds, Stopping threads took: 0.0000150 seconds
2018-01-08T11:02:55.624-0100: 1777.697: Total time for which application threads were stopped: 0.0000818 seconds, Stopping threads took: 0.0000277 seconds
2018-01-08T11:02:55.624-0100: 1777.698: Total time for which application threads were stopped: 0.0000600 seconds, Stopping threads took: 0.0000216 seconds
2018-01-08T11:02:55.633-0100: 1777.706: Total time for which application threads were stopped: 0.0000571 seconds, Stopping threads took: 0.0000110 seconds
2018-01-08T11:02:55.643-0100: 1777.716: Total time for which application threads were stopped: 0.0001769 seconds, Stopping threads took: 0.0000784 seconds
2018-01-08T11:02:55.645-0100: 1777.718: Total time for which application threads were stopped: 0.0004665 seconds, Stopping threads took: 0.0000093 seconds
2018-01-08T11:02:55.645-0100: 1777.719: Total time for which application threads were stopped: 0.0003200 seconds, Stopping threads took: 0.0000078 seconds
2018-01-08T11:02:55.654-0100: 1777.727: Total time for which application threads were stopped: 0.0001549 seconds, Stopping threads took: 0.0000880 seconds
2018-01-08T11:02:55.654-0100: 1777.727: Total time for which application threads were stopped: 0.0001155 seconds, Stopping threads took: 0.0000593 seconds
2018-01-08T11:02:55.654-0100: 1777.727: Total time for which application threads were stopped: 0.0000723 seconds, Stopping threads took: 0.0000286 seconds
2018-01-08T11:02:55.655-0100: 1777.729: Total time for which application threads were stopped: 0.0000953 seconds, Stopping threads took: 0.0000390 seconds
2018-01-08T11:02:55.656-0100: 1777.729: Total time for which application threads were stopped: 0.0001348 seconds, Stopping threads took: 0.0000796 seconds
2018-01-08T11:02:55.657-0100: 1777.730: Total time for which application threads were stopped: 0.0000999 seconds, Stopping threads took: 0.0000374 seconds
2018-01-08T11:02:55.658-0100: 1777.731: Total time for which application threads were stopped: 0.0001380 seconds, Stopping threads took: 0.0000501 seconds
2018-01-08T11:02:55.658-0100: 1777.732: Total time for which application threads were stopped: 0.0001267 seconds, Stopping threads took: 0.0000408 seconds
2018-01-08T11:02:55.659-0100: 1777.732: Total time for which application threads were stopped: 0.0000799 seconds, Stopping threads took: 0.0000280 seconds
2018-01-08T11:02:55.659-0100: 1777.732: Total time for which application threads were stopped: 0.0000678 seconds, Stopping threads took: 0.0000235 seconds
2018-01-08T11:02:55.714-0100: 1777.787: Total time for which application threads were stopped: 0.0000775 seconds, Stopping threads took: 0.0000169 seconds
2018-01-08T11:02:55.731-0100: 1777.804: Total time for which application threads were stopped: 0.0001483 seconds, Stopping threads took: 0.0000482 seconds
2018-01-08T11:02:55.731-0100: 1777.804: Total time for which application threads were stopped: 0.0001382 seconds, Stopping threads took: 0.0000368 seconds
2018-01-08T11:02:55.732-0100: 1777.805: Total time for which application threads were stopped: 0.0001036 seconds, Stopping threads took: 0.0000162 seconds
2018-01-08T11:02:55.732-0100: 1777.805: Total time for which application threads were stopped: 0.0001074 seconds, Stopping threads took: 0.0000215 seconds
2018-01-08T11:02:55.733-0100: 1777.806: Total time for which application threads were stopped: 0.0001243 seconds, Stopping threads took: 0.0000382 seconds
2018-01-08T11:02:55.733-0100: 1777.806: Total time for which application threads were stopped: 0.0001317 seconds, Stopping threads took: 0.0000493 seconds
2018-01-08T11:02:55.733-0100: 1777.807: Total time for which application threads were stopped: 0.0001396 seconds, Stopping threads took: 0.0000522 seconds
2018-01-08T11:02:55.734-0100: 1777.807: Total time for which application threads were stopped: 0.0001121 seconds, Stopping threads took: 0.0000342 seconds
2018-01-08T11:02:55.734-0100: 1777.807: Total time for which application threads were stopped: 0.0000989 seconds, Stopping threads took: 0.0000320 seconds
2018-01-08T11:02:55.734-0100: 1777.807: Total time for which application threads were stopped: 0.0001051 seconds, Stopping threads took: 0.0000335 seconds
2018-01-08T11:02:55.734-0100: 1777.807: Total time for which application threads were stopped: 0.0001022 seconds, Stopping threads took: 0.0000407 seconds
2018-01-08T11:02:55.734-0100: 1777.808: Total time for which application threads were stopped: 0.0000841 seconds, Stopping threads took: 0.0000282 seconds
2018-01-08T11:02:55.735-0100: 1777.808: Total time for which application threads were stopped: 0.0001042 seconds, Stopping threads took: 0.0000331 seconds
2018-01-08T11:02:55.735-0100: 1777.809: Total time for which application threads were stopped: 0.0001265 seconds, Stopping threads took: 0.0000427 seconds
2018-01-08T11:02:55.736-0100: 1777.810: Total time for which application threads were stopped: 0.0002711 seconds, Stopping threads took: 0.0001402 seconds
2018-01-08T11:02:55.737-0100: 1777.810: Total time for which application threads were stopped: 0.0001592 seconds, Stopping threads took: 0.0000440 seconds
2018-01-08T11:02:55.738-0100: 1777.811: Total time for which application threads were stopped: 0.0001414 seconds, Stopping threads took: 0.0000495 seconds
2018-01-08T11:02:55.744-0100: 1777.818: Total time for which application threads were stopped: 0.0001316 seconds, Stopping threads took: 0.0000248 seconds
2018-01-08T11:02:55.748-0100: 1777.821: Total time for which application threads were stopped: 0.0001192 seconds, Stopping threads took: 0.0000471 seconds
2018-01-08T11:02:55.797-0100: 1777.870: Total time for which application threads were stopped: 0.0001878 seconds, Stopping threads took: 0.0000942 seconds
2018-01-08T11:02:55.802-0100: 1777.875: Total time for which application threads were stopped: 0.0001194 seconds, Stopping threads took: 0.0000468 seconds
2018-01-08T11:02:55.815-0100: 1777.888: Total time for which application threads were stopped: 0.0000736 seconds, Stopping threads took: 0.0000184 seconds
2018-01-08T11:02:55.820-0100: 1777.894: Total time for which application threads were stopped: 0.0000985 seconds, Stopping threads took: 0.0000181 seconds
2018-01-08T11:02:55.821-0100: 1777.894: Total time for which application threads were stopped: 0.0000679 seconds, Stopping threads took: 0.0000086 seconds
2018-01-08T11:02:55.824-0100: 1777.897: Total time for which application threads were stopped: 0.0000817 seconds, Stopping threads took: 0.0000156 seconds
2018-01-08T11:02:55.824-0100: 1777.897: Total time for which application threads were stopped: 0.0000719 seconds, Stopping threads took: 0.0000078 seconds
2018-01-08T11:02:55.824-0100: 1777.897: Total time for which application threads were stopped: 0.0000430 seconds, Stopping threads took: 0.0000071 seconds
2018-01-08T11:02:55.832-0100: 1777.905: Total time for which application threads were stopped: 0.0001130 seconds, Stopping threads took: 0.0000458 seconds
2018-01-08T11:02:55.833-0100: 1777.906: Total time for which application threads were stopped: 0.0001653 seconds, Stopping threads took: 0.0000746 seconds
2018-01-08T11:02:55.861-0100: 1777.935: Total time for which application threads were stopped: 0.0001280 seconds, Stopping threads took: 0.0000388 seconds
2018-01-08T11:02:55.864-0100: 1777.938: Total time for which application threads were stopped: 0.0001447 seconds, Stopping threads took: 0.0000287 seconds
2018-01-08T11:02:55.878-0100: 1777.952: Total time for which application threads were stopped: 0.0002724 seconds, Stopping threads took: 0.0000422 seconds
2018-01-08T11:02:55.883-0100: 1777.956: Total time for which application threads were stopped: 0.0001175 seconds, Stopping threads took: 0.0000385 seconds
2018-01-08T11:02:55.905-0100: 1777.978: Total time for which application threads were stopped: 0.0001541 seconds, Stopping threads took: 0.0000541 seconds
2018-01-08T11:02:55.905-0100: 1777.978: Total time for which application threads were stopped: 0.0001424 seconds, Stopping threads took: 0.0000444 seconds
2018-01-08T11:02:55.906-0100: 1777.979: Total time for which application threads were stopped: 0.0001692 seconds, Stopping threads took: 0.0000558 seconds
2018-01-08T11:02:55.907-0100: 1777.980: Total time for which application threads were stopped: 0.0002552 seconds, Stopping threads took: 0.0000655 seconds
2018-01-08T11:02:55.927-0100: 1778.000: Total time for which application threads were stopped: 0.0001952 seconds, Stopping threads took: 0.0000534 seconds
2018-01-08T11:02:55.935-0100: 1778.008: Total time for which application threads were stopped: 0.0001003 seconds, Stopping threads took: 0.0000301 seconds
2018-01-08T11:02:55.945-0100: 1778.018: Total time for which application threads were stopped: 0.0001428 seconds, Stopping threads took: 0.0000472 seconds
2018-01-08T11:02:55.957-0100: 1778.031: Total time for which application threads were stopped: 0.0001716 seconds, Stopping threads took: 0.0000178 seconds
2018-01-08T11:02:55.982-0100: 1778.055: Total time for which application threads were stopped: 0.0002217 seconds, Stopping threads took: 0.0000463 seconds
2018-01-08T11:02:56.485-0100: 1778.558: Total time for which application threads were stopped: 0.0001923 seconds, Stopping threads took: 0.0000210 seconds
2018-01-08T11:02:57.168-0100: 1779.241: Total time for which application threads were stopped: 0.0001014 seconds, Stopping threads took: 0.0000338 seconds
2018-01-08T11:02:58.085-0100: 1780.158: Total time for which application threads were stopped: 0.0001457 seconds, Stopping threads took: 0.0000429 seconds
2018-01-08T11:02:58.099-0100: 1780.172: Total time for which application threads were stopped: 0.0001185 seconds, Stopping threads took: 0.0000298 seconds
2018-01-08T11:02:58.099-0100: 1780.172: Total time for which application threads were stopped: 0.0001126 seconds, Stopping threads took: 0.0000584 seconds
2018-01-08T11:02:58.099-0100: 1780.172: Total time for which application threads were stopped: 0.0000726 seconds, Stopping threads took: 0.0000206 seconds
2018-01-08T11:02:58.099-0100: 1780.173: Total time for which application threads were stopped: 0.0000807 seconds, Stopping threads took: 0.0000238 seconds
2018-01-08T11:02:58.100-0100: 1780.173: Total time for which application threads were stopped: 0.0001080 seconds, Stopping threads took: 0.0000255 seconds
2018-01-08T11:02:58.100-0100: 1780.173: Total time for which application threads were stopped: 0.0000799 seconds, Stopping threads took: 0.0000224 seconds
2018-01-08T11:02:58.100-0100: 1780.173: Total time for which application threads were stopped: 0.0000595 seconds, Stopping threads took: 0.0000221 seconds
2018-01-08T11:02:58.100-0100: 1780.173: Total time for which application threads were stopped: 0.0000730 seconds, Stopping threads took: 0.0000291 seconds
2018-01-08T11:02:58.130-0100: 1780.203: Total time for which application threads were stopped: 0.0001531 seconds, Stopping threads took: 0.0000333 seconds
2018-01-08T11:02:58.136-0100: 1780.209: Total time for which application threads were stopped: 0.0001411 seconds, Stopping threads took: 0.0000424 seconds
2018-01-08T11:02:58.139-0100: 1780.212: Total time for which application threads were stopped: 0.0001335 seconds, Stopping threads took: 0.0000446 seconds
2018-01-08T11:02:58.140-0100: 1780.213: Total time for which application threads were stopped: 0.0001288 seconds, Stopping threads took: 0.0000286 seconds
2018-01-08T11:02:58.140-0100: 1780.213: Total time for which application threads were stopped: 0.0000948 seconds, Stopping threads took: 0.0000228 seconds
2018-01-08T11:02:58.140-0100: 1780.213: Total time for which application threads were stopped: 0.0001259 seconds, Stopping threads took: 0.0000384 seconds
2018-01-08T11:02:58.140-0100: 1780.214: Total time for which application threads were stopped: 0.0001093 seconds, Stopping threads took: 0.0000366 seconds
2018-01-08T11:02:58.169-0100: 1780.243: Total time for which application threads were stopped: 0.0001192 seconds, Stopping threads took: 0.0000209 seconds
2018-01-08T11:02:58.171-0100: 1780.244: Total time for which application threads were stopped: 0.0000934 seconds, Stopping threads took: 0.0000219 seconds
2018-01-08T11:02:58.182-0100: 1780.255: Total time for which application threads were stopped: 0.0001199 seconds, Stopping threads took: 0.0000234 seconds
2018-01-08T11:02:58.183-0100: 1780.256: Total time for which application threads were stopped: 0.0001031 seconds, Stopping threads took: 0.0000200 seconds
2018-01-08T11:02:58.184-0100: 1780.257: Total time for which application threads were stopped: 0.0001079 seconds, Stopping threads took: 0.0000431 seconds
2018-01-08T11:02:58.189-0100: 1780.262: Total time for which application threads were stopped: 0.0005746 seconds, Stopping threads took: 0.0000163 seconds
2018-01-08T11:02:58.220-0100: 1780.293: Total time for which application threads were stopped: 0.0001541 seconds, Stopping threads took: 0.0000413 seconds
2018-01-08T11:02:58.221-0100: 1780.294: Total time for which application threads were stopped: 0.0001815 seconds, Stopping threads took: 0.0000589 seconds
2018-01-08T11:02:59.224-0100: 1781.298: Total time for which application threads were stopped: 0.0001023 seconds, Stopping threads took: 0.0000256 seconds
2018-01-08T11:04:03.349-0100: 1845.422: Total time for which application threads were stopped: 0.0000988 seconds, Stopping threads took: 0.0000253 seconds
2018-01-08T11:05:56.815-0100: 1958.888: Total time for which application threads were stopped: 0.0001386 seconds, Stopping threads took: 0.0000182 seconds
2018-01-08T11:05:56.828-0100: 1958.900: Total time for which application threads were stopped: 0.0000873 seconds, Stopping threads took: 0.0000176 seconds
2018-01-08T11:05:56.828-0100: 1958.901: Total time for which application threads were stopped: 0.0000549 seconds, Stopping threads took: 0.0000098 seconds
2018-01-08T11:05:56.828-0100: 1958.901: Total time for which application threads were stopped: 0.0000561 seconds, Stopping threads took: 0.0000105 seconds
2018-01-08T11:05:56.829-0100: 1958.901: Total time for which application threads were stopped: 0.0000565 seconds, Stopping threads took: 0.0000105 seconds
2018-01-08T11:05:56.829-0100: 1958.902: Total time for which application threads were stopped: 0.0000624 seconds, Stopping threads took: 0.0000128 seconds
2018-01-08T11:05:56.829-0100: 1958.902: Total time for which application threads were stopped: 0.0000614 seconds, Stopping threads took: 0.0000123 seconds
2018-01-08T11:05:56.830-0100: 1958.903: Total time for which application threads were stopped: 0.0000585 seconds, Stopping threads took: 0.0000116 seconds
2018-01-08T11:05:56.830-0100: 1958.903: Total time for which application threads were stopped: 0.0000541 seconds, Stopping threads took: 0.0000106 seconds
2018-01-08T11:05:56.830-0100: 1958.903: Total time for which application threads were stopped: 0.0000762 seconds, Stopping threads took: 0.0000243 seconds
2018-01-08T11:05:56.831-0100: 1958.904: Total time for which application threads were stopped: 0.0000547 seconds, Stopping threads took: 0.0000109 seconds
2018-01-08T11:05:56.831-0100: 1958.904: Total time for which application threads were stopped: 0.0000508 seconds, Stopping threads took: 0.0000099 seconds
2018-01-08T11:07:11.955-0100: 2034.027: Total time for which application threads were stopped: 0.0000737 seconds, Stopping threads took: 0.0000171 seconds
2018-01-08T11:07:11.958-0100: 2034.031: Total time for which application threads were stopped: 0.0000880 seconds, Stopping threads took: 0.0000174 seconds
2018-01-08T11:07:11.959-0100: 2034.031: Total time for which application threads were stopped: 0.0000588 seconds, Stopping threads took: 0.0000106 seconds
2018-01-08T11:07:11.959-0100: 2034.032: Total time for which application threads were stopped: 0.0000364 seconds, Stopping threads took: 0.0000068 seconds
2018-01-08T11:07:11.959-0100: 2034.032: Total time for which application threads were stopped: 0.0000354 seconds, Stopping threads took: 0.0000064 seconds
2018-01-08T11:07:11.959-0100: 2034.032: Total time for which application threads were stopped: 0.0000375 seconds, Stopping threads took: 0.0000064 seconds
2018-01-08T11:07:11.959-0100: 2034.032: Total time for which application threads were stopped: 0.0000346 seconds, Stopping threads took: 0.0000063 seconds
2018-01-08T11:07:11.959-0100: 2034.032: Total time for which application threads were stopped: 0.0000989 seconds, Stopping threads took: 0.0000573 seconds
2018-01-08T11:07:11.960-0100: 2034.032: Total time for which application threads were stopped: 0.0000451 seconds, Stopping threads took: 0.0000088 seconds
2018-01-08T11:07:11.960-0100: 2034.033: Total time for which application threads were stopped: 0.0000401 seconds, Stopping threads took: 0.0000076 seconds
2018-01-08T11:07:11.960-0100: 2034.033: Total time for which application threads were stopped: 0.0000704 seconds, Stopping threads took: 0.0000333 seconds
2018-01-08T11:07:11.960-0100: 2034.033: Total time for which application threads were stopped: 0.0000624 seconds, Stopping threads took: 0.0000241 seconds
2018-01-08T11:07:11.961-0100: 2034.033: Total time for which application threads were stopped: 0.0000684 seconds, Stopping threads took: 0.0000306 seconds
2018-01-08T11:07:11.961-0100: 2034.034: Total time for which application threads were stopped: 0.0000782 seconds, Stopping threads took: 0.0000214 seconds
2018-01-08T11:07:11.961-0100: 2034.034: Total time for which application threads were stopped: 0.0000736 seconds, Stopping threads took: 0.0000313 seconds
2018-01-08T11:07:11.962-0100: 2034.034: Total time for which application threads were stopped: 0.0001347 seconds, Stopping threads took: 0.0000207 seconds
2018-01-08T11:07:44.867-0100: 2066.940: Total time for which application threads were stopped: 0.0001287 seconds, Stopping threads took: 0.0000418 seconds
2018-01-08T11:07:44.868-0100: 2066.940: Total time for which application threads were stopped: 0.0000889 seconds, Stopping threads took: 0.0000343 seconds
2018-01-08T11:07:44.868-0100: 2066.941: Total time for which application threads were stopped: 0.0001216 seconds, Stopping threads took: 0.0000450 seconds
2018-01-08T11:07:44.869-0100: 2066.941: Total time for which application threads were stopped: 0.0001593 seconds, Stopping threads took: 0.0000518 seconds
2018-01-08T11:07:44.872-0100: 2066.945: Total time for which application threads were stopped: 0.0001132 seconds, Stopping threads took: 0.0000207 seconds
2018-01-08T11:08:10.479-0100: 2092.552: Total time for which application threads were stopped: 0.0001174 seconds, Stopping threads took: 0.0000262 seconds
2018-01-08T11:08:10.483-0100: 2092.556: Total time for which application threads were stopped: 0.0001000 seconds, Stopping threads took: 0.0000222 seconds
2018-01-08T11:08:10.488-0100: 2092.561: Total time for which application threads were stopped: 0.0001245 seconds, Stopping threads took: 0.0000303 seconds
2018-01-08T11:08:10.489-0100: 2092.562: Total time for which application threads were stopped: 0.0001031 seconds, Stopping threads took: 0.0000311 seconds
2018-01-08T11:08:10.490-0100: 2092.563: Total time for which application threads were stopped: 0.0000958 seconds, Stopping threads took: 0.0000245 seconds
2018-01-08T11:08:15.507-0100: 2097.579: Total time for which application threads were stopped: 0.0001142 seconds, Stopping threads took: 0.0000286 seconds
2018-01-08T11:09:19.609-0100: 2161.681: Total time for which application threads were stopped: 0.0000863 seconds, Stopping threads took: 0.0000218 seconds
2018-01-08T11:12:14.137-0100: 2336.209: Total time for which application threads were stopped: 0.0001627 seconds, Stopping threads took: 0.0000312 seconds
2018-01-08T11:12:14.143-0100: 2336.215: Total time for which application threads were stopped: 0.0001264 seconds, Stopping threads took: 0.0000277 seconds
2018-01-08T11:12:14.143-0100: 2336.216: Total time for which application threads were stopped: 0.0001222 seconds, Stopping threads took: 0.0000261 seconds
2018-01-08T11:12:14.144-0100: 2336.217: Total time for which application threads were stopped: 0.0001400 seconds, Stopping threads took: 0.0000420 seconds
2018-01-08T11:12:14.145-0100: 2336.218: Total time for which application threads were stopped: 0.0001055 seconds, Stopping threads took: 0.0000198 seconds
2018-01-08T11:12:14.146-0100: 2336.219: Total time for which application threads were stopped: 0.0001032 seconds, Stopping threads took: 0.0000190 seconds
2018-01-08T11:12:15.150-0100: 2337.222: Total time for which application threads were stopped: 0.0001542 seconds, Stopping threads took: 0.0000385 seconds
2018-01-08T11:13:12.729-0100: 2394.801: Total time for which application threads were stopped: 0.0001122 seconds, Stopping threads took: 0.0000384 seconds
2018-01-08T11:13:12.733-0100: 2394.805: Total time for which application threads were stopped: 0.0000965 seconds, Stopping threads took: 0.0000217 seconds
2018-01-08T11:13:13.733-0100: 2395.806: Total time for which application threads were stopped: 0.0001243 seconds, Stopping threads took: 0.0000293 seconds
2018-01-08T11:13:20.752-0100: 2402.824: Total time for which application threads were stopped: 0.0001220 seconds, Stopping threads took: 0.0000440 seconds
2018-01-08T11:13:29.309-0100: 2411.381: Total time for which application threads were stopped: 0.0001722 seconds, Stopping threads took: 0.0000237 seconds
2018-01-08T11:16:14.010-0100: 2576.082: Total time for which application threads were stopped: 0.0001313 seconds, Stopping threads took: 0.0000520 seconds
2018-01-08T11:16:14.020-0100: 2576.091: Total time for which application threads were stopped: 0.0001972 seconds, Stopping threads took: 0.0000227 seconds
2018-01-08T11:16:14.027-0100: 2576.099: Total time for which application threads were stopped: 0.0000940 seconds, Stopping threads took: 0.0000212 seconds
2018-01-08T11:16:14.027-0100: 2576.099: Total time for which application threads were stopped: 0.0000997 seconds, Stopping threads took: 0.0000311 seconds
2018-01-08T11:16:14.028-0100: 2576.100: Total time for which application threads were stopped: 0.0001118 seconds, Stopping threads took: 0.0000188 seconds
2018-01-08T11:16:14.028-0100: 2576.100: Total time for which application threads were stopped: 0.0000872 seconds, Stopping threads took: 0.0000284 seconds
2018-01-08T11:16:49.103-0100: 2611.174: Total time for which application threads were stopped: 0.0001086 seconds, Stopping threads took: 0.0000333 seconds
2018-01-08T11:34:09.884-0100: 3651.955: Total time for which application threads were stopped: 0.0001114 seconds, Stopping threads took: 0.0000321 seconds
2018-01-08T11:34:09.884-0100: 3651.955: Total time for which application threads were stopped: 0.0000669 seconds, Stopping threads took: 0.0000103 seconds
2018-01-08T11:34:09.893-0100: 3651.963: Total time for which application threads were stopped: 0.0001128 seconds, Stopping threads took: 0.0000328 seconds
2018-01-08T11:34:09.893-0100: 3651.964: Total time for which application threads were stopped: 0.0000915 seconds, Stopping threads took: 0.0000123 seconds
2018-01-08T11:34:09.894-0100: 3651.964: Total time for which application threads were stopped: 0.0000631 seconds, Stopping threads took: 0.0000091 seconds
2018-01-08T11:34:09.913-0100: 3651.983: Total time for which application threads were stopped: 0.0000812 seconds, Stopping threads took: 0.0000186 seconds
2018-01-08T11:34:09.913-0100: 3651.984: Total time for which application threads were stopped: 0.0000727 seconds, Stopping threads took: 0.0000083 seconds
2018-01-08T11:34:09.913-0100: 3651.984: Total time for which application threads were stopped: 0.0000403 seconds, Stopping threads took: 0.0000074 seconds
2018-01-08T11:34:09.913-0100: 3651.984: Total time for which application threads were stopped: 0.0000472 seconds, Stopping threads took: 0.0000093 seconds
2018-01-08T11:34:09.913-0100: 3651.984: Total time for which application threads were stopped: 0.0000409 seconds, Stopping threads took: 0.0000075 seconds
2018-01-08T11:34:09.914-0100: 3651.984: Total time for which application threads were stopped: 0.0000675 seconds, Stopping threads took: 0.0000249 seconds
2018-01-08T11:34:09.914-0100: 3651.984: Total time for which application threads were stopped: 0.0000627 seconds, Stopping threads took: 0.0000216 seconds
2018-01-08T11:34:09.914-0100: 3651.985: Total time for which application threads were stopped: 0.0001153 seconds, Stopping threads took: 0.0000285 seconds
2018-01-08T11:34:09.914-0100: 3651.985: Total time for which application threads were stopped: 0.0000560 seconds, Stopping threads took: 0.0000185 seconds
2018-01-08T11:34:09.914-0100: 3651.985: Total time for which application threads were stopped: 0.0000645 seconds, Stopping threads took: 0.0000288 seconds
2018-01-08T11:34:09.914-0100: 3651.985: Total time for which application threads were stopped: 0.0000449 seconds, Stopping threads took: 0.0000100 seconds
2018-01-08T11:34:09.915-0100: 3651.985: Total time for which application threads were stopped: 0.0000492 seconds, Stopping threads took: 0.0000106 seconds
2018-01-08T11:34:09.915-0100: 3651.985: Total time for which application threads were stopped: 0.0000448 seconds, Stopping threads took: 0.0000100 seconds
2018-01-08T11:34:09.915-0100: 3651.986: Total time for which application threads were stopped: 0.0000461 seconds, Stopping threads took: 0.0000087 seconds
2018-01-08T11:34:09.915-0100: 3651.986: Total time for which application threads were stopped: 0.0000606 seconds, Stopping threads took: 0.0000104 seconds
2018-01-08T11:34:09.921-0100: 3651.991: Total time for which application threads were stopped: 0.0000915 seconds, Stopping threads took: 0.0000170 seconds
2018-01-08T11:34:09.921-0100: 3651.991: Total time for which application threads were stopped: 0.0000627 seconds, Stopping threads took: 0.0000097 seconds
2018-01-08T11:34:09.926-0100: 3651.997: Total time for which application threads were stopped: 0.0001198 seconds, Stopping threads took: 0.0000329 seconds
2018-01-08T11:34:09.927-0100: 3651.997: Total time for which application threads were stopped: 0.0000696 seconds, Stopping threads took: 0.0000195 seconds
2018-01-08T11:34:09.927-0100: 3651.997: Total time for which application threads were stopped: 0.0000661 seconds, Stopping threads took: 0.0000204 seconds
2018-01-08T11:34:10.705-0100: 3652.776: Total time for which application threads were stopped: 0.0006279 seconds, Stopping threads took: 0.0000145 seconds
2018-01-08T11:34:10.718-0100: 3652.788: Total time for which application threads were stopped: 0.0001192 seconds, Stopping threads took: 0.0000236 seconds
2018-01-08T11:34:11.053-0100: 3653.123: Total time for which application threads were stopped: 0.0001626 seconds, Stopping threads took: 0.0000431 seconds
2018-01-08T11:34:11.167-0100: 3653.238: Total time for which application threads were stopped: 0.0001509 seconds, Stopping threads took: 0.0000286 seconds
{Heap before GC invocations=13 (full 1):
 par new generation   total 109248K, used 105366K [0x00000007a0000000, 0x00000007a8000000, 0x00000007a8000000)
  eden space 87424K, 100% used [0x00000007a0000000, 0x00000007a5560000, 0x00000007a5560000)
  from space 21824K,  82% used [0x00000007a6ab0000, 0x00000007a7c35908, 0x00000007a8000000)
  to   space 21824K,   0% used [0x00000007a5560000, 0x00000007a5560000, 0x00000007a6ab0000)
 concurrent mark-sweep generation total 393216K, used 10830K [0x00000007a8000000, 0x00000007c0000000, 0x00000007c0000000)
 Metaspace       used 39856K, capacity 41175K, committed 41460K, reserved 1085440K
  class space    used 4797K, capacity 5092K, committed 5140K, reserved 1048576K
2018-01-08T11:34:12.140-0100: 3654.211: [GC (Allocation Failure) 2018-01-08T11:34:12.142-0100: 3654.213: [ParNew
Desired survivor size 20112992 bytes, new threshold 8 (max 8)
- age   1:    9265184 bytes,    9265184 total
- age   2:     875088 bytes,   10140272 total
- age   3:     128112 bytes,   10268384 total
- age   4:     131592 bytes,   10399976 total
- age   5:     808288 bytes,   11208264 total
- age   6:    3809720 bytes,   15017984 total
- age   7:    2165512 bytes,   17183496 total
- age   8:    1031336 bytes,   18214832 total
: 105366K->21824K(109248K), 0.0315336 secs] 116196K->32755K(502464K), 0.0336876 secs] [Times: user=0.07 sys=0.02, real=0.03 secs] 
Heap after GC invocations=14 (full 1):
 par new generation   total 109248K, used 21824K [0x00000007a0000000, 0x00000007a8000000, 0x00000007a8000000)
  eden space 87424K,   0% used [0x00000007a0000000, 0x00000007a0000000, 0x00000007a5560000)
  from space 21824K, 100% used [0x00000007a5560000, 0x00000007a6ab0000, 0x00000007a6ab0000)
  to   space 21824K,   0% used [0x00000007a6ab0000, 0x00000007a6ab0000, 0x00000007a8000000)
 concurrent mark-sweep generation total 393216K, used 10931K [0x00000007a8000000, 0x00000007c0000000, 0x00000007c0000000)
 Metaspace       used 39856K, capacity 41175K, committed 41460K, reserved 1085440K
  class space    used 4797K, capacity 5092K, committed 5140K, reserved 1048576K
}
2018-01-08T11:34:12.174-0100: 3654.244: Total time for which application threads were stopped: 0.0340391 seconds, Stopping threads took: 0.0000315 seconds
2018-01-08T11:34:12.178-0100: 3654.249: Total time for which application threads were stopped: 0.0003073 seconds, Stopping threads took: 0.0001642 seconds
2018-01-08T11:34:12.178-0100: 3654.249: Total time for which application threads were stopped: 0.0003260 seconds, Stopping threads took: 0.0001749 seconds
2018-01-08T11:34:12.179-0100: 3654.249: Total time for which application threads were stopped: 0.0001608 seconds, Stopping threads took: 0.0000817 seconds
2018-01-08T11:34:12.179-0100: 3654.250: Total time for which application threads were stopped: 0.0002184 seconds, Stopping threads took: 0.0000639 seconds
2018-01-08T11:34:12.180-0100: 3654.251: Total time for which application threads were stopped: 0.0009735 seconds, Stopping threads took: 0.0008490 seconds
2018-01-08T11:34:12.180-0100: 3654.251: Total time for which application threads were stopped: 0.0002375 seconds, Stopping threads took: 0.0001563 seconds
2018-01-08T11:34:12.181-0100: 3654.251: Total time for which application threads were stopped: 0.0001639 seconds, Stopping threads took: 0.0000934 seconds
2018-01-08T11:34:12.181-0100: 3654.251: Total time for which application threads were stopped: 0.0001199 seconds, Stopping threads took: 0.0000631 seconds
2018-01-08T11:34:12.181-0100: 3654.252: Total time for which application threads were stopped: 0.0003702 seconds, Stopping threads took: 0.0002594 seconds
2018-01-08T11:34:12.181-0100: 3654.252: Total time for which application threads were stopped: 0.0001503 seconds, Stopping threads took: 0.0000753 seconds
2018-01-08T11:34:12.182-0100: 3654.252: Total time for which application threads were stopped: 0.0001115 seconds, Stopping threads took: 0.0000581 seconds
2018-01-08T11:34:12.182-0100: 3654.252: Total time for which application threads were stopped: 0.0001183 seconds, Stopping threads took: 0.0000477 seconds
2018-01-08T11:34:12.182-0100: 3654.253: Total time for which application threads were stopped: 0.0002140 seconds, Stopping threads took: 0.0001491 seconds
2018-01-08T11:34:12.182-0100: 3654.253: Total time for which application threads were stopped: 0.0001663 seconds, Stopping threads took: 0.0000789 seconds
2018-01-08T11:34:12.182-0100: 3654.253: Total time for which application threads were stopped: 0.0001181 seconds, Stopping threads took: 0.0000533 seconds
2018-01-08T11:34:12.187-0100: 3654.257: Total time for which application threads were stopped: 0.0044665 seconds, Stopping threads took: 0.0043409 seconds
2018-01-08T11:34:12.187-0100: 3654.258: Total time for which application threads were stopped: 0.0001270 seconds, Stopping threads took: 0.0000349 seconds
2018-01-08T11:34:12.187-0100: 3654.258: Total time for which application threads were stopped: 0.0002112 seconds, Stopping threads took: 0.0001308 seconds
2018-01-08T11:34:12.189-0100: 3654.260: Total time for which application threads were stopped: 0.0018379 seconds, Stopping threads took: 0.0017122 seconds
2018-01-08T11:34:12.189-0100: 3654.260: Total time for which application threads were stopped: 0.0002620 seconds, Stopping threads took: 0.0000928 seconds
2018-01-08T11:34:12.190-0100: 3654.260: Total time for which application threads were stopped: 0.0001075 seconds, Stopping threads took: 0.0000281 seconds
2018-01-08T11:34:12.190-0100: 3654.261: Total time for which application threads were stopped: 0.0003611 seconds, Stopping threads took: 0.0000834 seconds
2018-01-08T11:34:12.213-0100: 3654.284: Total time for which application threads were stopped: 0.0003196 seconds, Stopping threads took: 0.0001601 seconds
{Heap before GC invocations=14 (full 1):
 par new generation   total 109248K, used 109248K [0x00000007a0000000, 0x00000007a8000000, 0x00000007a8000000)
  eden space 87424K, 100% used [0x00000007a0000000, 0x00000007a5560000, 0x00000007a5560000)
  from space 21824K, 100% used [0x00000007a5560000, 0x00000007a6ab0000, 0x00000007a6ab0000)
  to   space 21824K,   0% used [0x00000007a6ab0000, 0x00000007a6ab0000, 0x00000007a8000000)
 concurrent mark-sweep generation total 393216K, used 10931K [0x00000007a8000000, 0x00000007c0000000, 0x00000007c0000000)
 Metaspace       used 39861K, capacity 41175K, committed 41460K, reserved 1085440K
  class space    used 4797K, capacity 5092K, committed 5140K, reserved 1048576K
2018-01-08T11:34:12.273-0100: 3654.344: [GC (Allocation Failure) 2018-01-08T11:34:12.273-0100: 3654.344: [ParNew
Desired survivor size 20112992 bytes, new threshold 8 (max 8)
- age   1:     998408 bytes,     998408 total
- age   2:    6397088 bytes,    7395496 total
- age   3:     701976 bytes,    8097472 total
- age   4:     127872 bytes,    8225344 total
- age   5:     131592 bytes,    8356936 total
- age   6:     806608 bytes,    9163544 total
- age   7:    5956384 bytes,   15119928 total
- age   8:    2127808 bytes,   17247736 total
: 109248K->21824K(109248K), 0.0196043 secs] 120179K->33771K(502464K), 0.0197182 secs] [Times: user=0.07 sys=0.00, real=0.02 secs] 
Heap after GC invocations=15 (full 1):
 par new generation   total 109248K, used 21824K [0x00000007a0000000, 0x00000007a8000000, 0x00000007a8000000)
  eden space 87424K,   0% used [0x00000007a0000000, 0x00000007a0000000, 0x00000007a5560000)
  from space 21824K, 100% used [0x00000007a6ab0000, 0x00000007a8000000, 0x00000007a8000000)
  to   space 21824K,   0% used [0x00000007a5560000, 0x00000007a5560000, 0x00000007a6ab0000)
 concurrent mark-sweep generation total 393216K, used 11947K [0x00000007a8000000, 0x00000007c0000000, 0x00000007c0000000)
 Metaspace       used 39861K, capacity 41175K, committed 41460K, reserved 1085440K
  class space    used 4797K, capacity 5092K, committed 5140K, reserved 1048576K
}
2018-01-08T11:34:12.293-0100: 3654.364: Total time for which application threads were stopped: 0.0199892 seconds, Stopping threads took: 0.0000258 seconds
{Heap before GC invocations=15 (full 1):
 par new generation   total 109248K, used 109248K [0x00000007a0000000, 0x00000007a8000000, 0x00000007a8000000)
  eden space 87424K, 100% used [0x00000007a0000000, 0x00000007a5560000, 0x00000007a5560000)
  from space 21824K, 100% used [0x00000007a6ab0000, 0x00000007a8000000, 0x00000007a8000000)
  to   space 21824K,   0% used [0x00000007a5560000, 0x00000007a5560000, 0x00000007a6ab0000)
 concurrent mark-sweep generation total 393216K, used 11947K [0x00000007a8000000, 0x00000007c0000000, 0x00000007c0000000)
 Metaspace       used 39866K, capacity 41181K, committed 41460K, reserved 1085440K
  class space    used 4797K, capacity 5093K, committed 5140K, reserved 1048576K
2018-01-08T11:34:12.334-0100: 3654.405: [GC (Allocation Failure) 2018-01-08T11:34:12.334-0100: 3654.405: [ParNew
Desired survivor size 20112992 bytes, new threshold 8 (max 8)
- age   1:    1098368 bytes,    1098368 total
- age   2:     857144 bytes,    1955512 total
- age   3:    6215448 bytes,    8170960 total
- age   4:     701976 bytes,    8872936 total
- age   5:     127872 bytes,    9000808 total
- age   6:     131592 bytes,    9132400 total
- age   7:     806608 bytes,    9939008 total
- age   8:    3728144 bytes,   13667152 total
: 109248K->15522K(109248K), 0.0186965 secs] 121195K->29583K(502464K), 0.0188177 secs] [Times: user=0.07 sys=0.00, real=0.02 secs] 
Heap after GC invocations=16 (full 1):
 par new generation   total 109248K, used 15522K [0x00000007a0000000, 0x00000007a8000000, 0x00000007a8000000)
  eden space 87424K,   0% used [0x00000007a0000000, 0x00000007a0000000, 0x00000007a5560000)
  from space 21824K,  71% used [0x00000007a5560000, 0x00000007a64889d0, 0x00000007a6ab0000)
  to   space 21824K,   0% used [0x00000007a6ab0000, 0x00000007a6ab0000, 0x00000007a8000000)
 concurrent mark-sweep generation total 393216K, used 14060K [0x00000007a8000000, 0x00000007c0000000, 0x00000007c0000000)
 Metaspace       used 39866K, capacity 41181K, committed 41460K, reserved 1085440K
  class space    used 4797K, capacity 5093K, committed 5140K, reserved 1048576K
}
2018-01-08T11:34:12.353-0100: 3654.424: Total time for which application threads were stopped: 0.0191973 seconds, Stopping threads took: 0.0001262 seconds
{Heap before GC invocations=16 (full 1):
 par new generation   total 109248K, used 102946K [0x00000007a0000000, 0x00000007a8000000, 0x00000007a8000000)
  eden space 87424K, 100% used [0x00000007a0000000, 0x00000007a5560000, 0x00000007a5560000)
  from space 21824K,  71% used [0x00000007a5560000, 0x00000007a64889d0, 0x00000007a6ab0000)
  to   space 21824K,   0% used [0x00000007a6ab0000, 0x00000007a6ab0000, 0x00000007a8000000)
 concurrent mark-sweep generation total 393216K, used 14060K [0x00000007a8000000, 0x00000007c0000000, 0x00000007c0000000)
 Metaspace       used 39868K, capacity 41181K, committed 41460K, reserved 1085440K
  class space    used 4797K, capacity 5093K, committed 5140K, reserved 1048576K
2018-01-08T11:34:12.427-0100: 3654.498: [GC (Allocation Failure) 2018-01-08T11:34:12.436-0100: 3654.506: [ParNew
Desired survivor size 20112992 bytes, new threshold 8 (max 8)
- age   1:     550376 bytes,     550376 total
- age   2:     860552 bytes,    1410928 total
- age   3:     857144 bytes,    2268072 total
- age   4:    6215424 bytes,    8483496 total
- age   5:     701976 bytes,    9185472 total
- age   6:     127872 bytes,    9313344 total
- age   7:     131592 bytes,    9444936 total
- age   8:     806608 bytes,   10251544 total
: 102946K->15903K(109248K), 0.0174489 secs] 117007K->33621K(502464K), 0.0262887 secs] [Times: user=0.08 sys=0.00, real=0.03 secs] 
Heap after GC invocations=17 (full 1):
 par new generation   total 109248K, used 15903K [0x00000007a0000000, 0x00000007a8000000, 0x00000007a8000000)
  eden space 87424K,   0% used [0x00000007a0000000, 0x00000007a0000000, 0x00000007a5560000)
  from space 21824K,  72% used [0x00000007a6ab0000, 0x00000007a7a37f30, 0x00000007a8000000)
  to   space 21824K,   0% used [0x00000007a5560000, 0x00000007a5560000, 0x00000007a6ab0000)
 concurrent mark-sweep generation total 393216K, used 17717K [0x00000007a8000000, 0x00000007c0000000, 0x00000007c0000000)
 Metaspace       used 39868K, capacity 41181K, committed 41460K, reserved 1085440K
  class space    used 4797K, capacity 5093K, committed 5140K, reserved 1048576K
}
2018-01-08T11:34:12.453-0100: 3654.524: Total time for which application threads were stopped: 0.0265830 seconds, Stopping threads took: 0.0000820 seconds
2018-01-08T11:34:12.569-0100: 3654.640: Total time for which application threads were stopped: 0.0002841 seconds, Stopping threads took: 0.0000476 seconds
2018-01-08T11:34:12.625-0100: 3654.696: Total time for which application threads were stopped: 0.0116436 seconds, Stopping threads took: 0.0114445 seconds
2018-01-08T11:34:12.649-0100: 3654.720: Total time for which application threads were stopped: 0.0001739 seconds, Stopping threads took: 0.0000237 seconds
2018-01-08T11:34:12.664-0100: 3654.734: Total time for which application threads were stopped: 0.0001898 seconds, Stopping threads took: 0.0000338 seconds
{Heap before GC invocations=17 (full 1):
 par new generation   total 109248K, used 103327K [0x00000007a0000000, 0x00000007a8000000, 0x00000007a8000000)
  eden space 87424K, 100% used [0x00000007a0000000, 0x00000007a5560000, 0x00000007a5560000)
  from space 21824K,  72% used [0x00000007a6ab0000, 0x00000007a7a37f30, 0x00000007a8000000)
  to   space 21824K,   0% used [0x00000007a5560000, 0x00000007a5560000, 0x00000007a6ab0000)
 concurrent mark-sweep generation total 393216K, used 17717K [0x00000007a8000000, 0x00000007c0000000, 0x00000007c0000000)
 Metaspace       used 40252K, capacity 41635K, committed 41912K, reserved 1085440K
  class space    used 4842K, capacity 5170K, committed 5268K, reserved 1048576K
2018-01-08T11:34:12.689-0100: 3654.759: [GC (Allocation Failure) 2018-01-08T11:34:12.689-0100: 3654.760: [ParNew
Desired survivor size 20112992 bytes, new threshold 8 (max 8)
- age   1:    2348544 bytes,    2348544 total
- age   2:      80496 bytes,    2429040 total
- age   3:     157944 bytes,    2586984 total
- age   4:     154112 bytes,    2741096 total
- age   5:    6209648 bytes,    8950744 total
- age   6:     701976 bytes,    9652720 total
- age   7:     127872 bytes,    9780592 total
- age   8:     131592 bytes,    9912184 total
: 103327K->12883K(109248K), 0.0184215 secs] 121045K->31393K(502464K), 0.0185607 secs] [Times: user=0.08 sys=0.00, real=0.02 secs] 
Heap after GC invocations=18 (full 1):
 par new generation   total 109248K, used 12883K [0x00000007a0000000, 0x00000007a8000000, 0x00000007a8000000)
  eden space 87424K,   0% used [0x00000007a0000000, 0x00000007a0000000, 0x00000007a5560000)
  from space 21824K,  59% used [0x00000007a5560000, 0x00000007a61f4e60, 0x00000007a6ab0000)
  to   space 21824K,   0% used [0x00000007a6ab0000, 0x00000007a6ab0000, 0x00000007a8000000)
 concurrent mark-sweep generation total 393216K, used 18509K [0x00000007a8000000, 0x00000007c0000000, 0x00000007c0000000)
 Metaspace       used 40252K, capacity 41635K, committed 41912K, reserved 1085440K
  class space    used 4842K, capacity 5170K, committed 5268K, reserved 1048576K
}
2018-01-08T11:34:12.707-0100: 3654.778: Total time for which application threads were stopped: 0.0189350 seconds, Stopping threads took: 0.0000595 seconds
2018-01-08T11:34:12.708-0100: 3654.778: [GC (CMS Initial Mark) [1 CMS-initial-mark: 18509K(393216K)] 32201K(502464K), 0.0038498 secs] [Times: user=0.02 sys=0.00, real=0.01 secs] 
2018-01-08T11:34:12.712-0100: 3654.782: Total time for which application threads were stopped: 0.0041808 seconds, Stopping threads took: 0.0000996 seconds
2018-01-08T11:34:12.712-0100: 3654.782: [CMS-concurrent-mark-start]
2018-01-08T11:34:12.723-0100: 3654.793: [CMS-concurrent-mark: 0.011/0.011 secs] [Times: user=0.05 sys=0.01, real=0.01 secs] 
2018-01-08T11:34:12.723-0100: 3654.793: [CMS-concurrent-preclean-start]
2018-01-08T11:34:12.724-0100: 3654.795: [CMS-concurrent-preclean: 0.002/0.002 secs] [Times: user=0.00 sys=0.00, real=0.00 secs] 
2018-01-08T11:34:12.724-0100: 3654.795: [CMS-concurrent-abortable-preclean-start]
2018-01-08T11:34:12.737-0100: 3654.808: Total time for which application threads were stopped: 0.0002142 seconds, Stopping threads took: 0.0000458 seconds
2018-01-08T11:34:12.739-0100: 3654.809: Total time for which application threads were stopped: 0.0001958 seconds, Stopping threads took: 0.0000539 seconds
2018-01-08T11:34:12.766-0100: 3654.836: Total time for which application threads were stopped: 0.0045392 seconds, Stopping threads took: 0.0044127 seconds
2018-01-08T11:34:12.785-0100: 3654.856: Total time for which application threads were stopped: 0.0001948 seconds, Stopping threads took: 0.0000468 seconds
2018-01-08T11:34:12.786-0100: 3654.857: Total time for which application threads were stopped: 0.0002935 seconds, Stopping threads took: 0.0001589 seconds
2018-01-08T11:34:13.169-0100: 3655.240: Total time for which application threads were stopped: 0.0001438 seconds, Stopping threads took: 0.0000216 seconds
2018-01-08T11:34:13.170-0100: 3655.240: Total time for which application threads were stopped: 0.0001038 seconds, Stopping threads took: 0.0000142 seconds
2018-01-08T11:34:13.809-0100: 3655.879: Total time for which application threads were stopped: 0.0001267 seconds, Stopping threads took: 0.0000200 seconds
2018-01-08T11:34:14.809-0100: 3656.880: Total time for which application threads were stopped: 0.0001249 seconds, Stopping threads took: 0.0000355 seconds
2018-01-08T11:34:15.809-0100: 3657.880: Total time for which application threads were stopped: 0.0001167 seconds, Stopping threads took: 0.0000278 seconds
 CMS: abort preclean due to time 2018-01-08T11:34:18.868-0100: 3660.938: [CMS-concurrent-abortable-preclean: 2.356/6.143 secs] [Times: user=2.73 sys=0.03, real=6.14 secs] 
2018-01-08T11:34:18.868-0100: 3660.938: [GC (CMS Final Remark) [YG occupancy: 32145 K (109248 K)]{Heap before GC invocations=18 (full 2):
 par new generation   total 109248K, used 32145K [0x00000007a0000000, 0x00000007a8000000, 0x00000007a8000000)
  eden space 87424K,  22% used [0x00000007a0000000, 0x00000007a12cf8e0, 0x00000007a5560000)
  from space 21824K,  59% used [0x00000007a5560000, 0x00000007a61f4e60, 0x00000007a6ab0000)
  to   space 21824K,   0% used [0x00000007a6ab0000, 0x00000007a6ab0000, 0x00000007a8000000)
 concurrent mark-sweep generation total 393216K, used 18509K [0x00000007a8000000, 0x00000007c0000000, 0x00000007c0000000)
 Metaspace       used 40561K, capacity 41967K, committed 42100K, reserved 1085440K
  class space    used 4877K, capacity 5222K, committed 5268K, reserved 1048576K
2018-01-08T11:34:18.868-0100: 3660.938: [GC (CMS Final Remark) 2018-01-08T11:34:18.868-0100: 3660.938: [ParNew
Desired survivor size 20112992 bytes, new threshold 8 (max 8)
- age   1:    4583520 bytes,    4583520 total
- age   2:    1511104 bytes,    6094624 total
- age   3:      80496 bytes,    6175120 total
- age   4:     157944 bytes,    6333064 total
- age   5:     154016 bytes,    6487080 total
- age   6:    6182912 bytes,   12669992 total
- age   7:     701976 bytes,   13371968 total
- age   8:     127872 bytes,   13499840 total
: 32145K->15984K(109248K), 0.0118213 secs] 50655K->34624K(502464K), 0.0118942 secs] [Times: user=0.04 sys=0.00, real=0.02 secs] 
Heap after GC invocations=19 (full 2):
 par new generation   total 109248K, used 15984K [0x00000007a0000000, 0x00000007a8000000, 0x00000007a8000000)
  eden space 87424K,   0% used [0x00000007a0000000, 0x00000007a0000000, 0x00000007a5560000)
  from space 21824K,  73% used [0x00000007a6ab0000, 0x00000007a7a4c210, 0x00000007a8000000)
  to   space 21824K,   0% used [0x00000007a5560000, 0x00000007a5560000, 0x00000007a6ab0000)
 concurrent mark-sweep generation total 393216K, used 18640K [0x00000007a8000000, 0x00000007c0000000, 0x00000007c0000000)
 Metaspace       used 40561K, capacity 41967K, committed 42100K, reserved 1085440K
  class space    used 4877K, capacity 5222K, committed 5268K, reserved 1048576K
}
2018-01-08T11:34:18.880-0100: 3660.950: [Rescan (parallel) , 0.0031528 secs]2018-01-08T11:34:18.883-0100: 3660.954: [weak refs processing, 0.0011195 secs]2018-01-08T11:34:18.884-0100: 3660.955: [class unloading, 0.0206616 secs]2018-01-08T11:34:18.905-0100: 3660.975: [scrub symbol table, 0.0074203 secs]2018-01-08T11:34:18.912-0100: 3660.983: [scrub string table, 0.0004530 secs][1 CMS-remark: 18640K(393216K)] 34624K(502464K), 0.0463415 secs] [Times: user=0.07 sys=0.01, real=0.05 secs] 
2018-01-08T11:34:18.914-0100: 3660.985: Total time for which application threads were stopped: 0.0464898 seconds, Stopping threads took: 0.0000205 seconds
2018-01-08T11:34:18.914-0100: 3660.985: [CMS-concurrent-sweep-start]
2018-01-08T11:34:18.914-0100: 3660.985: Total time for which application threads were stopped: 0.0001076 seconds, Stopping threads took: 0.0000158 seconds
2018-01-08T11:34:18.915-0100: 3660.985: Total time for which application threads were stopped: 0.0000789 seconds, Stopping threads took: 0.0000257 seconds
2018-01-08T11:34:18.915-0100: 3660.985: Total time for which application threads were stopped: 0.0000499 seconds, Stopping threads took: 0.0000086 seconds
2018-01-08T11:34:18.915-0100: 3660.985: Total time for which application threads were stopped: 0.0000637 seconds, Stopping threads took: 0.0000115 seconds
2018-01-08T11:34:18.915-0100: 3660.986: Total time for which application threads were stopped: 0.0000636 seconds, Stopping threads took: 0.0000117 seconds
2018-01-08T11:34:18.915-0100: 3660.986: Total time for which application threads were stopped: 0.0000628 seconds, Stopping threads took: 0.0000112 seconds
2018-01-08T11:34:18.915-0100: 3660.986: Total time for which application threads were stopped: 0.0000731 seconds, Stopping threads took: 0.0000098 seconds
2018-01-08T11:34:18.915-0100: 3660.986: Total time for which application threads were stopped: 0.0000611 seconds, Stopping threads took: 0.0000111 seconds
2018-01-08T11:34:18.916-0100: 3660.986: Total time for which application threads were stopped: 0.0000587 seconds, Stopping threads took: 0.0000109 seconds
2018-01-08T11:34:18.916-0100: 3660.986: Total time for which application threads were stopped: 0.0000501 seconds, Stopping threads took: 0.0000082 seconds
2018-01-08T11:34:18.916-0100: 3660.986: Total time for which application threads were stopped: 0.0000478 seconds, Stopping threads took: 0.0000081 seconds
2018-01-08T11:34:18.916-0100: 3660.986: Total time for which application threads were stopped: 0.0000544 seconds, Stopping threads took: 0.0000094 seconds
2018-01-08T11:34:18.916-0100: 3660.987: Total time for which application threads were stopped: 0.0000667 seconds, Stopping threads took: 0.0000136 seconds
2018-01-08T11:34:18.916-0100: 3660.987: Total time for which application threads were stopped: 0.0000422 seconds, Stopping threads took: 0.0000071 seconds
2018-01-08T11:34:18.916-0100: 3660.987: Total time for which application threads were stopped: 0.0000695 seconds, Stopping threads took: 0.0000137 seconds
2018-01-08T11:34:18.916-0100: 3660.987: Total time for which application threads were stopped: 0.0000656 seconds, Stopping threads took: 0.0000129 seconds
2018-01-08T11:34:18.916-0100: 3660.987: Total time for which application threads were stopped: 0.0000656 seconds, Stopping threads took: 0.0000082 seconds
2018-01-08T11:34:18.916-0100: 3660.987: Total time for which application threads were stopped: 0.0000499 seconds, Stopping threads took: 0.0000083 seconds
2018-01-08T11:34:18.917-0100: 3660.987: Total time for which application threads were stopped: 0.0000491 seconds, Stopping threads took: 0.0000082 seconds
2018-01-08T11:34:18.917-0100: 3660.987: Total time for which application threads were stopped: 0.0001445 seconds, Stopping threads took: 0.0000082 seconds
2018-01-08T11:34:18.925-0100: 3660.996: [CMS-concurrent-sweep: 0.009/0.011 secs] [Times: user=0.01 sys=0.01, real=0.01 secs] 
2018-01-08T11:34:18.925-0100: 3660.996: [CMS-concurrent-reset-start]
2018-01-08T11:34:18.929-0100: 3661.000: [CMS-concurrent-reset: 0.004/0.004 secs] [Times: user=0.00 sys=0.00, real=0.00 secs] 
2018-01-08T11:35:09.931-0100: 3712.001: Total time for which application threads were stopped: 0.0005813 seconds, Stopping threads took: 0.0000296 seconds
2018-01-08T11:35:19.950-0100: 3722.021: Total time for which application threads were stopped: 0.0002154 seconds, Stopping threads took: 0.0000341 seconds
2018-01-08T11:35:44.002-0100: 3746.072: Total time for which application threads were stopped: 0.0001643 seconds, Stopping threads took: 0.0000553 seconds
2018-01-08T11:38:17.921-0100: 3899.991: Total time for which application threads were stopped: 0.0002410 seconds, Stopping threads took: 0.0000405 seconds
2018-01-08T11:38:18.926-0100: 3900.997: Total time for which application threads were stopped: 0.0002220 seconds, Stopping threads took: 0.0000394 seconds
2018-01-08T11:39:10.170-0100: 3952.241: Total time for which application threads were stopped: 0.0001249 seconds, Stopping threads took: 0.0000358 seconds
2018-01-08T11:39:10.171-0100: 3952.241: Total time for which application threads were stopped: 0.0000853 seconds, Stopping threads took: 0.0000307 seconds
2018-01-08T11:39:10.171-0100: 3952.242: Total time for which application threads were stopped: 0.0001465 seconds, Stopping threads took: 0.0000372 seconds
2018-01-08T11:39:10.190-0100: 3952.260: Total time for which application threads were stopped: 0.0002584 seconds, Stopping threads took: 0.0000859 seconds
2018-01-08T11:39:10.192-0100: 3952.262: Total time for which application threads were stopped: 0.0001872 seconds, Stopping threads took: 0.0000599 seconds
2018-01-08T11:39:10.196-0100: 3952.267: Total time for which application threads were stopped: 0.0001863 seconds, Stopping threads took: 0.0000413 seconds
2018-01-08T11:39:10.198-0100: 3952.268: Total time for which application threads were stopped: 0.0001640 seconds, Stopping threads took: 0.0000401 seconds
2018-01-08T11:39:10.199-0100: 3952.269: Total time for which application threads were stopped: 0.0002883 seconds, Stopping threads took: 0.0001538 seconds
{Heap before GC invocations=19 (full 2):
 par new generation   total 109248K, used 103407K [0x00000007a0000000, 0x00000007a8000000, 0x00000007a8000000)
  eden space 87424K,  99% used [0x00000007a0000000, 0x00000007a555fd38, 0x00000007a5560000)
  from space 21824K,  73% used [0x00000007a6ab0000, 0x00000007a7a4c210, 0x00000007a8000000)
  to   space 21824K,   0% used [0x00000007a5560000, 0x00000007a5560000, 0x00000007a6ab0000)
 concurrent mark-sweep generation total 393216K, used 17200K [0x00000007a8000000, 0x00000007c0000000, 0x00000007c0000000)
 Metaspace       used 40480K, capacity 41673K, committed 42100K, reserved 1085440K
  class space    used 4842K, capacity 5157K, committed 5268K, reserved 1048576K
2018-01-08T11:39:10.233-0100: 3952.304: [GC (Allocation Failure) 2018-01-08T11:39:10.234-0100: 3952.304: [ParNew
Desired survivor size 20112992 bytes, new threshold 8 (max 8)
- age   1:    1541872 bytes,    1541872 total
- age   2:    4439464 bytes,    5981336 total
- age   3:    1397856 bytes,    7379192 total
- age   4:      80496 bytes,    7459688 total
- age   5:     157832 bytes,    7617520 total
- age   6:     154016 bytes,    7771536 total
- age   7:    6117632 bytes,   13889168 total
- age   8:     701904 bytes,   14591072 total
: 103407K->19413K(109248K), 0.0330498 secs] 120608K->36741K(502464K), 0.0335068 secs] [Times: user=0.07 sys=0.00, real=0.03 secs] 
Heap after GC invocations=20 (full 2):
 par new generation   total 109248K, used 19413K [0x00000007a0000000, 0x00000007a8000000, 0x00000007a8000000)
  eden space 87424K,   0% used [0x00000007a0000000, 0x00000007a0000000, 0x00000007a5560000)
  from space 21824K,  88% used [0x00000007a5560000, 0x00000007a6855418, 0x00000007a6ab0000)
  to   space 21824K,   0% used [0x00000007a6ab0000, 0x00000007a6ab0000, 0x00000007a8000000)
 concurrent mark-sweep generation total 393216K, used 17328K [0x00000007a8000000, 0x00000007c0000000, 0x00000007c0000000)
 Metaspace       used 40480K, capacity 41673K, committed 42100K, reserved 1085440K
  class space    used 4842K, capacity 5157K, committed 5268K, reserved 1048576K
}
2018-01-08T11:39:10.267-0100: 3952.337: Total time for which application threads were stopped: 0.0338100 seconds, Stopping threads took: 0.0000387 seconds
2018-01-08T11:39:10.307-0100: 3952.377: Total time for which application threads were stopped: 0.0002778 seconds, Stopping threads took: 0.0001146 seconds
2018-01-08T11:39:10.342-0100: 3952.412: Total time for which application threads were stopped: 0.0111547 seconds, Stopping threads took: 0.0109554 seconds
2018-01-08T11:39:10.356-0100: 3952.426: Total time for which application threads were stopped: 0.0002375 seconds, Stopping threads took: 0.0000579 seconds
2018-01-08T11:39:10.366-0100: 3952.436: Total time for which application threads were stopped: 0.0003494 seconds, Stopping threads took: 0.0001989 seconds
{Heap before GC invocations=20 (full 2):
 par new generation   total 109248K, used 106837K [0x00000007a0000000, 0x00000007a8000000, 0x00000007a8000000)
  eden space 87424K, 100% used [0x00000007a0000000, 0x00000007a5560000, 0x00000007a5560000)
  from space 21824K,  88% used [0x00000007a5560000, 0x00000007a6855418, 0x00000007a6ab0000)
  to   space 21824K,   0% used [0x00000007a6ab0000, 0x00000007a6ab0000, 0x00000007a8000000)
 concurrent mark-sweep generation total 393216K, used 17328K [0x00000007a8000000, 0x00000007c0000000, 0x00000007c0000000)
 Metaspace       used 40504K, capacity 41761K, committed 42100K, reserved 1085440K
  class space    used 4844K, capacity 5161K, committed 5268K, reserved 1048576K
2018-01-08T11:39:10.368-0100: 3952.438: [GC (Allocation Failure) 2018-01-08T11:39:10.368-0100: 3952.438: [ParNew
Desired survivor size 20112992 bytes, new threshold 8 (max 8)
- age   1:    1414832 bytes,    1414832 total
- age   2:    1343480 bytes,    2758312 total
- age   3:    4208952 bytes,    6967264 total
- age   4:    1396808 bytes,    8364072 total
- age   5:      80496 bytes,    8444568 total
- age   6:     157768 bytes,    8602336 total
- age   7:     154016 bytes,    8756352 total
- age   8:    6107784 bytes,   14864136 total
: 106837K->18262K(109248K), 0.0272392 secs] 124165K->36282K(502464K), 0.0273785 secs] [Times: user=0.08 sys=0.00, real=0.03 secs] 
Heap after GC invocations=21 (full 2):
 par new generation   total 109248K, used 18262K [0x00000007a0000000, 0x00000007a8000000, 0x00000007a8000000)
  eden space 87424K,   0% used [0x00000007a0000000, 0x00000007a0000000, 0x00000007a5560000)
  from space 21824K,  83% used [0x00000007a6ab0000, 0x00000007a7c85a30, 0x00000007a8000000)
  to   space 21824K,   0% used [0x00000007a5560000, 0x00000007a5560000, 0x00000007a6ab0000)
 concurrent mark-sweep generation total 393216K, used 18020K [0x00000007a8000000, 0x00000007c0000000, 0x00000007c0000000)
 Metaspace       used 40504K, capacity 41761K, committed 42100K, reserved 1085440K
  class space    used 4844K, capacity 5161K, committed 5268K, reserved 1048576K
}
2018-01-08T11:39:10.395-0100: 3952.465: Total time for which application threads were stopped: 0.0277059 seconds, Stopping threads took: 0.0000558 seconds
2018-01-08T11:39:10.395-0100: 3952.466: Total time for which application threads were stopped: 0.0001931 seconds, Stopping threads took: 0.0000543 seconds
{Heap before GC invocations=21 (full 2):
 par new generation   total 109248K, used 105680K [0x00000007a0000000, 0x00000007a8000000, 0x00000007a8000000)
  eden space 87424K,  99% used [0x00000007a0000000, 0x00000007a555e8f0, 0x00000007a5560000)
  from space 21824K,  83% used [0x00000007a6ab0000, 0x00000007a7c85a30, 0x00000007a8000000)
  to   space 21824K,   0% used [0x00000007a5560000, 0x00000007a5560000, 0x00000007a6ab0000)
 concurrent mark-sweep generation total 393216K, used 18020K [0x00000007a8000000, 0x00000007c0000000, 0x00000007c0000000)
 Metaspace       used 40513K, capacity 41767K, committed 42100K, reserved 1085440K
  class space    used 4845K, capacity 5162K, committed 5268K, reserved 1048576K
2018-01-08T11:39:10.521-0100: 3952.591: [GC (Allocation Failure) 2018-01-08T11:39:10.521-0100: 3952.591: [ParNew
Desired survivor size 20112992 bytes, new threshold 8 (max 8)
- age   1:    1100832 bytes,    1100832 total
- age   2:     760512 bytes,    1861344 total
- age   3:    1342936 bytes,    3204280 total
- age   4:    4208952 bytes,    7413232 total
- age   5:    1396808 bytes,    8810040 total
- age   6:      80496 bytes,    8890536 total
- age   7:     157768 bytes,    9048304 total
- age   8:     154016 bytes,    9202320 total
: 105680K->16145K(109248K), 0.0312585 secs] 123700K->40999K(502464K), 0.0314025 secs] [Times: user=0.11 sys=0.01, real=0.03 secs] 
Heap after GC invocations=22 (full 2):
 par new generation   total 109248K, used 16145K [0x00000007a0000000, 0x00000007a8000000, 0x00000007a8000000)
  eden space 87424K,   0% used [0x00000007a0000000, 0x00000007a0000000, 0x00000007a5560000)
  from space 21824K,  73% used [0x00000007a5560000, 0x00000007a6524428, 0x00000007a6ab0000)
  to   space 21824K,   0% used [0x00000007a6ab0000, 0x00000007a6ab0000, 0x00000007a8000000)
 concurrent mark-sweep generation total 393216K, used 24854K [0x00000007a8000000, 0x00000007c0000000, 0x00000007c0000000)
 Metaspace       used 40513K, capacity 41767K, committed 42100K, reserved 1085440K
  class space    used 4845K, capacity 5162K, committed 5268K, reserved 1048576K
}
2018-01-08T11:39:10.552-0100: 3952.622: Total time for which application threads were stopped: 0.0317493 seconds, Stopping threads took: 0.0000684 seconds
{Heap before GC invocations=22 (full 2):
 par new generation   total 109248K, used 103569K [0x00000007a0000000, 0x00000007a8000000, 0x00000007a8000000)
  eden space 87424K, 100% used [0x00000007a0000000, 0x00000007a5560000, 0x00000007a5560000)
  from space 21824K,  73% used [0x00000007a5560000, 0x00000007a6524428, 0x00000007a6ab0000)
  to   space 21824K,   0% used [0x00000007a6ab0000, 0x00000007a6ab0000, 0x00000007a8000000)
 concurrent mark-sweep generation total 393216K, used 24854K [0x00000007a8000000, 0x00000007c0000000, 0x00000007c0000000)
 Metaspace       used 40524K, capacity 41773K, committed 42100K, reserved 1085440K
  class space    used 4846K, capacity 5163K, committed 5268K, reserved 1048576K
2018-01-08T11:39:10.640-0100: 3952.710: [GC (Allocation Failure) 2018-01-08T11:39:10.640-0100: 3952.710: [ParNew
Desired survivor size 20112992 bytes, new threshold 8 (max 8)
- age   1:     302168 bytes,     302168 total
- age   2:     703056 bytes,    1005224 total
- age   3:     750000 bytes,    1755224 total
- age   4:    1341216 bytes,    3096440 total
- age   5:    4208952 bytes,    7305392 total
- age   6:    1396808 bytes,    8702200 total
- age   7:      80496 bytes,    8782696 total
- age   8:     157768 bytes,    8940464 total
: 103569K->10951K(109248K), 0.0111047 secs] 128423K->35958K(502464K), 0.0113347 secs] [Times: user=0.05 sys=0.01, real=0.01 secs] 
Heap after GC invocations=23 (full 2):
 par new generation   total 109248K, used 10951K [0x00000007a0000000, 0x00000007a8000000, 0x00000007a8000000)
  eden space 87424K,   0% used [0x00000007a0000000, 0x00000007a0000000, 0x00000007a5560000)
  from space 21824K,  50% used [0x00000007a6ab0000, 0x00000007a7561d40, 0x00000007a8000000)
  to   space 21824K,   0% used [0x00000007a5560000, 0x00000007a5560000, 0x00000007a6ab0000)
 concurrent mark-sweep generation total 393216K, used 25007K [0x00000007a8000000, 0x00000007c0000000, 0x00000007c0000000)
 Metaspace       used 40524K, capacity 41773K, committed 42100K, reserved 1085440K
  class space    used 4846K, capacity 5163K, committed 5268K, reserved 1048576K
}
2018-01-08T11:39:10.651-0100: 3952.722: Total time for which application threads were stopped: 0.0226484 seconds, Stopping threads took: 0.0108957 seconds
2018-01-08T11:39:10.705-0100: 3952.775: Total time for which application threads were stopped: 0.0003285 seconds, Stopping threads took: 0.0001061 seconds
2018-01-08T11:39:10.705-0100: 3952.775: Total time for which application threads were stopped: 0.0001378 seconds, Stopping threads took: 0.0000261 seconds
2018-01-08T11:39:10.708-0100: 3952.778: Total time for which application threads were stopped: 0.0002211 seconds, Stopping threads took: 0.0000974 seconds
2018-01-08T11:39:10.723-0100: 3952.794: Total time for which application threads were stopped: 0.0002112 seconds, Stopping threads took: 0.0000840 seconds
2018-01-08T11:39:10.778-0100: 3952.848: Total time for which application threads were stopped: 0.0001481 seconds, Stopping threads took: 0.0000291 seconds
{Heap before GC invocations=23 (full 2):
 par new generation   total 109248K, used 98375K [0x00000007a0000000, 0x00000007a8000000, 0x00000007a8000000)
  eden space 87424K, 100% used [0x00000007a0000000, 0x00000007a5560000, 0x00000007a5560000)
  from space 21824K,  50% used [0x00000007a6ab0000, 0x00000007a7561d40, 0x00000007a8000000)
  to   space 21824K,   0% used [0x00000007a5560000, 0x00000007a5560000, 0x00000007a6ab0000)
 concurrent mark-sweep generation total 393216K, used 25007K [0x00000007a8000000, 0x00000007c0000000, 0x00000007c0000000)
 Metaspace       used 40541K, capacity 41779K, committed 42100K, reserved 1085440K
  class space    used 4846K, capacity 5164K, committed 5268K, reserved 1048576K
2018-01-08T11:39:10.828-0100: 3952.898: [GC (Allocation Failure) 2018-01-08T11:39:10.828-0100: 3952.898: [ParNew
Desired survivor size 20112992 bytes, new threshold 8 (max 8)
- age   1:    1356960 bytes,    1356960 total
- age   2:     153408 bytes,    1510368 total
- age   3:     702536 bytes,    2212904 total
- age   4:     750000 bytes,    2962904 total
- age   5:     265336 bytes,    3228240 total
- age   6:    4208664 bytes,    7436904 total
- age   7:    1396808 bytes,    8833712 total
- age   8:      80496 bytes,    8914208 total
: 98375K->13854K(109248K), 0.0099885 secs] 123382K->39019K(502464K), 0.0101165 secs] [Times: user=0.04 sys=0.00, real=0.01 secs] 
Heap after GC invocations=24 (full 2):
 par new generation   total 109248K, used 13854K [0x00000007a0000000, 0x00000007a8000000, 0x00000007a8000000)
  eden space 87424K,   0% used [0x00000007a0000000, 0x00000007a0000000, 0x00000007a5560000)
  from space 21824K,  63% used [0x00000007a5560000, 0x00000007a62e7be0, 0x00000007a6ab0000)
  to   space 21824K,   0% used [0x00000007a6ab0000, 0x00000007a6ab0000, 0x00000007a8000000)
 concurrent mark-sweep generation total 393216K, used 25164K [0x00000007a8000000, 0x00000007c0000000, 0x00000007c0000000)
 Metaspace       used 40541K, capacity 41779K, committed 42100K, reserved 1085440K
  class space    used 4846K, capacity 5164K, committed 5268K, reserved 1048576K
}
2018-01-08T11:39:10.838-0100: 3952.908: Total time for which application threads were stopped: 0.0103690 seconds, Stopping threads took: 0.0000275 seconds
2018-01-08T11:39:10.898-0100: 3952.968: Total time for which application threads were stopped: 0.0001591 seconds, Stopping threads took: 0.0000459 seconds
2018-01-08T11:39:10.898-0100: 3952.968: Total time for which application threads were stopped: 0.0001280 seconds, Stopping threads took: 0.0000495 seconds
2018-01-08T11:39:10.900-0100: 3952.971: Total time for which application threads were stopped: 0.0001678 seconds, Stopping threads took: 0.0000451 seconds
2018-01-08T11:39:10.936-0100: 3953.006: Total time for which application threads were stopped: 0.0003889 seconds, Stopping threads took: 0.0000705 seconds
2018-01-08T11:39:10.937-0100: 3953.007: Total time for which application threads were stopped: 0.0004203 seconds, Stopping threads took: 0.0003167 seconds
2018-01-08T11:39:10.937-0100: 3953.008: Total time for which application threads were stopped: 0.0000980 seconds, Stopping threads took: 0.0000173 seconds
2018-01-08T11:39:10.937-0100: 3953.008: Total time for which application threads were stopped: 0.0000696 seconds, Stopping threads took: 0.0000125 seconds
2018-01-08T11:39:10.938-0100: 3953.008: Total time for which application threads were stopped: 0.0000629 seconds, Stopping threads took: 0.0000116 seconds
2018-01-08T11:39:10.938-0100: 3953.008: Total time for which application threads were stopped: 0.0000672 seconds, Stopping threads took: 0.0000120 seconds
2018-01-08T11:39:10.938-0100: 3953.008: Total time for which application threads were stopped: 0.0000654 seconds, Stopping threads took: 0.0000115 seconds
2018-01-08T11:39:10.938-0100: 3953.008: Total time for which application threads were stopped: 0.0000670 seconds, Stopping threads took: 0.0000118 seconds
2018-01-08T11:39:10.938-0100: 3953.008: Total time for which application threads were stopped: 0.0000648 seconds, Stopping threads took: 0.0000105 seconds
2018-01-08T11:39:10.947-0100: 3953.017: Total time for which application threads were stopped: 0.0001886 seconds, Stopping threads took: 0.0000607 seconds
2018-01-08T11:39:10.947-0100: 3953.017: Total time for which application threads were stopped: 0.0001063 seconds, Stopping threads took: 0.0000214 seconds
2018-01-08T11:39:10.970-0100: 3953.040: Total time for which application threads were stopped: 0.0001278 seconds, Stopping threads took: 0.0000261 seconds
2018-01-08T11:39:11.971-0100: 3954.041: Total time for which application threads were stopped: 0.0001401 seconds, Stopping threads took: 0.0000286 seconds
2018-01-08T11:39:19.980-0100: 3962.050: Total time for which application threads were stopped: 0.0001001 seconds, Stopping threads took: 0.0000256 seconds
2018-01-08T11:39:43.009-0100: 3985.079: Total time for which application threads were stopped: 0.0002196 seconds, Stopping threads took: 0.0000817 seconds
2018-01-08T11:39:43.009-0100: 3985.079: Total time for which application threads were stopped: 0.0001800 seconds, Stopping threads took: 0.0000668 seconds
2018-01-08T11:39:43.026-0100: 3985.096: Total time for which application threads were stopped: 0.0001867 seconds, Stopping threads took: 0.0000582 seconds
2018-01-08T11:39:43.529-0100: 3985.599: Total time for which application threads were stopped: 0.0001464 seconds, Stopping threads took: 0.0000513 seconds
2018-01-08T11:39:43.530-0100: 3985.600: Total time for which application threads were stopped: 0.0001369 seconds, Stopping threads took: 0.0000405 seconds
2018-01-08T11:39:43.530-0100: 3985.600: Total time for which application threads were stopped: 0.0001036 seconds, Stopping threads took: 0.0000400 seconds
2018-01-08T11:39:43.530-0100: 3985.601: Total time for which application threads were stopped: 0.0001125 seconds, Stopping threads took: 0.0000496 seconds
2018-01-08T11:39:44.536-0100: 3986.606: Total time for which application threads were stopped: 0.0001085 seconds, Stopping threads took: 0.0000231 seconds
2018-01-08T11:39:55.570-0100: 3997.640: Total time for which application threads were stopped: 0.0001152 seconds, Stopping threads took: 0.0000261 seconds
2018-01-08T11:40:05.963-0100: 4008.033: Total time for which application threads were stopped: 0.0003652 seconds, Stopping threads took: 0.0000390 seconds
2018-01-08T11:40:07.969-0100: 4010.039: Total time for which application threads were stopped: 0.0002085 seconds, Stopping threads took: 0.0000487 seconds
2018-01-08T11:40:21.003-0100: 4023.073: Total time for which application threads were stopped: 0.0001219 seconds, Stopping threads took: 0.0000292 seconds
2018-01-08T11:40:28.592-0100: 4030.662: Total time for which application threads were stopped: 0.0003043 seconds, Stopping threads took: 0.0000304 seconds
2018-01-08T11:40:49.621-0100: 4051.691: Total time for which application threads were stopped: 0.0002037 seconds, Stopping threads took: 0.0000307 seconds
2018-01-08T11:40:52.630-0100: 4054.700: Total time for which application threads were stopped: 0.0001215 seconds, Stopping threads took: 0.0000288 seconds
2018-01-08T11:41:18.674-0100: 4080.744: Total time for which application threads were stopped: 0.0001777 seconds, Stopping threads took: 0.0000397 seconds
2018-01-08T11:41:24.678-0100: 4086.748: Total time for which application threads were stopped: 0.0001395 seconds, Stopping threads took: 0.0000314 seconds
2018-01-08T11:41:37.706-0100: 4099.776: Total time for which application threads were stopped: 0.0001616 seconds, Stopping threads took: 0.0000534 seconds
2018-01-08T11:41:47.727-0100: 4109.797: Total time for which application threads were stopped: 0.0001712 seconds, Stopping threads took: 0.0000430 seconds
2018-01-08T11:41:54.742-0100: 4116.812: Total time for which application threads were stopped: 0.0002431 seconds, Stopping threads took: 0.0000366 seconds
2018-01-08T11:42:34.819-0100: 4156.889: Total time for which application threads were stopped: 0.0001152 seconds, Stopping threads took: 0.0000273 seconds
2018-01-08T11:43:08.877-0100: 4190.947: Total time for which application threads were stopped: 0.0001567 seconds, Stopping threads took: 0.0000407 seconds
2018-01-08T11:43:24.911-0100: 4206.981: Total time for which application threads were stopped: 0.0001728 seconds, Stopping threads took: 0.0000405 seconds
2018-01-08T11:43:46.946-0100: 4229.015: Total time for which application threads were stopped: 0.0001325 seconds, Stopping threads took: 0.0000333 seconds
2018-01-08T11:43:58.965-0100: 4241.035: Total time for which application threads were stopped: 0.0000950 seconds, Stopping threads took: 0.0000248 seconds
2018-01-08T11:44:00.967-0100: 4243.037: Total time for which application threads were stopped: 0.0001358 seconds, Stopping threads took: 0.0000320 seconds
2018-01-08T11:44:01.967-0100: 4244.037: Total time for which application threads were stopped: 0.0000954 seconds, Stopping threads took: 0.0000245 seconds
2018-01-08T11:44:04.971-0100: 4247.041: Total time for which application threads were stopped: 0.0001164 seconds, Stopping threads took: 0.0000283 seconds
2018-01-08T11:44:08.977-0100: 4251.046: Total time for which application threads were stopped: 0.0001118 seconds, Stopping threads took: 0.0000288 seconds
2018-01-08T11:44:10.978-0100: 4253.047: Total time for which application threads were stopped: 0.0001012 seconds, Stopping threads took: 0.0000266 seconds
2018-01-08T11:44:11.981-0100: 4254.050: Total time for which application threads were stopped: 0.0001222 seconds, Stopping threads took: 0.0000284 seconds
2018-01-08T11:44:19.993-0100: 4262.063: Total time for which application threads were stopped: 0.0001834 seconds, Stopping threads took: 0.0000424 seconds
2018-01-08T11:44:20.996-0100: 4263.065: Total time for which application threads were stopped: 0.0001809 seconds, Stopping threads took: 0.0000344 seconds
2018-01-08T11:44:24.004-0100: 4266.073: Total time for which application threads were stopped: 0.0001388 seconds, Stopping threads took: 0.0000351 seconds
2018-01-08T11:44:26.004-0100: 4268.074: Total time for which application threads were stopped: 0.0001127 seconds, Stopping threads took: 0.0000285 seconds
2018-01-08T11:44:27.007-0100: 4269.077: Total time for which application threads were stopped: 0.0002082 seconds, Stopping threads took: 0.0000525 seconds
2018-01-08T11:45:48.328-0100: 4350.398: Total time for which application threads were stopped: 0.0001314 seconds, Stopping threads took: 0.0000392 seconds
2018-01-08T11:45:48.328-0100: 4350.398: Total time for which application threads were stopped: 0.0001002 seconds, Stopping threads took: 0.0000289 seconds
2018-01-08T11:45:48.331-0100: 4350.401: Total time for which application threads were stopped: 0.0008654 seconds, Stopping threads took: 0.0000372 seconds
2018-01-08T11:45:48.496-0100: 4350.565: Total time for which application threads were stopped: 0.0002164 seconds, Stopping threads took: 0.0000587 seconds
2018-01-08T11:45:48.496-0100: 4350.566: Total time for which application threads were stopped: 0.0001368 seconds, Stopping threads took: 0.0000344 seconds
2018-01-08T11:45:48.496-0100: 4350.566: Total time for which application threads were stopped: 0.0001316 seconds, Stopping threads took: 0.0000396 seconds
2018-01-08T11:45:48.497-0100: 4350.566: Total time for which application threads were stopped: 0.0001314 seconds, Stopping threads took: 0.0000403 seconds
2018-01-08T11:45:48.497-0100: 4350.567: Total time for which application threads were stopped: 0.0001587 seconds, Stopping threads took: 0.0000438 seconds
2018-01-08T11:45:49.499-0100: 4351.568: Total time for which application threads were stopped: 0.0001531 seconds, Stopping threads took: 0.0000454 seconds
2018-01-08T11:45:50.408-0100: 4352.478: Total time for which application threads were stopped: 0.0001708 seconds, Stopping threads took: 0.0000417 seconds
2018-01-08T11:45:51.413-0100: 4353.482: Total time for which application threads were stopped: 0.0001231 seconds, Stopping threads took: 0.0000281 seconds
2018-01-08T11:45:52.088-0100: 4354.158: Total time for which application threads were stopped: 0.0001699 seconds, Stopping threads took: 0.0000538 seconds
2018-01-08T11:45:52.416-0100: 4354.486: Total time for which application threads were stopped: 0.0001416 seconds, Stopping threads took: 0.0000262 seconds
2018-01-08T11:45:53.091-0100: 4355.161: Total time for which application threads were stopped: 0.0001148 seconds, Stopping threads took: 0.0000204 seconds
2018-01-08T11:45:53.420-0100: 4355.490: Total time for which application threads were stopped: 0.0001442 seconds, Stopping threads took: 0.0000408 seconds
2018-01-08T11:45:54.093-0100: 4356.163: Total time for which application threads were stopped: 0.0001259 seconds, Stopping threads took: 0.0000240 seconds
2018-01-08T11:45:54.424-0100: 4356.494: Total time for which application threads were stopped: 0.0001370 seconds, Stopping threads took: 0.0000243 seconds
2018-01-08T11:45:55.094-0100: 4357.164: Total time for which application threads were stopped: 0.0001394 seconds, Stopping threads took: 0.0000216 seconds
2018-01-08T11:45:55.426-0100: 4357.495: Total time for which application threads were stopped: 0.0001575 seconds, Stopping threads took: 0.0000410 seconds
2018-01-08T11:45:56.096-0100: 4358.166: Total time for which application threads were stopped: 0.0001223 seconds, Stopping threads took: 0.0000237 seconds
2018-01-08T11:45:56.427-0100: 4358.497: Total time for which application threads were stopped: 0.0001247 seconds, Stopping threads took: 0.0000243 seconds
2018-01-08T11:45:57.101-0100: 4359.170: Total time for which application threads were stopped: 0.0001298 seconds, Stopping threads took: 0.0000242 seconds
2018-01-08T11:45:57.431-0100: 4359.500: Total time for which application threads were stopped: 0.0001565 seconds, Stopping threads took: 0.0000230 seconds
2018-01-08T11:45:58.104-0100: 4360.173: Total time for which application threads were stopped: 0.0001391 seconds, Stopping threads took: 0.0000236 seconds
2018-01-08T11:45:58.432-0100: 4360.502: Total time for which application threads were stopped: 0.0001477 seconds, Stopping threads took: 0.0000271 seconds
2018-01-08T11:45:59.109-0100: 4361.179: Total time for which application threads were stopped: 0.0003022 seconds, Stopping threads took: 0.0000483 seconds
2018-01-08T11:45:59.434-0100: 4361.504: Total time for which application threads were stopped: 0.0001264 seconds, Stopping threads took: 0.0000234 seconds
2018-01-08T11:46:00.113-0100: 4362.183: Total time for which application threads were stopped: 0.0001091 seconds, Stopping threads took: 0.0000206 seconds
2018-01-08T11:46:00.436-0100: 4362.505: Total time for which application threads were stopped: 0.0002364 seconds, Stopping threads took: 0.0000398 seconds
2018-01-08T11:46:01.114-0100: 4363.183: Total time for which application threads were stopped: 0.0001717 seconds, Stopping threads took: 0.0000320 seconds
2018-01-08T11:46:01.437-0100: 4363.506: Total time for which application threads were stopped: 0.0001188 seconds, Stopping threads took: 0.0000233 seconds
2018-01-08T11:46:02.116-0100: 4364.186: Total time for which application threads were stopped: 0.0001285 seconds, Stopping threads took: 0.0000241 seconds
2018-01-08T11:46:02.441-0100: 4364.511: Total time for which application threads were stopped: 0.0001358 seconds, Stopping threads took: 0.0000248 seconds
2018-01-08T11:46:03.120-0100: 4365.189: Total time for which application threads were stopped: 0.0001193 seconds, Stopping threads took: 0.0000235 seconds
2018-01-08T11:46:03.447-0100: 4365.516: Total time for which application threads were stopped: 0.0001253 seconds, Stopping threads took: 0.0000238 seconds
2018-01-08T11:46:04.125-0100: 4366.194: Total time for which application threads were stopped: 0.0001332 seconds, Stopping threads took: 0.0000224 seconds
2018-01-08T11:46:04.450-0100: 4366.519: Total time for which application threads were stopped: 0.0002295 seconds, Stopping threads took: 0.0000477 seconds
2018-01-08T11:46:05.126-0100: 4367.196: Total time for which application threads were stopped: 0.0001258 seconds, Stopping threads took: 0.0000232 seconds
2018-01-08T11:46:05.451-0100: 4367.520: Total time for which application threads were stopped: 0.0001138 seconds, Stopping threads took: 0.0000212 seconds
2018-01-08T11:46:06.127-0100: 4368.197: Total time for which application threads were stopped: 0.0001224 seconds, Stopping threads took: 0.0000232 seconds
2018-01-08T11:46:06.456-0100: 4368.526: Total time for which application threads were stopped: 0.0001491 seconds, Stopping threads took: 0.0000233 seconds
2018-01-08T11:46:07.132-0100: 4369.201: Total time for which application threads were stopped: 0.0001281 seconds, Stopping threads took: 0.0000227 seconds
2018-01-08T11:46:07.459-0100: 4369.529: Total time for which application threads were stopped: 0.0001468 seconds, Stopping threads took: 0.0000232 seconds
2018-01-08T11:46:08.132-0100: 4370.202: Total time for which application threads were stopped: 0.0001898 seconds, Stopping threads took: 0.0000311 seconds
2018-01-08T11:46:08.461-0100: 4370.530: Total time for which application threads were stopped: 0.0001387 seconds, Stopping threads took: 0.0000249 seconds
2018-01-08T11:46:09.134-0100: 4371.204: Total time for which application threads were stopped: 0.0003018 seconds, Stopping threads took: 0.0000513 seconds
2018-01-08T11:46:10.135-0100: 4372.204: Total time for which application threads were stopped: 0.0001331 seconds, Stopping threads took: 0.0000296 seconds
{Heap before GC invocations=24 (full 2):
 par new generation   total 109248K, used 101278K [0x00000007a0000000, 0x00000007a8000000, 0x00000007a8000000)
  eden space 87424K, 100% used [0x00000007a0000000, 0x00000007a5560000, 0x00000007a5560000)
  from space 21824K,  63% used [0x00000007a5560000, 0x00000007a62e7be0, 0x00000007a6ab0000)
  to   space 21824K,   0% used [0x00000007a6ab0000, 0x00000007a6ab0000, 0x00000007a8000000)
 concurrent mark-sweep generation total 393216K, used 25164K [0x00000007a8000000, 0x00000007c0000000, 0x00000007c0000000)
 Metaspace       used 40832K, capacity 42113K, committed 42356K, reserved 1087488K
  class space    used 4866K, capacity 5177K, committed 5268K, reserved 1048576K
2018-01-08T11:46:23.317-0100: 4385.387: [GC (Allocation Failure) 2018-01-08T11:46:23.317-0100: 4385.387: [ParNew
Desired survivor size 20112992 bytes, new threshold 8 (max 8)
- age   1:    1944848 bytes,    1944848 total
- age   2:     984680 bytes,    2929528 total
- age   3:     152976 bytes,    3082504 total
- age   4:     151432 bytes,    3233936 total
- age   5:     718080 bytes,    3952016 total
- age   6:     181808 bytes,    4133824 total
- age   7:    4179648 bytes,    8313472 total
- age   8:    1392288 bytes,    9705760 total
: 101278K->11427K(109248K), 0.0079849 secs] 126443K->36672K(502464K), 0.0081136 secs] [Times: user=0.03 sys=0.00, real=0.01 secs] 
Heap after GC invocations=25 (full 2):
 par new generation   total 109248K, used 11427K [0x00000007a0000000, 0x00000007a8000000, 0x00000007a8000000)
  eden space 87424K,   0% used [0x00000007a0000000, 0x00000007a0000000, 0x00000007a5560000)
  from space 21824K,  52% used [0x00000007a6ab0000, 0x00000007a75d8f88, 0x00000007a8000000)
  to   space 21824K,   0% used [0x00000007a5560000, 0x00000007a5560000, 0x00000007a6ab0000)
 concurrent mark-sweep generation total 393216K, used 25245K [0x00000007a8000000, 0x00000007c0000000, 0x00000007c0000000)
 Metaspace       used 40832K, capacity 42113K, committed 42356K, reserved 1087488K
  class space    used 4866K, capacity 5177K, committed 5268K, reserved 1048576K
}
2018-01-08T11:46:23.325-0100: 4385.395: Total time for which application threads were stopped: 0.0083519 seconds, Stopping threads took: 0.0000247 seconds
2018-01-08T11:46:23.459-0100: 4385.529: Total time for which application threads were stopped: 0.0006798 seconds, Stopping threads took: 0.0000384 seconds
{Heap before GC invocations=25 (full 2):
 par new generation   total 109248K, used 98851K [0x00000007a0000000, 0x00000007a8000000, 0x00000007a8000000)
  eden space 87424K, 100% used [0x00000007a0000000, 0x00000007a5560000, 0x00000007a5560000)
  from space 21824K,  52% used [0x00000007a6ab0000, 0x00000007a75d8f88, 0x00000007a8000000)
  to   space 21824K,   0% used [0x00000007a5560000, 0x00000007a5560000, 0x00000007a6ab0000)
 concurrent mark-sweep generation total 393216K, used 25245K [0x00000007a8000000, 0x00000007c0000000, 0x00000007c0000000)
 Metaspace       used 40961K, capacity 42265K, committed 42612K, reserved 1087488K
  class space    used 4889K, capacity 5199K, committed 5268K, reserved 1048576K
2018-01-08T11:46:23.473-0100: 4385.543: [GC (Allocation Failure) 2018-01-08T11:46:23.473-0100: 4385.543: [ParNew
Desired survivor size 20112992 bytes, new threshold 8 (max 8)
- age   1:     820064 bytes,     820064 total
- age   2:    1222552 bytes,    2042616 total
- age   3:     984680 bytes,    3027296 total
- age   4:     152976 bytes,    3180272 total
- age   5:     151432 bytes,    3331704 total
- age   6:     717944 bytes,    4049648 total
- age   7:     180648 bytes,    4230296 total
- age   8:    4108472 bytes,    8338768 total
: 98851K->12221K(109248K), 0.0395467 secs] 124096K->38843K(502464K), 0.0396739 secs] [Times: user=0.08 sys=0.00, real=0.04 secs] 
Heap after GC invocations=26 (full 2):
 par new generation   total 109248K, used 12221K [0x00000007a0000000, 0x00000007a8000000, 0x00000007a8000000)
  eden space 87424K,   0% used [0x00000007a0000000, 0x00000007a0000000, 0x00000007a5560000)
  from space 21824K,  56% used [0x00000007a5560000, 0x00000007a614f5f0, 0x00000007a6ab0000)
  to   space 21824K,   0% used [0x00000007a6ab0000, 0x00000007a6ab0000, 0x00000007a8000000)
 concurrent mark-sweep generation total 393216K, used 26622K [0x00000007a8000000, 0x00000007c0000000, 0x00000007c0000000)
 Metaspace       used 40961K, capacity 42265K, committed 42612K, reserved 1087488K
  class space    used 4889K, capacity 5199K, committed 5268K, reserved 1048576K
}
2018-01-08T11:46:23.513-0100: 4385.582: Total time for which application threads were stopped: 0.0400369 seconds, Stopping threads took: 0.0000300 seconds
2018-01-08T11:46:23.530-0100: 4385.600: Total time for which application threads were stopped: 0.0001697 seconds, Stopping threads took: 0.0000301 seconds
{Heap before GC invocations=26 (full 2):
 par new generation   total 109248K, used 99631K [0x00000007a0000000, 0x00000007a8000000, 0x00000007a8000000)
  eden space 87424K,  99% used [0x00000007a0000000, 0x00000007a555c7d0, 0x00000007a5560000)
  from space 21824K,  56% used [0x00000007a5560000, 0x00000007a614f5f0, 0x00000007a6ab0000)
  to   space 21824K,   0% used [0x00000007a6ab0000, 0x00000007a6ab0000, 0x00000007a8000000)
 concurrent mark-sweep generation total 393216K, used 26622K [0x00000007a8000000, 0x00000007c0000000, 0x00000007c0000000)
 Metaspace       used 40962K, capacity 42265K, committed 42612K, reserved 1087488K
  class space    used 4889K, capacity 5199K, committed 5268K, reserved 1048576K
2018-01-08T11:46:23.585-0100: 4385.654: [GC (Allocation Failure) 2018-01-08T11:46:23.585-0100: 4385.654: [ParNew
Desired survivor size 20112992 bytes, new threshold 8 (max 8)
- age   1:    1376936 bytes,    1376936 total
- age   2:     728040 bytes,    2104976 total
- age   3:    1049984 bytes,    3154960 total
- age   4:     984680 bytes,    4139640 total
- age   5:     152976 bytes,    4292616 total
- age   6:     151432 bytes,    4444048 total
- age   7:     717944 bytes,    5161992 total
- age   8:     180672 bytes,    5342664 total
: 99631K->7127K(109248K), 0.0138765 secs] 126253K->37768K(502464K), 0.0140274 secs] [Times: user=0.05 sys=0.01, real=0.01 secs] 
Heap after GC invocations=27 (full 2):
 par new generation   total 109248K, used 7127K [0x00000007a0000000, 0x00000007a8000000, 0x00000007a8000000)
  eden space 87424K,   0% used [0x00000007a0000000, 0x00000007a0000000, 0x00000007a5560000)
  from space 21824K,  32% used [0x00000007a6ab0000, 0x00000007a71a5d08, 0x00000007a8000000)
  to   space 21824K,   0% used [0x00000007a5560000, 0x00000007a5560000, 0x00000007a6ab0000)
 concurrent mark-sweep generation total 393216K, used 30641K [0x00000007a8000000, 0x00000007c0000000, 0x00000007c0000000)
 Metaspace       used 40962K, capacity 42265K, committed 42612K, reserved 1087488K
  class space    used 4889K, capacity 5199K, committed 5268K, reserved 1048576K
}
2018-01-08T11:46:23.599-0100: 4385.668: Total time for which application threads were stopped: 0.0143554 seconds, Stopping threads took: 0.0000533 seconds
{Heap before GC invocations=27 (full 2):
 par new generation   total 109248K, used 94551K [0x00000007a0000000, 0x00000007a8000000, 0x00000007a8000000)
  eden space 87424K, 100% used [0x00000007a0000000, 0x00000007a5560000, 0x00000007a5560000)
  from space 21824K,  32% used [0x00000007a6ab0000, 0x00000007a71a5d08, 0x00000007a8000000)
  to   space 21824K,   0% used [0x00000007a5560000, 0x00000007a5560000, 0x00000007a6ab0000)
 concurrent mark-sweep generation total 393216K, used 30641K [0x00000007a8000000, 0x00000007c0000000, 0x00000007c0000000)
 Metaspace       used 40978K, capacity 42269K, committed 42612K, reserved 1087488K
  class space    used 4889K, capacity 5199K, committed 5268K, reserved 1048576K
2018-01-08T11:46:23.656-0100: 4385.725: [GC (Allocation Failure) 2018-01-08T11:46:23.656-0100: 4385.725: [ParNew
Desired survivor size 20112992 bytes, new threshold 8 (max 8)
- age   1:    2057728 bytes,    2057728 total
- age   2:     759192 bytes,    2816920 total
- age   3:     728040 bytes,    3544960 total
- age   4:    1048312 bytes,    4593272 total
- age   5:     984680 bytes,    5577952 total
- age   6:     152976 bytes,    5730928 total
- age   7:     151432 bytes,    5882360 total
- age   8:     707344 bytes,    6589704 total
: 94551K->8180K(109248K), 0.0064759 secs] 125192K->39000K(502464K), 0.0066148 secs] [Times: user=0.03 sys=0.00, real=0.01 secs] 
Heap after GC invocations=28 (full 2):
 par new generation   total 109248K, used 8180K [0x00000007a0000000, 0x00000007a8000000, 0x00000007a8000000)
  eden space 87424K,   0% used [0x00000007a0000000, 0x00000007a0000000, 0x00000007a5560000)
  from space 21824K,  37% used [0x00000007a5560000, 0x00000007a5d5d1e8, 0x00000007a6ab0000)
  to   space 21824K,   0% used [0x00000007a6ab0000, 0x00000007a6ab0000, 0x00000007a8000000)
 concurrent mark-sweep generation total 393216K, used 30820K [0x00000007a8000000, 0x00000007c0000000, 0x00000007c0000000)
 Metaspace       used 40978K, capacity 42269K, committed 42612K, reserved 1087488K
  class space    used 4889K, capacity 5199K, committed 5268K, reserved 1048576K
}
2018-01-08T11:46:23.662-0100: 4385.732: Total time for which application threads were stopped: 0.0070221 seconds, Stopping threads took: 0.0001107 seconds
2018-01-08T11:46:23.663-0100: 4385.732: Total time for which application threads were stopped: 0.0001741 seconds, Stopping threads took: 0.0000423 seconds
2018-01-08T11:46:23.663-0100: 4385.732: Total time for which application threads were stopped: 0.0001495 seconds, Stopping threads took: 0.0000142 seconds
{Heap before GC invocations=28 (full 2):
 par new generation   total 109248K, used 95604K [0x00000007a0000000, 0x00000007a8000000, 0x00000007a8000000)
  eden space 87424K, 100% used [0x00000007a0000000, 0x00000007a5560000, 0x00000007a5560000)
  from space 21824K,  37% used [0x00000007a5560000, 0x00000007a5d5d1e8, 0x00000007a6ab0000)
  to   space 21824K,   0% used [0x00000007a6ab0000, 0x00000007a6ab0000, 0x00000007a8000000)
 concurrent mark-sweep generation total 393216K, used 30820K [0x00000007a8000000, 0x00000007c0000000, 0x00000007c0000000)
 Metaspace       used 40982K, capacity 42269K, committed 42612K, reserved 1087488K
  class space    used 4889K, capacity 5199K, committed 5268K, reserved 1048576K
2018-01-08T11:46:23.710-0100: 4385.779: [GC (Allocation Failure) 2018-01-08T11:46:23.710-0100: 4385.780: [ParNew
Desired survivor size 20112992 bytes, new threshold 8 (max 8)
- age   1:    1841208 bytes,    1841208 total
- age   2:    1309856 bytes,    3151064 total
- age   3:     759248 bytes,    3910312 total
- age   4:     728040 bytes,    4638352 total
- age   5:    1048312 bytes,    5686664 total
- age   6:     984680 bytes,    6671344 total
- age   7:     152976 bytes,    6824320 total
- age   8:     151432 bytes,    6975752 total
: 95604K->9747K(109248K), 0.0204021 secs] 126424K->41262K(502464K), 0.0205687 secs] [Times: user=0.04 sys=0.00, real=0.02 secs] 
Heap after GC invocations=29 (full 2):
 par new generation   total 109248K, used 9747K [0x00000007a0000000, 0x00000007a8000000, 0x00000007a8000000)
  eden space 87424K,   0% used [0x00000007a0000000, 0x00000007a0000000, 0x00000007a5560000)
  from space 21824K,  44% used [0x00000007a6ab0000, 0x00000007a7434f18, 0x00000007a8000000)
  to   space 21824K,   0% used [0x00000007a5560000, 0x00000007a5560000, 0x00000007a6ab0000)
 concurrent mark-sweep generation total 393216K, used 31515K [0x00000007a8000000, 0x00000007c0000000, 0x00000007c0000000)
 Metaspace       used 40982K, capacity 42269K, committed 42612K, reserved 1087488K
  class space    used 4889K, capacity 5199K, committed 5268K, reserved 1048576K
}
2018-01-08T11:46:23.731-0100: 4385.800: Total time for which application threads were stopped: 0.0209296 seconds, Stopping threads took: 0.0000503 seconds
{Heap before GC invocations=29 (full 2):
 par new generation   total 109248K, used 97171K [0x00000007a0000000, 0x00000007a8000000, 0x00000007a8000000)
  eden space 87424K, 100% used [0x00000007a0000000, 0x00000007a5560000, 0x00000007a5560000)
  from space 21824K,  44% used [0x00000007a6ab0000, 0x00000007a7434f18, 0x00000007a8000000)
  to   space 21824K,   0% used [0x00000007a5560000, 0x00000007a5560000, 0x00000007a6ab0000)
 concurrent mark-sweep generation total 393216K, used 31515K [0x00000007a8000000, 0x00000007c0000000, 0x00000007c0000000)
 Metaspace       used 40982K, capacity 42269K, committed 42612K, reserved 1087488K
  class space    used 4889K, capacity 5199K, committed 5268K, reserved 1048576K
2018-01-08T11:46:23.758-0100: 4385.828: [GC (Allocation Failure) 2018-01-08T11:46:23.758-0100: 4385.828: [ParNew
Desired survivor size 20112992 bytes, new threshold 8 (max 8)
- age   1:     750272 bytes,     750272 total
- age   2:    1423792 bytes,    2174064 total
- age   3:    1290368 bytes,    3464432 total
- age   4:     759192 bytes,    4223624 total
- age   5:     728040 bytes,    4951664 total
- age   6:    1048312 bytes,    5999976 total
- age   7:     984680 bytes,    6984656 total
- age   8:     152976 bytes,    7137632 total
: 97171K->9867K(109248K), 0.0116210 secs] 128686K->41533K(502464K), 0.0117638 secs] [Times: user=0.04 sys=0.00, real=0.02 secs] 
Heap after GC invocations=30 (full 2):
 par new generation   total 109248K, used 9867K [0x00000007a0000000, 0x00000007a8000000, 0x00000007a8000000)
  eden space 87424K,   0% used [0x00000007a0000000, 0x00000007a0000000, 0x00000007a5560000)
  from space 21824K,  45% used [0x00000007a5560000, 0x00000007a5f02f40, 0x00000007a6ab0000)
  to   space 21824K,   0% used [0x00000007a6ab0000, 0x00000007a6ab0000, 0x00000007a8000000)
 concurrent mark-sweep generation total 393216K, used 31665K [0x00000007a8000000, 0x00000007c0000000, 0x00000007c0000000)
 Metaspace       used 40982K, capacity 42269K, committed 42612K, reserved 1087488K
  class space    used 4889K, capacity 5199K, committed 5268K, reserved 1048576K
}
2018-01-08T11:46:23.770-0100: 4385.839: Total time for which application threads were stopped: 0.0121037 seconds, Stopping threads took: 0.0000588 seconds
2018-01-08T11:46:23.780-0100: 4385.849: Total time for which application threads were stopped: 0.0002874 seconds, Stopping threads took: 0.0001287 seconds
{Heap before GC invocations=30 (full 2):
 par new generation   total 109248K, used 97291K [0x00000007a0000000, 0x00000007a8000000, 0x00000007a8000000)
  eden space 87424K, 100% used [0x00000007a0000000, 0x00000007a5560000, 0x00000007a5560000)
  from space 21824K,  45% used [0x00000007a5560000, 0x00000007a5f02f40, 0x00000007a6ab0000)
  to   space 21824K,   0% used [0x00000007a6ab0000, 0x00000007a6ab0000, 0x00000007a8000000)
 concurrent mark-sweep generation total 393216K, used 31665K [0x00000007a8000000, 0x00000007c0000000, 0x00000007c0000000)
 Metaspace       used 40982K, capacity 42269K, committed 42612K, reserved 1087488K
  class space    used 4889K, capacity 5199K, committed 5268K, reserved 1048576K
2018-01-08T11:46:23.817-0100: 4385.887: [GC (Allocation Failure) 2018-01-08T11:46:23.817-0100: 4385.887: [ParNew
Desired survivor size 20112992 bytes, new threshold 8 (max 8)
- age   1:     806416 bytes,     806416 total
- age   2:     323192 bytes,    1129608 total
- age   3:    1421848 bytes,    2551456 total
- age   4:    1290080 bytes,    3841536 total
- age   5:     221424 bytes,    4062960 total
- age   6:     726696 bytes,    4789656 total
- age   7:    1048312 bytes,    5837968 total
- age   8:     984680 bytes,    6822648 total
: 97291K->9000K(109248K), 0.0476374 secs] 128957K->40818K(502464K), 0.0477821 secs] [Times: user=0.12 sys=0.00, real=0.05 secs] 
Heap after GC invocations=31 (full 2):
 par new generation   total 109248K, used 9000K [0x00000007a0000000, 0x00000007a8000000, 0x00000007a8000000)
  eden space 87424K,   0% used [0x00000007a0000000, 0x00000007a0000000, 0x00000007a5560000)
  from space 21824K,  41% used [0x00000007a6ab0000, 0x00000007a737a190, 0x00000007a8000000)
  to   space 21824K,   0% used [0x00000007a5560000, 0x00000007a5560000, 0x00000007a6ab0000)
 concurrent mark-sweep generation total 393216K, used 31818K [0x00000007a8000000, 0x00000007c0000000, 0x00000007c0000000)
 Metaspace       used 40982K, capacity 42269K, committed 42612K, reserved 1087488K
  class space    used 4889K, capacity 5199K, committed 5268K, reserved 1048576K
}
2018-01-08T11:46:23.865-0100: 4385.934: Total time for which application threads were stopped: 0.0481895 seconds, Stopping threads took: 0.0001223 seconds
2018-01-08T11:46:23.887-0100: 4385.956: Total time for which application threads were stopped: 0.0006665 seconds, Stopping threads took: 0.0005248 seconds
2018-01-08T11:46:23.982-0100: 4386.052: Total time for which application threads were stopped: 0.0003374 seconds, Stopping threads took: 0.0001064 seconds
2018-01-08T11:46:23.983-0100: 4386.052: Total time for which application threads were stopped: 0.0001520 seconds, Stopping threads took: 0.0000221 seconds
2018-01-08T11:46:23.986-0100: 4386.055: Total time for which application threads were stopped: 0.0005854 seconds, Stopping threads took: 0.0003935 seconds
2018-01-08T11:46:23.988-0100: 4386.058: Total time for which application threads were stopped: 0.0002340 seconds, Stopping threads took: 0.0000482 seconds
2018-01-08T11:46:24.028-0100: 4386.098: Total time for which application threads were stopped: 0.0003594 seconds, Stopping threads took: 0.0001011 seconds
2018-01-08T11:46:24.029-0100: 4386.098: Total time for which application threads were stopped: 0.0002677 seconds, Stopping threads took: 0.0000972 seconds
2018-01-08T11:46:24.030-0100: 4386.099: Total time for which application threads were stopped: 0.0001837 seconds, Stopping threads took: 0.0000466 seconds
2018-01-08T11:46:24.030-0100: 4386.100: Total time for which application threads were stopped: 0.0001880 seconds, Stopping threads took: 0.0000801 seconds
2018-01-08T11:46:24.030-0100: 4386.100: Total time for which application threads were stopped: 0.0001365 seconds, Stopping threads took: 0.0000396 seconds
2018-01-08T11:46:24.030-0100: 4386.100: Total time for which application threads were stopped: 0.0002181 seconds, Stopping threads took: 0.0000958 seconds
2018-01-08T11:46:24.031-0100: 4386.100: Total time for which application threads were stopped: 0.0001007 seconds, Stopping threads took: 0.0000145 seconds
2018-01-08T11:46:24.031-0100: 4386.100: Total time for which application threads were stopped: 0.0001074 seconds, Stopping threads took: 0.0000218 seconds
2018-01-08T11:46:24.031-0100: 4386.101: Total time for which application threads were stopped: 0.0001542 seconds, Stopping threads took: 0.0000302 seconds
2018-01-08T11:46:24.031-0100: 4386.101: Total time for which application threads were stopped: 0.0001314 seconds, Stopping threads took: 0.0000450 seconds
2018-01-08T11:46:24.032-0100: 4386.101: Total time for which application threads were stopped: 0.0001314 seconds, Stopping threads took: 0.0000307 seconds
2018-01-08T11:46:24.032-0100: 4386.101: Total time for which application threads were stopped: 0.0001216 seconds, Stopping threads took: 0.0000298 seconds
2018-01-08T11:46:24.032-0100: 4386.101: Total time for which application threads were stopped: 0.0001160 seconds, Stopping threads took: 0.0000137 seconds
2018-01-08T11:46:24.032-0100: 4386.102: Total time for which application threads were stopped: 0.0001125 seconds, Stopping threads took: 0.0000141 seconds
2018-01-08T11:46:24.032-0100: 4386.102: Total time for which application threads were stopped: 0.0001722 seconds, Stopping threads took: 0.0000475 seconds
2018-01-08T11:46:24.032-0100: 4386.102: Total time for which application threads were stopped: 0.0001233 seconds, Stopping threads took: 0.0000308 seconds
2018-01-08T11:46:24.040-0100: 4386.110: Total time for which application threads were stopped: 0.0002423 seconds, Stopping threads took: 0.0000976 seconds
2018-01-08T11:46:24.040-0100: 4386.110: Total time for which application threads were stopped: 0.0002263 seconds, Stopping threads took: 0.0001229 seconds
2018-01-08T11:46:24.042-0100: 4386.112: Total time for which application threads were stopped: 0.0001920 seconds, Stopping threads took: 0.0000585 seconds
2018-01-08T11:46:24.042-0100: 4386.112: Total time for which application threads were stopped: 0.0001921 seconds, Stopping threads took: 0.0000404 seconds
2018-01-08T11:46:24.050-0100: 4386.120: Total time for which application threads were stopped: 0.0001832 seconds, Stopping threads took: 0.0000504 seconds
2018-01-08T11:46:24.055-0100: 4386.124: Total time for which application threads were stopped: 0.0002457 seconds, Stopping threads took: 0.0000290 seconds
2018-01-08T11:46:24.058-0100: 4386.128: Total time for which application threads were stopped: 0.0005092 seconds, Stopping threads took: 0.0001035 seconds
2018-01-08T11:46:24.061-0100: 4386.130: Total time for which application threads were stopped: 0.0002158 seconds, Stopping threads took: 0.0000511 seconds
2018-01-08T11:46:24.062-0100: 4386.132: Total time for which application threads were stopped: 0.0002610 seconds, Stopping threads took: 0.0001151 seconds
{Heap before GC invocations=31 (full 2):
 par new generation   total 109248K, used 96415K [0x00000007a0000000, 0x00000007a8000000, 0x00000007a8000000)
  eden space 87424K,  99% used [0x00000007a0000000, 0x00000007a555db90, 0x00000007a5560000)
  from space 21824K,  41% used [0x00000007a6ab0000, 0x00000007a737a190, 0x00000007a8000000)
  to   space 21824K,   0% used [0x00000007a5560000, 0x00000007a5560000, 0x00000007a6ab0000)
 concurrent mark-sweep generation total 393216K, used 31818K [0x00000007a8000000, 0x00000007c0000000, 0x00000007c0000000)
 Metaspace       used 41046K, capacity 42355K, committed 42612K, reserved 1087488K
  class space    used 4892K, capacity 5202K, committed 5268K, reserved 1048576K
2018-01-08T11:46:24.072-0100: 4386.142: [GC (Allocation Failure) 2018-01-08T11:46:24.073-0100: 4386.142: [ParNew
Desired survivor size 20112992 bytes, new threshold 8 (max 8)
- age   1:    2626888 bytes,    2626888 total
- age   2:     162688 bytes,    2789576 total
- age   3:     322184 bytes,    3111760 total
- age   4:     317104 bytes,    3428864 total
- age   5:    1259328 bytes,    4688192 total
- age   6:     215800 bytes,    4903992 total
- age   7:      34368 bytes,    4938360 total
- age   8:     936280 bytes,    5874640 total
: 96415K->7646K(109248K), 0.0105633 secs] 128233K->40430K(502464K), 0.0107301 secs] [Times: user=0.03 sys=0.00, real=0.01 secs] 
Heap after GC invocations=32 (full 2):
 par new generation   total 109248K, used 7646K [0x00000007a0000000, 0x00000007a8000000, 0x00000007a8000000)
  eden space 87424K,   0% used [0x00000007a0000000, 0x00000007a0000000, 0x00000007a5560000)
  from space 21824K,  35% used [0x00000007a5560000, 0x00000007a5cd7ac8, 0x00000007a6ab0000)
  to   space 21824K,   0% used [0x00000007a6ab0000, 0x00000007a6ab0000, 0x00000007a8000000)
 concurrent mark-sweep generation total 393216K, used 32783K [0x00000007a8000000, 0x00000007c0000000, 0x00000007c0000000)
 Metaspace       used 41046K, capacity 42355K, committed 42612K, reserved 1087488K
  class space    used 4892K, capacity 5202K, committed 5268K, reserved 1048576K
}
2018-01-08T11:46:24.083-0100: 4386.153: Total time for which application threads were stopped: 0.0110560 seconds, Stopping threads took: 0.0000349 seconds
{Heap before GC invocations=32 (full 2):
 par new generation   total 109248K, used 95051K [0x00000007a0000000, 0x00000007a8000000, 0x00000007a8000000)
  eden space 87424K,  99% used [0x00000007a0000000, 0x00000007a555b280, 0x00000007a5560000)
  from space 21824K,  35% used [0x00000007a5560000, 0x00000007a5cd7ac8, 0x00000007a6ab0000)
  to   space 21824K,   0% used [0x00000007a6ab0000, 0x00000007a6ab0000, 0x00000007a8000000)
 concurrent mark-sweep generation total 393216K, used 32783K [0x00000007a8000000, 0x00000007c0000000, 0x00000007c0000000)
 Metaspace       used 41046K, capacity 42355K, committed 42612K, reserved 1087488K
  class space    used 4892K, capacity 5202K, committed 5268K, reserved 1048576K
2018-01-08T11:46:24.150-0100: 4386.219: [GC (Allocation Failure) 2018-01-08T11:46:24.150-0100: 4386.219: [ParNew
Desired survivor size 20112992 bytes, new threshold 8 (max 8)
- age   1:     263864 bytes,     263864 total
- age   2:    2363568 bytes,    2627432 total
- age   3:     162688 bytes,    2790120 total
- age   4:     322184 bytes,    3112304 total
- age   5:     317104 bytes,    3429408 total
- age   6:    1259328 bytes,    4688736 total
- age   7:     215664 bytes,    4904400 total
- age   8:      34368 bytes,    4938768 total
: 95051K->6001K(109248K), 0.0100426 secs] 127834K->39703K(502464K), 0.0101740 secs] [Times: user=0.03 sys=0.00, real=0.01 secs] 
Heap after GC invocations=33 (full 2):
 par new generation   total 109248K, used 6001K [0x00000007a0000000, 0x00000007a8000000, 0x00000007a8000000)
  eden space 87424K,   0% used [0x00000007a0000000, 0x00000007a0000000, 0x00000007a5560000)
  from space 21824K,  27% used [0x00000007a6ab0000, 0x00000007a708c780, 0x00000007a8000000)
  to   space 21824K,   0% used [0x00000007a5560000, 0x00000007a5560000, 0x00000007a6ab0000)
 concurrent mark-sweep generation total 393216K, used 33702K [0x00000007a8000000, 0x00000007c0000000, 0x00000007c0000000)
 Metaspace       used 41046K, capacity 42355K, committed 42612K, reserved 1087488K
  class space    used 4892K, capacity 5202K, committed 5268K, reserved 1048576K
}
2018-01-08T11:46:24.160-0100: 4386.230: Total time for which application threads were stopped: 0.0104600 seconds, Stopping threads took: 0.0000302 seconds
2018-01-08T11:46:25.162-0100: 4387.231: Total time for which application threads were stopped: 0.0001394 seconds, Stopping threads took: 0.0000260 seconds
2018-01-08T11:46:36.182-0100: 4398.252: Total time for which application threads were stopped: 0.0002254 seconds, Stopping threads took: 0.0000473 seconds
2018-01-08T11:46:49.221-0100: 4411.290: Total time for which application threads were stopped: 0.0001291 seconds, Stopping threads took: 0.0000354 seconds
2018-01-08T11:47:03.277-0100: 4425.347: Total time for which application threads were stopped: 0.0001860 seconds, Stopping threads took: 0.0000579 seconds
2018-01-08T11:47:03.282-0100: 4425.352: Total time for which application threads were stopped: 0.0001330 seconds, Stopping threads took: 0.0000452 seconds
{Heap before GC invocations=33 (full 2):
 par new generation   total 109248K, used 93408K [0x00000007a0000000, 0x00000007a8000000, 0x00000007a8000000)
  eden space 87424K,  99% used [0x00000007a0000000, 0x00000007a555bbe8, 0x00000007a5560000)
  from space 21824K,  27% used [0x00000007a6ab0000, 0x00000007a708c780, 0x00000007a8000000)
  to   space 21824K,   0% used [0x00000007a5560000, 0x00000007a5560000, 0x00000007a6ab0000)
 concurrent mark-sweep generation total 393216K, used 33702K [0x00000007a8000000, 0x00000007c0000000, 0x00000007c0000000)
 Metaspace       used 41076K, capacity 42355K, committed 42612K, reserved 1087488K
  class space    used 4892K, capacity 5202K, committed 5268K, reserved 1048576K
2018-01-08T11:47:03.304-0100: 4425.374: [GC (Allocation Failure) 2018-01-08T11:47:03.304-0100: 4425.374: [ParNew
Desired survivor size 20112992 bytes, new threshold 8 (max 8)
- age   1:    1341840 bytes,    1341840 total
- age   2:      92288 bytes,    1434128 total
- age   3:    1479648 bytes,    2913776 total
- age   4:     162688 bytes,    3076464 total
- age   5:     322184 bytes,    3398648 total
- age   6:     317104 bytes,    3715752 total
- age   7:    1259304 bytes,    4975056 total
- age   8:     215664 bytes,    5190720 total
: 93408K->6551K(109248K), 0.0057418 secs] 127110K->40285K(502464K), 0.0058729 secs] [Times: user=0.04 sys=0.00, real=0.01 secs] 
Heap after GC invocations=34 (full 2):
 par new generation   total 109248K, used 6551K [0x00000007a0000000, 0x00000007a8000000, 0x00000007a8000000)
  eden space 87424K,   0% used [0x00000007a0000000, 0x00000007a0000000, 0x00000007a5560000)
  from space 21824K,  30% used [0x00000007a5560000, 0x00000007a5bc5cd0, 0x00000007a6ab0000)
  to   space 21824K,   0% used [0x00000007a6ab0000, 0x00000007a6ab0000, 0x00000007a8000000)
 concurrent mark-sweep generation total 393216K, used 33734K [0x00000007a8000000, 0x00000007c0000000, 0x00000007c0000000)
 Metaspace       used 41076K, capacity 42355K, committed 42612K, reserved 1087488K
  class space    used 4892K, capacity 5202K, committed 5268K, reserved 1048576K
}
2018-01-08T11:47:03.310-0100: 4425.380: Total time for which application threads were stopped: 0.0061121 seconds, Stopping threads took: 0.0000237 seconds
2018-01-08T11:47:03.369-0100: 4425.438: Total time for which application threads were stopped: 0.0001055 seconds, Stopping threads took: 0.0000219 seconds
2018-01-08T11:47:03.411-0100: 4425.481: Total time for which application threads were stopped: 0.0004258 seconds, Stopping threads took: 0.0002718 seconds
2018-01-08T11:47:03.421-0100: 4425.490: Total time for which application threads were stopped: 0.0015644 seconds, Stopping threads took: 0.0000578 seconds
{Heap before GC invocations=34 (full 2):
 par new generation   total 109248K, used 93975K [0x00000007a0000000, 0x00000007a8000000, 0x00000007a8000000)
  eden space 87424K, 100% used [0x00000007a0000000, 0x00000007a5560000, 0x00000007a5560000)
  from space 21824K,  30% used [0x00000007a5560000, 0x00000007a5bc5cd0, 0x00000007a6ab0000)
  to   space 21824K,   0% used [0x00000007a6ab0000, 0x00000007a6ab0000, 0x00000007a8000000)
 concurrent mark-sweep generation total 393216K, used 33734K [0x00000007a8000000, 0x00000007c0000000, 0x00000007c0000000)
 Metaspace       used 41084K, capacity 42361K, committed 42612K, reserved 1087488K
  class space    used 4893K, capacity 5203K, committed 5268K, reserved 1048576K
2018-01-08T11:47:03.434-0100: 4425.504: [GC (Allocation Failure) 2018-01-08T11:47:03.434-0100: 4425.504: [ParNew
Desired survivor size 20112992 bytes, new threshold 8 (max 8)
- age   1:    1276976 bytes,    1276976 total
- age   2:     631168 bytes,    1908144 total
- age   3:      92288 bytes,    2000432 total
- age   4:    1479480 bytes,    3479912 total
- age   5:     162624 bytes,    3642536 total
- age   6:     322184 bytes,    3964720 total
- age   7:     317104 bytes,    4281824 total
- age   8:    1259304 bytes,    5541128 total
: 93975K->6733K(109248K), 0.0071261 secs] 127709K->40680K(502464K), 0.0072686 secs] [Times: user=0.03 sys=0.00, real=0.01 secs] 
Heap after GC invocations=35 (full 2):
 par new generation   total 109248K, used 6733K [0x00000007a0000000, 0x00000007a8000000, 0x00000007a8000000)
  eden space 87424K,   0% used [0x00000007a0000000, 0x00000007a0000000, 0x00000007a5560000)
  from space 21824K,  30% used [0x00000007a6ab0000, 0x00000007a7143708, 0x00000007a8000000)
  to   space 21824K,   0% used [0x00000007a5560000, 0x00000007a5560000, 0x00000007a6ab0000)
 concurrent mark-sweep generation total 393216K, used 33946K [0x00000007a8000000, 0x00000007c0000000, 0x00000007c0000000)
 Metaspace       used 41084K, capacity 42361K, committed 42612K, reserved 1087488K
  class space    used 4893K, capacity 5203K, committed 5268K, reserved 1048576K
}
2018-01-08T11:47:03.442-0100: 4425.511: Total time for which application threads were stopped: 0.0143099 seconds, Stopping threads took: 0.0067737 seconds
{Heap before GC invocations=35 (full 2):
 par new generation   total 109248K, used 94155K [0x00000007a0000000, 0x00000007a8000000, 0x00000007a8000000)
  eden space 87424K,  99% used [0x00000007a0000000, 0x00000007a555f620, 0x00000007a5560000)
  from space 21824K,  30% used [0x00000007a6ab0000, 0x00000007a7143708, 0x00000007a8000000)
  to   space 21824K,   0% used [0x00000007a5560000, 0x00000007a5560000, 0x00000007a6ab0000)
 concurrent mark-sweep generation total 393216K, used 33946K [0x00000007a8000000, 0x00000007c0000000, 0x00000007c0000000)
 Metaspace       used 41193K, capacity 42529K, committed 42612K, reserved 1087488K
  class space    used 4909K, capacity 5231K, committed 5268K, reserved 1048576K
2018-01-08T11:47:03.520-0100: 4425.590: [GC (Allocation Failure) 2018-01-08T11:47:03.520-0100: 4425.590: [ParNew
Desired survivor size 20112992 bytes, new threshold 8 (max 8)
- age   1:     650848 bytes,     650848 total
- age   2:    1272704 bytes,    1923552 total
- age   3:     631168 bytes,    2554720 total
- age   4:      92288 bytes,    2647008 total
- age   5:    1476136 bytes,    4123144 total
- age   6:     162624 bytes,    4285768 total
- age   7:     322184 bytes,    4607952 total
- age   8:     317104 bytes,    4925056 total
: 94155K->7209K(109248K), 0.0208185 secs] 128102K->42392K(502464K), 0.0210133 secs] [Times: user=0.06 sys=0.00, real=0.02 secs] 
Heap after GC invocations=36 (full 2):
 par new generation   total 109248K, used 7209K [0x00000007a0000000, 0x00000007a8000000, 0x00000007a8000000)
  eden space 87424K,   0% used [0x00000007a0000000, 0x00000007a0000000, 0x00000007a5560000)
  from space 21824K,  33% used [0x00000007a5560000, 0x00000007a5c6a7f0, 0x00000007a6ab0000)
  to   space 21824K,   0% used [0x00000007a6ab0000, 0x00000007a6ab0000, 0x00000007a8000000)
 concurrent mark-sweep generation total 393216K, used 35182K [0x00000007a8000000, 0x00000007c0000000, 0x00000007c0000000)
 Metaspace       used 41193K, capacity 42529K, committed 42612K, reserved 1087488K
  class space    used 4909K, capacity 5231K, committed 5268K, reserved 1048576K
}
2018-01-08T11:47:03.541-0100: 4425.611: Total time for which application threads were stopped: 0.0213513 seconds, Stopping threads took: 0.0000341 seconds
2018-01-08T11:47:03.627-0100: 4425.697: Total time for which application threads were stopped: 0.0008911 seconds, Stopping threads took: 0.0007159 seconds
{Heap before GC invocations=36 (full 2):
 par new generation   total 109248K, used 94625K [0x00000007a0000000, 0x00000007a8000000, 0x00000007a8000000)
  eden space 87424K,  99% used [0x00000007a0000000, 0x00000007a555dc48, 0x00000007a5560000)
  from space 21824K,  33% used [0x00000007a5560000, 0x00000007a5c6a7f0, 0x00000007a6ab0000)
  to   space 21824K,   0% used [0x00000007a6ab0000, 0x00000007a6ab0000, 0x00000007a8000000)
 concurrent mark-sweep generation total 393216K, used 35182K [0x00000007a8000000, 0x00000007c0000000, 0x00000007c0000000)
 Metaspace       used 41233K, capacity 42629K, committed 42868K, reserved 1087488K
  class space    used 4913K, capacity 5237K, committed 5268K, reserved 1048576K
2018-01-08T11:47:03.646-0100: 4425.716: [GC (Allocation Failure) 2018-01-08T11:47:03.646-0100: 4425.716: [ParNew
Desired survivor size 20112992 bytes, new threshold 8 (max 8)
- age   1:    2313776 bytes,    2313776 total
- age   2:     130344 bytes,    2444120 total
- age   3:     732256 bytes,    3176376 total
- age   4:     630616 bytes,    3806992 total
- age   5:      92288 bytes,    3899280 total
- age   6:    1476112 bytes,    5375392 total
- age   7:     162624 bytes,    5538016 total
- age   8:     322184 bytes,    5860200 total
: 94625K->7513K(109248K), 0.0065947 secs] 129807K->43008K(502464K), 0.0067325 secs] [Times: user=0.03 sys=0.01, real=0.01 secs] 
Heap after GC invocations=37 (full 2):
 par new generation   total 109248K, used 7513K [0x00000007a0000000, 0x00000007a8000000, 0x00000007a8000000)
  eden space 87424K,   0% used [0x00000007a0000000, 0x00000007a0000000, 0x00000007a5560000)
  from space 21824K,  34% used [0x00000007a6ab0000, 0x00000007a72064d0, 0x00000007a8000000)
  to   space 21824K,   0% used [0x00000007a5560000, 0x00000007a5560000, 0x00000007a6ab0000)
 concurrent mark-sweep generation total 393216K, used 35495K [0x00000007a8000000, 0x00000007c0000000, 0x00000007c0000000)
 Metaspace       used 41233K, capacity 42629K, committed 42868K, reserved 1087488K
  class space    used 4913K, capacity 5237K, committed 5268K, reserved 1048576K
}
2018-01-08T11:47:03.653-0100: 4425.723: Total time for which application threads were stopped: 0.0070396 seconds, Stopping threads took: 0.0000309 seconds
2018-01-08T11:47:03.654-0100: 4425.724: Total time for which application threads were stopped: 0.0007786 seconds, Stopping threads took: 0.0006071 seconds
2018-01-08T11:47:03.661-0100: 4425.730: Total time for which application threads were stopped: 0.0004696 seconds, Stopping threads took: 0.0002903 seconds
{Heap before GC invocations=37 (full 2):
 par new generation   total 109248K, used 94937K [0x00000007a0000000, 0x00000007a8000000, 0x00000007a8000000)
  eden space 87424K, 100% used [0x00000007a0000000, 0x00000007a5560000, 0x00000007a5560000)
  from space 21824K,  34% used [0x00000007a6ab0000, 0x00000007a72064d0, 0x00000007a8000000)
  to   space 21824K,   0% used [0x00000007a5560000, 0x00000007a5560000, 0x00000007a6ab0000)
 concurrent mark-sweep generation total 393216K, used 35495K [0x00000007a8000000, 0x00000007c0000000, 0x00000007c0000000)
 Metaspace       used 41234K, capacity 42629K, committed 42868K, reserved 1087488K
  class space    used 4913K, capacity 5237K, committed 5268K, reserved 1048576K
2018-01-08T11:47:03.702-0100: 4425.771: [GC (Allocation Failure) 2018-01-08T11:47:03.702-0100: 4425.771: [ParNew
Desired survivor size 20112992 bytes, new threshold 8 (max 8)
- age   1:    1733864 bytes,    1733864 total
- age   2:    1804088 bytes,    3537952 total
- age   3:     130344 bytes,    3668296 total
- age   4:     732256 bytes,    4400552 total
- age   5:     630616 bytes,    5031168 total
- age   6:      92288 bytes,    5123456 total
- age   7:    1476112 bytes,    6599568 total
- age   8:     162624 bytes,    6762192 total
: 94937K->8692K(109248K), 0.0146978 secs] 130432K->44504K(502464K), 0.0148956 secs] [Times: user=0.05 sys=0.00, real=0.01 secs] 
Heap after GC invocations=38 (full 2):
 par new generation   total 109248K, used 8692K [0x00000007a0000000, 0x00000007a8000000, 0x00000007a8000000)
  eden space 87424K,   0% used [0x00000007a0000000, 0x00000007a0000000, 0x00000007a5560000)
  from space 21824K,  39% used [0x00000007a5560000, 0x00000007a5ddd080, 0x00000007a6ab0000)
  to   space 21824K,   0% used [0x00000007a6ab0000, 0x00000007a6ab0000, 0x00000007a8000000)
 concurrent mark-sweep generation total 393216K, used 35812K [0x00000007a8000000, 0x00000007c0000000, 0x00000007c0000000)
 Metaspace       used 41234K, capacity 42629K, committed 42868K, reserved 1087488K
  class space    used 4913K, capacity 5237K, committed 5268K, reserved 1048576K
}
2018-01-08T11:47:03.717-0100: 4425.786: Total time for which application threads were stopped: 0.0152079 seconds, Stopping threads took: 0.0000376 seconds
{Heap before GC invocations=38 (full 2):
 par new generation   total 109248K, used 96116K [0x00000007a0000000, 0x00000007a8000000, 0x00000007a8000000)
  eden space 87424K, 100% used [0x00000007a0000000, 0x00000007a5560000, 0x00000007a5560000)
  from space 21824K,  39% used [0x00000007a5560000, 0x00000007a5ddd080, 0x00000007a6ab0000)
  to   space 21824K,   0% used [0x00000007a6ab0000, 0x00000007a6ab0000, 0x00000007a8000000)
 concurrent mark-sweep generation total 393216K, used 35812K [0x00000007a8000000, 0x00000007c0000000, 0x00000007c0000000)
 Metaspace       used 41235K, capacity 42629K, committed 42868K, reserved 1087488K
  class space    used 4913K, capacity 5237K, committed 5268K, reserved 1048576K
2018-01-08T11:47:03.746-0100: 4425.815: [GC (Allocation Failure) 2018-01-08T11:47:03.746-0100: 4425.815: [ParNew
Desired survivor size 20112992 bytes, new threshold 8 (max 8)
- age   1:     276640 bytes,     276640 total
- age   2:    1275664 bytes,    1552304 total
- age   3:    1794304 bytes,    3346608 total
- age   4:     130344 bytes,    3476952 total
- age   5:     732256 bytes,    4209208 total
- age   6:     630616 bytes,    4839824 total
- age   7:      92288 bytes,    4932112 total
- age   8:    1476112 bytes,    6408224 total
: 96116K->8001K(109248K), 0.0098642 secs] 131928K->43974K(502464K), 0.0100083 secs] [Times: user=0.04 sys=0.00, real=0.01 secs] 
Heap after GC invocations=39 (full 2):
 par new generation   total 109248K, used 8001K [0x00000007a0000000, 0x00000007a8000000, 0x00000007a8000000)
  eden space 87424K,   0% used [0x00000007a0000000, 0x00000007a0000000, 0x00000007a5560000)
  from space 21824K,  36% used [0x00000007a6ab0000, 0x00000007a7280730, 0x00000007a8000000)
  to   space 21824K,   0% used [0x00000007a5560000, 0x00000007a5560000, 0x00000007a6ab0000)
 concurrent mark-sweep generation total 393216K, used 35973K [0x00000007a8000000, 0x00000007c0000000, 0x00000007c0000000)
 Metaspace       used 41235K, capacity 42629K, committed 42868K, reserved 1087488K
  class space    used 4913K, capacity 5237K, committed 5268K, reserved 1048576K
}
2018-01-08T11:47:03.756-0100: 4425.826: Total time for which application threads were stopped: 0.0105026 seconds, Stopping threads took: 0.0001164 seconds
{Heap before GC invocations=39 (full 2):
 par new generation   total 109248K, used 95425K [0x00000007a0000000, 0x00000007a8000000, 0x00000007a8000000)
  eden space 87424K, 100% used [0x00000007a0000000, 0x00000007a5560000, 0x00000007a5560000)
  from space 21824K,  36% used [0x00000007a6ab0000, 0x00000007a7280730, 0x00000007a8000000)
  to   space 21824K,   0% used [0x00000007a5560000, 0x00000007a5560000, 0x00000007a6ab0000)
 concurrent mark-sweep generation total 393216K, used 35973K [0x00000007a8000000, 0x00000007c0000000, 0x00000007c0000000)
 Metaspace       used 41236K, capacity 42629K, committed 42868K, reserved 1087488K
  class space    used 4913K, capacity 5237K, committed 5268K, reserved 1048576K
2018-01-08T11:47:03.802-0100: 4425.872: [GC (Allocation Failure) 2018-01-08T11:47:03.802-0100: 4425.872: [ParNew
Desired survivor size 20112992 bytes, new threshold 8 (max 8)
- age   1:     455920 bytes,     455920 total
- age   2:     105304 bytes,     561224 total
- age   3:    1273840 bytes,    1835064 total
- age   4:    1794304 bytes,    3629368 total
- age   5:     130344 bytes,    3759712 total
- age   6:     732256 bytes,    4491968 total
- age   7:     630616 bytes,    5122584 total
- age   8:      92288 bytes,    5214872 total
: 95425K->8240K(109248K), 0.0108969 secs] 131398K->45668K(502464K), 0.0110213 secs] [Times: user=0.04 sys=0.00, real=0.01 secs] 
Heap after GC invocations=40 (full 2):
 par new generation   total 109248K, used 8240K [0x00000007a0000000, 0x00000007a8000000, 0x00000007a8000000)
  eden space 87424K,   0% used [0x00000007a0000000, 0x00000007a0000000, 0x00000007a5560000)
  from space 21824K,  37% used [0x00000007a5560000, 0x00000007a5d6c280, 0x00000007a6ab0000)
  to   space 21824K,   0% used [0x00000007a6ab0000, 0x00000007a6ab0000, 0x00000007a8000000)
 concurrent mark-sweep generation total 393216K, used 37427K [0x00000007a8000000, 0x00000007c0000000, 0x00000007c0000000)
 Metaspace       used 41236K, capacity 42629K, committed 42868K, reserved 1087488K
  class space    used 4913K, capacity 5237K, committed 5268K, reserved 1048576K
}
2018-01-08T11:47:03.813-0100: 4425.883: Total time for which application threads were stopped: 0.0114411 seconds, Stopping threads took: 0.0001763 seconds
2018-01-08T11:47:03.818-0100: 4425.888: Total time for which application threads were stopped: 0.0001876 seconds, Stopping threads took: 0.0000530 seconds
2018-01-08T11:47:03.894-0100: 4425.963: Total time for which application threads were stopped: 0.0003078 seconds, Stopping threads took: 0.0001174 seconds
2018-01-08T11:47:03.903-0100: 4425.973: Total time for which application threads were stopped: 0.0004431 seconds, Stopping threads took: 0.0001935 seconds
2018-01-08T11:47:03.938-0100: 4426.008: Total time for which application threads were stopped: 0.0003408 seconds, Stopping threads took: 0.0001040 seconds
2018-01-08T11:47:03.939-0100: 4426.009: Total time for which application threads were stopped: 0.0002289 seconds, Stopping threads took: 0.0000555 seconds
2018-01-08T11:47:03.940-0100: 4426.009: Total time for which application threads were stopped: 0.0001417 seconds, Stopping threads took: 0.0000202 seconds
2018-01-08T11:47:03.940-0100: 4426.009: Total time for which application threads were stopped: 0.0002170 seconds, Stopping threads took: 0.0000971 seconds
2018-01-08T11:47:03.940-0100: 4426.010: Total time for which application threads were stopped: 0.0001855 seconds, Stopping threads took: 0.0000736 seconds
2018-01-08T11:47:03.940-0100: 4426.010: Total time for which application threads were stopped: 0.0001229 seconds, Stopping threads took: 0.0000308 seconds
2018-01-08T11:47:03.941-0100: 4426.010: Total time for which application threads were stopped: 0.0001465 seconds, Stopping threads took: 0.0000451 seconds
2018-01-08T11:47:03.941-0100: 4426.010: Total time for which application threads were stopped: 0.0001482 seconds, Stopping threads took: 0.0000476 seconds
2018-01-08T11:47:03.941-0100: 4426.011: Total time for which application threads were stopped: 0.0001448 seconds, Stopping threads took: 0.0000343 seconds
2018-01-08T11:47:03.941-0100: 4426.011: Total time for which application threads were stopped: 0.0001237 seconds, Stopping threads took: 0.0000272 seconds
2018-01-08T11:47:03.942-0100: 4426.011: Total time for which application threads were stopped: 0.0001570 seconds, Stopping threads took: 0.0000222 seconds
2018-01-08T11:47:03.942-0100: 4426.012: Total time for which application threads were stopped: 0.0001480 seconds, Stopping threads took: 0.0000341 seconds
2018-01-08T11:47:03.942-0100: 4426.012: Total time for which application threads were stopped: 0.0001455 seconds, Stopping threads took: 0.0000334 seconds
2018-01-08T11:47:03.942-0100: 4426.012: Total time for which application threads were stopped: 0.0001410 seconds, Stopping threads took: 0.0000340 seconds
2018-01-08T11:47:03.943-0100: 4426.012: Total time for which application threads were stopped: 0.0001311 seconds, Stopping threads took: 0.0000325 seconds
2018-01-08T11:47:03.943-0100: 4426.012: Total time for which application threads were stopped: 0.0001489 seconds, Stopping threads took: 0.0000442 seconds
2018-01-08T11:47:03.943-0100: 4426.013: Total time for which application threads were stopped: 0.0001581 seconds, Stopping threads took: 0.0000525 seconds
2018-01-08T11:47:03.943-0100: 4426.013: Total time for which application threads were stopped: 0.0001687 seconds, Stopping threads took: 0.0000327 seconds
2018-01-08T11:47:03.953-0100: 4426.022: Total time for which application threads were stopped: 0.0002607 seconds, Stopping threads took: 0.0001125 seconds
2018-01-08T11:47:03.953-0100: 4426.023: Total time for which application threads were stopped: 0.0001890 seconds, Stopping threads took: 0.0000724 seconds
2018-01-08T11:47:03.954-0100: 4426.024: Total time for which application threads were stopped: 0.0002001 seconds, Stopping threads took: 0.0000495 seconds
2018-01-08T11:47:03.955-0100: 4426.024: Total time for which application threads were stopped: 0.0001607 seconds, Stopping threads took: 0.0000440 seconds
2018-01-08T11:47:03.963-0100: 4426.033: Total time for which application threads were stopped: 0.0007525 seconds, Stopping threads took: 0.0005735 seconds
2018-01-08T11:47:03.965-0100: 4426.035: Total time for which application threads were stopped: 0.0002294 seconds, Stopping threads took: 0.0000641 seconds
2018-01-08T11:47:03.967-0100: 4426.036: Total time for which application threads were stopped: 0.0002422 seconds, Stopping threads took: 0.0000657 seconds
2018-01-08T11:47:03.969-0100: 4426.038: Total time for which application threads were stopped: 0.0003399 seconds, Stopping threads took: 0.0001161 seconds
2018-01-08T11:47:03.970-0100: 4426.040: Total time for which application threads were stopped: 0.0002346 seconds, Stopping threads took: 0.0000653 seconds
{Heap before GC invocations=40 (full 2):
 par new generation   total 109248K, used 95664K [0x00000007a0000000, 0x00000007a8000000, 0x00000007a8000000)
  eden space 87424K,  99% used [0x00000007a0000000, 0x00000007a555fe88, 0x00000007a5560000)
  from space 21824K,  37% used [0x00000007a5560000, 0x00000007a5d6c280, 0x00000007a6ab0000)
  to   space 21824K,   0% used [0x00000007a6ab0000, 0x00000007a6ab0000, 0x00000007a8000000)
 concurrent mark-sweep generation total 393216K, used 37427K [0x00000007a8000000, 0x00000007c0000000, 0x00000007c0000000)
 Metaspace       used 41264K, capacity 42643K, committed 42868K, reserved 1087488K
  class space    used 4914K, capacity 5240K, committed 5268K, reserved 1048576K
2018-01-08T11:47:03.986-0100: 4426.056: [GC (Allocation Failure) 2018-01-08T11:47:03.986-0100: 4426.056: [ParNew
Desired survivor size 20112992 bytes, new threshold 8 (max 8)
- age   1:    2567064 bytes,    2567064 total
- age   2:     154672 bytes,    2721736 total
- age   3:     105304 bytes,    2827040 total
- age   4:     168808 bytes,    2995848 total
- age   5:    1763504 bytes,    4759352 total
- age   6:     125640 bytes,    4884992 total
- age   7:      66280 bytes,    4951272 total
- age   8:     513328 bytes,    5464600 total
: 95664K->6616K(109248K), 0.0133952 secs] 133091K->44136K(502464K), 0.0135433 secs] [Times: user=0.05 sys=0.00, real=0.02 secs] 
Heap after GC invocations=41 (full 2):
 par new generation   total 109248K, used 6616K [0x00000007a0000000, 0x00000007a8000000, 0x00000007a8000000)
  eden space 87424K,   0% used [0x00000007a0000000, 0x00000007a0000000, 0x00000007a5560000)
  from space 21824K,  30% used [0x00000007a6ab0000, 0x00000007a71261f0, 0x00000007a8000000)
  to   space 21824K,   0% used [0x00000007a5560000, 0x00000007a5560000, 0x00000007a6ab0000)
 concurrent mark-sweep generation total 393216K, used 37519K [0x00000007a8000000, 0x00000007c0000000, 0x00000007c0000000)
 Metaspace       used 41264K, capacity 42643K, committed 42868K, reserved 1087488K
  class space    used 4914K, capacity 5240K, committed 5268K, reserved 1048576K
}
2018-01-08T11:47:04.000-0100: 4426.069: Total time for which application threads were stopped: 0.0138706 seconds, Stopping threads took: 0.0000292 seconds
{Heap before GC invocations=41 (full 2):
 par new generation   total 109248K, used 94040K [0x00000007a0000000, 0x00000007a8000000, 0x00000007a8000000)
  eden space 87424K, 100% used [0x00000007a0000000, 0x00000007a5560000, 0x00000007a5560000)
  from space 21824K,  30% used [0x00000007a6ab0000, 0x00000007a71261f0, 0x00000007a8000000)
  to   space 21824K,   0% used [0x00000007a5560000, 0x00000007a5560000, 0x00000007a6ab0000)
 concurrent mark-sweep generation total 393216K, used 37519K [0x00000007a8000000, 0x00000007c0000000, 0x00000007c0000000)
 Metaspace       used 41265K, capacity 42643K, committed 42868K, reserved 1087488K
  class space    used 4914K, capacity 5240K, committed 5268K, reserved 1048576K
2018-01-08T11:47:04.071-0100: 4426.141: [GC (Allocation Failure) 2018-01-08T11:47:04.071-0100: 4426.141: [ParNew
Desired survivor size 20112992 bytes, new threshold 8 (max 8)
- age   1:     240504 bytes,     240504 total
- age   2:    2276896 bytes,    2517400 total
- age   3:     154672 bytes,    2672072 total
- age   4:     105304 bytes,    2777376 total
- age   5:     168808 bytes,    2946184 total
- age   6:    1763504 bytes,    4709688 total
- age   7:     125504 bytes,    4835192 total
- age   8:      66280 bytes,    4901472 total
: 94040K->8162K(109248K), 0.0092647 secs] 131560K->46184K(502464K), 0.0093774 secs] [Times: user=0.03 sys=0.00, real=0.01 secs] 
Heap after GC invocations=42 (full 2):
 par new generation   total 109248K, used 8162K [0x00000007a0000000, 0x00000007a8000000, 0x00000007a8000000)
  eden space 87424K,   0% used [0x00000007a0000000, 0x00000007a0000000, 0x00000007a5560000)
  from space 21824K,  37% used [0x00000007a5560000, 0x00000007a5d58870, 0x00000007a6ab0000)
  to   space 21824K,   0% used [0x00000007a6ab0000, 0x00000007a6ab0000, 0x00000007a8000000)
 concurrent mark-sweep generation total 393216K, used 38022K [0x00000007a8000000, 0x00000007c0000000, 0x00000007c0000000)
 Metaspace       used 41265K, capacity 42643K, committed 42868K, reserved 1087488K
  class space    used 4914K, capacity 5240K, committed 5268K, reserved 1048576K
}
2018-01-08T11:47:04.081-0100: 4426.150: Total time for which application threads were stopped: 0.0096194 seconds, Stopping threads took: 0.0000406 seconds
2018-01-08T11:47:05.479-0100: 4427.549: Total time for which application threads were stopped: 0.0001399 seconds, Stopping threads took: 0.0000396 seconds
2018-01-08T11:47:05.481-0100: 4427.551: Total time for which application threads were stopped: 0.0001982 seconds, Stopping threads took: 0.0001001 seconds
2018-01-08T11:47:05.481-0100: 4427.551: Total time for which application threads were stopped: 0.0001247 seconds, Stopping threads took: 0.0000545 seconds
2018-01-08T11:47:06.482-0100: 4428.551: Total time for which application threads were stopped: 0.0001262 seconds, Stopping threads took: 0.0000246 seconds
2018-01-08T11:47:36.546-0100: 4458.616: Total time for which application threads were stopped: 0.0001568 seconds, Stopping threads took: 0.0000292 seconds
2018-01-08T11:48:04.605-0100: 4486.674: Total time for which application threads were stopped: 0.0001203 seconds, Stopping threads took: 0.0000267 seconds
2018-01-08T11:48:18.356-0100: 4500.426: Total time for which application threads were stopped: 0.0007866 seconds, Stopping threads took: 0.0000177 seconds
2018-01-08T11:48:18.466-0100: 4500.536: Total time for which application threads were stopped: 0.0002743 seconds, Stopping threads took: 0.0000384 seconds
2018-01-08T11:48:18.467-0100: 4500.536: Total time for which application threads were stopped: 0.0001791 seconds, Stopping threads took: 0.0000565 seconds
2018-01-08T11:48:18.468-0100: 4500.537: Total time for which application threads were stopped: 0.0001489 seconds, Stopping threads took: 0.0000317 seconds
2018-01-08T11:48:18.477-0100: 4500.546: Total time for which application threads were stopped: 0.0004368 seconds, Stopping threads took: 0.0000512 seconds
2018-01-08T11:48:18.490-0100: 4500.560: Total time for which application threads were stopped: 0.0005353 seconds, Stopping threads took: 0.0002684 seconds
2018-01-08T11:48:18.493-0100: 4500.563: Total time for which application threads were stopped: 0.0002407 seconds, Stopping threads took: 0.0000530 seconds
{Heap before GC invocations=42 (full 2):
 par new generation   total 109248K, used 95586K [0x00000007a0000000, 0x00000007a8000000, 0x00000007a8000000)
  eden space 87424K, 100% used [0x00000007a0000000, 0x00000007a5560000, 0x00000007a5560000)
  from space 21824K,  37% used [0x00000007a5560000, 0x00000007a5d58870, 0x00000007a6ab0000)
  to   space 21824K,   0% used [0x00000007a6ab0000, 0x00000007a6ab0000, 0x00000007a8000000)
 concurrent mark-sweep generation total 393216K, used 38022K [0x00000007a8000000, 0x00000007c0000000, 0x00000007c0000000)
 Metaspace       used 41800K, capacity 43209K, committed 43508K, reserved 1087488K
  class space    used 4979K, capacity 5315K, committed 5396K, reserved 1048576K
2018-01-08T11:48:18.500-0100: 4500.569: [GC (Allocation Failure) 2018-01-08T11:48:18.500-0100: 4500.569: [ParNew
Desired survivor size 20112992 bytes, new threshold 8 (max 8)
- age   1:    2866000 bytes,    2866000 total
- age   2:     238944 bytes,    3104944 total
- age   3:     952088 bytes,    4057032 total
- age   4:     154672 bytes,    4211704 total
- age   5:     105304 bytes,    4317008 total
- age   6:     168808 bytes,    4485816 total
- age   7:    1763448 bytes,    6249264 total
- age   8:     125440 bytes,    6374704 total
: 95586K->7087K(109248K), 0.0097507 secs] 133608K->45172K(502464K), 0.0099194 secs] [Times: user=0.04 sys=0.01, real=0.01 secs] 
Heap after GC invocations=43 (full 2):
 par new generation   total 109248K, used 7087K [0x00000007a0000000, 0x00000007a8000000, 0x00000007a8000000)
  eden space 87424K,   0% used [0x00000007a0000000, 0x00000007a0000000, 0x00000007a5560000)
  from space 21824K,  32% used [0x00000007a6ab0000, 0x00000007a719bf80, 0x00000007a8000000)
  to   space 21824K,   0% used [0x00000007a5560000, 0x00000007a5560000, 0x00000007a6ab0000)
 concurrent mark-sweep generation total 393216K, used 38085K [0x00000007a8000000, 0x00000007c0000000, 0x00000007c0000000)
 Metaspace       used 41800K, capacity 43209K, committed 43508K, reserved 1087488K
  class space    used 4979K, capacity 5315K, committed 5396K, reserved 1048576K
}
2018-01-08T11:48:18.510-0100: 4500.579: Total time for which application threads were stopped: 0.0102575 seconds, Stopping threads took: 0.0000541 seconds
2018-01-08T11:48:18.518-0100: 4500.587: Total time for which application threads were stopped: 0.0003109 seconds, Stopping threads took: 0.0001664 seconds
{Heap before GC invocations=43 (full 2):
 par new generation   total 109248K, used 94511K [0x00000007a0000000, 0x00000007a8000000, 0x00000007a8000000)
  eden space 87424K, 100% used [0x00000007a0000000, 0x00000007a5560000, 0x00000007a5560000)
  from space 21824K,  32% used [0x00000007a6ab0000, 0x00000007a719bf80, 0x00000007a8000000)
  to   space 21824K,   0% used [0x00000007a5560000, 0x00000007a5560000, 0x00000007a6ab0000)
 concurrent mark-sweep generation total 393216K, used 38085K [0x00000007a8000000, 0x00000007c0000000, 0x00000007c0000000)
 Metaspace       used 41814K, capacity 43209K, committed 43508K, reserved 1087488K
  class space    used 4979K, capacity 5315K, committed 5396K, reserved 1048576K
2018-01-08T11:48:18.557-0100: 4500.626: [GC (Allocation Failure) 2018-01-08T11:48:18.557-0100: 4500.627: [ParNew
Desired survivor size 20112992 bytes, new threshold 8 (max 8)
- age   1:     743352 bytes,     743352 total
- age   2:    2299408 bytes,    3042760 total
- age   3:     238944 bytes,    3281704 total
- age   4:     952088 bytes,    4233792 total
- age   5:     154672 bytes,    4388464 total
- age   6:     105304 bytes,    4493768 total
- age   7:     168808 bytes,    4662576 total
- age   8:    1763448 bytes,    6426024 total
: 94511K->10519K(109248K), 0.0083829 secs] 132596K->48730K(502464K), 0.0085208 secs] [Times: user=0.04 sys=0.00, real=0.01 secs] 
Heap after GC invocations=44 (full 2):
 par new generation   total 109248K, used 10519K [0x00000007a0000000, 0x00000007a8000000, 0x00000007a8000000)
  eden space 87424K,   0% used [0x00000007a0000000, 0x00000007a0000000, 0x00000007a5560000)
  from space 21824K,  48% used [0x00000007a5560000, 0x00000007a5fa5cc0, 0x00000007a6ab0000)
  to   space 21824K,   0% used [0x00000007a6ab0000, 0x00000007a6ab0000, 0x00000007a8000000)
 concurrent mark-sweep generation total 393216K, used 38211K [0x00000007a8000000, 0x00000007c0000000, 0x00000007c0000000)
 Metaspace       used 41814K, capacity 43209K, committed 43508K, reserved 1087488K
  class space    used 4979K, capacity 5315K, committed 5396K, reserved 1048576K
}
2018-01-08T11:48:18.566-0100: 4500.635: Total time for which application threads were stopped: 0.0179447 seconds, Stopping threads took: 0.0091199 seconds
{Heap before GC invocations=44 (full 2):
 par new generation   total 109248K, used 97943K [0x00000007a0000000, 0x00000007a8000000, 0x00000007a8000000)
  eden space 87424K, 100% used [0x00000007a0000000, 0x00000007a5560000, 0x00000007a5560000)
  from space 21824K,  48% used [0x00000007a5560000, 0x00000007a5fa5cc0, 0x00000007a6ab0000)
  to   space 21824K,   0% used [0x00000007a6ab0000, 0x00000007a6ab0000, 0x00000007a8000000)
 concurrent mark-sweep generation total 393216K, used 38211K [0x00000007a8000000, 0x00000007c0000000, 0x00000007c0000000)
 Metaspace       used 41855K, capacity 43281K, committed 43508K, reserved 1087488K
  class space    used 4979K, capacity 5315K, committed 5396K, reserved 1048576K
2018-01-08T11:48:18.619-0100: 4500.689: [GC (Allocation Failure) 2018-01-08T11:48:18.619-0100: 4500.689: [ParNew
Desired survivor size 20112992 bytes, new threshold 8 (max 8)
- age   1:     307568 bytes,     307568 total
- age   2:      92216 bytes,     399784 total
- age   3:    2299296 bytes,    2699080 total
- age   4:     238944 bytes,    2938024 total
- age   5:     952088 bytes,    3890112 total
- age   6:     154672 bytes,    4044784 total
- age   7:     105304 bytes,    4150088 total
- age   8:     168808 bytes,    4318896 total
: 97943K->5767K(109248K), 0.0125085 secs] 136154K->45707K(502464K), 0.0126682 secs] [Times: user=0.05 sys=0.00, real=0.02 secs] 
Heap after GC invocations=45 (full 2):
 par new generation   total 109248K, used 5767K [0x00000007a0000000, 0x00000007a8000000, 0x00000007a8000000)
  eden space 87424K,   0% used [0x00000007a0000000, 0x00000007a0000000, 0x00000007a5560000)
  from space 21824K,  26% used [0x00000007a6ab0000, 0x00000007a7051d80, 0x00000007a8000000)
  to   space 21824K,   0% used [0x00000007a5560000, 0x00000007a5560000, 0x00000007a6ab0000)
 concurrent mark-sweep generation total 393216K, used 39940K [0x00000007a8000000, 0x00000007c0000000, 0x00000007c0000000)
 Metaspace       used 41855K, capacity 43281K, committed 43508K, reserved 1087488K
  class space    used 4979K, capacity 5315K, committed 5396K, reserved 1048576K
}
2018-01-08T11:48:18.632-0100: 4500.701: Total time for which application threads were stopped: 0.0151149 seconds, Stopping threads took: 0.0020710 seconds
2018-01-08T11:48:18.793-0100: 4500.863: Total time for which application threads were stopped: 0.0002787 seconds, Stopping threads took: 0.0000568 seconds
2018-01-08T11:48:18.797-0100: 4500.867: Total time for which application threads were stopped: 0.0002171 seconds, Stopping threads took: 0.0000704 seconds
2018-01-08T11:48:18.977-0100: 4501.047: Total time for which application threads were stopped: 0.0002091 seconds, Stopping threads took: 0.0000248 seconds
2018-01-08T11:48:18.978-0100: 4501.047: Total time for which application threads were stopped: 0.0001207 seconds, Stopping threads took: 0.0000180 seconds
2018-01-08T11:48:19.979-0100: 4502.048: Total time for which application threads were stopped: 0.0001378 seconds, Stopping threads took: 0.0000272 seconds
2018-01-08T11:48:19.982-0100: 4502.052: Total time for which application threads were stopped: 0.0001468 seconds, Stopping threads took: 0.0000412 seconds
2018-01-08T11:48:20.983-0100: 4503.052: Total time for which application threads were stopped: 0.0001844 seconds, Stopping threads took: 0.0000304 seconds
2018-01-08T11:48:22.988-0100: 4505.057: Total time for which application threads were stopped: 0.0001432 seconds, Stopping threads took: 0.0000295 seconds
2018-01-08T11:48:26.997-0100: 4509.067: Total time for which application threads were stopped: 0.0002419 seconds, Stopping threads took: 0.0000452 seconds
2018-01-08T11:48:28.083-0100: 4510.153: Total time for which application threads were stopped: 0.0002942 seconds, Stopping threads took: 0.0000239 seconds
2018-01-08T11:48:32.094-0100: 4514.163: Total time for which application threads were stopped: 0.0001300 seconds, Stopping threads took: 0.0000253 seconds
2018-01-08T11:48:33.094-0100: 4515.163: Total time for which application threads were stopped: 0.0001252 seconds, Stopping threads took: 0.0000251 seconds
2018-01-08T11:48:34.098-0100: 4516.167: Total time for which application threads were stopped: 0.0001801 seconds, Stopping threads took: 0.0000293 seconds
2018-01-08T11:48:36.101-0100: 4518.170: Total time for which application threads were stopped: 0.0002234 seconds, Stopping threads took: 0.0000390 seconds
2018-01-08T11:48:37.101-0100: 4519.171: Total time for which application threads were stopped: 0.0001745 seconds, Stopping threads took: 0.0000337 seconds
2018-01-08T11:48:38.105-0100: 4520.174: Total time for which application threads were stopped: 0.0002242 seconds, Stopping threads took: 0.0000420 seconds
2018-01-08T11:48:38.194-0100: 4520.264: Total time for which application threads were stopped: 0.0002944 seconds, Stopping threads took: 0.0000222 seconds
{Heap before GC invocations=45 (full 2):
 par new generation   total 109248K, used 93191K [0x00000007a0000000, 0x00000007a8000000, 0x00000007a8000000)
  eden space 87424K, 100% used [0x00000007a0000000, 0x00000007a5560000, 0x00000007a5560000)
  from space 21824K,  26% used [0x00000007a6ab0000, 0x00000007a7051d80, 0x00000007a8000000)
  to   space 21824K,   0% used [0x00000007a5560000, 0x00000007a5560000, 0x00000007a6ab0000)
 concurrent mark-sweep generation total 393216K, used 39940K [0x00000007a8000000, 0x00000007c0000000, 0x00000007c0000000)
 Metaspace       used 42101K, capacity 43481K, committed 43764K, reserved 1087488K
  class space    used 4979K, capacity 5315K, committed 5396K, reserved 1048576K
2018-01-08T11:48:40.718-0100: 4522.787: [GC (Allocation Failure) 2018-01-08T11:48:40.718-0100: 4522.787: [ParNew
Desired survivor size 20112992 bytes, new threshold 8 (max 8)
- age   1:    1309928 bytes,    1309928 total
- age   2:      89000 bytes,    1398928 total
- age   3:      91136 bytes,    1490064 total
- age   4:    1161424 bytes,    2651488 total
- age   5:     238944 bytes,    2890432 total
- age   6:     952088 bytes,    3842520 total
- age   7:     154672 bytes,    3997192 total
- age   8:     105304 bytes,    4102496 total
: 93191K->4605K(109248K), 0.0055275 secs] 133131K->44712K(502464K), 0.0056655 secs] [Times: user=0.02 sys=0.00, real=0.01 secs] 
Heap after GC invocations=46 (full 2):
 par new generation   total 109248K, used 4605K [0x00000007a0000000, 0x00000007a8000000, 0x00000007a8000000)
  eden space 87424K,   0% used [0x00000007a0000000, 0x00000007a0000000, 0x00000007a5560000)
  from space 21824K,  21% used [0x00000007a5560000, 0x00000007a59df400, 0x00000007a6ab0000)
  to   space 21824K,   0% used [0x00000007a6ab0000, 0x00000007a6ab0000, 0x00000007a8000000)
 concurrent mark-sweep generation total 393216K, used 40107K [0x00000007a8000000, 0x00000007c0000000, 0x00000007c0000000)
 Metaspace       used 42101K, capacity 43481K, committed 43764K, reserved 1087488K
  class space    used 4979K, capacity 5315K, committed 5396K, reserved 1048576K
}
2018-01-08T11:48:40.723-0100: 4522.793: Total time for which application threads were stopped: 0.0059006 seconds, Stopping threads took: 0.0000223 seconds
2018-01-08T11:48:41.727-0100: 4523.797: Total time for which application threads were stopped: 0.0001589 seconds, Stopping threads took: 0.0000268 seconds
2018-01-08T11:48:42.729-0100: 4524.798: Total time for which application threads were stopped: 0.0001386 seconds, Stopping threads took: 0.0000275 seconds
2018-01-08T11:48:44.277-0100: 4526.347: Total time for which application threads were stopped: 0.0002011 seconds, Stopping threads took: 0.0000729 seconds
2018-01-08T11:48:44.278-0100: 4526.347: Total time for which application threads were stopped: 0.0001562 seconds, Stopping threads took: 0.0000439 seconds
2018-01-08T11:48:44.278-0100: 4526.348: Total time for which application threads were stopped: 0.0001188 seconds, Stopping threads took: 0.0000492 seconds
2018-01-08T11:48:44.278-0100: 4526.348: Total time for which application threads were stopped: 0.0001668 seconds, Stopping threads took: 0.0001040 seconds
2018-01-08T11:48:44.279-0100: 4526.348: Total time for which application threads were stopped: 0.0001147 seconds, Stopping threads took: 0.0000420 seconds
2018-01-08T11:48:44.279-0100: 4526.348: Total time for which application threads were stopped: 0.0001562 seconds, Stopping threads took: 0.0000568 seconds
2018-01-08T11:48:44.283-0100: 4526.352: Total time for which application threads were stopped: 0.0001988 seconds, Stopping threads took: 0.0000801 seconds
2018-01-08T11:48:44.283-0100: 4526.352: Total time for which application threads were stopped: 0.0001269 seconds, Stopping threads took: 0.0000149 seconds
2018-01-08T11:48:44.283-0100: 4526.353: Total time for which application threads were stopped: 0.0001176 seconds, Stopping threads took: 0.0000218 seconds
2018-01-08T11:48:44.284-0100: 4526.353: Total time for which application threads were stopped: 0.0001311 seconds, Stopping threads took: 0.0000438 seconds
2018-01-08T11:48:44.290-0100: 4526.359: Total time for which application threads were stopped: 0.0001545 seconds, Stopping threads took: 0.0000377 seconds
2018-01-08T11:48:44.290-0100: 4526.359: Total time for which application threads were stopped: 0.0001192 seconds, Stopping threads took: 0.0000322 seconds
2018-01-08T11:48:44.290-0100: 4526.359: Total time for which application threads were stopped: 0.0001354 seconds, Stopping threads took: 0.0000115 seconds
2018-01-08T11:48:44.290-0100: 4526.359: Total time for which application threads were stopped: 0.0001051 seconds, Stopping threads took: 0.0000121 seconds
2018-01-08T11:48:44.675-0100: 4526.745: Total time for which application threads were stopped: 0.0001542 seconds, Stopping threads took: 0.0000228 seconds
2018-01-08T11:48:44.677-0100: 4526.746: Total time for which application threads were stopped: 0.0001537 seconds, Stopping threads took: 0.0000486 seconds
2018-01-08T11:48:44.913-0100: 4526.982: Total time for which application threads were stopped: 0.0001940 seconds, Stopping threads took: 0.0000523 seconds
2018-01-08T11:48:44.913-0100: 4526.982: Total time for which application threads were stopped: 0.0001095 seconds, Stopping threads took: 0.0000138 seconds
2018-01-08T11:48:46.917-0100: 4528.986: Total time for which application threads were stopped: 0.0001224 seconds, Stopping threads took: 0.0000250 seconds
2018-01-08T11:48:50.924-0100: 4532.993: Total time for which application threads were stopped: 0.0001504 seconds, Stopping threads took: 0.0000311 seconds
2018-01-08T11:48:51.926-0100: 4533.996: Total time for which application threads were stopped: 0.0001365 seconds, Stopping threads took: 0.0000284 seconds
2018-01-08T11:48:52.930-0100: 4535.000: Total time for which application threads were stopped: 0.0001748 seconds, Stopping threads took: 0.0000406 seconds
2018-01-08T11:48:53.931-0100: 4536.000: Total time for which application threads were stopped: 0.0001474 seconds, Stopping threads took: 0.0000298 seconds
2018-01-08T11:48:58.939-0100: 4541.008: Total time for which application threads were stopped: 0.0001368 seconds, Stopping threads took: 0.0000283 seconds
2018-01-08T11:49:01.943-0100: 4544.012: Total time for which application threads were stopped: 0.0001343 seconds, Stopping threads took: 0.0000292 seconds
2018-01-08T11:49:05.951-0100: 4548.021: Total time for which application threads were stopped: 0.0001416 seconds, Stopping threads took: 0.0000278 seconds
2018-01-08T11:49:08.957-0100: 4551.027: Total time for which application threads were stopped: 0.0002277 seconds, Stopping threads took: 0.0000444 seconds
2018-01-08T11:49:09.960-0100: 4552.029: Total time for which application threads were stopped: 0.0002231 seconds, Stopping threads took: 0.0000420 seconds
2018-01-08T11:49:10.162-0100: 4552.231: Total time for which application threads were stopped: 0.0002007 seconds, Stopping threads took: 0.0000758 seconds
2018-01-08T11:49:10.163-0100: 4552.232: Total time for which application threads were stopped: 0.0001886 seconds, Stopping threads took: 0.0000727 seconds
2018-01-08T11:49:10.163-0100: 4552.232: Total time for which application threads were stopped: 0.0001366 seconds, Stopping threads took: 0.0000516 seconds
2018-01-08T11:49:10.166-0100: 4552.235: Total time for which application threads were stopped: 0.0001787 seconds, Stopping threads took: 0.0000277 seconds
2018-01-08T11:49:10.166-0100: 4552.235: Total time for which application threads were stopped: 0.0001844 seconds, Stopping threads took: 0.0000815 seconds
2018-01-08T11:49:10.166-0100: 4552.236: Total time for which application threads were stopped: 0.0002022 seconds, Stopping threads took: 0.0000700 seconds
2018-01-08T11:49:10.167-0100: 4552.236: Total time for which application threads were stopped: 0.0001694 seconds, Stopping threads took: 0.0000334 seconds
2018-01-08T11:49:10.170-0100: 4552.239: Total time for which application threads were stopped: 0.0002023 seconds, Stopping threads took: 0.0000533 seconds
2018-01-08T11:49:10.170-0100: 4552.239: Total time for which application threads were stopped: 0.0001391 seconds, Stopping threads took: 0.0000197 seconds
2018-01-08T11:49:10.170-0100: 4552.239: Total time for which application threads were stopped: 0.0001428 seconds, Stopping threads took: 0.0000301 seconds
2018-01-08T11:49:10.170-0100: 4552.240: Total time for which application threads were stopped: 0.0001118 seconds, Stopping threads took: 0.0000286 seconds
2018-01-08T11:49:10.170-0100: 4552.240: Total time for which application threads were stopped: 0.0000939 seconds, Stopping threads took: 0.0000310 seconds
2018-01-08T11:49:10.171-0100: 4552.240: Total time for which application threads were stopped: 0.0001050 seconds, Stopping threads took: 0.0000294 seconds
2018-01-08T11:49:10.171-0100: 4552.240: Total time for which application threads were stopped: 0.0000945 seconds, Stopping threads took: 0.0000248 seconds
2018-01-08T11:49:10.171-0100: 4552.240: Total time for which application threads were stopped: 0.0001245 seconds, Stopping threads took: 0.0000341 seconds
2018-01-08T11:49:10.542-0100: 4552.612: Total time for which application threads were stopped: 0.0001837 seconds, Stopping threads took: 0.0000599 seconds
2018-01-08T11:49:10.543-0100: 4552.613: Total time for which application threads were stopped: 0.0001534 seconds, Stopping threads took: 0.0000400 seconds
2018-01-08T11:49:10.557-0100: 4552.627: Total time for which application threads were stopped: 0.0001591 seconds, Stopping threads took: 0.0000247 seconds
{Heap before GC invocations=46 (full 2):
 par new generation   total 109248K, used 92029K [0x00000007a0000000, 0x00000007a8000000, 0x00000007a8000000)
  eden space 87424K, 100% used [0x00000007a0000000, 0x00000007a5560000, 0x00000007a5560000)
  from space 21824K,  21% used [0x00000007a5560000, 0x00000007a59df400, 0x00000007a6ab0000)
  to   space 21824K,   0% used [0x00000007a6ab0000, 0x00000007a6ab0000, 0x00000007a8000000)
 concurrent mark-sweep generation total 393216K, used 40107K [0x00000007a8000000, 0x00000007c0000000, 0x00000007c0000000)
 Metaspace       used 42837K, capacity 44319K, committed 44532K, reserved 1089536K
  class space    used 5044K, capacity 5380K, committed 5396K, reserved 1048576K
2018-01-08T11:49:10.601-0100: 4552.671: [GC (Allocation Failure) 2018-01-08T11:49:10.601-0100: 4552.671: [ParNew
Desired survivor size 20112992 bytes, new threshold 8 (max 8)
- age   1:    1023448 bytes,    1023448 total
- age   2:    1000904 bytes,    2024352 total
- age   3:      89000 bytes,    2113352 total
- age   4:      91136 bytes,    2204488 total
- age   5:    1147264 bytes,    3351752 total
- age   6:     238944 bytes,    3590696 total
- age   7:     930072 bytes,    4520768 total
- age   8:     154672 bytes,    4675440 total
: 92029K->6265K(109248K), 0.0051726 secs] 132136K->46478K(502464K), 0.0052824 secs] [Times: user=0.01 sys=0.00, real=0.00 secs] 
Heap after GC invocations=47 (full 2):
 par new generation   total 109248K, used 6265K [0x00000007a0000000, 0x00000007a8000000, 0x00000007a8000000)
  eden space 87424K,   0% used [0x00000007a0000000, 0x00000007a0000000, 0x00000007a5560000)
  from space 21824K,  28% used [0x00000007a6ab0000, 0x00000007a70ce6d8, 0x00000007a8000000)
  to   space 21824K,   0% used [0x00000007a5560000, 0x00000007a5560000, 0x00000007a6ab0000)
 concurrent mark-sweep generation total 393216K, used 40212K [0x00000007a8000000, 0x00000007c0000000, 0x00000007c0000000)
 Metaspace       used 42837K, capacity 44319K, committed 44532K, reserved 1089536K
  class space    used 5044K, capacity 5380K, committed 5396K, reserved 1048576K
}
2018-01-08T11:49:10.607-0100: 4552.676: Total time for which application threads were stopped: 0.0055180 seconds, Stopping threads took: 0.0000262 seconds
2018-01-08T11:49:10.683-0100: 4552.752: Total time for which application threads were stopped: 0.0001380 seconds, Stopping threads took: 0.0000361 seconds
2018-01-08T11:49:11.685-0100: 4553.754: Total time for which application threads were stopped: 0.0002211 seconds, Stopping threads took: 0.0000438 seconds
2018-01-08T11:49:12.690-0100: 4554.760: Total time for which application threads were stopped: 0.0002261 seconds, Stopping threads took: 0.0000441 seconds
2018-01-08T11:49:19.698-0100: 4561.767: Total time for which application threads were stopped: 0.0001363 seconds, Stopping threads took: 0.0000275 seconds
2018-01-08T11:49:30.718-0100: 4572.787: Total time for which application threads were stopped: 0.0002112 seconds, Stopping threads took: 0.0000414 seconds
2018-01-08T11:49:32.724-0100: 4574.793: Total time for which application threads were stopped: 0.0001413 seconds, Stopping threads took: 0.0000270 seconds
2018-01-08T11:49:33.728-0100: 4575.798: Total time for which application threads were stopped: 0.0001403 seconds, Stopping threads took: 0.0000274 seconds
2018-01-08T11:49:35.731-0100: 4577.801: Total time for which application threads were stopped: 0.0001794 seconds, Stopping threads took: 0.0000316 seconds
2018-01-08T11:49:35.906-0100: 4577.975: Total time for which application threads were stopped: 0.0001426 seconds, Stopping threads took: 0.0000211 seconds
2018-01-08T11:49:35.911-0100: 4577.980: Total time for which application threads were stopped: 0.0002124 seconds, Stopping threads took: 0.0000369 seconds
2018-01-08T11:49:35.911-0100: 4577.980: Total time for which application threads were stopped: 0.0001198 seconds, Stopping threads took: 0.0000401 seconds
2018-01-08T11:49:35.911-0100: 4577.981: Total time for which application threads were stopped: 0.0000725 seconds, Stopping threads took: 0.0000133 seconds
2018-01-08T11:49:35.911-0100: 4577.981: Total time for which application threads were stopped: 0.0001011 seconds, Stopping threads took: 0.0000372 seconds
2018-01-08T11:49:35.912-0100: 4577.981: Total time for which application threads were stopped: 0.0001046 seconds, Stopping threads took: 0.0000409 seconds
2018-01-08T11:49:35.912-0100: 4577.981: Total time for which application threads were stopped: 0.0000794 seconds, Stopping threads took: 0.0000140 seconds
2018-01-08T11:49:35.912-0100: 4577.981: Total time for which application threads were stopped: 0.0000762 seconds, Stopping threads took: 0.0000139 seconds
2018-01-08T11:49:35.912-0100: 4577.981: Total time for which application threads were stopped: 0.0001311 seconds, Stopping threads took: 0.0000659 seconds
2018-01-08T11:50:09.898-0100: 4611.967: Total time for which application threads were stopped: 0.0003317 seconds, Stopping threads took: 0.0000818 seconds
2018-01-08T11:50:09.903-0100: 4611.973: Total time for which application threads were stopped: 0.0007637 seconds, Stopping threads took: 0.0000467 seconds
2018-01-08T11:50:10.904-0100: 4612.973: Total time for which application threads were stopped: 0.0001309 seconds, Stopping threads took: 0.0000265 seconds
2018-01-08T11:50:17.036-0100: 4619.106: Total time for which application threads were stopped: 0.0002861 seconds, Stopping threads took: 0.0000302 seconds
2018-01-08T11:50:17.037-0100: 4619.106: Total time for which application threads were stopped: 0.0001553 seconds, Stopping threads took: 0.0000415 seconds
2018-01-08T11:50:17.037-0100: 4619.106: Total time for which application threads were stopped: 0.0001255 seconds, Stopping threads took: 0.0000602 seconds
2018-01-08T11:50:17.039-0100: 4619.109: Total time for which application threads were stopped: 0.0002015 seconds, Stopping threads took: 0.0000581 seconds
2018-01-08T11:50:17.040-0100: 4619.109: Total time for which application threads were stopped: 0.0001556 seconds, Stopping threads took: 0.0000695 seconds
2018-01-08T11:50:18.040-0100: 4620.109: Total time for which application threads were stopped: 0.0002444 seconds, Stopping threads took: 0.0000419 seconds
2018-01-08T11:50:53.729-0100: 4655.798: Total time for which application threads were stopped: 0.0001646 seconds, Stopping threads took: 0.0000358 seconds
2018-01-08T11:50:53.729-0100: 4655.798: Total time for which application threads were stopped: 0.0001387 seconds, Stopping threads took: 0.0000444 seconds
2018-01-08T11:50:53.732-0100: 4655.802: Total time for which application threads were stopped: 0.0003687 seconds, Stopping threads took: 0.0000740 seconds
2018-01-08T11:50:54.733-0100: 4656.802: Total time for which application threads were stopped: 0.0001678 seconds, Stopping threads took: 0.0000297 seconds
2018-01-08T11:50:56.019-0100: 4658.088: Total time for which application threads were stopped: 0.0001511 seconds, Stopping threads took: 0.0000292 seconds
2018-01-08T11:51:23.071-0100: 4685.141: Total time for which application threads were stopped: 0.0001302 seconds, Stopping threads took: 0.0000263 seconds
2018-01-08T11:51:33.094-0100: 4695.163: Total time for which application threads were stopped: 0.0001731 seconds, Stopping threads took: 0.0000338 seconds
2018-01-08T11:51:36.104-0100: 4698.173: Total time for which application threads were stopped: 0.0001647 seconds, Stopping threads took: 0.0000568 seconds
2018-01-08T11:51:37.105-0100: 4699.174: Total time for which application threads were stopped: 0.0001598 seconds, Stopping threads took: 0.0000284 seconds
2018-01-08T11:51:50.123-0100: 4712.192: Total time for which application threads were stopped: 0.0001353 seconds, Stopping threads took: 0.0000386 seconds
2018-01-08T11:51:59.544-0100: 4721.613: Total time for which application threads were stopped: 0.0001309 seconds, Stopping threads took: 0.0000407 seconds
{Heap before GC invocations=47 (full 2):
 par new generation   total 109248K, used 93678K [0x00000007a0000000, 0x00000007a8000000, 0x00000007a8000000)
  eden space 87424K,  99% used [0x00000007a0000000, 0x00000007a555d298, 0x00000007a5560000)
  from space 21824K,  28% used [0x00000007a6ab0000, 0x00000007a70ce6d8, 0x00000007a8000000)
  to   space 21824K,   0% used [0x00000007a5560000, 0x00000007a5560000, 0x00000007a6ab0000)
 concurrent mark-sweep generation total 393216K, used 40212K [0x00000007a8000000, 0x00000007c0000000, 0x00000007c0000000)
 Metaspace       used 42944K, capacity 44385K, committed 44532K, reserved 1089536K
  class space    used 5049K, capacity 5381K, committed 5396K, reserved 1048576K
2018-01-08T11:51:59.549-0100: 4721.618: [GC (Allocation Failure) 2018-01-08T11:51:59.549-0100: 4721.618: [ParNew
Desired survivor size 20112992 bytes, new threshold 8 (max 8)
- age   1:    1349896 bytes,    1349896 total
- age   2:     205232 bytes,    1555128 total
- age   3:    1000232 bytes,    2555360 total
- age   4:      88952 bytes,    2644312 total
- age   5:      91136 bytes,    2735448 total
- age   6:    1037272 bytes,    3772720 total
- age   7:     238944 bytes,    4011664 total
- age   8:     928248 bytes,    4939912 total
: 93678K->6518K(109248K), 0.0057558 secs] 133890K->46885K(502464K), 0.0062076 secs] [Times: user=0.02 sys=0.00, real=0.01 secs] 
Heap after GC invocations=48 (full 2):
 par new generation   total 109248K, used 6518K [0x00000007a0000000, 0x00000007a8000000, 0x00000007a8000000)
  eden space 87424K,   0% used [0x00000007a0000000, 0x00000007a0000000, 0x00000007a5560000)
  from space 21824K,  29% used [0x00000007a5560000, 0x00000007a5bbd8d0, 0x00000007a6ab0000)
  to   space 21824K,   0% used [0x00000007a6ab0000, 0x00000007a6ab0000, 0x00000007a8000000)
 concurrent mark-sweep generation total 393216K, used 40366K [0x00000007a8000000, 0x00000007c0000000, 0x00000007c0000000)
 Metaspace       used 42944K, capacity 44385K, committed 44532K, reserved 1089536K
  class space    used 5049K, capacity 5381K, committed 5396K, reserved 1048576K
}
2018-01-08T11:51:59.555-0100: 4721.624: Total time for which application threads were stopped: 0.0064334 seconds, Stopping threads took: 0.0000232 seconds
{Heap before GC invocations=48 (full 2):
 par new generation   total 109248K, used 93922K [0x00000007a0000000, 0x00000007a8000000, 0x00000007a8000000)
  eden space 87424K,  99% used [0x00000007a0000000, 0x00000007a555b1a8, 0x00000007a5560000)
  from space 21824K,  29% used [0x00000007a5560000, 0x00000007a5bbd8d0, 0x00000007a6ab0000)
  to   space 21824K,   0% used [0x00000007a6ab0000, 0x00000007a6ab0000, 0x00000007a8000000)
 concurrent mark-sweep generation total 393216K, used 40366K [0x00000007a8000000, 0x00000007c0000000, 0x00000007c0000000)
 Metaspace       used 42944K, capacity 44385K, committed 44532K, reserved 1089536K
  class space    used 5049K, capacity 5381K, committed 5396K, reserved 1048576K
2018-01-08T11:51:59.589-0100: 4721.658: [GC (Allocation Failure) 2018-01-08T11:51:59.589-0100: 4721.658: [ParNew
Desired survivor size 20112992 bytes, new threshold 8 (max 8)
- age   1:     386856 bytes,     386856 total
- age   2:    1061432 bytes,    1448288 total
- age   3:     204128 bytes,    1652416 total
- age   4:    1000232 bytes,    2652648 total
- age   5:      88952 bytes,    2741600 total
- age   6:      91136 bytes,    2832736 total
- age   7:    1036168 bytes,    3868904 total
- age   8:     238944 bytes,    4107848 total
: 93922K->5536K(109248K), 0.0063131 secs] 134289K->46820K(502464K), 0.0064167 secs] [Times: user=0.03 sys=0.00, real=0.01 secs] 
Heap after GC invocations=49 (full 2):
 par new generation   total 109248K, used 5536K [0x00000007a0000000, 0x00000007a8000000, 0x00000007a8000000)
  eden space 87424K,   0% used [0x00000007a0000000, 0x00000007a0000000, 0x00000007a5560000)
  from space 21824K,  25% used [0x00000007a6ab0000, 0x00000007a70183e0, 0x00000007a8000000)
  to   space 21824K,   0% used [0x00000007a5560000, 0x00000007a5560000, 0x00000007a6ab0000)
 concurrent mark-sweep generation total 393216K, used 41283K [0x00000007a8000000, 0x00000007c0000000, 0x00000007c0000000)
 Metaspace       used 42944K, capacity 44385K, committed 44532K, reserved 1089536K
  class space    used 5049K, capacity 5381K, committed 5396K, reserved 1048576K
}
2018-01-08T11:51:59.596-0100: 4721.665: Total time for which application threads were stopped: 0.0066301 seconds, Stopping threads took: 0.0000240 seconds
2018-01-08T11:51:59.632-0100: 4721.701: Total time for which application threads were stopped: 0.0001201 seconds, Stopping threads took: 0.0000186 seconds
2018-01-08T11:51:59.633-0100: 4721.702: Total time for which application threads were stopped: 0.0001029 seconds, Stopping threads took: 0.0000174 seconds
2018-01-08T11:51:59.636-0100: 4721.705: Total time for which application threads were stopped: 0.0001501 seconds, Stopping threads took: 0.0000480 seconds
2018-01-08T11:52:07.648-0100: 4729.717: Total time for which application threads were stopped: 0.0001660 seconds, Stopping threads took: 0.0000270 seconds
{Heap before GC invocations=49 (full 2):
 par new generation   total 109248K, used 92960K [0x00000007a0000000, 0x00000007a8000000, 0x00000007a8000000)
  eden space 87424K, 100% used [0x00000007a0000000, 0x00000007a5560000, 0x00000007a5560000)
  from space 21824K,  25% used [0x00000007a6ab0000, 0x00000007a70183e0, 0x00000007a8000000)
  to   space 21824K,   0% used [0x00000007a5560000, 0x00000007a5560000, 0x00000007a6ab0000)
 concurrent mark-sweep generation total 393216K, used 41283K [0x00000007a8000000, 0x00000007c0000000, 0x00000007c0000000)
 Metaspace       used 42953K, capacity 44385K, committed 44532K, reserved 1089536K
  class space    used 5049K, capacity 5381K, committed 5396K, reserved 1048576K
2018-01-08T11:52:20.723-0100: 4742.792: [GC (Allocation Failure) 2018-01-08T11:52:20.723-0100: 4742.792: [ParNew
Desired survivor size 20112992 bytes, new threshold 8 (max 8)
- age   1:     871256 bytes,     871256 total
- age   2:       2240 bytes,     873496 total
- age   3:     434664 bytes,    1308160 total
- age   4:     165016 bytes,    1473176 total
- age   5:    1000232 bytes,    2473408 total
- age   6:      88952 bytes,    2562360 total
- age   7:      91136 bytes,    2653496 total
- age   8:    1036168 bytes,    3689664 total
: 92960K->4769K(109248K), 0.0053934 secs] 134244K->46288K(502464K), 0.0055492 secs] [Times: user=0.02 sys=0.00, real=0.00 secs] 
Heap after GC invocations=50 (full 2):
 par new generation   total 109248K, used 4769K [0x00000007a0000000, 0x00000007a8000000, 0x00000007a8000000)
  eden space 87424K,   0% used [0x00000007a0000000, 0x00000007a0000000, 0x00000007a5560000)
  from space 21824K,  21% used [0x00000007a5560000, 0x00000007a5a08410, 0x00000007a6ab0000)
  to   space 21824K,   0% used [0x00000007a6ab0000, 0x00000007a6ab0000, 0x00000007a8000000)
 concurrent mark-sweep generation total 393216K, used 41519K [0x00000007a8000000, 0x00000007c0000000, 0x00000007c0000000)
 Metaspace       used 42953K, capacity 44385K, committed 44532K, reserved 1089536K
  class space    used 5049K, capacity 5381K, committed 5396K, reserved 1048576K
}
2018-01-08T11:52:20.729-0100: 4742.798: Total time for which application threads were stopped: 0.0057591 seconds, Stopping threads took: 0.0000358 seconds
2018-01-08T11:52:20.805-0100: 4742.874: Total time for which application threads were stopped: 0.0001537 seconds, Stopping threads took: 0.0000381 seconds
2018-01-08T11:52:20.805-0100: 4742.874: Total time for which application threads were stopped: 0.0001043 seconds, Stopping threads took: 0.0000218 seconds
2018-01-08T11:52:20.806-0100: 4742.875: Total time for which application threads were stopped: 0.0001345 seconds, Stopping threads took: 0.0000395 seconds
{Heap before GC invocations=50 (full 2):
 par new generation   total 109248K, used 92193K [0x00000007a0000000, 0x00000007a8000000, 0x00000007a8000000)
  eden space 87424K, 100% used [0x00000007a0000000, 0x00000007a5560000, 0x00000007a5560000)
  from space 21824K,  21% used [0x00000007a5560000, 0x00000007a5a08410, 0x00000007a6ab0000)
  to   space 21824K,   0% used [0x00000007a6ab0000, 0x00000007a6ab0000, 0x00000007a8000000)
 concurrent mark-sweep generation total 393216K, used 41519K [0x00000007a8000000, 0x00000007c0000000, 0x00000007c0000000)
 Metaspace       used 42969K, capacity 44385K, committed 44532K, reserved 1089536K
  class space    used 5049K, capacity 5381K, committed 5396K, reserved 1048576K
2018-01-08T11:52:20.814-0100: 4742.883: [GC (Allocation Failure) 2018-01-08T11:52:20.814-0100: 4742.883: [ParNew
Desired survivor size 20112992 bytes, new threshold 8 (max 8)
- age   1:    1722544 bytes,    1722544 total
- age   2:     151360 bytes,    1873904 total
- age   3:       2240 bytes,    1876144 total
- age   4:     434664 bytes,    2310808 total
- age   5:     165016 bytes,    2475824 total
- age   6:    1000232 bytes,    3476056 total
- age   7:      88952 bytes,    3565008 total
- age   8:      91208 bytes,    3656216 total
: 92193K->4232K(109248K), 0.0113801 secs] 133712K->46776K(502464K), 0.0115064 secs] [Times: user=0.03 sys=0.00, real=0.01 secs] 
Heap after GC invocations=51 (full 2):
 par new generation   total 109248K, used 4232K [0x00000007a0000000, 0x00000007a8000000, 0x00000007a8000000)
  eden space 87424K,   0% used [0x00000007a0000000, 0x00000007a0000000, 0x00000007a5560000)
  from space 21824K,  19% used [0x00000007a6ab0000, 0x00000007a6ed21d8, 0x00000007a8000000)
  to   space 21824K,   0% used [0x00000007a5560000, 0x00000007a5560000, 0x00000007a6ab0000)
 concurrent mark-sweep generation total 393216K, used 42544K [0x00000007a8000000, 0x00000007c0000000, 0x00000007c0000000)
 Metaspace       used 42969K, capacity 44385K, committed 44532K, reserved 1089536K
  class space    used 5049K, capacity 5381K, committed 5396K, reserved 1048576K
}
2018-01-08T11:52:20.826-0100: 4742.895: Total time for which application threads were stopped: 0.0117992 seconds, Stopping threads took: 0.0000359 seconds
{Heap before GC invocations=51 (full 2):
 par new generation   total 109248K, used 91656K [0x00000007a0000000, 0x00000007a8000000, 0x00000007a8000000)
  eden space 87424K, 100% used [0x00000007a0000000, 0x00000007a5560000, 0x00000007a5560000)
  from space 21824K,  19% used [0x00000007a6ab0000, 0x00000007a6ed21d8, 0x00000007a8000000)
  to   space 21824K,   0% used [0x00000007a5560000, 0x00000007a5560000, 0x00000007a6ab0000)
 concurrent mark-sweep generation total 393216K, used 42544K [0x00000007a8000000, 0x00000007c0000000, 0x00000007c0000000)
 Metaspace       used 42972K, capacity 44385K, committed 44532K, reserved 1089536K
  class space    used 5049K, capacity 5381K, committed 5396K, reserved 1048576K
2018-01-08T11:52:20.866-0100: 4742.935: [GC (Allocation Failure) 2018-01-08T11:52:20.866-0100: 4742.936: [ParNew
Desired survivor size 20112992 bytes, new threshold 8 (max 8)
- age   1:    1145360 bytes,    1145360 total
- age   2:    1316864 bytes,    2462224 total
- age   3:     150288 bytes,    2612512 total
- age   4:       2240 bytes,    2614752 total
- age   5:     433416 bytes,    3048168 total
- age   6:     165016 bytes,    3213184 total
- age   7:    1000232 bytes,    4213416 total
- age   8:      88952 bytes,    4302368 total
: 91656K->5509K(109248K), 0.0087833 secs] 134200K->48144K(502464K), 0.0089233 secs] [Times: user=0.02 sys=0.00, real=0.01 secs] 
Heap after GC invocations=52 (full 2):
 par new generation   total 109248K, used 5509K [0x00000007a0000000, 0x00000007a8000000, 0x00000007a8000000)
  eden space 87424K,   0% used [0x00000007a0000000, 0x00000007a0000000, 0x00000007a5560000)
  from space 21824K,  25% used [0x00000007a5560000, 0x00000007a5ac14e0, 0x00000007a6ab0000)
  to   space 21824K,   0% used [0x00000007a6ab0000, 0x00000007a6ab0000, 0x00000007a8000000)
 concurrent mark-sweep generation total 393216K, used 42635K [0x00000007a8000000, 0x00000007c0000000, 0x00000007c0000000)
 Metaspace       used 42972K, capacity 44385K, committed 44532K, reserved 1089536K
  class space    used 5049K, capacity 5381K, committed 5396K, reserved 1048576K
}
2018-01-08T11:52:20.875-0100: 4742.945: Total time for which application threads were stopped: 0.0093168 seconds, Stopping threads took: 0.0001072 seconds
2018-01-08T11:52:20.877-0100: 4742.946: Total time for which application threads were stopped: 0.0002921 seconds, Stopping threads took: 0.0001001 seconds
{Heap before GC invocations=52 (full 2):
 par new generation   total 109248K, used 92933K [0x00000007a0000000, 0x00000007a8000000, 0x00000007a8000000)
  eden space 87424K, 100% used [0x00000007a0000000, 0x00000007a5560000, 0x00000007a5560000)
  from space 21824K,  25% used [0x00000007a5560000, 0x00000007a5ac14e0, 0x00000007a6ab0000)
  to   space 21824K,   0% used [0x00000007a6ab0000, 0x00000007a6ab0000, 0x00000007a8000000)
 concurrent mark-sweep generation total 393216K, used 42635K [0x00000007a8000000, 0x00000007c0000000, 0x00000007c0000000)
 Metaspace       used 42978K, capacity 44391K, committed 44532K, reserved 1089536K
  class space    used 5050K, capacity 5382K, committed 5396K, reserved 1048576K
2018-01-08T11:52:20.939-0100: 4743.008: [GC (Allocation Failure) 2018-01-08T11:52:20.939-0100: 4743.008: [ParNew
Desired survivor size 20112992 bytes, new threshold 8 (max 8)
- age   1:     879360 bytes,     879360 total
- age   2:     702944 bytes,    1582304 total
- age   3:    1316904 bytes,    2899208 total
- age   4:     150288 bytes,    3049496 total
- age   5:       2240 bytes,    3051736 total
- age   6:     433416 bytes,    3485152 total
- age   7:     165016 bytes,    3650168 total
- age   8:    1000232 bytes,    4650400 total
: 92933K->5906K(109248K), 0.0084443 secs] 135568K->48630K(502464K), 0.0086041 secs] [Times: user=0.03 sys=0.00, real=0.01 secs] 
Heap after GC invocations=53 (full 2):
 par new generation   total 109248K, used 5906K [0x00000007a0000000, 0x00000007a8000000, 0x00000007a8000000)
  eden space 87424K,   0% used [0x00000007a0000000, 0x00000007a0000000, 0x00000007a5560000)
  from space 21824K,  27% used [0x00000007a6ab0000, 0x00000007a70749f0, 0x00000007a8000000)
  to   space 21824K,   0% used [0x00000007a5560000, 0x00000007a5560000, 0x00000007a6ab0000)
 concurrent mark-sweep generation total 393216K, used 42724K [0x00000007a8000000, 0x00000007c0000000, 0x00000007c0000000)
 Metaspace       used 42978K, capacity 44391K, committed 44532K, reserved 1089536K
  class space    used 5050K, capacity 5382K, committed 5396K, reserved 1048576K
}
2018-01-08T11:52:20.947-0100: 4743.016: Total time for which application threads were stopped: 0.0197487 seconds, Stopping threads took: 0.0108179 seconds
{Heap before GC invocations=53 (full 2):
 par new generation   total 109248K, used 93330K [0x00000007a0000000, 0x00000007a8000000, 0x00000007a8000000)
  eden space 87424K, 100% used [0x00000007a0000000, 0x00000007a5560000, 0x00000007a5560000)
  from space 21824K,  27% used [0x00000007a6ab0000, 0x00000007a70749f0, 0x00000007a8000000)
  to   space 21824K,   0% used [0x00000007a5560000, 0x00000007a5560000, 0x00000007a6ab0000)
 concurrent mark-sweep generation total 393216K, used 42724K [0x00000007a8000000, 0x00000007c0000000, 0x00000007c0000000)
 Metaspace       used 42980K, capacity 44391K, committed 44532K, reserved 1089536K
  class space    used 5050K, capacity 5382K, committed 5396K, reserved 1048576K
2018-01-08T11:52:21.031-0100: 4743.100: [GC (Allocation Failure) 2018-01-08T11:52:21.031-0100: 4743.100: [ParNew
Desired survivor size 20112992 bytes, new threshold 8 (max 8)
- age   1:     667904 bytes,     667904 total
- age   2:     698520 bytes,    1366424 total
- age   3:     692264 bytes,    2058688 total
- age   4:     771872 bytes,    2830560 total
- age   5:     150288 bytes,    2980848 total
- age   6:       2240 bytes,    2983088 total
- age   7:     433416 bytes,    3416504 total
- age   8:     165016 bytes,    3581520 total
: 93330K->4587K(109248K), 0.0134466 secs] 136054K->48291K(502464K), 0.0135836 secs] [Times: user=0.05 sys=0.00, real=0.01 secs] 
Heap after GC invocations=54 (full 2):
 par new generation   total 109248K, used 4587K [0x00000007a0000000, 0x00000007a8000000, 0x00000007a8000000)
  eden space 87424K,   0% used [0x00000007a0000000, 0x00000007a0000000, 0x00000007a5560000)
  from space 21824K,  21% used [0x00000007a5560000, 0x00000007a59dad40, 0x00000007a6ab0000)
  to   space 21824K,   0% used [0x00000007a6ab0000, 0x00000007a6ab0000, 0x00000007a8000000)
 concurrent mark-sweep generation total 393216K, used 43703K [0x00000007a8000000, 0x00000007c0000000, 0x00000007c0000000)
 Metaspace       used 42980K, capacity 44391K, committed 44532K, reserved 1089536K
  class space    used 5050K, capacity 5382K, committed 5396K, reserved 1048576K
}
2018-01-08T11:52:21.045-0100: 4743.114: Total time for which application threads were stopped: 0.0139709 seconds, Stopping threads took: 0.0000340 seconds
2018-01-08T11:52:21.133-0100: 4743.202: Total time for which application threads were stopped: 0.0002778 seconds, Stopping threads took: 0.0000411 seconds
2018-01-08T11:52:21.171-0100: 4743.241: Total time for which application threads were stopped: 0.0003306 seconds, Stopping threads took: 0.0000987 seconds
2018-01-08T11:52:21.173-0100: 4743.242: Total time for which application threads were stopped: 0.0001634 seconds, Stopping threads took: 0.0000311 seconds
2018-01-08T11:52:21.173-0100: 4743.242: Total time for which application threads were stopped: 0.0001246 seconds, Stopping threads took: 0.0000182 seconds
2018-01-08T11:52:21.173-0100: 4743.242: Total time for which application threads were stopped: 0.0001191 seconds, Stopping threads took: 0.0000174 seconds
2018-01-08T11:52:21.173-0100: 4743.242: Total time for which application threads were stopped: 0.0001135 seconds, Stopping threads took: 0.0000147 seconds
2018-01-08T11:52:21.173-0100: 4743.242: Total time for which application threads were stopped: 0.0001067 seconds, Stopping threads took: 0.0000387 seconds
2018-01-08T11:52:21.173-0100: 4743.243: Total time for which application threads were stopped: 0.0001063 seconds, Stopping threads took: 0.0000115 seconds
2018-01-08T11:52:21.184-0100: 4743.253: Total time for which application threads were stopped: 0.0002181 seconds, Stopping threads took: 0.0000393 seconds
2018-01-08T11:52:21.185-0100: 4743.254: Total time for which application threads were stopped: 0.0001531 seconds, Stopping threads took: 0.0000236 seconds
2018-01-08T11:52:21.195-0100: 4743.264: Total time for which application threads were stopped: 0.0003464 seconds, Stopping threads took: 0.0001064 seconds
2018-01-08T11:52:21.196-0100: 4743.265: Total time for which application threads were stopped: 0.0002299 seconds, Stopping threads took: 0.0000474 seconds
2018-01-08T11:52:21.200-0100: 4743.269: Total time for which application threads were stopped: 0.0003194 seconds, Stopping threads took: 0.0001377 seconds
{Heap before GC invocations=54 (full 2):
 par new generation   total 109248K, used 91993K [0x00000007a0000000, 0x00000007a8000000, 0x00000007a8000000)
  eden space 87424K,  99% used [0x00000007a0000000, 0x00000007a555ba28, 0x00000007a5560000)
  from space 21824K,  21% used [0x00000007a5560000, 0x00000007a59dad40, 0x00000007a6ab0000)
  to   space 21824K,   0% used [0x00000007a6ab0000, 0x00000007a6ab0000, 0x00000007a8000000)
 concurrent mark-sweep generation total 393216K, used 43703K [0x00000007a8000000, 0x00000007c0000000, 0x00000007c0000000)
 Metaspace       used 43012K, capacity 44479K, committed 44532K, reserved 1089536K
  class space    used 5052K, capacity 5386K, committed 5396K, reserved 1048576K
2018-01-08T11:52:21.216-0100: 4743.285: [GC (Allocation Failure) 2018-01-08T11:52:21.216-0100: 4743.285: [ParNew
Desired survivor size 20112992 bytes, new threshold 8 (max 8)
- age   1:    2520624 bytes,    2520624 total
- age   2:     564808 bytes,    3085432 total
- age   3:     140008 bytes,    3225440 total
- age   4:     689032 bytes,    3914472 total
- age   5:      93176 bytes,    4007648 total
- age   6:      43272 bytes,    4050920 total
- age   7:       2240 bytes,    4053160 total
- age   8:     432432 bytes,    4485592 total
: 91993K->5183K(109248K), 0.0073193 secs] 135697K->49050K(502464K), 0.0075021 secs] [Times: user=0.02 sys=0.00, real=0.01 secs] 
Heap after GC invocations=55 (full 2):
 par new generation   total 109248K, used 5183K [0x00000007a0000000, 0x00000007a8000000, 0x00000007a8000000)
  eden space 87424K,   0% used [0x00000007a0000000, 0x00000007a0000000, 0x00000007a5560000)
  from space 21824K,  23% used [0x00000007a6ab0000, 0x00000007a6fbff00, 0x00000007a8000000)
  to   space 21824K,   0% used [0x00000007a5560000, 0x00000007a5560000, 0x00000007a6ab0000)
 concurrent mark-sweep generation total 393216K, used 43866K [0x00000007a8000000, 0x00000007c0000000, 0x00000007c0000000)
 Metaspace       used 43012K, capacity 44479K, committed 44532K, reserved 1089536K
  class space    used 5052K, capacity 5386K, committed 5396K, reserved 1048576K
}
2018-01-08T11:52:21.223-0100: 4743.293: Total time for which application threads were stopped: 0.0078882 seconds, Stopping threads took: 0.0000356 seconds
2018-01-08T11:52:21.224-0100: 4743.293: Total time for which application threads were stopped: 0.0002930 seconds, Stopping threads took: 0.0001006 seconds
{Heap before GC invocations=55 (full 2):
 par new generation   total 109248K, used 92607K [0x00000007a0000000, 0x00000007a8000000, 0x00000007a8000000)
  eden space 87424K, 100% used [0x00000007a0000000, 0x00000007a5560000, 0x00000007a5560000)
  from space 21824K,  23% used [0x00000007a6ab0000, 0x00000007a6fbff00, 0x00000007a8000000)
  to   space 21824K,   0% used [0x00000007a5560000, 0x00000007a5560000, 0x00000007a6ab0000)
 concurrent mark-sweep generation total 393216K, used 43866K [0x00000007a8000000, 0x00000007c0000000, 0x00000007c0000000)
 Metaspace       used 43013K, capacity 44479K, committed 44532K, reserved 1089536K
  class space    used 5052K, capacity 5386K, committed 5396K, reserved 1048576K
2018-01-08T11:52:21.265-0100: 4743.334: [GC (Allocation Failure) 2018-01-08T11:52:21.265-0100: 4743.334: [ParNew
Desired survivor size 20112992 bytes, new threshold 8 (max 8)
- age   1:     429352 bytes,     429352 total
- age   2:    2096320 bytes,    2525672 total
- age   3:     564808 bytes,    3090480 total
- age   4:     140008 bytes,    3230488 total
- age   5:     681312 bytes,    3911800 total
- age   6:      93176 bytes,    4004976 total
- age   7:      43272 bytes,    4048248 total
- age   8:       2240 bytes,    4050488 total
: 92607K->5634K(109248K), 0.0105573 secs] 136474K->49929K(502464K), 0.0107275 secs] [Times: user=0.03 sys=0.00, real=0.01 secs] 
Heap after GC invocations=56 (full 2):
 par new generation   total 109248K, used 5634K [0x00000007a0000000, 0x00000007a8000000, 0x00000007a8000000)
  eden space 87424K,   0% used [0x00000007a0000000, 0x00000007a0000000, 0x00000007a5560000)
  from space 21824K,  25% used [0x00000007a5560000, 0x00000007a5ae0bc0, 0x00000007a6ab0000)
  to   space 21824K,   0% used [0x00000007a6ab0000, 0x00000007a6ab0000, 0x00000007a8000000)
 concurrent mark-sweep generation total 393216K, used 44294K [0x00000007a8000000, 0x00000007c0000000, 0x00000007c0000000)
 Metaspace       used 43013K, capacity 44479K, committed 44532K, reserved 1089536K
  class space    used 5052K, capacity 5386K, committed 5396K, reserved 1048576K
}
2018-01-08T11:52:21.276-0100: 4743.345: Total time for which application threads were stopped: 0.0111589 seconds, Stopping threads took: 0.0000915 seconds
{Heap before GC invocations=56 (full 2):
 par new generation   total 109248K, used 93058K [0x00000007a0000000, 0x00000007a8000000, 0x00000007a8000000)
  eden space 87424K, 100% used [0x00000007a0000000, 0x00000007a5560000, 0x00000007a5560000)
  from space 21824K,  25% used [0x00000007a5560000, 0x00000007a5ae0bc0, 0x00000007a6ab0000)
  to   space 21824K,   0% used [0x00000007a6ab0000, 0x00000007a6ab0000, 0x00000007a8000000)
 concurrent mark-sweep generation total 393216K, used 44294K [0x00000007a8000000, 0x00000007c0000000, 0x00000007c0000000)
 Metaspace       used 43014K, capacity 44479K, committed 44532K, reserved 1089536K
  class space    used 5052K, capacity 5386K, committed 5396K, reserved 1048576K
2018-01-08T11:52:21.302-0100: 4743.371: [GC (Allocation Failure) 2018-01-08T11:52:21.302-0100: 4743.371: [ParNew
Desired survivor size 20112992 bytes, new threshold 8 (max 8)
- age   1:    1359032 bytes,    1359032 total
- age   2:     167592 bytes,    1526624 total
- age   3:    1913320 bytes,    3439944 total
- age   4:     564808 bytes,    4004752 total
- age   5:     140008 bytes,    4144760 total
- age   6:     681312 bytes,    4826072 total
- age   7:      93176 bytes,    4919248 total
- age   8:      43272 bytes,    4962520 total
: 93058K->6056K(109248K), 0.0089804 secs] 137353K->50352K(502464K), 0.0091091 secs] [Times: user=0.04 sys=0.00, real=0.01 secs] 
Heap after GC invocations=57 (full 2):
 par new generation   total 109248K, used 6056K [0x00000007a0000000, 0x00000007a8000000, 0x00000007a8000000)
  eden space 87424K,   0% used [0x00000007a0000000, 0x00000007a0000000, 0x00000007a5560000)
  from space 21824K,  27% used [0x00000007a6ab0000, 0x00000007a709a0b0, 0x00000007a8000000)
  to   space 21824K,   0% used [0x00000007a5560000, 0x00000007a5560000, 0x00000007a6ab0000)
 concurrent mark-sweep generation total 393216K, used 44296K [0x00000007a8000000, 0x00000007c0000000, 0x00000007c0000000)
 Metaspace       used 43014K, capacity 44479K, committed 44532K, reserved 1089536K
  class space    used 5052K, capacity 5386K, committed 5396K, reserved 1048576K
}
2018-01-08T11:52:21.311-0100: 4743.381: Total time for which application threads were stopped: 0.0094545 seconds, Stopping threads took: 0.0000562 seconds
2018-01-08T11:52:21.371-0100: 4743.440: Total time for which application threads were stopped: 0.0001971 seconds, Stopping threads took: 0.0000313 seconds
2018-01-08T11:52:21.436-0100: 4743.505: Total time for which application threads were stopped: 0.0002014 seconds, Stopping threads took: 0.0000628 seconds
{Heap before GC invocations=57 (full 2):
 par new generation   total 109248K, used 93480K [0x00000007a0000000, 0x00000007a8000000, 0x00000007a8000000)
  eden space 87424K, 100% used [0x00000007a0000000, 0x00000007a5560000, 0x00000007a5560000)
  from space 21824K,  27% used [0x00000007a6ab0000, 0x00000007a709a0b0, 0x00000007a8000000)
  to   space 21824K,   0% used [0x00000007a5560000, 0x00000007a5560000, 0x00000007a6ab0000)
 concurrent mark-sweep generation total 393216K, used 44296K [0x00000007a8000000, 0x00000007c0000000, 0x00000007c0000000)
 Metaspace       used 43018K, capacity 44479K, committed 44532K, reserved 1089536K
  class space    used 5052K, capacity 5386K, committed 5396K, reserved 1048576K
2018-01-08T11:52:21.443-0100: 4743.512: [GC (Allocation Failure) 2018-01-08T11:52:21.443-0100: 4743.512: [ParNew
Desired survivor size 20112992 bytes, new threshold 8 (max 8)
- age   1:    1110408 bytes,    1110408 total
- age   2:     157928 bytes,    1268336 total
- age   3:     164320 bytes,    1432656 total
- age   4:    1365968 bytes,    2798624 total
- age   5:     564808 bytes,    3363432 total
- age   6:     140008 bytes,    3503440 total
- age   7:     681312 bytes,    4184752 total
- age   8:      91704 bytes,    4276456 total
: 93480K->6360K(109248K), 0.0059372 secs] 137776K->50698K(502464K), 0.0060554 secs] [Times: user=0.03 sys=0.00, real=0.00 secs] 
Heap after GC invocations=58 (full 2):
 par new generation   total 109248K, used 6360K [0x00000007a0000000, 0x00000007a8000000, 0x00000007a8000000)
  eden space 87424K,   0% used [0x00000007a0000000, 0x00000007a0000000, 0x00000007a5560000)
  from space 21824K,  29% used [0x00000007a5560000, 0x00000007a5b96120, 0x00000007a6ab0000)
  to   space 21824K,   0% used [0x00000007a6ab0000, 0x00000007a6ab0000, 0x00000007a8000000)
 concurrent mark-sweep generation total 393216K, used 44338K [0x00000007a8000000, 0x00000007c0000000, 0x00000007c0000000)
 Metaspace       used 43018K, capacity 44479K, committed 44532K, reserved 1089536K
  class space    used 5052K, capacity 5386K, committed 5396K, reserved 1048576K
}
2018-01-08T11:52:21.449-0100: 4743.518: Total time for which application threads were stopped: 0.0063700 seconds, Stopping threads took: 0.0000300 seconds
2018-01-08T11:52:21.465-0100: 4743.534: Total time for which application threads were stopped: 0.0002567 seconds, Stopping threads took: 0.0001255 seconds
2018-01-08T11:52:21.465-0100: 4743.535: Total time for which application threads were stopped: 0.0001696 seconds, Stopping threads took: 0.0000507 seconds
2018-01-08T11:52:21.466-0100: 4743.535: Total time for which application threads were stopped: 0.0001058 seconds, Stopping threads took: 0.0000150 seconds
2018-01-08T11:52:21.466-0100: 4743.535: Total time for which application threads were stopped: 0.0000821 seconds, Stopping threads took: 0.0000125 seconds
2018-01-08T11:52:21.466-0100: 4743.535: Total time for which application threads were stopped: 0.0000984 seconds, Stopping threads took: 0.0000300 seconds
2018-01-08T11:52:21.466-0100: 4743.535: Total time for which application threads were stopped: 0.0000919 seconds, Stopping threads took: 0.0000276 seconds
2018-01-08T11:52:21.466-0100: 4743.535: Total time for which application threads were stopped: 0.0000844 seconds, Stopping threads took: 0.0000266 seconds
2018-01-08T11:52:21.466-0100: 4743.535: Total time for which application threads were stopped: 0.0000865 seconds, Stopping threads took: 0.0000146 seconds
2018-01-08T11:52:21.467-0100: 4743.536: Total time for which application threads were stopped: 0.0000744 seconds, Stopping threads took: 0.0000092 seconds
2018-01-08T11:52:21.475-0100: 4743.544: Total time for which application threads were stopped: 0.0001588 seconds, Stopping threads took: 0.0000488 seconds
2018-01-08T11:52:21.475-0100: 4743.544: Total time for which application threads were stopped: 0.0001466 seconds, Stopping threads took: 0.0000349 seconds
2018-01-08T11:52:28.031-0100: 4750.100: Total time for which application threads were stopped: 0.0002796 seconds, Stopping threads took: 0.0000226 seconds
2018-01-08T11:52:31.698-0100: 4753.767: Total time for which application threads were stopped: 0.0001625 seconds, Stopping threads took: 0.0000461 seconds
2018-01-08T11:52:31.792-0100: 4753.861: Total time for which application threads were stopped: 0.0001576 seconds, Stopping threads took: 0.0000285 seconds
2018-01-08T11:52:31.792-0100: 4753.861: Total time for which application threads were stopped: 0.0000892 seconds, Stopping threads took: 0.0000145 seconds
2018-01-08T11:52:41.107-0100: 4763.176: Total time for which application threads were stopped: 0.0002090 seconds, Stopping threads took: 0.0000646 seconds
2018-01-08T11:52:41.107-0100: 4763.176: Total time for which application threads were stopped: 0.0001609 seconds, Stopping threads took: 0.0000540 seconds
2018-01-08T11:52:42.109-0100: 4764.178: Total time for which application threads were stopped: 0.0001573 seconds, Stopping threads took: 0.0000283 seconds
2018-01-08T11:53:02.063-0100: 4784.132: Total time for which application threads were stopped: 0.0003867 seconds, Stopping threads took: 0.0000376 seconds
2018-01-08T11:53:02.065-0100: 4784.134: Total time for which application threads were stopped: 0.0003354 seconds, Stopping threads took: 0.0000973 seconds
2018-01-08T11:53:02.067-0100: 4784.136: Total time for which application threads were stopped: 0.0006781 seconds, Stopping threads took: 0.0000572 seconds
2018-01-08T11:53:02.239-0100: 4784.308: Total time for which application threads were stopped: 0.0001367 seconds, Stopping threads took: 0.0000240 seconds
2018-01-08T11:53:04.246-0100: 4786.315: Total time for which application threads were stopped: 0.0002075 seconds, Stopping threads took: 0.0000531 seconds
2018-01-08T11:53:04.253-0100: 4786.322: Total time for which application threads were stopped: 0.0001385 seconds, Stopping threads took: 0.0000273 seconds
2018-01-08T11:53:08.260-0100: 4790.329: Total time for which application threads were stopped: 0.0001934 seconds, Stopping threads took: 0.0000454 seconds
2018-01-08T11:53:18.283-0100: 4800.352: Total time for which application threads were stopped: 0.0001259 seconds, Stopping threads took: 0.0000274 seconds
2018-01-08T11:53:22.291-0100: 4804.360: Total time for which application threads were stopped: 0.0001897 seconds, Stopping threads took: 0.0000500 seconds
2018-01-08T11:53:25.294-0100: 4807.363: Total time for which application threads were stopped: 0.0001616 seconds, Stopping threads took: 0.0000536 seconds
2018-01-08T11:53:26.297-0100: 4808.366: Total time for which application threads were stopped: 0.0001771 seconds, Stopping threads took: 0.0000298 seconds
2018-01-08T11:53:27.301-0100: 4809.370: Total time for which application threads were stopped: 0.0001481 seconds, Stopping threads took: 0.0000300 seconds
2018-01-08T11:53:27.501-0100: 4809.570: Total time for which application threads were stopped: 0.0001785 seconds, Stopping threads took: 0.0000533 seconds
2018-01-08T11:53:27.501-0100: 4809.570: Total time for which application threads were stopped: 0.0002494 seconds, Stopping threads took: 0.0001267 seconds
2018-01-08T11:53:27.502-0100: 4809.571: Total time for which application threads were stopped: 0.0001429 seconds, Stopping threads took: 0.0000633 seconds
2018-01-08T11:53:27.502-0100: 4809.571: Total time for which application threads were stopped: 0.0001531 seconds, Stopping threads took: 0.0000768 seconds
2018-01-08T11:53:27.502-0100: 4809.571: Total time for which application threads were stopped: 0.0001190 seconds, Stopping threads took: 0.0000420 seconds
2018-01-08T11:53:27.502-0100: 4809.571: Total time for which application threads were stopped: 0.0001428 seconds, Stopping threads took: 0.0000673 seconds
2018-01-08T11:53:27.503-0100: 4809.572: Total time for which application threads were stopped: 0.0001061 seconds, Stopping threads took: 0.0000315 seconds
2018-01-08T11:53:27.503-0100: 4809.572: Total time for which application threads were stopped: 0.0001226 seconds, Stopping threads took: 0.0000317 seconds
2018-01-08T11:53:27.506-0100: 4809.575: Total time for which application threads were stopped: 0.0002180 seconds, Stopping threads took: 0.0000483 seconds
2018-01-08T11:53:27.509-0100: 4809.578: Total time for which application threads were stopped: 0.0001504 seconds, Stopping threads took: 0.0000378 seconds
2018-01-08T11:53:27.509-0100: 4809.578: Total time for which application threads were stopped: 0.0001121 seconds, Stopping threads took: 0.0000273 seconds
2018-01-08T11:53:35.147-0100: 4817.216: Total time for which application threads were stopped: 0.0001759 seconds, Stopping threads took: 0.0000535 seconds
2018-01-08T11:53:35.147-0100: 4817.216: Total time for which application threads were stopped: 0.0001321 seconds, Stopping threads took: 0.0000284 seconds
2018-01-08T11:53:35.148-0100: 4817.217: Total time for which application threads were stopped: 0.0001481 seconds, Stopping threads took: 0.0000746 seconds
2018-01-08T11:53:35.148-0100: 4817.217: Total time for which application threads were stopped: 0.0001216 seconds, Stopping threads took: 0.0000300 seconds
2018-01-08T11:53:35.150-0100: 4817.219: Total time for which application threads were stopped: 0.0002284 seconds, Stopping threads took: 0.0000883 seconds
2018-01-08T11:53:36.154-0100: 4818.223: Total time for which application threads were stopped: 0.0002063 seconds, Stopping threads took: 0.0000370 seconds
2018-01-08T11:53:36.337-0100: 4818.406: Total time for which application threads were stopped: 0.0002688 seconds, Stopping threads took: 0.0001097 seconds
2018-01-08T11:53:37.340-0100: 4819.409: Total time for which application threads were stopped: 0.0001825 seconds, Stopping threads took: 0.0000349 seconds
2018-01-08T11:53:43.352-0100: 4825.421: Total time for which application threads were stopped: 0.0001619 seconds, Stopping threads took: 0.0000311 seconds
{Heap before GC invocations=58 (full 2):
 par new generation   total 109248K, used 93774K [0x00000007a0000000, 0x00000007a8000000, 0x00000007a8000000)
  eden space 87424K,  99% used [0x00000007a0000000, 0x00000007a555da48, 0x00000007a5560000)
  from space 21824K,  29% used [0x00000007a5560000, 0x00000007a5b96120, 0x00000007a6ab0000)
  to   space 21824K,   0% used [0x00000007a6ab0000, 0x00000007a6ab0000, 0x00000007a8000000)
 concurrent mark-sweep generation total 393216K, used 44338K [0x00000007a8000000, 0x00000007c0000000, 0x00000007c0000000)
 Metaspace       used 43151K, capacity 44675K, committed 44788K, reserved 1089536K
  class space    used 5052K, capacity 5386K, committed 5396K, reserved 1048576K
2018-01-08T11:54:07.382-0100: 4849.451: [GC (Allocation Failure) 2018-01-08T11:54:07.383-0100: 4849.451: [ParNew
Desired survivor size 20112992 bytes, new threshold 8 (max 8)
- age   1:    1889560 bytes,    1889560 total
- age   2:    1083672 bytes,    2973232 total
- age   3:     157552 bytes,    3130784 total
- age   4:     164296 bytes,    3295080 total
- age   5:    1304880 bytes,    4599960 total
- age   6:     564544 bytes,    5164504 total
- age   7:     140008 bytes,    5304512 total
- age   8:     676728 bytes,    5981240 total
: 93774K->6838K(109248K), 0.0063100 secs] 138113K->51238K(502464K), 0.0067029 secs] [Times: user=0.03 sys=0.00, real=0.00 secs] 
Heap after GC invocations=59 (full 2):
 par new generation   total 109248K, used 6838K [0x00000007a0000000, 0x00000007a8000000, 0x00000007a8000000)
  eden space 87424K,   0% used [0x00000007a0000000, 0x00000007a0000000, 0x00000007a5560000)
  from space 21824K,  31% used [0x00000007a6ab0000, 0x00000007a715d938, 0x00000007a8000000)
  to   space 21824K,   0% used [0x00000007a5560000, 0x00000007a5560000, 0x00000007a6ab0000)
 concurrent mark-sweep generation total 393216K, used 44400K [0x00000007a8000000, 0x00000007c0000000, 0x00000007c0000000)
 Metaspace       used 43151K, capacity 44675K, committed 44788K, reserved 1089536K
  class space    used 5052K, capacity 5386K, committed 5396K, reserved 1048576K
}
2018-01-08T11:54:07.389-0100: 4849.458: Total time for which application threads were stopped: 0.0070019 seconds, Stopping threads took: 0.0000318 seconds
{Heap before GC invocations=59 (full 2):
 par new generation   total 109248K, used 94262K [0x00000007a0000000, 0x00000007a8000000, 0x00000007a8000000)
  eden space 87424K, 100% used [0x00000007a0000000, 0x00000007a5560000, 0x00000007a5560000)
  from space 21824K,  31% used [0x00000007a6ab0000, 0x00000007a715d938, 0x00000007a8000000)
  to   space 21824K,   0% used [0x00000007a5560000, 0x00000007a5560000, 0x00000007a6ab0000)
 concurrent mark-sweep generation total 393216K, used 44400K [0x00000007a8000000, 0x00000007c0000000, 0x00000007c0000000)
 Metaspace       used 43151K, capacity 44675K, committed 44788K, reserved 1089536K
  class space    used 5052K, capacity 5386K, committed 5396K, reserved 1048576K
2018-01-08T11:54:07.429-0100: 4849.498: [GC (Allocation Failure) 2018-01-08T11:54:07.429-0100: 4849.498: [ParNew
Desired survivor size 20112992 bytes, new threshold 8 (max 8)
- age   1:     389600 bytes,     389600 total
- age   2:    1508936 bytes,    1898536 total
- age   3:    1082008 bytes,    2980544 total
- age   4:     157552 bytes,    3138096 total
- age   5:     164296 bytes,    3302392 total
- age   6:    1304880 bytes,    4607272 total
- age   7:     564544 bytes,    5171816 total
- age   8:     140008 bytes,    5311824 total
: 94262K->7360K(109248K), 0.0076530 secs] 138662K->52425K(502464K), 0.0077602 secs] [Times: user=0.02 sys=0.00, real=0.01 secs] 
Heap after GC invocations=60 (full 2):
 par new generation   total 109248K, used 7360K [0x00000007a0000000, 0x00000007a8000000, 0x00000007a8000000)
  eden space 87424K,   0% used [0x00000007a0000000, 0x00000007a0000000, 0x00000007a5560000)
  from space 21824K,  33% used [0x00000007a5560000, 0x00000007a5c90110, 0x00000007a6ab0000)
  to   space 21824K,   0% used [0x00000007a6ab0000, 0x00000007a6ab0000, 0x00000007a8000000)
 concurrent mark-sweep generation total 393216K, used 45065K [0x00000007a8000000, 0x00000007c0000000, 0x00000007c0000000)
 Metaspace       used 43151K, capacity 44675K, committed 44788K, reserved 1089536K
  class space    used 5052K, capacity 5386K, committed 5396K, reserved 1048576K
}
2018-01-08T11:54:07.437-0100: 4849.506: Total time for which application threads were stopped: 0.0079799 seconds, Stopping threads took: 0.0000231 seconds
2018-01-08T11:54:07.468-0100: 4849.537: Total time for which application threads were stopped: 0.0001288 seconds, Stopping threads took: 0.0000201 seconds
2018-01-08T11:54:07.469-0100: 4849.538: Total time for which application threads were stopped: 0.0000854 seconds, Stopping threads took: 0.0000092 seconds
2018-01-08T11:54:07.471-0100: 4849.539: Total time for which application threads were stopped: 0.0001669 seconds, Stopping threads took: 0.0000643 seconds
2018-01-08T11:54:07.471-0100: 4849.540: Total time for which application threads were stopped: 0.0001245 seconds, Stopping threads took: 0.0000378 seconds
2018-01-08T11:54:14.484-0100: 4856.553: Total time for which application threads were stopped: 0.0001262 seconds, Stopping threads took: 0.0000248 seconds
2018-01-08T11:54:28.495-0100: 4870.564: Total time for which application threads were stopped: 0.0002464 seconds, Stopping threads took: 0.0001426 seconds
{Heap before GC invocations=60 (full 2):
 par new generation   total 109248K, used 94784K [0x00000007a0000000, 0x00000007a8000000, 0x00000007a8000000)
  eden space 87424K, 100% used [0x00000007a0000000, 0x00000007a5560000, 0x00000007a5560000)
  from space 21824K,  33% used [0x00000007a5560000, 0x00000007a5c90110, 0x00000007a6ab0000)
  to   space 21824K,   0% used [0x00000007a6ab0000, 0x00000007a6ab0000, 0x00000007a8000000)
 concurrent mark-sweep generation total 393216K, used 45065K [0x00000007a8000000, 0x00000007c0000000, 0x00000007c0000000)
 Metaspace       used 43176K, capacity 44675K, committed 44788K, reserved 1089536K
  class space    used 5052K, capacity 5386K, committed 5396K, reserved 1048576K
2018-01-08T11:54:28.510-0100: 4870.579: [GC (Allocation Failure) 2018-01-08T11:54:28.510-0100: 4870.579: [ParNew
Desired survivor size 20112992 bytes, new threshold 8 (max 8)
- age   1:    1090096 bytes,    1090096 total
- age   3:     710992 bytes,    1801088 total
- age   4:    1081488 bytes,    2882576 total
- age   5:     157552 bytes,    3040128 total
- age   6:     164296 bytes,    3204424 total
- age   7:    1304880 bytes,    4509304 total
- age   8:     564544 bytes,    5073848 total
: 94784K->6343K(109248K), 0.0060720 secs] 139849K->51548K(502464K), 0.0062256 secs] [Times: user=0.02 sys=0.00, real=0.00 secs] 
Heap after GC invocations=61 (full 2):
 par new generation   total 109248K, used 6343K [0x00000007a0000000, 0x00000007a8000000, 0x00000007a8000000)
  eden space 87424K,   0% used [0x00000007a0000000, 0x00000007a0000000, 0x00000007a5560000)
  from space 21824K,  29% used [0x00000007a6ab0000, 0x00000007a70e1fc0, 0x00000007a8000000)
  to   space 21824K,   0% used [0x00000007a5560000, 0x00000007a5560000, 0x00000007a6ab0000)
 concurrent mark-sweep generation total 393216K, used 45204K [0x00000007a8000000, 0x00000007c0000000, 0x00000007c0000000)
 Metaspace       used 43176K, capacity 44675K, committed 44788K, reserved 1089536K
  class space    used 5052K, capacity 5386K, committed 5396K, reserved 1048576K
}
2018-01-08T11:54:28.516-0100: 4870.585: Total time for which application threads were stopped: 0.0064556 seconds, Stopping threads took: 0.0000225 seconds
2018-01-08T11:54:28.567-0100: 4870.636: Total time for which application threads were stopped: 0.0001278 seconds, Stopping threads took: 0.0000251 seconds
2018-01-08T11:54:28.591-0100: 4870.660: Total time for which application threads were stopped: 0.0001825 seconds, Stopping threads took: 0.0000426 seconds
2018-01-08T11:54:28.592-0100: 4870.661: Total time for which application threads were stopped: 0.0001653 seconds, Stopping threads took: 0.0000412 seconds
2018-01-08T11:54:28.592-0100: 4870.661: Total time for which application threads were stopped: 0.0001254 seconds, Stopping threads took: 0.0000214 seconds
{Heap before GC invocations=61 (full 2):
 par new generation   total 109248K, used 93755K [0x00000007a0000000, 0x00000007a8000000, 0x00000007a8000000)
  eden space 87424K,  99% used [0x00000007a0000000, 0x00000007a555cd38, 0x00000007a5560000)
  from space 21824K,  29% used [0x00000007a6ab0000, 0x00000007a70e1fc0, 0x00000007a8000000)
  to   space 21824K,   0% used [0x00000007a5560000, 0x00000007a5560000, 0x00000007a6ab0000)
 concurrent mark-sweep generation total 393216K, used 45204K [0x00000007a8000000, 0x00000007c0000000, 0x00000007c0000000)
 Metaspace       used 43181K, capacity 44675K, committed 44788K, reserved 1089536K
  class space    used 5052K, capacity 5386K, committed 5396K, reserved 1048576K
2018-01-08T11:54:28.600-0100: 4870.669: [GC (Allocation Failure) 2018-01-08T11:54:28.600-0100: 4870.669: [ParNew
Desired survivor size 20112992 bytes, new threshold 8 (max 8)
- age   1:    1445664 bytes,    1445664 total
- age   2:     161856 bytes,    1607520 total
- age   4:     710992 bytes,    2318512 total
- age   5:    1079816 bytes,    3398328 total
- age   6:     157552 bytes,    3555880 total
- age   7:     164296 bytes,    3720176 total
- age   8:    1304880 bytes,    5025056 total
: 93755K->7891K(109248K), 0.0142456 secs] 138959K->53649K(502464K), 0.0143708 secs] [Times: user=0.04 sys=0.00, real=0.01 secs] 
Heap after GC invocations=62 (full 2):
 par new generation   total 109248K, used 7891K [0x00000007a0000000, 0x00000007a8000000, 0x00000007a8000000)
  eden space 87424K,   0% used [0x00000007a0000000, 0x00000007a0000000, 0x00000007a5560000)
  from space 21824K,  36% used [0x00000007a5560000, 0x00000007a5d14c88, 0x00000007a6ab0000)
  to   space 21824K,   0% used [0x00000007a6ab0000, 0x00000007a6ab0000, 0x00000007a8000000)
 concurrent mark-sweep generation total 393216K, used 45758K [0x00000007a8000000, 0x00000007c0000000, 0x00000007c0000000)
 Metaspace       used 43181K, capacity 44675K, committed 44788K, reserved 1089536K
  class space    used 5052K, capacity 5386K, committed 5396K, reserved 1048576K
}
2018-01-08T11:54:28.614-0100: 4870.683: Total time for which application threads were stopped: 0.0147298 seconds, Stopping threads took: 0.0000509 seconds
{Heap before GC invocations=62 (full 2):
 par new generation   total 109248K, used 95315K [0x00000007a0000000, 0x00000007a8000000, 0x00000007a8000000)
  eden space 87424K, 100% used [0x00000007a0000000, 0x00000007a5560000, 0x00000007a5560000)
  from space 21824K,  36% used [0x00000007a5560000, 0x00000007a5d14c88, 0x00000007a6ab0000)
  to   space 21824K,   0% used [0x00000007a6ab0000, 0x00000007a6ab0000, 0x00000007a8000000)
 concurrent mark-sweep generation total 393216K, used 45758K [0x00000007a8000000, 0x00000007c0000000, 0x00000007c0000000)
 Metaspace       used 43187K, capacity 44675K, committed 44788K, reserved 1089536K
  class space    used 5052K, capacity 5386K, committed 5396K, reserved 1048576K
2018-01-08T11:54:28.655-0100: 4870.724: [GC (Allocation Failure) 2018-01-08T11:54:28.655-0100: 4870.724: [ParNew
Desired survivor size 20112992 bytes, new threshold 8 (max 8)
- age   1:    1412928 bytes,    1412928 total
- age   2:    1321688 bytes,    2734616 total
- age   3:     161304 bytes,    2895920 total
- age   5:     710992 bytes,    3606912 total
- age   6:    1079816 bytes,    4686728 total
- age   7:     157552 bytes,    4844280 total
- age   8:     164296 bytes,    5008576 total
: 95315K->6473K(109248K), 0.0084791 secs] 141073K->53514K(502464K), 0.0085811 secs] [Times: user=0.03 sys=0.00, real=0.01 secs] 
Heap after GC invocations=63 (full 2):
 par new generation   total 109248K, used 6473K [0x00000007a0000000, 0x00000007a8000000, 0x00000007a8000000)
  eden space 87424K,   0% used [0x00000007a0000000, 0x00000007a0000000, 0x00000007a5560000)
  from space 21824K,  29% used [0x00000007a6ab0000, 0x00000007a7102708, 0x00000007a8000000)
  to   space 21824K,   0% used [0x00000007a5560000, 0x00000007a5560000, 0x00000007a6ab0000)
 concurrent mark-sweep generation total 393216K, used 47040K [0x00000007a8000000, 0x00000007c0000000, 0x00000007c0000000)
 Metaspace       used 43187K, capacity 44675K, committed 44788K, reserved 1089536K
  class space    used 5052K, capacity 5386K, committed 5396K, reserved 1048576K
}
2018-01-08T11:54:28.664-0100: 4870.733: Total time for which application threads were stopped: 0.0088957 seconds, Stopping threads took: 0.0000462 seconds
{Heap before GC invocations=63 (full 2):
 par new generation   total 109248K, used 93897K [0x00000007a0000000, 0x00000007a8000000, 0x00000007a8000000)
  eden space 87424K, 100% used [0x00000007a0000000, 0x00000007a5560000, 0x00000007a5560000)
  from space 21824K,  29% used [0x00000007a6ab0000, 0x00000007a7102708, 0x00000007a8000000)
  to   space 21824K,   0% used [0x00000007a5560000, 0x00000007a5560000, 0x00000007a6ab0000)
 concurrent mark-sweep generation total 393216K, used 47040K [0x00000007a8000000, 0x00000007c0000000, 0x00000007c0000000)
 Metaspace       used 43255K, capacity 44771K, committed 44916K, reserved 1089536K
  class space    used 5062K, capacity 5402K, committed 5524K, reserved 1048576K
2018-01-08T11:54:28.715-0100: 4870.784: [GC (Allocation Failure) 2018-01-08T11:54:28.715-0100: 4870.784: [ParNew
Desired survivor size 20112992 bytes, new threshold 8 (max 8)
- age   1:    1015496 bytes,    1015496 total
- age   2:     996088 bytes,    2011584 total
- age   3:    1321408 bytes,    3332992 total
- age   4:     161304 bytes,    3494296 total
- age   6:     709136 bytes,    4203432 total
- age   7:    1079792 bytes,    5283224 total
- age   8:     157552 bytes,    5440776 total
: 93897K->6662K(109248K), 0.0088019 secs] 140938K->53859K(502464K), 0.0089405 secs] [Times: user=0.04 sys=0.01, real=0.01 secs] 
Heap after GC invocations=64 (full 2):
 par new generation   total 109248K, used 6662K [0x00000007a0000000, 0x00000007a8000000, 0x00000007a8000000)
  eden space 87424K,   0% used [0x00000007a0000000, 0x00000007a0000000, 0x00000007a5560000)
  from space 21824K,  30% used [0x00000007a5560000, 0x00000007a5be19e8, 0x00000007a6ab0000)
  to   space 21824K,   0% used [0x00000007a6ab0000, 0x00000007a6ab0000, 0x00000007a8000000)
 concurrent mark-sweep generation total 393216K, used 47197K [0x00000007a8000000, 0x00000007c0000000, 0x00000007c0000000)
 Metaspace       used 43255K, capacity 44771K, committed 44916K, reserved 1089536K
  class space    used 5062K, capacity 5402K, committed 5524K, reserved 1048576K
}
2018-01-08T11:54:28.724-0100: 4870.793: Total time for which application threads were stopped: 0.0092752 seconds, Stopping threads took: 0.0000254 seconds
2018-01-08T11:54:28.731-0100: 4870.800: Total time for which application threads were stopped: 0.0067483 seconds, Stopping threads took: 0.0065532 seconds
2018-01-08T11:54:28.731-0100: 4870.800: Total time for which application threads were stopped: 0.0002506 seconds, Stopping threads took: 0.0000359 seconds
{Heap before GC invocations=64 (full 2):
 par new generation   total 109248K, used 94086K [0x00000007a0000000, 0x00000007a8000000, 0x00000007a8000000)
  eden space 87424K, 100% used [0x00000007a0000000, 0x00000007a5560000, 0x00000007a5560000)
  from space 21824K,  30% used [0x00000007a5560000, 0x00000007a5be19e8, 0x00000007a6ab0000)
  to   space 21824K,   0% used [0x00000007a6ab0000, 0x00000007a6ab0000, 0x00000007a8000000)
 concurrent mark-sweep generation total 393216K, used 47197K [0x00000007a8000000, 0x00000007c0000000, 0x00000007c0000000)
 Metaspace       used 43258K, capacity 44771K, committed 44916K, reserved 1089536K
  class space    used 5062K, capacity 5402K, committed 5524K, reserved 1048576K
2018-01-08T11:54:28.760-0100: 4870.829: [GC (Allocation Failure) 2018-01-08T11:54:28.760-0100: 4870.829: [ParNew
Desired survivor size 20112992 bytes, new threshold 8 (max 8)
- age   1:    1614840 bytes,    1614840 total
- age   2:     488432 bytes,    2103272 total
- age   3:     995912 bytes,    3099184 total
- age   4:    1321344 bytes,    4420528 total
- age   5:     161304 bytes,    4581832 total
- age   7:     709136 bytes,    5290968 total
- age   8:    1079792 bytes,    6370760 total
: 94086K->8033K(109248K), 0.0085974 secs] 141283K->55387K(502464K), 0.0087414 secs] [Times: user=0.04 sys=0.00, real=0.00 secs] 
Heap after GC invocations=65 (full 2):
 par new generation   total 109248K, used 8033K [0x00000007a0000000, 0x00000007a8000000, 0x00000007a8000000)
  eden space 87424K,   0% used [0x00000007a0000000, 0x00000007a0000000, 0x00000007a5560000)
  from space 21824K,  36% used [0x00000007a6ab0000, 0x00000007a7288628, 0x00000007a8000000)
  to   space 21824K,   0% used [0x00000007a5560000, 0x00000007a5560000, 0x00000007a6ab0000)
 concurrent mark-sweep generation total 393216K, used 47354K [0x00000007a8000000, 0x00000007c0000000, 0x00000007c0000000)
 Metaspace       used 43258K, capacity 44771K, committed 44916K, reserved 1089536K
  class space    used 5062K, capacity 5402K, committed 5524K, reserved 1048576K
}
2018-01-08T11:54:28.768-0100: 4870.837: Total time for which application threads were stopped: 0.0091060 seconds, Stopping threads took: 0.0000512 seconds
{Heap before GC invocations=65 (full 2):
 par new generation   total 109248K, used 95448K [0x00000007a0000000, 0x00000007a8000000, 0x00000007a8000000)
  eden space 87424K,  99% used [0x00000007a0000000, 0x00000007a555ddc0, 0x00000007a5560000)
  from space 21824K,  36% used [0x00000007a6ab0000, 0x00000007a7288628, 0x00000007a8000000)
  to   space 21824K,   0% used [0x00000007a5560000, 0x00000007a5560000, 0x00000007a6ab0000)
 concurrent mark-sweep generation total 393216K, used 47354K [0x00000007a8000000, 0x00000007c0000000, 0x00000007c0000000)
 Metaspace       used 43258K, capacity 44771K, committed 44916K, reserved 1089536K
  class space    used 5062K, capacity 5402K, committed 5524K, reserved 1048576K
2018-01-08T11:54:28.813-0100: 4870.882: [GC (Allocation Failure) 2018-01-08T11:54:28.813-0100: 4870.882: [ParNew
Desired survivor size 20112992 bytes, new threshold 8 (max 8)
- age   1:     389080 bytes,     389080 total
- age   2:    1512616 bytes,    1901696 total
- age   3:     468656 bytes,    2370352 total
- age   4:     995936 bytes,    3366288 total
- age   5:     775952 bytes,    4142240 total
- age   6:     161304 bytes,    4303544 total
- age   8:     709136 bytes,    5012680 total
: 95448K->7267K(109248K), 0.0126615 secs] 142803K->55681K(502464K), 0.0127804 secs] [Times: user=0.04 sys=0.00, real=0.01 secs] 
Heap after GC invocations=66 (full 2):
 par new generation   total 109248K, used 7267K [0x00000007a0000000, 0x00000007a8000000, 0x00000007a8000000)
  eden space 87424K,   0% used [0x00000007a0000000, 0x00000007a0000000, 0x00000007a5560000)
  from space 21824K,  33% used [0x00000007a5560000, 0x00000007a5c78ce8, 0x00000007a6ab0000)
  to   space 21824K,   0% used [0x00000007a6ab0000, 0x00000007a6ab0000, 0x00000007a8000000)
 concurrent mark-sweep generation total 393216K, used 48414K [0x00000007a8000000, 0x00000007c0000000, 0x00000007c0000000)
 Metaspace       used 43258K, capacity 44771K, committed 44916K, reserved 1089536K
  class space    used 5062K, capacity 5402K, committed 5524K, reserved 1048576K
}
2018-01-08T11:54:28.826-0100: 4870.895: Total time for which application threads were stopped: 0.0131036 seconds, Stopping threads took: 0.0000528 seconds
{Heap before GC invocations=66 (full 2):
 par new generation   total 109248K, used 94691K [0x00000007a0000000, 0x00000007a8000000, 0x00000007a8000000)
  eden space 87424K, 100% used [0x00000007a0000000, 0x00000007a5560000, 0x00000007a5560000)
  from space 21824K,  33% used [0x00000007a5560000, 0x00000007a5c78ce8, 0x00000007a6ab0000)
  to   space 21824K,   0% used [0x00000007a6ab0000, 0x00000007a6ab0000, 0x00000007a8000000)
 concurrent mark-sweep generation total 393216K, used 48414K [0x00000007a8000000, 0x00000007c0000000, 0x00000007c0000000)
 Metaspace       used 43259K, capacity 44771K, committed 44916K, reserved 1089536K
  class space    used 5062K, capacity 5402K, committed 5524K, reserved 1048576K
2018-01-08T11:54:28.860-0100: 4870.929: [GC (Allocation Failure) 2018-01-08T11:54:28.860-0100: 4870.929: [ParNew
Desired survivor size 20112992 bytes, new threshold 8 (max 8)
- age   1:     416360 bytes,     416360 total
- age   2:     311008 bytes,     727368 total
- age   3:    1511816 bytes,    2239184 total
- age   4:     468656 bytes,    2707840 total
- age   5:     996024 bytes,    3703864 total
- age   6:     775952 bytes,    4479816 total
- age   7:     161304 bytes,    4641120 total
: 94691K->7400K(109248K), 0.0089079 secs] 143105K->56516K(502464K), 0.0090530 secs] [Times: user=0.03 sys=0.00, real=0.00 secs] 
Heap after GC invocations=67 (full 2):
 par new generation   total 109248K, used 7400K [0x00000007a0000000, 0x00000007a8000000, 0x00000007a8000000)
  eden space 87424K,   0% used [0x00000007a0000000, 0x00000007a0000000, 0x00000007a5560000)
  from space 21824K,  33% used [0x00000007a6ab0000, 0x00000007a71ea220, 0x00000007a8000000)
  to   space 21824K,   0% used [0x00000007a5560000, 0x00000007a5560000, 0x00000007a6ab0000)
 concurrent mark-sweep generation total 393216K, used 49116K [0x00000007a8000000, 0x00000007c0000000, 0x00000007c0000000)
 Metaspace       used 43259K, capacity 44771K, committed 44916K, reserved 1089536K
  class space    used 5062K, capacity 5402K, committed 5524K, reserved 1048576K
}
2018-01-08T11:54:28.869-0100: 4870.938: Total time for which application threads were stopped: 0.0094907 seconds, Stopping threads took: 0.0001142 seconds
2018-01-08T11:54:28.874-0100: 4870.943: Total time for which application threads were stopped: 0.0002646 seconds, Stopping threads took: 0.0000939 seconds
2018-01-08T11:54:28.948-0100: 4871.017: Total time for which application threads were stopped: 0.0002637 seconds, Stopping threads took: 0.0000716 seconds
2018-01-08T11:54:28.977-0100: 4871.046: Total time for which application threads were stopped: 0.0003321 seconds, Stopping threads took: 0.0001050 seconds
2018-01-08T11:54:28.978-0100: 4871.047: Total time for which application threads were stopped: 0.0002071 seconds, Stopping threads took: 0.0000468 seconds
2018-01-08T11:54:28.978-0100: 4871.047: Total time for which application threads were stopped: 0.0001622 seconds, Stopping threads took: 0.0000358 seconds
2018-01-08T11:54:28.979-0100: 4871.048: Total time for which application threads were stopped: 0.0001568 seconds, Stopping threads took: 0.0000386 seconds
2018-01-08T11:54:28.979-0100: 4871.048: Total time for which application threads were stopped: 0.0001252 seconds, Stopping threads took: 0.0000158 seconds
2018-01-08T11:54:28.979-0100: 4871.048: Total time for which application threads were stopped: 0.0001698 seconds, Stopping threads took: 0.0000579 seconds
2018-01-08T11:54:28.979-0100: 4871.048: Total time for which application threads were stopped: 0.0001213 seconds, Stopping threads took: 0.0000152 seconds
2018-01-08T11:54:28.991-0100: 4871.060: Total time for which application threads were stopped: 0.0002102 seconds, Stopping threads took: 0.0000506 seconds
2018-01-08T11:54:28.992-0100: 4871.061: Total time for which application threads were stopped: 0.0001630 seconds, Stopping threads took: 0.0000398 seconds
2018-01-08T11:54:28.992-0100: 4871.061: Total time for which application threads were stopped: 0.0002371 seconds, Stopping threads took: 0.0000576 seconds
2018-01-08T11:54:29.016-0100: 4871.085: Total time for which application threads were stopped: 0.0002443 seconds, Stopping threads took: 0.0000496 seconds
2018-01-08T11:54:29.017-0100: 4871.086: Total time for which application threads were stopped: 0.0001967 seconds, Stopping threads took: 0.0000584 seconds
2018-01-08T11:54:29.017-0100: 4871.086: Total time for which application threads were stopped: 0.0001379 seconds, Stopping threads took: 0.0000301 seconds
2018-01-08T11:54:29.017-0100: 4871.086: Total time for which application threads were stopped: 0.0001018 seconds, Stopping threads took: 0.0000301 seconds
2018-01-08T11:54:29.017-0100: 4871.086: Total time for which application threads were stopped: 0.0000878 seconds, Stopping threads took: 0.0000226 seconds
2018-01-08T11:54:29.018-0100: 4871.087: Total time for which application threads were stopped: 0.0001165 seconds, Stopping threads took: 0.0000175 seconds
2018-01-08T11:54:29.018-0100: 4871.087: Total time for which application threads were stopped: 0.0000975 seconds, Stopping threads took: 0.0000154 seconds
2018-01-08T11:54:29.026-0100: 4871.095: Total time for which application threads were stopped: 0.0001862 seconds, Stopping threads took: 0.0000347 seconds
2018-01-08T11:54:29.026-0100: 4871.095: Total time for which application threads were stopped: 0.0001193 seconds, Stopping threads took: 0.0000177 seconds
2018-01-08T11:54:29.030-0100: 4871.099: Total time for which application threads were stopped: 0.0003785 seconds, Stopping threads took: 0.0000657 seconds
2018-01-08T11:54:29.031-0100: 4871.100: Total time for which application threads were stopped: 0.0002623 seconds, Stopping threads took: 0.0000981 seconds
2018-01-08T11:54:29.033-0100: 4871.102: Total time for which application threads were stopped: 0.0002774 seconds, Stopping threads took: 0.0001122 seconds
2018-01-08T11:54:29.035-0100: 4871.103: Total time for which application threads were stopped: 0.0005893 seconds, Stopping threads took: 0.0001195 seconds
2018-01-08T11:54:29.036-0100: 4871.105: Total time for which application threads were stopped: 0.0002678 seconds, Stopping threads took: 0.0001079 seconds
2018-01-08T11:54:29.037-0100: 4871.105: Total time for which application threads were stopped: 0.0001891 seconds, Stopping threads took: 0.0000848 seconds
{Heap before GC invocations=67 (full 2):
 par new generation   total 109248K, used 94824K [0x00000007a0000000, 0x00000007a8000000, 0x00000007a8000000)
  eden space 87424K, 100% used [0x00000007a0000000, 0x00000007a5560000, 0x00000007a5560000)
  from space 21824K,  33% used [0x00000007a6ab0000, 0x00000007a71ea220, 0x00000007a8000000)
  to   space 21824K,   0% used [0x00000007a5560000, 0x00000007a5560000, 0x00000007a6ab0000)
 concurrent mark-sweep generation total 393216K, used 49116K [0x00000007a8000000, 0x00000007c0000000, 0x00000007c0000000)
 Metaspace       used 43293K, capacity 44845K, committed 45172K, reserved 1089536K
  class space    used 5063K, capacity 5403K, committed 5524K, reserved 1048576K
2018-01-08T11:54:29.049-0100: 4871.118: [GC (Allocation Failure) 2018-01-08T11:54:29.049-0100: 4871.118: [ParNew
Desired survivor size 20112992 bytes, new threshold 8 (max 8)
- age   1:    3286272 bytes,    3286272 total
- age   2:     121472 bytes,    3407744 total
- age   3:     310344 bytes,    3718088 total
- age   4:     395400 bytes,    4113488 total
- age   5:     462608 bytes,    4576096 total
- age   6:     995456 bytes,    5571552 total
- age   7:      94968 bytes,    5666520 total
- age   8:      57056 bytes,    5723576 total
: 94824K->6354K(109248K), 0.0123668 secs] 143940K->55471K(502464K), 0.0125180 secs] [Times: user=0.05 sys=0.00, real=0.02 secs] 
Heap after GC invocations=68 (full 2):
 par new generation   total 109248K, used 6354K [0x00000007a0000000, 0x00000007a8000000, 0x00000007a8000000)
  eden space 87424K,   0% used [0x00000007a0000000, 0x00000007a0000000, 0x00000007a5560000)
  from space 21824K,  29% used [0x00000007a5560000, 0x00000007a5b94b78, 0x00000007a6ab0000)
  to   space 21824K,   0% used [0x00000007a6ab0000, 0x00000007a6ab0000, 0x00000007a8000000)
 concurrent mark-sweep generation total 393216K, used 49116K [0x00000007a8000000, 0x00000007c0000000, 0x00000007c0000000)
 Metaspace       used 43293K, capacity 44845K, committed 45172K, reserved 1089536K
  class space    used 5063K, capacity 5403K, committed 5524K, reserved 1048576K
}
2018-01-08T11:54:29.061-0100: 4871.130: Total time for which application threads were stopped: 0.0129344 seconds, Stopping threads took: 0.0000653 seconds
2018-01-08T11:54:29.062-0100: 4871.131: Total time for which application threads were stopped: 0.0002459 seconds, Stopping threads took: 0.0000890 seconds
{Heap before GC invocations=68 (full 2):
 par new generation   total 109248K, used 93778K [0x00000007a0000000, 0x00000007a8000000, 0x00000007a8000000)
  eden space 87424K, 100% used [0x00000007a0000000, 0x00000007a5560000, 0x00000007a5560000)
  from space 21824K,  29% used [0x00000007a5560000, 0x00000007a5b94b78, 0x00000007a6ab0000)
  to   space 21824K,   0% used [0x00000007a6ab0000, 0x00000007a6ab0000, 0x00000007a8000000)
 concurrent mark-sweep generation total 393216K, used 49116K [0x00000007a8000000, 0x00000007c0000000, 0x00000007c0000000)
 Metaspace       used 43295K, capacity 44845K, committed 45172K, reserved 1089536K
  class space    used 5063K, capacity 5403K, committed 5524K, reserved 1048576K
2018-01-08T11:54:29.092-0100: 4871.161: [GC (Allocation Failure) 2018-01-08T11:54:29.092-0100: 4871.161: [ParNew
Desired survivor size 20112992 bytes, new threshold 8 (max 8)
- age   1:     575360 bytes,     575360 total
- age   2:    2837464 bytes,    3412824 total
- age   3:     121472 bytes,    3534296 total
- age   4:     310344 bytes,    3844640 total
- age   5:     395400 bytes,    4240040 total
- age   6:     455384 bytes,    4695424 total
- age   7:     994920 bytes,    5690344 total
- age   8:      94968 bytes,    5785312 total
: 93778K->8191K(109248K), 0.0106913 secs] 142895K->57366K(502464K), 0.0108084 secs] [Times: user=0.03 sys=0.00, real=0.01 secs] 
Heap after GC invocations=69 (full 2):
 par new generation   total 109248K, used 8191K [0x00000007a0000000, 0x00000007a8000000, 0x00000007a8000000)
  eden space 87424K,   0% used [0x00000007a0000000, 0x00000007a0000000, 0x00000007a5560000)
  from space 21824K,  37% used [0x00000007a6ab0000, 0x00000007a72afc28, 0x00000007a8000000)
  to   space 21824K,   0% used [0x00000007a5560000, 0x00000007a5560000, 0x00000007a6ab0000)
 concurrent mark-sweep generation total 393216K, used 49175K [0x00000007a8000000, 0x00000007c0000000, 0x00000007c0000000)
 Metaspace       used 43295K, capacity 44845K, committed 45172K, reserved 1089536K
  class space    used 5063K, capacity 5403K, committed 5524K, reserved 1048576K
}
2018-01-08T11:54:29.103-0100: 4871.172: Total time for which application threads were stopped: 0.0111146 seconds, Stopping threads took: 0.0000487 seconds
{Heap before GC invocations=69 (full 2):
 par new generation   total 109248K, used 95615K [0x00000007a0000000, 0x00000007a8000000, 0x00000007a8000000)
  eden space 87424K, 100% used [0x00000007a0000000, 0x00000007a5560000, 0x00000007a5560000)
  from space 21824K,  37% used [0x00000007a6ab0000, 0x00000007a72afc28, 0x00000007a8000000)
  to   space 21824K,   0% used [0x00000007a5560000, 0x00000007a5560000, 0x00000007a6ab0000)
 concurrent mark-sweep generation total 393216K, used 49175K [0x00000007a8000000, 0x00000007c0000000, 0x00000007c0000000)
 Metaspace       used 43300K, capacity 44851K, committed 45172K, reserved 1089536K
  class space    used 5063K, capacity 5404K, committed 5524K, reserved 1048576K
2018-01-08T11:54:29.120-0100: 4871.189: [GC (Allocation Failure) 2018-01-08T11:54:29.120-0100: 4871.189: [ParNew
Desired survivor size 20112992 bytes, new threshold 8 (max 8)
- age   1:     974736 bytes,     974736 total
- age   2:     195776 bytes,    1170512 total
- age   3:    2483864 bytes,    3654376 total
- age   4:     121472 bytes,    3775848 total
- age   5:     310344 bytes,    4086192 total
- age   6:     395400 bytes,    4481592 total
- age   7:     455384 bytes,    4936976 total
- age   8:     994920 bytes,    5931896 total
: 95615K->7399K(109248K), 0.0112662 secs] 144790K->56668K(502464K), 0.0113871 secs] [Times: user=0.03 sys=0.01, real=0.01 secs] 
Heap after GC invocations=70 (full 2):
 par new generation   total 109248K, used 7399K [0x00000007a0000000, 0x00000007a8000000, 0x00000007a8000000)
  eden space 87424K,   0% used [0x00000007a0000000, 0x00000007a0000000, 0x00000007a5560000)
  from space 21824K,  33% used [0x00000007a5560000, 0x00000007a5c99f08, 0x00000007a6ab0000)
  to   space 21824K,   0% used [0x00000007a6ab0000, 0x00000007a6ab0000, 0x00000007a8000000)
 concurrent mark-sweep generation total 393216K, used 49268K [0x00000007a8000000, 0x00000007c0000000, 0x00000007c0000000)
 Metaspace       used 43300K, capacity 44851K, committed 45172K, reserved 1089536K
  class space    used 5063K, capacity 5404K, committed 5524K, reserved 1048576K
}
2018-01-08T11:54:29.132-0100: 4871.201: Total time for which application threads were stopped: 0.0116593 seconds, Stopping threads took: 0.0000473 seconds
{Heap before GC invocations=70 (full 2):
 par new generation   total 109248K, used 94823K [0x00000007a0000000, 0x00000007a8000000, 0x00000007a8000000)
  eden space 87424K, 100% used [0x00000007a0000000, 0x00000007a5560000, 0x00000007a5560000)
  from space 21824K,  33% used [0x00000007a5560000, 0x00000007a5c99f08, 0x00000007a6ab0000)
  to   space 21824K,   0% used [0x00000007a6ab0000, 0x00000007a6ab0000, 0x00000007a8000000)
 concurrent mark-sweep generation total 393216K, used 49268K [0x00000007a8000000, 0x00000007c0000000, 0x00000007c0000000)
 Metaspace       used 43300K, capacity 44851K, committed 45172K, reserved 1089536K
  class space    used 5064K, capacity 5404K, committed 5524K, reserved 1048576K
2018-01-08T11:54:29.220-0100: 4871.288: [GC (Allocation Failure) 2018-01-08T11:54:29.220-0100: 4871.289: [ParNew
Desired survivor size 20112992 bytes, new threshold 8 (max 8)
- age   1:    1042872 bytes,    1042872 total
- age   2:     152752 bytes,    1195624 total
- age   3:     195152 bytes,    1390776 total
- age   4:    1939064 bytes,    3329840 total
- age   5:     121472 bytes,    3451312 total
- age   6:     310344 bytes,    3761656 total
- age   7:     395400 bytes,    4157056 total
- age   8:     455384 bytes,    4612440 total
: 94823K->7750K(109248K), 0.0103590 secs] 144092K->57993K(502464K), 0.0104683 secs] [Times: user=0.04 sys=0.00, real=0.01 secs] 
Heap after GC invocations=71 (full 2):
 par new generation   total 109248K, used 7750K [0x00000007a0000000, 0x00000007a8000000, 0x00000007a8000000)
  eden space 87424K,   0% used [0x00000007a0000000, 0x00000007a0000000, 0x00000007a5560000)
  from space 21824K,  35% used [0x00000007a6ab0000, 0x00000007a7241910, 0x00000007a8000000)
  to   space 21824K,   0% used [0x00000007a5560000, 0x00000007a5560000, 0x00000007a6ab0000)
 concurrent mark-sweep generation total 393216K, used 50243K [0x00000007a8000000, 0x00000007c0000000, 0x00000007c0000000)
 Metaspace       used 43300K, capacity 44851K, committed 45172K, reserved 1089536K
  class space    used 5064K, capacity 5404K, committed 5524K, reserved 1048576K
}
2018-01-08T11:54:29.230-0100: 4871.299: Total time for which application threads were stopped: 0.0107281 seconds, Stopping threads took: 0.0000253 seconds
2018-01-08T11:54:29.254-0100: 4871.323: Total time for which application threads were stopped: 0.0001588 seconds, Stopping threads took: 0.0000403 seconds
2018-01-08T11:54:29.272-0100: 4871.341: Total time for which application threads were stopped: 0.0003652 seconds, Stopping threads took: 0.0002254 seconds
2018-01-08T11:54:29.273-0100: 4871.342: Total time for which application threads were stopped: 0.0001574 seconds, Stopping threads took: 0.0000451 seconds
2018-01-08T11:54:29.273-0100: 4871.342: Total time for which application threads were stopped: 0.0001194 seconds, Stopping threads took: 0.0000373 seconds
2018-01-08T11:54:29.273-0100: 4871.342: Total time for which application threads were stopped: 0.0000866 seconds, Stopping threads took: 0.0000264 seconds
2018-01-08T11:54:29.274-0100: 4871.342: Total time for which application threads were stopped: 0.0001119 seconds, Stopping threads took: 0.0000331 seconds
2018-01-08T11:54:29.274-0100: 4871.343: Total time for which application threads were stopped: 0.0001281 seconds, Stopping threads took: 0.0000289 seconds
2018-01-08T11:54:29.274-0100: 4871.343: Total time for which application threads were stopped: 0.0001248 seconds, Stopping threads took: 0.0000468 seconds
2018-01-08T11:54:29.274-0100: 4871.343: Total time for which application threads were stopped: 0.0001071 seconds, Stopping threads took: 0.0000337 seconds
2018-01-08T11:54:29.275-0100: 4871.344: Total time for which application threads were stopped: 0.0000880 seconds, Stopping threads took: 0.0000214 seconds
2018-01-08T11:54:29.282-0100: 4871.351: Total time for which application threads were stopped: 0.0001486 seconds, Stopping threads took: 0.0000254 seconds
2018-01-08T11:54:29.282-0100: 4871.351: Total time for which application threads were stopped: 0.0001449 seconds, Stopping threads took: 0.0000190 seconds
2018-01-08T11:54:30.556-0100: 4872.625: Total time for which application threads were stopped: 0.0001681 seconds, Stopping threads took: 0.0000473 seconds
2018-01-08T11:54:30.556-0100: 4872.625: Total time for which application threads were stopped: 0.0002041 seconds, Stopping threads took: 0.0000969 seconds
2018-01-08T11:54:30.557-0100: 4872.626: Total time for which application threads were stopped: 0.0001221 seconds, Stopping threads took: 0.0000380 seconds
2018-01-08T11:54:31.557-0100: 4873.626: Total time for which application threads were stopped: 0.0001552 seconds, Stopping threads took: 0.0000275 seconds
2018-01-08T11:54:38.832-0100: 4880.900: Total time for which application threads were stopped: 0.0002033 seconds, Stopping threads took: 0.0000420 seconds
2018-01-08T11:54:38.832-0100: 4880.901: Total time for which application threads were stopped: 0.0001636 seconds, Stopping threads took: 0.0000469 seconds
2018-01-08T11:54:39.837-0100: 4881.906: Total time for which application threads were stopped: 0.0001937 seconds, Stopping threads took: 0.0000349 seconds
2018-01-08T11:54:46.073-0100: 4888.142: Total time for which application threads were stopped: 0.0002677 seconds, Stopping threads took: 0.0000222 seconds
2018-01-08T11:54:46.073-0100: 4888.142: Total time for which application threads were stopped: 0.0000997 seconds, Stopping threads took: 0.0000262 seconds
2018-01-08T11:54:47.074-0100: 4889.142: Total time for which application threads were stopped: 0.0001244 seconds, Stopping threads took: 0.0000237 seconds
2018-01-08T11:54:51.806-0100: 4893.875: Total time for which application threads were stopped: 0.0002158 seconds, Stopping threads took: 0.0000501 seconds
2018-01-08T11:54:52.809-0100: 4894.878: Total time for which application threads were stopped: 0.0001687 seconds, Stopping threads took: 0.0000335 seconds
2018-01-08T11:55:03.830-0100: 4905.898: Total time for which application threads were stopped: 0.0001394 seconds, Stopping threads took: 0.0000276 seconds
2018-01-08T11:55:31.448-0100: 4933.516: Total time for which application threads were stopped: 0.0001894 seconds, Stopping threads took: 0.0000428 seconds
2018-01-08T11:55:31.449-0100: 4933.518: Total time for which application threads were stopped: 0.0002086 seconds, Stopping threads took: 0.0000516 seconds
2018-01-08T11:55:31.450-0100: 4933.519: Total time for which application threads were stopped: 0.0002444 seconds, Stopping threads took: 0.0000724 seconds
2018-01-08T11:55:31.451-0100: 4933.520: Total time for which application threads were stopped: 0.0002106 seconds, Stopping threads took: 0.0000449 seconds
2018-01-08T11:55:31.606-0100: 4933.674: Total time for which application threads were stopped: 0.0001687 seconds, Stopping threads took: 0.0000202 seconds
2018-01-08T11:55:33.609-0100: 4935.678: Total time for which application threads were stopped: 0.0001579 seconds, Stopping threads took: 0.0000517 seconds
2018-01-08T11:55:33.623-0100: 4935.692: Total time for which application threads were stopped: 0.0002024 seconds, Stopping threads took: 0.0000205 seconds
2018-01-08T11:55:37.629-0100: 4939.698: Total time for which application threads were stopped: 0.0001357 seconds, Stopping threads took: 0.0000258 seconds
2018-01-08T11:55:42.642-0100: 4944.710: Total time for which application threads were stopped: 0.0002136 seconds, Stopping threads took: 0.0000276 seconds
2018-01-08T11:55:46.659-0100: 4948.728: Total time for which application threads were stopped: 0.0001626 seconds, Stopping threads took: 0.0000264 seconds
2018-01-08T11:55:51.670-0100: 4953.738: Total time for which application threads were stopped: 0.0001745 seconds, Stopping threads took: 0.0000328 seconds
2018-01-08T11:55:52.673-0100: 4954.742: Total time for which application threads were stopped: 0.0001541 seconds, Stopping threads took: 0.0000299 seconds
2018-01-08T11:55:56.859-0100: 4958.928: Total time for which application threads were stopped: 0.0002154 seconds, Stopping threads took: 0.0000722 seconds
2018-01-08T11:55:56.859-0100: 4958.928: Total time for which application threads were stopped: 0.0002123 seconds, Stopping threads took: 0.0000895 seconds
2018-01-08T11:55:56.860-0100: 4958.928: Total time for which application threads were stopped: 0.0001435 seconds, Stopping threads took: 0.0000520 seconds
2018-01-08T11:55:56.860-0100: 4958.929: Total time for which application threads were stopped: 0.0002180 seconds, Stopping threads took: 0.0001219 seconds
2018-01-08T11:55:56.860-0100: 4958.929: Total time for which application threads were stopped: 0.0001724 seconds, Stopping threads took: 0.0000796 seconds
2018-01-08T11:55:56.860-0100: 4958.929: Total time for which application threads were stopped: 0.0001107 seconds, Stopping threads took: 0.0000355 seconds
2018-01-08T11:55:56.860-0100: 4958.929: Total time for which application threads were stopped: 0.0001557 seconds, Stopping threads took: 0.0000750 seconds
2018-01-08T11:55:56.864-0100: 4958.932: Total time for which application threads were stopped: 0.0002407 seconds, Stopping threads took: 0.0000859 seconds
2018-01-08T11:55:56.864-0100: 4958.933: Total time for which application threads were stopped: 0.0001778 seconds, Stopping threads took: 0.0000344 seconds
2018-01-08T11:55:56.867-0100: 4958.936: Total time for which application threads were stopped: 0.0001845 seconds, Stopping threads took: 0.0000434 seconds
2018-01-08T11:55:56.867-0100: 4958.936: Total time for which application threads were stopped: 0.0001391 seconds, Stopping threads took: 0.0000192 seconds
2018-01-08T11:55:56.867-0100: 4958.936: Total time for which application threads were stopped: 0.0002785 seconds, Stopping threads took: 0.0000151 seconds
2018-01-08T11:55:56.867-0100: 4958.936: Total time for which application threads were stopped: 0.0001179 seconds, Stopping threads took: 0.0000140 seconds
2018-01-08T11:56:10.895-0100: 4972.964: Total time for which application threads were stopped: 0.0001790 seconds, Stopping threads took: 0.0000322 seconds
2018-01-08T11:56:22.153-0100: 4984.222: Total time for which application threads were stopped: 0.0001755 seconds, Stopping threads took: 0.0000540 seconds
2018-01-08T11:56:22.154-0100: 4984.223: Total time for which application threads were stopped: 0.0001870 seconds, Stopping threads took: 0.0000813 seconds
2018-01-08T11:56:22.156-0100: 4984.224: Total time for which application threads were stopped: 0.0001746 seconds, Stopping threads took: 0.0000343 seconds
2018-01-08T11:56:26.162-0100: 4988.230: Total time for which application threads were stopped: 0.0001312 seconds, Stopping threads took: 0.0000263 seconds
2018-01-08T11:56:27.166-0100: 4989.235: Total time for which application threads were stopped: 0.0001496 seconds, Stopping threads took: 0.0000304 seconds
2018-01-08T11:56:29.172-0100: 4991.240: Total time for which application threads were stopped: 0.0001622 seconds, Stopping threads took: 0.0000281 seconds
2018-01-08T11:56:32.176-0100: 4994.244: Total time for which application threads were stopped: 0.0001448 seconds, Stopping threads took: 0.0000284 seconds
2018-01-08T11:56:33.378-0100: 4995.447: Total time for which application threads were stopped: 0.0001318 seconds, Stopping threads took: 0.0000227 seconds
2018-01-08T11:56:33.378-0100: 4995.447: Total time for which application threads were stopped: 0.0001414 seconds, Stopping threads took: 0.0000471 seconds
2018-01-08T11:56:42.657-0100: 5004.726: Total time for which application threads were stopped: 0.0001720 seconds, Stopping threads took: 0.0000417 seconds
2018-01-08T11:56:42.657-0100: 5004.726: Total time for which application threads were stopped: 0.0001333 seconds, Stopping threads took: 0.0000364 seconds
2018-01-08T11:56:42.658-0100: 5004.726: Total time for which application threads were stopped: 0.0001111 seconds, Stopping threads took: 0.0000343 seconds
2018-01-08T11:56:42.658-0100: 5004.727: Total time for which application threads were stopped: 0.0000814 seconds, Stopping threads took: 0.0000138 seconds
2018-01-08T11:56:42.660-0100: 5004.729: Total time for which application threads were stopped: 0.0001634 seconds, Stopping threads took: 0.0000401 seconds
2018-01-08T11:56:56.690-0100: 5018.758: Total time for which application threads were stopped: 0.0002536 seconds, Stopping threads took: 0.0000419 seconds
2018-01-08T11:57:26.740-0100: 5048.808: Total time for which application threads were stopped: 0.0001366 seconds, Stopping threads took: 0.0000394 seconds
2018-01-08T11:57:27.141-0100: 5049.210: Total time for which application threads were stopped: 0.0002953 seconds, Stopping threads took: 0.0000679 seconds
2018-01-08T11:57:27.142-0100: 5049.211: Total time for which application threads were stopped: 0.0002086 seconds, Stopping threads took: 0.0000303 seconds
2018-01-08T11:57:29.387-0100: 5051.456: Total time for which application threads were stopped: 0.0001344 seconds, Stopping threads took: 0.0000402 seconds
2018-01-08T11:57:29.387-0100: 5051.456: Total time for which application threads were stopped: 0.0001106 seconds, Stopping threads took: 0.0000314 seconds
2018-01-08T11:58:53.465-0100: 5135.533: Total time for which application threads were stopped: 0.0002016 seconds, Stopping threads took: 0.0000694 seconds
2018-01-08T11:58:53.465-0100: 5135.534: Total time for which application threads were stopped: 0.0001873 seconds, Stopping threads took: 0.0000711 seconds
2018-01-08T11:59:03.907-0100: 5145.976: Total time for which application threads were stopped: 0.0001943 seconds, Stopping threads took: 0.0000667 seconds
{Heap before GC invocations=71 (full 2):
 par new generation   total 109248K, used 95174K [0x00000007a0000000, 0x00000007a8000000, 0x00000007a8000000)
  eden space 87424K, 100% used [0x00000007a0000000, 0x00000007a5560000, 0x00000007a5560000)
  from space 21824K,  35% used [0x00000007a6ab0000, 0x00000007a7241910, 0x00000007a8000000)
  to   space 21824K,   0% used [0x00000007a5560000, 0x00000007a5560000, 0x00000007a6ab0000)
 concurrent mark-sweep generation total 393216K, used 50243K [0x00000007a8000000, 0x00000007c0000000, 0x00000007c0000000)
 Metaspace       used 43457K, capacity 44979K, committed 45172K, reserved 1089536K
  class space    used 5070K, capacity 5404K, committed 5524K, reserved 1048576K
2018-01-08T11:59:03.908-0100: 5145.976: [GC (Allocation Failure) 2018-01-08T11:59:03.909-0100: 5145.978: [ParNew
Desired survivor size 20112992 bytes, new threshold 8 (max 8)
- age   1:    1387408 bytes,    1387408 total
- age   2:     721512 bytes,    2108920 total
- age   3:     123784 bytes,    2232704 total
- age   4:     191912 bytes,    2424616 total
- age   5:    1924512 bytes,    4349128 total
- age   6:     121472 bytes,    4470600 total
- age   7:     310312 bytes,    4780912 total
- age   8:     395400 bytes,    5176312 total
: 95174K->6648K(109248K), 0.0060596 secs] 145417K->57343K(502464K), 0.0076706 secs] [Times: user=0.02 sys=0.00, real=0.01 secs] 
Heap after GC invocations=72 (full 2):
 par new generation   total 109248K, used 6648K [0x00000007a0000000, 0x00000007a8000000, 0x00000007a8000000)
  eden space 87424K,   0% used [0x00000007a0000000, 0x00000007a0000000, 0x00000007a5560000)
  from space 21824K,  30% used [0x00000007a5560000, 0x00000007a5bde398, 0x00000007a6ab0000)
  to   space 21824K,   0% used [0x00000007a6ab0000, 0x00000007a6ab0000, 0x00000007a8000000)
 concurrent mark-sweep generation total 393216K, used 50694K [0x00000007a8000000, 0x00000007c0000000, 0x00000007c0000000)
 Metaspace       used 43457K, capacity 44979K, committed 45172K, reserved 1089536K
  class space    used 5070K, capacity 5404K, committed 5524K, reserved 1048576K
}
2018-01-08T11:59:03.915-0100: 5145.984: Total time for which application threads were stopped: 0.0079152 seconds, Stopping threads took: 0.0000339 seconds
2018-01-08T11:59:03.916-0100: 5145.984: Total time for which application threads were stopped: 0.0002435 seconds, Stopping threads took: 0.0001176 seconds
2018-01-08T11:59:03.916-0100: 5145.985: Total time for which application threads were stopped: 0.0001263 seconds, Stopping threads took: 0.0000419 seconds
2018-01-08T11:59:03.916-0100: 5145.985: Total time for which application threads were stopped: 0.0000860 seconds, Stopping threads took: 0.0000139 seconds
2018-01-08T11:59:04.918-0100: 5146.986: Total time for which application threads were stopped: 0.0001398 seconds, Stopping threads took: 0.0000272 seconds
2018-01-08T11:59:11.928-0100: 5153.996: Total time for which application threads were stopped: 0.0001671 seconds, Stopping threads took: 0.0000296 seconds
2018-01-08T11:59:14.929-0100: 5156.997: Total time for which application threads were stopped: 0.0001262 seconds, Stopping threads took: 0.0000343 seconds
2018-01-08T11:59:22.948-0100: 5165.017: Total time for which application threads were stopped: 0.0002378 seconds, Stopping threads took: 0.0000563 seconds
2018-01-08T11:59:26.954-0100: 5169.022: Total time for which application threads were stopped: 0.0001861 seconds, Stopping threads took: 0.0000529 seconds
2018-01-08T12:00:14.386-0100: 5216.455: Total time for which application threads were stopped: 0.0001409 seconds, Stopping threads took: 0.0000311 seconds
2018-01-08T12:00:25.587-0100: 5227.656: Total time for which application threads were stopped: 0.0002073 seconds, Stopping threads took: 0.0000812 seconds
2018-01-08T12:00:25.588-0100: 5227.656: Total time for which application threads were stopped: 0.0001618 seconds, Stopping threads took: 0.0000490 seconds
2018-01-08T12:00:25.588-0100: 5227.657: Total time for which application threads were stopped: 0.0001805 seconds, Stopping threads took: 0.0000710 seconds
2018-01-08T12:00:25.589-0100: 5227.657: Total time for which application threads were stopped: 0.0001796 seconds, Stopping threads took: 0.0000360 seconds
2018-01-08T12:00:25.729-0100: 5227.797: Total time for which application threads were stopped: 0.0001472 seconds, Stopping threads took: 0.0000246 seconds
2018-01-08T12:00:26.734-0100: 5228.803: Total time for which application threads were stopped: 0.0001488 seconds, Stopping threads took: 0.0000229 seconds
2018-01-08T12:00:29.738-0100: 5231.806: Total time for which application threads were stopped: 0.0001602 seconds, Stopping threads took: 0.0000303 seconds
2018-01-08T12:00:35.592-0100: 5237.660: Total time for which application threads were stopped: 0.0002673 seconds, Stopping threads took: 0.0001062 seconds
2018-01-08T12:00:35.594-0100: 5237.662: Total time for which application threads were stopped: 0.0002538 seconds, Stopping threads took: 0.0000956 seconds
{Heap before GC invocations=72 (full 2):
 par new generation   total 109248K, used 94072K [0x00000007a0000000, 0x00000007a8000000, 0x00000007a8000000)
  eden space 87424K, 100% used [0x00000007a0000000, 0x00000007a5560000, 0x00000007a5560000)
  from space 21824K,  30% used [0x00000007a5560000, 0x00000007a5bde398, 0x00000007a6ab0000)
  to   space 21824K,   0% used [0x00000007a6ab0000, 0x00000007a6ab0000, 0x00000007a8000000)
 concurrent mark-sweep generation total 393216K, used 50694K [0x00000007a8000000, 0x00000007c0000000, 0x00000007c0000000)
 Metaspace       used 43644K, capacity 45203K, committed 45428K, reserved 1089536K
  class space    used 5090K, capacity 5436K, committed 5524K, reserved 1048576K
2018-01-08T12:00:35.723-0100: 5237.792: [GC (Allocation Failure) 2018-01-08T12:00:35.729-0100: 5237.797: [ParNew
Desired survivor size 20112992 bytes, new threshold 8 (max 8)
- age   1:     580184 bytes,     580184 total
- age   2:     902368 bytes,    1482552 total
- age   3:     721512 bytes,    2204064 total
- age   4:     123784 bytes,    2327848 total
- age   5:     191912 bytes,    2519760 total
- age   6:    1924512 bytes,    4444272 total
- age   7:     121472 bytes,    4565744 total
- age   8:     310312 bytes,    4876056 total
: 94072K->6875K(109248K), 0.0058265 secs] 144767K->57958K(502464K), 0.0112758 secs] [Times: user=0.03 sys=0.01, real=0.01 secs] 
Heap after GC invocations=73 (full 2):
 par new generation   total 109248K, used 6875K [0x00000007a0000000, 0x00000007a8000000, 0x00000007a8000000)
  eden space 87424K,   0% used [0x00000007a0000000, 0x00000007a0000000, 0x00000007a5560000)
  from space 21824K,  31% used [0x00000007a6ab0000, 0x00000007a7166cb0, 0x00000007a8000000)
  to   space 21824K,   0% used [0x00000007a5560000, 0x00000007a5560000, 0x00000007a6ab0000)
 concurrent mark-sweep generation total 393216K, used 51083K [0x00000007a8000000, 0x00000007c0000000, 0x00000007c0000000)
 Metaspace       used 43644K, capacity 45203K, committed 45428K, reserved 1089536K
  class space    used 5090K, capacity 5436K, committed 5524K, reserved 1048576K
}
2018-01-08T12:00:35.735-0100: 5237.803: Total time for which application threads were stopped: 0.0115284 seconds, Stopping threads took: 0.0000257 seconds
2018-01-08T12:00:35.736-0100: 5237.805: Total time for which application threads were stopped: 0.0001278 seconds, Stopping threads took: 0.0000220 seconds
2018-01-08T12:00:41.742-0100: 5243.811: Total time for which application threads were stopped: 0.0001493 seconds, Stopping threads took: 0.0000304 seconds
2018-01-08T12:00:42.744-0100: 5244.812: Total time for which application threads were stopped: 0.0001633 seconds, Stopping threads took: 0.0000291 seconds
2018-01-08T12:00:43.748-0100: 5245.816: Total time for which application threads were stopped: 0.0002138 seconds, Stopping threads took: 0.0000341 seconds
2018-01-08T12:00:44.749-0100: 5246.818: Total time for which application threads were stopped: 0.0002153 seconds, Stopping threads took: 0.0000311 seconds
2018-01-08T12:00:45.750-0100: 5247.818: Total time for which application threads were stopped: 0.0001460 seconds, Stopping threads took: 0.0000256 seconds
2018-01-08T12:00:45.976-0100: 5248.044: Total time for which application threads were stopped: 0.0002774 seconds, Stopping threads took: 0.0000444 seconds
2018-01-08T12:00:45.976-0100: 5248.045: Total time for which application threads were stopped: 0.0001806 seconds, Stopping threads took: 0.0000380 seconds
2018-01-08T12:00:46.075-0100: 5248.144: Total time for which application threads were stopped: 0.0001356 seconds, Stopping threads took: 0.0000225 seconds
2018-01-08T12:00:47.080-0100: 5249.149: Total time for which application threads were stopped: 0.0001688 seconds, Stopping threads took: 0.0000418 seconds
2018-01-08T12:00:49.086-0100: 5251.154: Total time for which application threads were stopped: 0.0001922 seconds, Stopping threads took: 0.0000308 seconds
2018-01-08T12:00:50.090-0100: 5252.158: Total time for which application threads were stopped: 0.0001667 seconds, Stopping threads took: 0.0000271 seconds
2018-01-08T12:00:53.095-0100: 5255.164: Total time for which application threads were stopped: 0.0001514 seconds, Stopping threads took: 0.0000255 seconds
2018-01-08T12:00:55.103-0100: 5257.171: Total time for which application threads were stopped: 0.0001439 seconds, Stopping threads took: 0.0000226 seconds
2018-01-08T12:00:55.992-0100: 5258.060: Total time for which application threads were stopped: 0.0001958 seconds, Stopping threads took: 0.0000447 seconds
2018-01-08T12:00:55.992-0100: 5258.060: Total time for which application threads were stopped: 0.0001992 seconds, Stopping threads took: 0.0000381 seconds
{Heap before GC invocations=73 (full 2):
 par new generation   total 109248K, used 94299K [0x00000007a0000000, 0x00000007a8000000, 0x00000007a8000000)
  eden space 87424K, 100% used [0x00000007a0000000, 0x00000007a5560000, 0x00000007a5560000)
  from space 21824K,  31% used [0x00000007a6ab0000, 0x00000007a7166cb0, 0x00000007a8000000)
  to   space 21824K,   0% used [0x00000007a5560000, 0x00000007a5560000, 0x00000007a6ab0000)
 concurrent mark-sweep generation total 393216K, used 51083K [0x00000007a8000000, 0x00000007c0000000, 0x00000007c0000000)
 Metaspace       used 43750K, capacity 45271K, committed 45428K, reserved 1089536K
  class space    used 5090K, capacity 5436K, committed 5524K, reserved 1048576K
2018-01-08T12:00:56.083-0100: 5258.151: [GC (Allocation Failure) 2018-01-08T12:00:56.085-0100: 5258.154: [ParNew
Desired survivor size 20112992 bytes, new threshold 8 (max 8)
- age   1:     480472 bytes,     480472 total
- age   2:     198568 bytes,     679040 total
- age   3:     682416 bytes,    1361456 total
- age   4:     721512 bytes,    2082968 total
- age   5:     123784 bytes,    2206752 total
- age   6:     191912 bytes,    2398664 total
- age   7:    1924512 bytes,    4323176 total
- age   8:     121472 bytes,    4444648 total
: 94299K->5424K(109248K), 0.0051521 secs] 145382K->56812K(502464K), 0.0079279 secs] [Times: user=0.01 sys=0.00, real=0.01 secs] 
Heap after GC invocations=74 (full 2):
 par new generation   total 109248K, used 5424K [0x00000007a0000000, 0x00000007a8000000, 0x00000007a8000000)
  eden space 87424K,   0% used [0x00000007a0000000, 0x00000007a0000000, 0x00000007a5560000)
  from space 21824K,  24% used [0x00000007a5560000, 0x00000007a5aac030, 0x00000007a6ab0000)
  to   space 21824K,   0% used [0x00000007a6ab0000, 0x00000007a6ab0000, 0x00000007a8000000)
 concurrent mark-sweep generation total 393216K, used 51388K [0x00000007a8000000, 0x00000007c0000000, 0x00000007c0000000)
 Metaspace       used 43750K, capacity 45271K, committed 45428K, reserved 1089536K
  class space    used 5090K, capacity 5436K, committed 5524K, reserved 1048576K
}
2018-01-08T12:00:56.091-0100: 5258.159: Total time for which application threads were stopped: 0.0081517 seconds, Stopping threads took: 0.0000201 seconds
2018-01-08T12:00:56.112-0100: 5258.180: Total time for which application threads were stopped: 0.0001221 seconds, Stopping threads took: 0.0000198 seconds
2018-01-08T12:00:58.118-0100: 5260.187: Total time for which application threads were stopped: 0.0001535 seconds, Stopping threads took: 0.0000258 seconds
2018-01-08T12:01:06.015-0100: 5268.084: Total time for which application threads were stopped: 0.0002301 seconds, Stopping threads took: 0.0000555 seconds
2018-01-08T12:01:06.016-0100: 5268.084: Total time for which application threads were stopped: 0.0004989 seconds, Stopping threads took: 0.0000502 seconds
2018-01-08T12:01:06.016-0100: 5268.085: Total time for which application threads were stopped: 0.0003354 seconds, Stopping threads took: 0.0000414 seconds
2018-01-08T12:01:06.110-0100: 5268.178: Total time for which application threads were stopped: 0.0001360 seconds, Stopping threads took: 0.0000325 seconds
2018-01-08T12:01:07.110-0100: 5269.179: Total time for which application threads were stopped: 0.0001819 seconds, Stopping threads took: 0.0000259 seconds
2018-01-08T12:01:08.113-0100: 5270.181: Total time for which application threads were stopped: 0.0001449 seconds, Stopping threads took: 0.0000252 seconds
2018-01-08T12:01:11.123-0100: 5273.191: Total time for which application threads were stopped: 0.0002627 seconds, Stopping threads took: 0.0000401 seconds
2018-01-08T12:01:16.034-0100: 5278.102: Total time for which application threads were stopped: 0.0003270 seconds, Stopping threads took: 0.0001072 seconds
2018-01-08T12:01:16.034-0100: 5278.103: Total time for which application threads were stopped: 0.0002249 seconds, Stopping threads took: 0.0000682 seconds
{Heap before GC invocations=74 (full 2):
 par new generation   total 109248K, used 92848K [0x00000007a0000000, 0x00000007a8000000, 0x00000007a8000000)
  eden space 87424K, 100% used [0x00000007a0000000, 0x00000007a5560000, 0x00000007a5560000)
  from space 21824K,  24% used [0x00000007a5560000, 0x00000007a5aac030, 0x00000007a6ab0000)
  to   space 21824K,   0% used [0x00000007a6ab0000, 0x00000007a6ab0000, 0x00000007a8000000)
 concurrent mark-sweep generation total 393216K, used 51388K [0x00000007a8000000, 0x00000007c0000000, 0x00000007c0000000)
 Metaspace       used 43775K, capacity 45335K, committed 45428K, reserved 1089536K
  class space    used 5090K, capacity 5436K, committed 5524K, reserved 1048576K
2018-01-08T12:01:16.092-0100: 5278.160: [GC (Allocation Failure) 2018-01-08T12:01:16.093-0100: 5278.162: [ParNew
Desired survivor size 20112992 bytes, new threshold 8 (max 8)
- age   1:     381632 bytes,     381632 total
- age   2:      55448 bytes,     437080 total
- age   3:     182496 bytes,     619576 total
- age   4:     681576 bytes,    1301152 total
- age   5:     721512 bytes,    2022664 total
- age   6:     123784 bytes,    2146448 total
- age   7:     191912 bytes,    2338360 total
- age   8:    1924512 bytes,    4262872 total
: 92848K->6751K(109248K), 0.0047060 secs] 144236K->58261K(502464K), 0.0066932 secs] [Times: user=0.01 sys=0.00, real=0.00 secs] 
Heap after GC invocations=75 (full 2):
 par new generation   total 109248K, used 6751K [0x00000007a0000000, 0x00000007a8000000, 0x00000007a8000000)
  eden space 87424K,   0% used [0x00000007a0000000, 0x00000007a0000000, 0x00000007a5560000)
  from space 21824K,  30% used [0x00000007a6ab0000, 0x00000007a7147e70, 0x00000007a8000000)
  to   space 21824K,   0% used [0x00000007a5560000, 0x00000007a5560000, 0x00000007a6ab0000)
 concurrent mark-sweep generation total 393216K, used 51509K [0x00000007a8000000, 0x00000007c0000000, 0x00000007c0000000)
 Metaspace       used 43775K, capacity 45335K, committed 45428K, reserved 1089536K
  class space    used 5090K, capacity 5436K, committed 5524K, reserved 1048576K
}
2018-01-08T12:01:16.098-0100: 5278.167: Total time for which application threads were stopped: 0.0069178 seconds, Stopping threads took: 0.0000200 seconds
2018-01-08T12:01:16.138-0100: 5278.206: Total time for which application threads were stopped: 0.0001260 seconds, Stopping threads took: 0.0000189 seconds
2018-01-08T12:01:18.147-0100: 5280.215: Total time for which application threads were stopped: 0.0002737 seconds, Stopping threads took: 0.0000418 seconds
2018-01-08T12:01:26.060-0100: 5288.128: Total time for which application threads were stopped: 0.0002322 seconds, Stopping threads took: 0.0000629 seconds
2018-01-08T12:01:26.060-0100: 5288.129: Total time for which application threads were stopped: 0.0003041 seconds, Stopping threads took: 0.0000981 seconds
2018-01-08T12:01:26.162-0100: 5288.231: Total time for which application threads were stopped: 0.0002936 seconds, Stopping threads took: 0.0000190 seconds
2018-01-08T12:01:26.162-0100: 5288.231: Total time for which application threads were stopped: 0.0000926 seconds, Stopping threads took: 0.0000210 seconds
2018-01-08T12:01:28.163-0100: 5290.232: Total time for which application threads were stopped: 0.0002200 seconds, Stopping threads took: 0.0000334 seconds
2018-01-08T12:01:31.168-0100: 5293.237: Total time for which application threads were stopped: 0.0002877 seconds, Stopping threads took: 0.0000408 seconds
2018-01-08T12:01:36.081-0100: 5298.150: Total time for which application threads were stopped: 0.0002256 seconds, Stopping threads took: 0.0000471 seconds
2018-01-08T12:01:36.082-0100: 5298.150: Total time for which application threads were stopped: 0.0002624 seconds, Stopping threads took: 0.0000381 seconds
{Heap before GC invocations=75 (full 2):
 par new generation   total 109248K, used 94175K [0x00000007a0000000, 0x00000007a8000000, 0x00000007a8000000)
  eden space 87424K, 100% used [0x00000007a0000000, 0x00000007a5560000, 0x00000007a5560000)
  from space 21824K,  30% used [0x00000007a6ab0000, 0x00000007a7147e70, 0x00000007a8000000)
  to   space 21824K,   0% used [0x00000007a5560000, 0x00000007a5560000, 0x00000007a6ab0000)
 concurrent mark-sweep generation total 393216K, used 51509K [0x00000007a8000000, 0x00000007c0000000, 0x00000007c0000000)
 Metaspace       used 43778K, capacity 45335K, committed 45428K, reserved 1089536K
  class space    used 5090K, capacity 5436K, committed 5524K, reserved 1048576K
2018-01-08T12:01:36.115-0100: 5298.183: [GC (Allocation Failure) 2018-01-08T12:01:36.115-0100: 5298.184: [ParNew
Desired survivor size 20112992 bytes, new threshold 8 (max 8)
- age   1:     361736 bytes,     361736 total
- age   2:      39144 bytes,     400880 total
- age   3:      41304 bytes,     442184 total
- age   4:     179544 bytes,     621728 total
- age   5:     681576 bytes,    1303304 total
- age   6:     721512 bytes,    2024816 total
- age   7:     123784 bytes,    2148600 total
- age   8:     191912 bytes,    2340512 total
: 94175K->3007K(109248K), 0.0062202 secs] 145685K->56409K(502464K), 0.0063218 secs] [Times: user=0.02 sys=0.00, real=0.01 secs] 
Heap after GC invocations=76 (full 2):
 par new generation   total 109248K, used 3007K [0x00000007a0000000, 0x00000007a8000000, 0x00000007a8000000)
  eden space 87424K,   0% used [0x00000007a0000000, 0x00000007a0000000, 0x00000007a5560000)
  from space 21824K,  13% used [0x00000007a5560000, 0x00000007a584ff80, 0x00000007a6ab0000)
  to   space 21824K,   0% used [0x00000007a6ab0000, 0x00000007a6ab0000, 0x00000007a8000000)
 concurrent mark-sweep generation total 393216K, used 53401K [0x00000007a8000000, 0x00000007c0000000, 0x00000007c0000000)
 Metaspace       used 43778K, capacity 45335K, committed 45428K, reserved 1089536K
  class space    used 5090K, capacity 5436K, committed 5524K, reserved 1048576K
}
2018-01-08T12:01:36.122-0100: 5298.190: Total time for which application threads were stopped: 0.0065536 seconds, Stopping threads took: 0.0000204 seconds
2018-01-08T12:01:36.179-0100: 5298.247: Total time for which application threads were stopped: 0.0001344 seconds, Stopping threads took: 0.0000199 seconds
2018-01-08T12:01:37.184-0100: 5299.252: Total time for which application threads were stopped: 0.0001558 seconds, Stopping threads took: 0.0000287 seconds
2018-01-08T12:01:38.185-0100: 5300.253: Total time for which application threads were stopped: 0.0001891 seconds, Stopping threads took: 0.0000486 seconds
2018-01-08T12:01:46.099-0100: 5308.167: Total time for which application threads were stopped: 0.0002753 seconds, Stopping threads took: 0.0000942 seconds
2018-01-08T12:01:46.099-0100: 5308.168: Total time for which application threads were stopped: 0.0002653 seconds, Stopping threads took: 0.0000370 seconds
2018-01-08T12:01:46.195-0100: 5308.263: Total time for which application threads were stopped: 0.0001269 seconds, Stopping threads took: 0.0000205 seconds
2018-01-08T12:01:50.204-0100: 5312.272: Total time for which application threads were stopped: 0.0001425 seconds, Stopping threads took: 0.0000250 seconds
2018-01-08T12:01:56.122-0100: 5318.190: Total time for which application threads were stopped: 0.0002326 seconds, Stopping threads took: 0.0000584 seconds
2018-01-08T12:01:56.123-0100: 5318.191: Total time for which application threads were stopped: 0.0002827 seconds, Stopping threads took: 0.0000532 seconds
{Heap before GC invocations=76 (full 2):
 par new generation   total 109248K, used 90431K [0x00000007a0000000, 0x00000007a8000000, 0x00000007a8000000)
  eden space 87424K, 100% used [0x00000007a0000000, 0x00000007a5560000, 0x00000007a5560000)
  from space 21824K,  13% used [0x00000007a5560000, 0x00000007a584ff80, 0x00000007a6ab0000)
  to   space 21824K,   0% used [0x00000007a6ab0000, 0x00000007a6ab0000, 0x00000007a8000000)
 concurrent mark-sweep generation total 393216K, used 53401K [0x00000007a8000000, 0x00000007c0000000, 0x00000007c0000000)
 Metaspace       used 43779K, capacity 45335K, committed 45428K, reserved 1089536K
  class space    used 5090K, capacity 5436K, committed 5524K, reserved 1048576K
2018-01-08T12:01:56.134-0100: 5318.202: [GC (Allocation Failure) 2018-01-08T12:01:56.134-0100: 5318.202: [ParNew
Desired survivor size 20112992 bytes, new threshold 8 (max 8)
- age   1:     360184 bytes,     360184 total
- age   2:      39352 bytes,     399536 total
- age   3:      25136 bytes,     424672 total
- age   4:      38896 bytes,     463568 total
- age   5:     177248 bytes,     640816 total
- age   6:     681576 bytes,    1322392 total
- age   7:     721512 bytes,    2043904 total
- age   8:     123784 bytes,    2167688 total
: 90431K->2716K(109248K), 0.0044128 secs] 143833K->56308K(502464K), 0.0045149 secs] [Times: user=0.02 sys=0.00, real=0.00 secs] 
Heap after GC invocations=77 (full 2):
 par new generation   total 109248K, used 2716K [0x00000007a0000000, 0x00000007a8000000, 0x00000007a8000000)
  eden space 87424K,   0% used [0x00000007a0000000, 0x00000007a0000000, 0x00000007a5560000)
  from space 21824K,  12% used [0x00000007a6ab0000, 0x00000007a6d57380, 0x00000007a8000000)
  to   space 21824K,   0% used [0x00000007a5560000, 0x00000007a5560000, 0x00000007a6ab0000)
 concurrent mark-sweep generation total 393216K, used 53592K [0x00000007a8000000, 0x00000007c0000000, 0x00000007c0000000)
 Metaspace       used 43779K, capacity 45335K, committed 45428K, reserved 1089536K
  class space    used 5090K, capacity 5436K, committed 5524K, reserved 1048576K
}
2018-01-08T12:01:56.138-0100: 5318.206: Total time for which application threads were stopped: 0.0047701 seconds, Stopping threads took: 0.0000214 seconds
2018-01-08T12:01:56.218-0100: 5318.286: Total time for which application threads were stopped: 0.0001901 seconds, Stopping threads took: 0.0000309 seconds
2018-01-08T12:02:02.230-0100: 5324.299: Total time for which application threads were stopped: 0.0001652 seconds, Stopping threads took: 0.0000431 seconds
2018-01-08T12:02:06.139-0100: 5328.207: Total time for which application threads were stopped: 0.0002006 seconds, Stopping threads took: 0.0000276 seconds
2018-01-08T12:02:06.139-0100: 5328.208: Total time for which application threads were stopped: 0.0001819 seconds, Stopping threads took: 0.0000333 seconds
2018-01-08T12:02:06.238-0100: 5328.306: Total time for which application threads were stopped: 0.0001267 seconds, Stopping threads took: 0.0000187 seconds
{Heap before GC invocations=77 (full 2):
 par new generation   total 109248K, used 90140K [0x00000007a0000000, 0x00000007a8000000, 0x00000007a8000000)
  eden space 87424K, 100% used [0x00000007a0000000, 0x00000007a5560000, 0x00000007a5560000)
  from space 21824K,  12% used [0x00000007a6ab0000, 0x00000007a6d57380, 0x00000007a8000000)
  to   space 21824K,   0% used [0x00000007a5560000, 0x00000007a5560000, 0x00000007a6ab0000)
 concurrent mark-sweep generation total 393216K, used 53592K [0x00000007a8000000, 0x00000007c0000000, 0x00000007c0000000)
 Metaspace       used 43779K, capacity 45335K, committed 45428K, reserved 1089536K
  class space    used 5090K, capacity 5436K, committed 5524K, reserved 1048576K
2018-01-08T12:02:10.722-0100: 5332.790: [GC (Allocation Failure) 2018-01-08T12:02:10.727-0100: 5332.795: [ParNew
Desired survivor size 20112992 bytes, new threshold 8 (max 8)
- age   1:     279832 bytes,     279832 total
- age   2:      54336 bytes,     334168 total
- age   3:      25320 bytes,     359488 total
- age   4:      23640 bytes,     383128 total
- age   5:      36600 bytes,     419728 total
- age   6:     177248 bytes,     596976 total
- age   7:     681576 bytes,    1278552 total
- age   8:     721512 bytes,    2000064 total
: 90140K->2890K(109248K), 0.0047999 secs] 143732K->56606K(502464K), 0.0103706 secs] [Times: user=0.02 sys=0.00, real=0.01 secs] 
Heap after GC invocations=78 (full 2):
 par new generation   total 109248K, used 2890K [0x00000007a0000000, 0x00000007a8000000, 0x00000007a8000000)
  eden space 87424K,   0% used [0x00000007a0000000, 0x00000007a0000000, 0x00000007a5560000)
  from space 21824K,  13% used [0x00000007a5560000, 0x00000007a5832be0, 0x00000007a6ab0000)
  to   space 21824K,   0% used [0x00000007a6ab0000, 0x00000007a6ab0000, 0x00000007a8000000)
 concurrent mark-sweep generation total 393216K, used 53715K [0x00000007a8000000, 0x00000007c0000000, 0x00000007c0000000)
 Metaspace       used 43779K, capacity 45335K, committed 45428K, reserved 1089536K
  class space    used 5090K, capacity 5436K, committed 5524K, reserved 1048576K
}
2018-01-08T12:02:10.732-0100: 5332.800: Total time for which application threads were stopped: 0.0106229 seconds, Stopping threads took: 0.0000216 seconds
2018-01-08T12:02:14.739-0100: 5336.807: Total time for which application threads were stopped: 0.0002027 seconds, Stopping threads took: 0.0000294 seconds
2018-01-08T12:02:16.160-0100: 5338.228: Total time for which application threads were stopped: 0.0002552 seconds, Stopping threads took: 0.0000509 seconds
2018-01-08T12:02:16.160-0100: 5338.229: Total time for which application threads were stopped: 0.0001856 seconds, Stopping threads took: 0.0000388 seconds
2018-01-08T12:02:16.253-0100: 5338.321: Total time for which application threads were stopped: 0.0001259 seconds, Stopping threads took: 0.0000198 seconds
2018-01-08T12:02:24.269-0100: 5346.337: Total time for which application threads were stopped: 0.0002187 seconds, Stopping threads took: 0.0000300 seconds
2018-01-08T12:02:25.269-0100: 5347.337: Total time for which application threads were stopped: 0.0002320 seconds, Stopping threads took: 0.0000356 seconds
2018-01-08T12:02:26.176-0100: 5348.244: Total time for which application threads were stopped: 0.0002977 seconds, Stopping threads took: 0.0000289 seconds
2018-01-08T12:02:26.177-0100: 5348.245: Total time for which application threads were stopped: 0.0002659 seconds, Stopping threads took: 0.0000402 seconds
{Heap before GC invocations=78 (full 2):
 par new generation   total 109248K, used 90314K [0x00000007a0000000, 0x00000007a8000000, 0x00000007a8000000)
  eden space 87424K, 100% used [0x00000007a0000000, 0x00000007a5560000, 0x00000007a5560000)
  from space 21824K,  13% used [0x00000007a5560000, 0x00000007a5832be0, 0x00000007a6ab0000)
  to   space 21824K,   0% used [0x00000007a6ab0000, 0x00000007a6ab0000, 0x00000007a8000000)
 concurrent mark-sweep generation total 393216K, used 53715K [0x00000007a8000000, 0x00000007c0000000, 0x00000007c0000000)
 Metaspace       used 43783K, capacity 45335K, committed 45428K, reserved 1089536K
  class space    used 5090K, capacity 5436K, committed 5524K, reserved 1048576K
2018-01-08T12:02:26.263-0100: 5348.331: [GC (Allocation Failure) 2018-01-08T12:02:26.263-0100: 5348.331: [ParNew
Desired survivor size 20112992 bytes, new threshold 8 (max 8)
- age   1:     348336 bytes,     348336 total
- age   2:      32696 bytes,     381032 total
- age   3:      25480 bytes,     406512 total
- age   4:      23728 bytes,     430240 total
- age   5:      20464 bytes,     450704 total
- age   6:      36600 bytes,     487304 total
- age   7:     177024 bytes,     664328 total
- age   8:     681576 bytes,    1345904 total
: 90314K->1821K(109248K), 0.0039319 secs] 144030K->56245K(502464K), 0.0042994 secs] [Times: user=0.01 sys=0.00, real=0.00 secs] 
Heap after GC invocations=79 (full 2):
 par new generation   total 109248K, used 1821K [0x00000007a0000000, 0x00000007a8000000, 0x00000007a8000000)
  eden space 87424K,   0% used [0x00000007a0000000, 0x00000007a0000000, 0x00000007a5560000)
  from space 21824K,   8% used [0x00000007a6ab0000, 0x00000007a6c775b0, 0x00000007a8000000)
  to   space 21824K,   0% used [0x00000007a5560000, 0x00000007a5560000, 0x00000007a6ab0000)
 concurrent mark-sweep generation total 393216K, used 54423K [0x00000007a8000000, 0x00000007c0000000, 0x00000007c0000000)
 Metaspace       used 43783K, capacity 45335K, committed 45428K, reserved 1089536K
  class space    used 5090K, capacity 5436K, committed 5524K, reserved 1048576K
}
2018-01-08T12:02:26.267-0100: 5348.335: Total time for which application threads were stopped: 0.0045880 seconds, Stopping threads took: 0.0000294 seconds
2018-01-08T12:02:26.282-0100: 5348.351: Total time for which application threads were stopped: 0.0001328 seconds, Stopping threads took: 0.0000211 seconds
2018-01-08T12:02:29.936-0100: 5352.005: Total time for which application threads were stopped: 0.0001869 seconds, Stopping threads took: 0.0000221 seconds
2018-01-08T12:02:35.950-0100: 5358.018: Total time for which application threads were stopped: 0.0001570 seconds, Stopping threads took: 0.0000276 seconds
2018-01-08T12:02:36.213-0100: 5358.281: Total time for which application threads were stopped: 0.0002447 seconds, Stopping threads took: 0.0000538 seconds
2018-01-08T12:02:36.213-0100: 5358.282: Total time for which application threads were stopped: 0.0001893 seconds, Stopping threads took: 0.0000391 seconds
2018-01-08T12:02:36.305-0100: 5358.373: Total time for which application threads were stopped: 0.0001245 seconds, Stopping threads took: 0.0000190 seconds
2018-01-08T12:02:43.322-0100: 5365.390: Total time for which application threads were stopped: 0.0002085 seconds, Stopping threads took: 0.0000487 seconds
2018-01-08T12:02:46.229-0100: 5368.297: Total time for which application threads were stopped: 0.0002616 seconds, Stopping threads took: 0.0000469 seconds
2018-01-08T12:02:46.229-0100: 5368.297: Total time for which application threads were stopped: 0.0002423 seconds, Stopping threads took: 0.0000438 seconds
{Heap before GC invocations=79 (full 2):
 par new generation   total 109248K, used 89245K [0x00000007a0000000, 0x00000007a8000000, 0x00000007a8000000)
  eden space 87424K, 100% used [0x00000007a0000000, 0x00000007a5560000, 0x00000007a5560000)
  from space 21824K,   8% used [0x00000007a6ab0000, 0x00000007a6c775b0, 0x00000007a8000000)
  to   space 21824K,   0% used [0x00000007a5560000, 0x00000007a5560000, 0x00000007a6ab0000)
 concurrent mark-sweep generation total 393216K, used 54423K [0x00000007a8000000, 0x00000007c0000000, 0x00000007c0000000)
 Metaspace       used 43784K, capacity 45335K, committed 45428K, reserved 1089536K
  class space    used 5090K, capacity 5436K, committed 5524K, reserved 1048576K
2018-01-08T12:02:46.291-0100: 5368.360: [GC (Allocation Failure) 2018-01-08T12:02:46.293-0100: 5368.362: [ParNew
Desired survivor size 20112992 bytes, new threshold 8 (max 8)
- age   1:     362168 bytes,     362168 total
- age   2:      35248 bytes,     397416 total
- age   3:      17352 bytes,     414768 total
- age   4:      25016 bytes,     439784 total
- age   5:      20552 bytes,     460336 total
- age   6:      20464 bytes,     480800 total
- age   7:      36488 bytes,     517288 total
- age   8:     177024 bytes,     694312 total
: 89245K->995K(109248K), 0.0045668 secs] 143669K->56098K(502464K), 0.0066230 secs] [Times: user=0.01 sys=0.00, real=0.00 secs] 
Heap after GC invocations=80 (full 2):
 par new generation   total 109248K, used 995K [0x00000007a0000000, 0x00000007a8000000, 0x00000007a8000000)
  eden space 87424K,   0% used [0x00000007a0000000, 0x00000007a0000000, 0x00000007a5560000)
  from space 21824K,   4% used [0x00000007a5560000, 0x00000007a5658e30, 0x00000007a6ab0000)
  to   space 21824K,   0% used [0x00000007a6ab0000, 0x00000007a6ab0000, 0x00000007a8000000)
 concurrent mark-sweep generation total 393216K, used 55103K [0x00000007a8000000, 0x00000007c0000000, 0x00000007c0000000)
 Metaspace       used 43784K, capacity 45335K, committed 45428K, reserved 1089536K
  class space    used 5090K, capacity 5436K, committed 5524K, reserved 1048576K
}
2018-01-08T12:02:46.298-0100: 5368.366: Total time for which application threads were stopped: 0.0068502 seconds, Stopping threads took: 0.0000225 seconds
2018-01-08T12:02:46.330-0100: 5368.398: Total time for which application threads were stopped: 0.0001303 seconds, Stopping threads took: 0.0000199 seconds
2018-01-08T12:02:56.236-0100: 5378.304: Total time for which application threads were stopped: 0.0004523 seconds, Stopping threads took: 0.0000460 seconds
2018-01-08T12:02:56.246-0100: 5378.314: Total time for which application threads were stopped: 0.0002326 seconds, Stopping threads took: 0.0000460 seconds
2018-01-08T12:02:56.246-0100: 5378.314: Total time for which application threads were stopped: 0.0002274 seconds, Stopping threads took: 0.0000525 seconds
2018-01-08T12:02:56.337-0100: 5378.405: Total time for which application threads were stopped: 0.0001718 seconds, Stopping threads took: 0.0000657 seconds
2018-01-08T12:02:57.485-0100: 5379.553: Total time for which application threads were stopped: 0.0003688 seconds, Stopping threads took: 0.0000939 seconds
2018-01-08T12:02:57.485-0100: 5379.554: Total time for which application threads were stopped: 0.0002449 seconds, Stopping threads took: 0.0000377 seconds
2018-01-08T12:02:57.486-0100: 5379.554: Total time for which application threads were stopped: 0.0002569 seconds, Stopping threads took: 0.0000456 seconds
2018-01-08T12:02:57.488-0100: 5379.556: Total time for which application threads were stopped: 0.0006998 seconds, Stopping threads took: 0.0000466 seconds
2018-01-08T12:02:57.488-0100: 5379.556: Total time for which application threads were stopped: 0.0006464 seconds, Stopping threads took: 0.0000474 seconds
{Heap before GC invocations=80 (full 2):
 par new generation   total 109248K, used 88413K [0x00000007a0000000, 0x00000007a8000000, 0x00000007a8000000)
  eden space 87424K,  99% used [0x00000007a0000000, 0x00000007a555e730, 0x00000007a5560000)
  from space 21824K,   4% used [0x00000007a5560000, 0x00000007a5658e30, 0x00000007a6ab0000)
  to   space 21824K,   0% used [0x00000007a6ab0000, 0x00000007a6ab0000, 0x00000007a8000000)
 concurrent mark-sweep generation total 393216K, used 55103K [0x00000007a8000000, 0x00000007c0000000, 0x00000007c0000000)
 Metaspace       used 43785K, capacity 45335K, committed 45428K, reserved 1089536K
  class space    used 5090K, capacity 5436K, committed 5524K, reserved 1048576K
2018-01-08T12:02:57.546-0100: 5379.614: [GC (Allocation Failure) 2018-01-08T12:02:57.546-0100: 5379.614: [ParNew
Desired survivor size 20112992 bytes, new threshold 8 (max 8)
- age   1:     419664 bytes,     419664 total
- age   2:      63744 bytes,     483408 total
- age   3:      21104 bytes,     504512 total
- age   4:      17272 bytes,     521784 total
- age   5:      20544 bytes,     542328 total
- age   6:      20552 bytes,     562880 total
- age   7:      20464 bytes,     583344 total
- age   8:      36464 bytes,     619808 total
: 88413K->793K(109248K), 0.0030532 secs] 143516K->56071K(502464K), 0.0031471 secs] [Times: user=0.01 sys=0.00, real=0.00 secs] 
Heap after GC invocations=81 (full 2):
 par new generation   total 109248K, used 793K [0x00000007a0000000, 0x00000007a8000000, 0x00000007a8000000)
  eden space 87424K,   0% used [0x00000007a0000000, 0x00000007a0000000, 0x00000007a5560000)
  from space 21824K,   3% used [0x00000007a6ab0000, 0x00000007a6b765a0, 0x00000007a8000000)
  to   space 21824K,   0% used [0x00000007a5560000, 0x00000007a5560000, 0x00000007a6ab0000)
 concurrent mark-sweep generation total 393216K, used 55277K [0x00000007a8000000, 0x00000007c0000000, 0x00000007c0000000)
 Metaspace       used 43785K, capacity 45335K, committed 45428K, reserved 1089536K
  class space    used 5090K, capacity 5436K, committed 5524K, reserved 1048576K
}
2018-01-08T12:02:57.549-0100: 5379.617: Total time for which application threads were stopped: 0.0033870 seconds, Stopping threads took: 0.0000211 seconds
2018-01-08T12:02:57.586-0100: 5379.655: Total time for which application threads were stopped: 0.0001357 seconds, Stopping threads took: 0.0000201 seconds
2018-01-08T12:02:58.496-0100: 5380.564: Total time for which application threads were stopped: 0.0002428 seconds, Stopping threads took: 0.0000486 seconds
2018-01-08T12:02:59.498-0100: 5381.566: Total time for which application threads were stopped: 0.0002231 seconds, Stopping threads took: 0.0000300 seconds
2018-01-08T12:03:06.268-0100: 5388.336: Total time for which application threads were stopped: 0.0002597 seconds, Stopping threads took: 0.0000488 seconds
2018-01-08T12:03:06.269-0100: 5388.337: Total time for which application threads were stopped: 0.0002130 seconds, Stopping threads took: 0.0000309 seconds
2018-01-08T12:03:06.366-0100: 5388.434: Total time for which application threads were stopped: 0.0001694 seconds, Stopping threads took: 0.0000248 seconds
2018-01-08T12:03:07.367-0100: 5389.435: Total time for which application threads were stopped: 0.0001885 seconds, Stopping threads took: 0.0000286 seconds
2018-01-08T12:03:11.542-0100: 5393.610: Total time for which application threads were stopped: 0.0003972 seconds, Stopping threads took: 0.0000223 seconds
2018-01-08T12:03:13.548-0100: 5395.616: Total time for which application threads were stopped: 0.0001701 seconds, Stopping threads took: 0.0000264 seconds
2018-01-08T12:03:16.289-0100: 5398.358: Total time for which application threads were stopped: 0.0002719 seconds, Stopping threads took: 0.0000569 seconds
2018-01-08T12:03:16.290-0100: 5398.358: Total time for which application threads were stopped: 0.0002040 seconds, Stopping threads took: 0.0000352 seconds
{Heap before GC invocations=81 (full 2):
 par new generation   total 109248K, used 88217K [0x00000007a0000000, 0x00000007a8000000, 0x00000007a8000000)
  eden space 87424K, 100% used [0x00000007a0000000, 0x00000007a5560000, 0x00000007a5560000)
  from space 21824K,   3% used [0x00000007a6ab0000, 0x00000007a6b765a0, 0x00000007a8000000)
  to   space 21824K,   0% used [0x00000007a5560000, 0x00000007a5560000, 0x00000007a6ab0000)
 concurrent mark-sweep generation total 393216K, used 55277K [0x00000007a8000000, 0x00000007c0000000, 0x00000007c0000000)
 Metaspace       used 43786K, capacity 45335K, committed 45428K, reserved 1089536K
  class space    used 5090K, capacity 5436K, committed 5524K, reserved 1048576K
2018-01-08T12:03:16.316-0100: 5398.384: [GC (Allocation Failure) 2018-01-08T12:03:16.316-0100: 5398.384: [ParNew
Desired survivor size 20112992 bytes, new threshold 8 (max 8)
- age   1:     366632 bytes,     366632 total
- age   2:     113408 bytes,     480040 total
- age   3:      34184 bytes,     514224 total
- age   4:      19576 bytes,     533800 total
- age   5:      14976 bytes,     548776 total
- age   6:      20544 bytes,     569320 total
- age   7:      20440 bytes,     589760 total
- age   8:      20464 bytes,     610224 total
: 88217K->765K(109248K), 0.0036482 secs] 143495K->56079K(502464K), 0.0037531 secs] [Times: user=0.01 sys=0.00, real=0.01 secs] 
Heap after GC invocations=82 (full 2):
 par new generation   total 109248K, used 765K [0x00000007a0000000, 0x00000007a8000000, 0x00000007a8000000)
  eden space 87424K,   0% used [0x00000007a0000000, 0x00000007a0000000, 0x00000007a5560000)
  from space 21824K,   3% used [0x00000007a5560000, 0x00000007a561f6d0, 0x00000007a6ab0000)
  to   space 21824K,   0% used [0x00000007a6ab0000, 0x00000007a6ab0000, 0x00000007a8000000)
 concurrent mark-sweep generation total 393216K, used 55313K [0x00000007a8000000, 0x00000007c0000000, 0x00000007c0000000)
 Metaspace       used 43786K, capacity 45335K, committed 45428K, reserved 1089536K
  class space    used 5090K, capacity 5436K, committed 5524K, reserved 1048576K
}
2018-01-08T12:03:16.320-0100: 5398.388: Total time for which application threads were stopped: 0.0040340 seconds, Stopping threads took: 0.0000366 seconds
2018-01-08T12:03:16.390-0100: 5398.458: Total time for which application threads were stopped: 0.0001975 seconds, Stopping threads took: 0.0000327 seconds
2018-01-08T12:03:18.396-0100: 5400.464: Total time for which application threads were stopped: 0.0001865 seconds, Stopping threads took: 0.0000302 seconds
2018-01-08T12:03:26.313-0100: 5408.381: Total time for which application threads were stopped: 0.0002052 seconds, Stopping threads took: 0.0000321 seconds
2018-01-08T12:03:26.313-0100: 5408.381: Total time for which application threads were stopped: 0.0001704 seconds, Stopping threads took: 0.0000331 seconds
2018-01-08T12:03:26.405-0100: 5408.473: Total time for which application threads were stopped: 0.0001285 seconds, Stopping threads took: 0.0000199 seconds
2018-01-08T12:03:29.408-0100: 5411.476: Total time for which application threads were stopped: 0.0001695 seconds, Stopping threads took: 0.0000273 seconds
{Heap before GC invocations=82 (full 2):
 par new generation   total 109248K, used 88189K [0x00000007a0000000, 0x00000007a8000000, 0x00000007a8000000)
  eden space 87424K, 100% used [0x00000007a0000000, 0x00000007a5560000, 0x00000007a5560000)
  from space 21824K,   3% used [0x00000007a5560000, 0x00000007a561f6d0, 0x00000007a6ab0000)
  to   space 21824K,   0% used [0x00000007a6ab0000, 0x00000007a6ab0000, 0x00000007a8000000)
 concurrent mark-sweep generation total 393216K, used 55313K [0x00000007a8000000, 0x00000007c0000000, 0x00000007c0000000)
 Metaspace       used 43786K, capacity 45335K, committed 45428K, reserved 1089536K
  class space    used 5090K, capacity 5436K, committed 5524K, reserved 1048576K
2018-01-08T12:03:33.957-0100: 5416.025: [GC (Allocation Failure) 2018-01-08T12:03:33.957-0100: 5416.025: [ParNew
Desired survivor size 20112992 bytes, new threshold 8 (max 8)
- age   1:     322360 bytes,     322360 total
- age   2:      52024 bytes,     374384 total
- age   3:      86408 bytes,     460792 total
- age   4:      33992 bytes,     494784 total
- age   5:      17904 bytes,     512688 total
- age   6:      14976 bytes,     527664 total
- age   7:      20544 bytes,     548208 total
- age   8:      20328 bytes,     568536 total
: 88189K->931K(109248K), 0.0044045 secs] 143503K->56264K(502464K), 0.0045432 secs] [Times: user=0.01 sys=0.01, real=0.01 secs] 
Heap after GC invocations=83 (full 2):
 par new generation   total 109248K, used 931K [0x00000007a0000000, 0x00000007a8000000, 0x00000007a8000000)
  eden space 87424K,   0% used [0x00000007a0000000, 0x00000007a0000000, 0x00000007a5560000)
  from space 21824K,   4% used [0x00000007a6ab0000, 0x00000007a6b98c38, 0x00000007a8000000)
  to   space 21824K,   0% used [0x00000007a5560000, 0x00000007a5560000, 0x00000007a6ab0000)
 concurrent mark-sweep generation total 393216K, used 55333K [0x00000007a8000000, 0x00000007c0000000, 0x00000007c0000000)
 Metaspace       used 43786K, capacity 45335K, committed 45428K, reserved 1089536K
  class space    used 5090K, capacity 5436K, committed 5524K, reserved 1048576K
}
2018-01-08T12:03:33.961-0100: 5416.029: Total time for which application threads were stopped: 0.0048622 seconds, Stopping threads took: 0.0000306 seconds
2018-01-08T12:03:36.325-0100: 5418.393: Total time for which application threads were stopped: 0.0003554 seconds, Stopping threads took: 0.0000673 seconds
2018-01-08T12:03:36.326-0100: 5418.394: Total time for which application threads were stopped: 0.0002712 seconds, Stopping threads took: 0.0000467 seconds
2018-01-08T12:03:36.423-0100: 5418.491: Total time for which application threads were stopped: 0.0001297 seconds, Stopping threads took: 0.0000205 seconds
2018-01-08T12:03:44.440-0100: 5426.508: Total time for which application threads were stopped: 0.0001568 seconds, Stopping threads took: 0.0000307 seconds
2018-01-08T12:03:45.442-0100: 5427.510: Total time for which application threads were stopped: 0.0001758 seconds, Stopping threads took: 0.0000313 seconds
2018-01-08T12:03:46.352-0100: 5428.420: Total time for which application threads were stopped: 0.0002126 seconds, Stopping threads took: 0.0000497 seconds
2018-01-08T12:03:46.352-0100: 5428.420: Total time for which application threads were stopped: 0.0002087 seconds, Stopping threads took: 0.0000486 seconds
{Heap before GC invocations=83 (full 2):
 par new generation   total 109248K, used 88355K [0x00000007a0000000, 0x00000007a8000000, 0x00000007a8000000)
  eden space 87424K, 100% used [0x00000007a0000000, 0x00000007a5560000, 0x00000007a5560000)
  from space 21824K,   4% used [0x00000007a6ab0000, 0x00000007a6b98c38, 0x00000007a8000000)
  to   space 21824K,   0% used [0x00000007a5560000, 0x00000007a5560000, 0x00000007a6ab0000)
 concurrent mark-sweep generation total 393216K, used 55333K [0x00000007a8000000, 0x00000007c0000000, 0x00000007c0000000)
 Metaspace       used 43792K, capacity 45335K, committed 45428K, reserved 1089536K
  class space    used 5090K, capacity 5436K, committed 5524K, reserved 1048576K
2018-01-08T12:03:46.456-0100: 5428.524: [GC (Allocation Failure) 2018-01-08T12:03:46.456-0100: 5428.525: [ParNew
Desired survivor size 20112992 bytes, new threshold 8 (max 8)
- age   1:     351904 bytes,     351904 total
- age   2:      55688 bytes,     407592 total
- age   3:      37904 bytes,     445496 total
- age   4:      86328 bytes,     531824 total
- age   5:      31160 bytes,     562984 total
- age   6:      17904 bytes,     580888 total
- age   7:      14976 bytes,     595864 total
- age   8:      20544 bytes,     616408 total
: 88355K->839K(109248K), 0.0029227 secs] 143688K->56192K(502464K), 0.0030158 secs] [Times: user=0.01 sys=0.00, real=0.00 secs] 
Heap after GC invocations=84 (full 2):
 par new generation   total 109248K, used 839K [0x00000007a0000000, 0x00000007a8000000, 0x00000007a8000000)
  eden space 87424K,   0% used [0x00000007a0000000, 0x00000007a0000000, 0x00000007a5560000)
  from space 21824K,   3% used [0x00000007a5560000, 0x00000007a5631d80, 0x00000007a6ab0000)
  to   space 21824K,   0% used [0x00000007a6ab0000, 0x00000007a6ab0000, 0x00000007a8000000)
 concurrent mark-sweep generation total 393216K, used 55353K [0x00000007a8000000, 0x00000007c0000000, 0x00000007c0000000)
 Metaspace       used 43792K, capacity 45335K, committed 45428K, reserved 1089536K
  class space    used 5090K, capacity 5436K, committed 5524K, reserved 1048576K
}
2018-01-08T12:03:46.459-0100: 5428.528: Total time for which application threads were stopped: 0.0032690 seconds, Stopping threads took: 0.0000305 seconds
2018-01-08T12:03:46.462-0100: 5428.530: Total time for which application threads were stopped: 0.0001261 seconds, Stopping threads took: 0.0000191 seconds
2018-01-08T12:03:56.355-0100: 5438.423: Total time for which application threads were stopped: 0.0002583 seconds, Stopping threads took: 0.0000724 seconds
2018-01-08T12:03:56.356-0100: 5438.424: Total time for which application threads were stopped: 0.0002700 seconds, Stopping threads took: 0.0000429 seconds
2018-01-08T12:03:56.458-0100: 5438.526: Total time for which application threads were stopped: 0.0001336 seconds, Stopping threads took: 0.0000208 seconds
2018-01-08T12:04:00.465-0100: 5442.533: Total time for which application threads were stopped: 0.0003086 seconds, Stopping threads took: 0.0000348 seconds
2018-01-08T12:04:06.360-0100: 5448.428: Total time for which application threads were stopped: 0.0002166 seconds, Stopping threads took: 0.0000547 seconds
2018-01-08T12:04:06.361-0100: 5448.429: Total time for which application threads were stopped: 0.0002621 seconds, Stopping threads took: 0.0000386 seconds
{Heap before GC invocations=84 (full 2):
 par new generation   total 109248K, used 88263K [0x00000007a0000000, 0x00000007a8000000, 0x00000007a8000000)
  eden space 87424K, 100% used [0x00000007a0000000, 0x00000007a5560000, 0x00000007a5560000)
  from space 21824K,   3% used [0x00000007a5560000, 0x00000007a5631d80, 0x00000007a6ab0000)
  to   space 21824K,   0% used [0x00000007a6ab0000, 0x00000007a6ab0000, 0x00000007a8000000)
 concurrent mark-sweep generation total 393216K, used 55353K [0x00000007a8000000, 0x00000007c0000000, 0x00000007c0000000)
 Metaspace       used 43795K, capacity 45335K, committed 45428K, reserved 1089536K
  class space    used 5090K, capacity 5436K, committed 5524K, reserved 1048576K
2018-01-08T12:04:06.434-0100: 5448.502: [GC (Allocation Failure) 2018-01-08T12:04:06.434-0100: 5448.503: [ParNew
Desired survivor size 20112992 bytes, new threshold 8 (max 8)
- age   1:     363728 bytes,     363728 total
- age   2:      32344 bytes,     396072 total
- age   3:      40152 bytes,     436224 total
- age   4:      36104 bytes,     472328 total
- age   5:      82560 bytes,     554888 total
- age   6:      30128 bytes,     585016 total
- age   7:      17904 bytes,     602920 total
- age   8:      14976 bytes,     617896 total
: 88263K->798K(109248K), 0.0030368 secs] 143616K->56172K(502464K), 0.0031439 secs] [Times: user=0.01 sys=0.00, real=0.00 secs] 
Heap after GC invocations=85 (full 2):
 par new generation   total 109248K, used 798K [0x00000007a0000000, 0x00000007a8000000, 0x00000007a8000000)
  eden space 87424K,   0% used [0x00000007a0000000, 0x00000007a0000000, 0x00000007a5560000)
  from space 21824K,   3% used [0x00000007a6ab0000, 0x00000007a6b77b58, 0x00000007a8000000)
  to   space 21824K,   0% used [0x00000007a5560000, 0x00000007a5560000, 0x00000007a6ab0000)
 concurrent mark-sweep generation total 393216K, used 55373K [0x00000007a8000000, 0x00000007c0000000, 0x00000007c0000000)
 Metaspace       used 43795K, capacity 45335K, committed 45428K, reserved 1089536K
  class space    used 5090K, capacity 5436K, committed 5524K, reserved 1048576K
}
2018-01-08T12:04:06.438-0100: 5448.506: Total time for which application threads were stopped: 0.0034475 seconds, Stopping threads took: 0.0000324 seconds
2018-01-08T12:04:06.460-0100: 5448.528: Total time for which application threads were stopped: 0.0001211 seconds, Stopping threads took: 0.0000185 seconds
2018-01-08T12:04:08.246-0100: 5450.314: Total time for which application threads were stopped: 0.0002285 seconds, Stopping threads took: 0.0000543 seconds
2018-01-08T12:04:08.247-0100: 5450.315: Total time for which application threads were stopped: 0.0002666 seconds, Stopping threads took: 0.0000695 seconds
2018-01-08T12:04:08.418-0100: 5450.486: Total time for which application threads were stopped: 0.0001325 seconds, Stopping threads took: 0.0000202 seconds
2018-01-08T12:04:09.405-0100: 5451.473: Total time for which application threads were stopped: 0.0001661 seconds, Stopping threads took: 0.0000243 seconds
2018-01-08T12:04:11.406-0100: 5453.474: Total time for which application threads were stopped: 0.0001674 seconds, Stopping threads took: 0.0000263 seconds
2018-01-08T12:04:12.406-0100: 5454.474: Total time for which application threads were stopped: 0.0002350 seconds, Stopping threads took: 0.0000333 seconds
2018-01-08T12:04:16.504-0100: 5458.572: Total time for which application threads were stopped: 0.0002034 seconds, Stopping threads took: 0.0000559 seconds
2018-01-08T12:04:16.505-0100: 5458.573: Total time for which application threads were stopped: 0.0002107 seconds, Stopping threads took: 0.0000850 seconds
2018-01-08T12:04:16.507-0100: 5458.575: Total time for which application threads were stopped: 0.0004878 seconds, Stopping threads took: 0.0000437 seconds
2018-01-08T12:04:17.508-0100: 5459.576: Total time for which application threads were stopped: 0.0001379 seconds, Stopping threads took: 0.0000243 seconds
2018-01-08T12:04:17.946-0100: 5460.014: Total time for which application threads were stopped: 0.0001980 seconds, Stopping threads took: 0.0000436 seconds
2018-01-08T12:04:18.948-0100: 5461.016: Total time for which application threads were stopped: 0.0002642 seconds, Stopping threads took: 0.0000398 seconds
2018-01-08T12:04:19.944-0100: 5462.012: Total time for which application threads were stopped: 0.0001998 seconds, Stopping threads took: 0.0000234 seconds
2018-01-08T12:04:19.944-0100: 5462.012: Total time for which application threads were stopped: 0.0001721 seconds, Stopping threads took: 0.0000178 seconds
2018-01-08T12:04:30.964-0100: 5473.032: Total time for which application threads were stopped: 0.0001744 seconds, Stopping threads took: 0.0000298 seconds
2018-01-08T12:04:33.106-0100: 5475.174: Total time for which application threads were stopped: 0.0002832 seconds, Stopping threads took: 0.0000470 seconds
2018-01-08T12:04:33.107-0100: 5475.175: Total time for which application threads were stopped: 0.0001994 seconds, Stopping threads took: 0.0000339 seconds
{Heap before GC invocations=85 (full 2):
 par new generation   total 109248K, used 88222K [0x00000007a0000000, 0x00000007a8000000, 0x00000007a8000000)
  eden space 87424K, 100% used [0x00000007a0000000, 0x00000007a5560000, 0x00000007a5560000)
  from space 21824K,   3% used [0x00000007a6ab0000, 0x00000007a6b77b58, 0x00000007a8000000)
  to   space 21824K,   0% used [0x00000007a5560000, 0x00000007a5560000, 0x00000007a6ab0000)
 concurrent mark-sweep generation total 393216K, used 55373K [0x00000007a8000000, 0x00000007c0000000, 0x00000007c0000000)
 Metaspace       used 43831K, capacity 45335K, committed 45428K, reserved 1089536K
  class space    used 5090K, capacity 5436K, committed 5524K, reserved 1048576K
2018-01-08T12:04:33.138-0100: 5475.206: [GC (Allocation Failure) 2018-01-08T12:04:33.138-0100: 5475.206: [ParNew
Desired survivor size 20112992 bytes, new threshold 8 (max 8)
- age   1:     510136 bytes,     510136 total
- age   2:      28928 bytes,     539064 total
- age   3:      16824 bytes,     555888 total
- age   4:      39088 bytes,     594976 total
- age   5:      33192 bytes,     628168 total
- age   6:      55392 bytes,     683560 total
- age   7:      29248 bytes,     712808 total
- age   8:      16992 bytes,     729800 total
: 88222K->874K(109248K), 0.0034560 secs] 143596K->56262K(502464K), 0.0037983 secs] [Times: user=0.01 sys=0.01, real=0.01 secs] 
Heap after GC invocations=86 (full 2):
 par new generation   total 109248K, used 874K [0x00000007a0000000, 0x00000007a8000000, 0x00000007a8000000)
  eden space 87424K,   0% used [0x00000007a0000000, 0x00000007a0000000, 0x00000007a5560000)
  from space 21824K,   4% used [0x00000007a5560000, 0x00000007a563a940, 0x00000007a6ab0000)
  to   space 21824K,   0% used [0x00000007a6ab0000, 0x00000007a6ab0000, 0x00000007a8000000)
 concurrent mark-sweep generation total 393216K, used 55387K [0x00000007a8000000, 0x00000007c0000000, 0x00000007c0000000)
 Metaspace       used 43831K, capacity 45335K, committed 45428K, reserved 1089536K
  class space    used 5090K, capacity 5436K, committed 5524K, reserved 1048576K
}
2018-01-08T12:04:33.142-0100: 5475.210: Total time for which application threads were stopped: 0.0040239 seconds, Stopping threads took: 0.0000207 seconds
2018-01-08T12:04:33.210-0100: 5475.278: Total time for which application threads were stopped: 0.0001472 seconds, Stopping threads took: 0.0000231 seconds
2018-01-08T12:04:43.118-0100: 5485.186: Total time for which application threads were stopped: 0.0002443 seconds, Stopping threads took: 0.0000666 seconds
2018-01-08T12:04:43.119-0100: 5485.187: Total time for which application threads were stopped: 0.0001839 seconds, Stopping threads took: 0.0000241 seconds
2018-01-08T12:04:43.216-0100: 5485.284: Total time for which application threads were stopped: 0.0001289 seconds, Stopping threads took: 0.0000210 seconds
2018-01-08T12:04:48.651-0100: 5490.719: Total time for which application threads were stopped: 0.0003525 seconds, Stopping threads took: 0.0001123 seconds
2018-01-08T12:04:48.653-0100: 5490.721: Total time for which application threads were stopped: 0.0004080 seconds, Stopping threads took: 0.0001501 seconds
{Heap before GC invocations=86 (full 2):
 par new generation   total 109248K, used 88298K [0x00000007a0000000, 0x00000007a8000000, 0x00000007a8000000)
  eden space 87424K, 100% used [0x00000007a0000000, 0x00000007a5560000, 0x00000007a5560000)
  from space 21824K,   4% used [0x00000007a5560000, 0x00000007a563a940, 0x00000007a6ab0000)
  to   space 21824K,   0% used [0x00000007a6ab0000, 0x00000007a6ab0000, 0x00000007a8000000)
 concurrent mark-sweep generation total 393216K, used 55387K [0x00000007a8000000, 0x00000007c0000000, 0x00000007c0000000)
 Metaspace       used 43880K, capacity 45399K, committed 45684K, reserved 1089536K
  class space    used 5090K, capacity 5436K, committed 5524K, reserved 1048576K
2018-01-08T12:04:48.696-0100: 5490.764: [GC (Allocation Failure) 2018-01-08T12:04:48.696-0100: 5490.764: [ParNew
Desired survivor size 20112992 bytes, new threshold 8 (max 8)
- age   1:     345208 bytes,     345208 total
- age   2:     214184 bytes,     559392 total
- age   3:      28256 bytes,     587648 total
- age   4:      15176 bytes,     602824 total
- age   5:      37608 bytes,     640432 total
- age   6:      32232 bytes,     672664 total
- age   7:      54840 bytes,     727504 total
- age   8:      29104 bytes,     756608 total
: 88298K->1062K(109248K), 0.0042035 secs] 143686K->56467K(502464K), 0.0044002 secs] [Times: user=0.01 sys=0.00, real=0.01 secs] 
Heap after GC invocations=87 (full 2):
 par new generation   total 109248K, used 1062K [0x00000007a0000000, 0x00000007a8000000, 0x00000007a8000000)
  eden space 87424K,   0% used [0x00000007a0000000, 0x00000007a0000000, 0x00000007a5560000)
  from space 21824K,   4% used [0x00000007a6ab0000, 0x00000007a6bb9bd8, 0x00000007a8000000)
  to   space 21824K,   0% used [0x00000007a5560000, 0x00000007a5560000, 0x00000007a6ab0000)
 concurrent mark-sweep generation total 393216K, used 55404K [0x00000007a8000000, 0x00000007c0000000, 0x00000007c0000000)
 Metaspace       used 43880K, capacity 45399K, committed 45684K, reserved 1089536K
  class space    used 5090K, capacity 5436K, committed 5524K, reserved 1048576K
}
2018-01-08T12:04:48.700-0100: 5490.768: Total time for which application threads were stopped: 0.0047938 seconds, Stopping threads took: 0.0000308 seconds
2018-01-08T12:04:48.800-0100: 5490.868: Total time for which application threads were stopped: 0.0001762 seconds, Stopping threads took: 0.0000432 seconds
2018-01-08T12:04:49.803-0100: 5491.871: Total time for which application threads were stopped: 0.0002126 seconds, Stopping threads took: 0.0000519 seconds
2018-01-08T12:05:07.839-0100: 5509.907: Total time for which application threads were stopped: 0.0002328 seconds, Stopping threads took: 0.0000642 seconds
2018-01-08T12:05:08.841-0100: 5510.910: Total time for which application threads were stopped: 0.0002278 seconds, Stopping threads took: 0.0000731 seconds
2018-01-08T12:05:49.368-0100: 5551.437: Total time for which application threads were stopped: 0.0004067 seconds, Stopping threads took: 0.0002120 seconds
2018-01-08T12:05:49.368-0100: 5551.438: Total time for which application threads were stopped: 0.0002157 seconds, Stopping threads took: 0.0000380 seconds
2018-01-08T12:07:21.553-0100: 5643.622: Total time for which application threads were stopped: 0.0002240 seconds, Stopping threads took: 0.0000402 seconds
2018-01-08T12:07:22.554-0100: 5644.623: Total time for which application threads were stopped: 0.0001288 seconds, Stopping threads took: 0.0000275 seconds
2018-01-08T12:08:21.494-0100: 5703.563: Total time for which application threads were stopped: 0.0001691 seconds, Stopping threads took: 0.0000400 seconds
2018-01-08T12:10:52.857-0100: 5854.926: Total time for which application threads were stopped: 0.0002424 seconds, Stopping threads took: 0.0000408 seconds
2018-01-08T12:11:25.939-0100: 5888.008: Total time for which application threads were stopped: 0.0002812 seconds, Stopping threads took: 0.0000689 seconds
2018-01-08T12:12:23.071-0100: 5945.140: Total time for which application threads were stopped: 0.0001594 seconds, Stopping threads took: 0.0000322 seconds
2018-01-08T12:12:25.066-0100: 5947.135: Total time for which application threads were stopped: 0.0001793 seconds, Stopping threads took: 0.0000399 seconds
2018-01-08T12:12:41.105-0100: 5963.174: Total time for which application threads were stopped: 0.0001687 seconds, Stopping threads took: 0.0000290 seconds
2018-01-08T12:15:26.540-0100: 6128.609: Total time for which application threads were stopped: 0.0001397 seconds, Stopping threads took: 0.0000275 seconds
2018-01-08T12:42:58.017-0100: 6163.475: Total time for which application threads were stopped: 0.0001166 seconds, Stopping threads took: 0.0000222 seconds
2018-01-08T12:42:58.017-0100: 6163.475: Total time for which application threads were stopped: 0.0001405 seconds, Stopping threads took: 0.0000349 seconds
2018-01-08T12:42:58.017-0100: 6163.476: Total time for which application threads were stopped: 0.0001063 seconds, Stopping threads took: 0.0000442 seconds
2018-01-08T12:42:58.018-0100: 6163.476: Total time for which application threads were stopped: 0.0000937 seconds, Stopping threads took: 0.0000245 seconds
2018-01-08T12:42:58.561-0100: 6164.019: Total time for which application threads were stopped: 0.0002432 seconds, Stopping threads took: 0.0000352 seconds
2018-01-08T12:43:25.817-0100: 6190.809: Total time for which application threads were stopped: 0.0002458 seconds, Stopping threads took: 0.0000665 seconds
2018-01-08T12:43:26.818-0100: 6191.810: Total time for which application threads were stopped: 0.0001488 seconds, Stopping threads took: 0.0000270 seconds
2018-01-08T12:44:26.955-0100: 6251.947: Total time for which application threads were stopped: 0.0002380 seconds, Stopping threads took: 0.0000392 seconds
2018-01-08T12:44:57.004-0100: 6281.996: Total time for which application threads were stopped: 0.0002174 seconds, Stopping threads took: 0.0000425 seconds
2018-01-08T12:47:29.413-0100: 6434.404: Total time for which application threads were stopped: 0.0001855 seconds, Stopping threads took: 0.0000420 seconds
{Heap before GC invocations=87 (full 2):
 par new generation   total 109248K, used 88486K [0x00000007a0000000, 0x00000007a8000000, 0x00000007a8000000)
  eden space 87424K, 100% used [0x00000007a0000000, 0x00000007a5560000, 0x00000007a5560000)
  from space 21824K,   4% used [0x00000007a6ab0000, 0x00000007a6bb9bd8, 0x00000007a8000000)
  to   space 21824K,   0% used [0x00000007a5560000, 0x00000007a5560000, 0x00000007a6ab0000)
 concurrent mark-sweep generation total 393216K, used 55404K [0x00000007a8000000, 0x00000007c0000000, 0x00000007c0000000)
 Metaspace       used 43981K, capacity 45463K, committed 45684K, reserved 1089536K
  class space    used 5090K, capacity 5436K, committed 5524K, reserved 1048576K
2018-01-08T12:50:29.899-0100: 6614.890: [GC (Allocation Failure) 2018-01-08T12:50:29.899-0100: 6614.890: [ParNew
Desired survivor size 20112992 bytes, new threshold 8 (max 8)
- age   1:     345192 bytes,     345192 total
- age   2:      42944 bytes,     388136 total
- age   3:      87376 bytes,     475512 total
- age   4:      25392 bytes,     500904 total
- age   5:      13760 bytes,     514664 total
- age   6:      36688 bytes,     551352 total
- age   7:      32064 bytes,     583416 total
- age   8:      14072 bytes,     597488 total
: 88486K->750K(109248K), 0.0048497 secs] 143891K->56182K(502464K), 0.0049701 secs] [Times: user=0.02 sys=0.00, real=0.01 secs] 
Heap after GC invocations=88 (full 2):
 par new generation   total 109248K, used 750K [0x00000007a0000000, 0x00000007a8000000, 0x00000007a8000000)
  eden space 87424K,   0% used [0x00000007a0000000, 0x00000007a0000000, 0x00000007a5560000)
  from space 21824K,   3% used [0x00000007a5560000, 0x00000007a561ba90, 0x00000007a6ab0000)
  to   space 21824K,   0% used [0x00000007a6ab0000, 0x00000007a6ab0000, 0x00000007a8000000)
 concurrent mark-sweep generation total 393216K, used 55431K [0x00000007a8000000, 0x00000007c0000000, 0x00000007c0000000)
 Metaspace       used 43981K, capacity 45463K, committed 45684K, reserved 1089536K
  class space    used 5090K, capacity 5436K, committed 5524K, reserved 1048576K
}
2018-01-08T12:50:29.904-0100: 6614.895: Total time for which application threads were stopped: 0.0052642 seconds, Stopping threads took: 0.0000276 seconds
2018-01-08T12:50:32.911-0100: 6617.902: Total time for which application threads were stopped: 0.0003489 seconds, Stopping threads took: 0.0000276 seconds
2018-01-08T12:51:32.952-0100: 6677.943: Total time for which application threads were stopped: 0.0002529 seconds, Stopping threads took: 0.0000963 seconds
2018-01-08T12:55:36.507-0100: 6921.498: Total time for which application threads were stopped: 0.0001764 seconds, Stopping threads took: 0.0000376 seconds
2018-01-08T12:57:02.758-0100: 7007.749: Total time for which application threads were stopped: 0.0001627 seconds, Stopping threads took: 0.0000281 seconds
2018-01-08T12:57:03.762-0100: 7008.752: Total time for which application threads were stopped: 0.0002597 seconds, Stopping threads took: 0.0000224 seconds
2018-01-08T12:57:30.017-0100: 7035.008: Total time for which application threads were stopped: 0.0002072 seconds, Stopping threads took: 0.0000497 seconds
2018-01-08T12:57:30.018-0100: 7035.009: Total time for which application threads were stopped: 0.0002475 seconds, Stopping threads took: 0.0000450 seconds
2018-01-08T12:57:30.020-0100: 7035.011: Total time for which application threads were stopped: 0.0004468 seconds, Stopping threads took: 0.0000985 seconds
2018-01-08T12:57:30.021-0100: 7035.011: Total time for which application threads were stopped: 0.0002319 seconds, Stopping threads took: 0.0000118 seconds
2018-01-08T12:57:30.167-0100: 7035.158: Total time for which application threads were stopped: 0.0002958 seconds, Stopping threads took: 0.0000202 seconds
2018-01-08T12:57:30.167-0100: 7035.158: Total time for which application threads were stopped: 0.0001109 seconds, Stopping threads took: 0.0000121 seconds
2018-01-08T12:57:36.233-0100: 7041.224: Total time for which application threads were stopped: 0.0003483 seconds, Stopping threads took: 0.0000474 seconds
2018-01-08T12:57:40.020-0100: 7045.011: Total time for which application threads were stopped: 0.0002938 seconds, Stopping threads took: 0.0000872 seconds
2018-01-08T12:57:40.021-0100: 7045.012: Total time for which application threads were stopped: 0.0002629 seconds, Stopping threads took: 0.0000562 seconds
{Heap before GC invocations=88 (full 2):
 par new generation   total 109248K, used 88174K [0x00000007a0000000, 0x00000007a8000000, 0x00000007a8000000)
  eden space 87424K, 100% used [0x00000007a0000000, 0x00000007a5560000, 0x00000007a5560000)
  from space 21824K,   3% used [0x00000007a5560000, 0x00000007a561ba90, 0x00000007a6ab0000)
  to   space 21824K,   0% used [0x00000007a6ab0000, 0x00000007a6ab0000, 0x00000007a8000000)
 concurrent mark-sweep generation total 393216K, used 55431K [0x00000007a8000000, 0x00000007c0000000, 0x00000007c0000000)
 Metaspace       used 43984K, capacity 45463K, committed 45684K, reserved 1089536K
  class space    used 5090K, capacity 5436K, committed 5524K, reserved 1048576K
2018-01-08T12:57:40.129-0100: 7045.120: [GC (Allocation Failure) 2018-01-08T12:57:40.129-0100: 7045.120: [ParNew
Desired survivor size 20112992 bytes, new threshold 8 (max 8)
- age   1:     446128 bytes,     446128 total
- age   2:      61456 bytes,     507584 total
- age   3:      14936 bytes,     522520 total
- age   4:      70768 bytes,     593288 total
- age   5:      24400 bytes,     617688 total
- age   6:      13504 bytes,     631192 total
- age   7:      36536 bytes,     667728 total
- age   8:      31880 bytes,     699608 total
: 88174K->1089K(109248K), 0.0033183 secs] 143606K->56534K(502464K), 0.0034249 secs] [Times: user=0.01 sys=0.00, real=0.01 secs] 
Heap after GC invocations=89 (full 2):
 par new generation   total 109248K, used 1089K [0x00000007a0000000, 0x00000007a8000000, 0x00000007a8000000)
  eden space 87424K,   0% used [0x00000007a0000000, 0x00000007a0000000, 0x00000007a5560000)
  from space 21824K,   4% used [0x00000007a6ab0000, 0x00000007a6bc0700, 0x00000007a8000000)
  to   space 21824K,   0% used [0x00000007a5560000, 0x00000007a5560000, 0x00000007a6ab0000)
 concurrent mark-sweep generation total 393216K, used 55444K [0x00000007a8000000, 0x00000007c0000000, 0x00000007c0000000)
 Metaspace       used 43984K, capacity 45463K, committed 45684K, reserved 1089536K
  class space    used 5090K, capacity 5436K, committed 5524K, reserved 1048576K
}
2018-01-08T12:57:40.133-0100: 7045.123: Total time for which application threads were stopped: 0.0036787 seconds, Stopping threads took: 0.0000216 seconds
2018-01-08T12:57:40.149-0100: 7045.140: Total time for which application threads were stopped: 0.0001325 seconds, Stopping threads took: 0.0000202 seconds
2018-01-08T12:57:44.164-0100: 7049.154: Total time for which application threads were stopped: 0.0002855 seconds, Stopping threads took: 0.0000449 seconds
2018-01-08T12:57:50.024-0100: 7055.014: Total time for which application threads were stopped: 0.0003500 seconds, Stopping threads took: 0.0000850 seconds
2018-01-08T12:57:50.024-0100: 7055.015: Total time for which application threads were stopped: 0.0001953 seconds, Stopping threads took: 0.0000419 seconds
2018-01-08T12:57:50.120-0100: 7055.110: Total time for which application threads were stopped: 0.0001492 seconds, Stopping threads took: 0.0000311 seconds
2018-01-08T12:57:53.127-0100: 7058.118: Total time for which application threads were stopped: 0.0002492 seconds, Stopping threads took: 0.0000324 seconds
2018-01-08T12:57:56.131-0100: 7061.121: Total time for which application threads were stopped: 0.0002130 seconds, Stopping threads took: 0.0000320 seconds
2018-01-08T12:58:00.035-0100: 7065.023: Total time for which application threads were stopped: 0.0003995 seconds, Stopping threads took: 0.0000860 seconds
2018-01-08T12:58:00.036-0100: 7065.024: Total time for which application threads were stopped: 0.0002315 seconds, Stopping threads took: 0.0000216 seconds
{Heap before GC invocations=89 (full 2):
 par new generation   total 109248K, used 88513K [0x00000007a0000000, 0x00000007a8000000, 0x00000007a8000000)
  eden space 87424K, 100% used [0x00000007a0000000, 0x00000007a5560000, 0x00000007a5560000)
  from space 21824K,   4% used [0x00000007a6ab0000, 0x00000007a6bc0700, 0x00000007a8000000)
  to   space 21824K,   0% used [0x00000007a5560000, 0x00000007a5560000, 0x00000007a6ab0000)
 concurrent mark-sweep generation total 393216K, used 55444K [0x00000007a8000000, 0x00000007c0000000, 0x00000007c0000000)
 Metaspace       used 44000K, capacity 45527K, committed 45684K, reserved 1089536K
  class space    used 5090K, capacity 5436K, committed 5524K, reserved 1048576K
2018-01-08T12:58:00.102-0100: 7065.089: [GC (Allocation Failure) 2018-01-08T12:58:00.102-0100: 7065.089: [ParNew
Desired survivor size 20112992 bytes, new threshold 8 (max 8)
- age   1:     366456 bytes,     366456 total
- age   2:     157184 bytes,     523640 total
- age   3:      37840 bytes,     561480 total
- age   4:      12152 bytes,     573632 total
- age   5:      69376 bytes,     643008 total
- age   6:      23632 bytes,     666640 total
- age   7:      13504 bytes,     680144 total
- age   8:      36504 bytes,     716648 total
: 88513K->815K(109248K), 0.0032036 secs] 143958K->56290K(502464K), 0.0033163 secs] [Times: user=0.01 sys=0.00, real=0.00 secs] 
Heap after GC invocations=90 (full 2):
 par new generation   total 109248K, used 815K [0x00000007a0000000, 0x00000007a8000000, 0x00000007a8000000)
  eden space 87424K,   0% used [0x00000007a0000000, 0x00000007a0000000, 0x00000007a5560000)
  from space 21824K,   3% used [0x00000007a5560000, 0x00000007a562beb0, 0x00000007a6ab0000)
  to   space 21824K,   0% used [0x00000007a6ab0000, 0x00000007a6ab0000, 0x00000007a8000000)
 concurrent mark-sweep generation total 393216K, used 55475K [0x00000007a8000000, 0x00000007c0000000, 0x00000007c0000000)
 Metaspace       used 44000K, capacity 45527K, committed 45684K, reserved 1089536K
  class space    used 5090K, capacity 5436K, committed 5524K, reserved 1048576K
}
2018-01-08T12:58:00.105-0100: 7065.093: Total time for which application threads were stopped: 0.0035555 seconds, Stopping threads took: 0.0000190 seconds
2018-01-08T12:58:00.135-0100: 7065.123: Total time for which application threads were stopped: 0.0001407 seconds, Stopping threads took: 0.0000181 seconds
2018-01-08T12:58:05.161-0100: 7070.137: Total time for which application threads were stopped: 0.0003349 seconds, Stopping threads took: 0.0000962 seconds
2018-01-08T12:58:10.057-0100: 7075.025: Total time for which application threads were stopped: 0.0003004 seconds, Stopping threads took: 0.0000614 seconds
2018-01-08T12:58:10.058-0100: 7075.026: Total time for which application threads were stopped: 0.0001971 seconds, Stopping threads took: 0.0000352 seconds
2018-01-08T12:58:10.165-0100: 7075.133: Total time for which application threads were stopped: 0.0001360 seconds, Stopping threads took: 0.0000207 seconds
2018-01-08T12:58:20.071-0100: 7085.029: Total time for which application threads were stopped: 0.0003096 seconds, Stopping threads took: 0.0000586 seconds
2018-01-08T12:58:20.073-0100: 7085.030: Total time for which application threads were stopped: 0.0003255 seconds, Stopping threads took: 0.0000483 seconds
{Heap before GC invocations=90 (full 2):
 par new generation   total 109248K, used 88239K [0x00000007a0000000, 0x00000007a8000000, 0x00000007a8000000)
  eden space 87424K, 100% used [0x00000007a0000000, 0x00000007a5560000, 0x00000007a5560000)
  from space 21824K,   3% used [0x00000007a5560000, 0x00000007a562beb0, 0x00000007a6ab0000)
  to   space 21824K,   0% used [0x00000007a6ab0000, 0x00000007a6ab0000, 0x00000007a8000000)
 concurrent mark-sweep generation total 393216K, used 55475K [0x00000007a8000000, 0x00000007c0000000, 0x00000007c0000000)
 Metaspace       used 44000K, capacity 45527K, committed 45684K, reserved 1089536K
  class space    used 5090K, capacity 5436K, committed 5524K, reserved 1048576K
2018-01-08T12:58:20.118-0100: 7085.076: [GC (Allocation Failure) 2018-01-08T12:58:20.118-0100: 7085.076: [ParNew
Desired survivor size 20112992 bytes, new threshold 8 (max 8)
- age   1:     356400 bytes,     356400 total
- age   2:      52024 bytes,     408424 total
- age   3:     143024 bytes,     551448 total
- age   4:      37640 bytes,     589088 total
- age   5:      12112 bytes,     601200 total
- age   6:      69376 bytes,     670576 total
- age   7:      23632 bytes,     694208 total
- age   8:      13504 bytes,     707712 total
: 88239K->848K(109248K), 0.0030263 secs] 143714K->56358K(502464K), 0.0031191 secs] [Times: user=0.01 sys=0.00, real=0.01 secs] 
Heap after GC invocations=91 (full 2):
 par new generation   total 109248K, used 848K [0x00000007a0000000, 0x00000007a8000000, 0x00000007a8000000)
  eden space 87424K,   0% used [0x00000007a0000000, 0x00000007a0000000, 0x00000007a5560000)
  from space 21824K,   3% used [0x00000007a6ab0000, 0x00000007a6b84190, 0x00000007a8000000)
  to   space 21824K,   0% used [0x00000007a5560000, 0x00000007a5560000, 0x00000007a6ab0000)
 concurrent mark-sweep generation total 393216K, used 55510K [0x00000007a8000000, 0x00000007c0000000, 0x00000007c0000000)
 Metaspace       used 44000K, capacity 45527K, committed 45684K, reserved 1089536K
  class space    used 5090K, capacity 5436K, committed 5524K, reserved 1048576K
}
2018-01-08T12:58:20.121-0100: 7085.079: Total time for which application threads were stopped: 0.0033947 seconds, Stopping threads took: 0.0000237 seconds
2018-01-08T12:58:20.172-0100: 7085.129: Total time for which application threads were stopped: 0.0001489 seconds, Stopping threads took: 0.0000328 seconds
2018-01-08T12:58:30.076-0100: 7095.029: Total time for which application threads were stopped: 0.0002985 seconds, Stopping threads took: 0.0000640 seconds
2018-01-08T12:58:30.077-0100: 7095.030: Total time for which application threads were stopped: 0.0002296 seconds, Stopping threads took: 0.0000544 seconds
2018-01-08T12:58:30.191-0100: 7095.144: Total time for which application threads were stopped: 0.0001348 seconds, Stopping threads took: 0.0000192 seconds
2018-01-08T12:58:40.088-0100: 7105.038: Total time for which application threads were stopped: 0.0003065 seconds, Stopping threads took: 0.0000633 seconds
2018-01-08T12:58:40.090-0100: 7105.039: Total time for which application threads were stopped: 0.0002528 seconds, Stopping threads took: 0.0000514 seconds
{Heap before GC invocations=91 (full 2):
 par new generation   total 109248K, used 88272K [0x00000007a0000000, 0x00000007a8000000, 0x00000007a8000000)
  eden space 87424K, 100% used [0x00000007a0000000, 0x00000007a5560000, 0x00000007a5560000)
  from space 21824K,   3% used [0x00000007a6ab0000, 0x00000007a6b84190, 0x00000007a8000000)
  to   space 21824K,   0% used [0x00000007a5560000, 0x00000007a5560000, 0x00000007a6ab0000)
 concurrent mark-sweep generation total 393216K, used 55510K [0x00000007a8000000, 0x00000007c0000000, 0x00000007c0000000)
 Metaspace       used 44003K, capacity 45591K, committed 45684K, reserved 1089536K
  class space    used 5090K, capacity 5436K, committed 5524K, reserved 1048576K
2018-01-08T12:58:40.113-0100: 7105.063: [GC (Allocation Failure) 2018-01-08T12:58:40.113-0100: 7105.063: [ParNew
Desired survivor size 20112992 bytes, new threshold 8 (max 8)
- age   1:     363440 bytes,     363440 total
- age   2:      41880 bytes,     405320 total
- age   3:      37832 bytes,     443152 total
- age   4:     120936 bytes,     564088 total
- age   5:      37544 bytes,     601632 total
- age   6:      12112 bytes,     613744 total
- age   7:      69376 bytes,     683120 total
- age   8:      23472 bytes,     706592 total
: 88272K->989K(109248K), 0.0037422 secs] 143782K->56512K(502464K), 0.0038803 secs] [Times: user=0.01 sys=0.00, real=0.00 secs] 
Heap after GC invocations=92 (full 2):
 par new generation   total 109248K, used 989K [0x00000007a0000000, 0x00000007a8000000, 0x00000007a8000000)
  eden space 87424K,   0% used [0x00000007a0000000, 0x00000007a0000000, 0x00000007a5560000)
  from space 21824K,   4% used [0x00000007a5560000, 0x00000007a56576b0, 0x00000007a6ab0000)
  to   space 21824K,   0% used [0x00000007a6ab0000, 0x00000007a6ab0000, 0x00000007a8000000)
 concurrent mark-sweep generation total 393216K, used 55523K [0x00000007a8000000, 0x00000007c0000000, 0x00000007c0000000)
 Metaspace       used 44003K, capacity 45591K, committed 45684K, reserved 1089536K
  class space    used 5090K, capacity 5436K, committed 5524K, reserved 1048576K
}
2018-01-08T12:58:40.117-0100: 7105.067: Total time for which application threads were stopped: 0.0041488 seconds, Stopping threads took: 0.0000270 seconds
2018-01-08T12:58:40.188-0100: 7105.137: Total time for which application threads were stopped: 0.0001339 seconds, Stopping threads took: 0.0000192 seconds
2018-01-08T12:58:41.190-0100: 7106.140: Total time for which application threads were stopped: 0.0002901 seconds, Stopping threads took: 0.0000454 seconds
2018-01-08T12:58:43.196-0100: 7108.145: Total time for which application threads were stopped: 0.0002704 seconds, Stopping threads took: 0.0000414 seconds
2018-01-08T12:58:47.205-0100: 7112.154: Total time for which application threads were stopped: 0.0003604 seconds, Stopping threads took: 0.0000514 seconds
2018-01-08T12:58:50.097-0100: 7115.045: Total time for which application threads were stopped: 0.0003096 seconds, Stopping threads took: 0.0000622 seconds
2018-01-08T12:58:50.098-0100: 7115.046: Total time for which application threads were stopped: 0.0003033 seconds, Stopping threads took: 0.0000714 seconds
2018-01-08T12:58:50.194-0100: 7115.142: Total time for which application threads were stopped: 0.0001329 seconds, Stopping threads took: 0.0000192 seconds
2018-01-08T12:58:56.208-0100: 7121.156: Total time for which application threads were stopped: 0.0001534 seconds, Stopping threads took: 0.0000255 seconds
2018-01-08T12:59:00.101-0100: 7125.048: Total time for which application threads were stopped: 0.0003025 seconds, Stopping threads took: 0.0000809 seconds
{Heap before GC invocations=92 (full 2):
 par new generation   total 109248K, used 88413K [0x00000007a0000000, 0x00000007a8000000, 0x00000007a8000000)
  eden space 87424K, 100% used [0x00000007a0000000, 0x00000007a5560000, 0x00000007a5560000)
  from space 21824K,   4% used [0x00000007a5560000, 0x00000007a56576b0, 0x00000007a6ab0000)
  to   space 21824K,   0% used [0x00000007a6ab0000, 0x00000007a6ab0000, 0x00000007a8000000)
 concurrent mark-sweep generation total 393216K, used 55523K [0x00000007a8000000, 0x00000007c0000000, 0x00000007c0000000)
 Metaspace       used 44012K, capacity 45591K, committed 45684K, reserved 1089536K
  class space    used 5090K, capacity 5436K, committed 5524K, reserved 1048576K
2018-01-08T12:59:00.102-0100: 7125.049: [GC (Allocation Failure) 2018-01-08T12:59:00.102-0100: 7125.049: [ParNew
Desired survivor size 20112992 bytes, new threshold 8 (max 8)
- age   1:     360920 bytes,     360920 total
- age   2:      47128 bytes,     408048 total
- age   3:      27808 bytes,     435856 total
- age   4:      35424 bytes,     471280 total
- age   5:      99608 bytes,     570888 total
- age   6:      37544 bytes,     608432 total
- age   7:      12112 bytes,     620544 total
- age   8:      69120 bytes,     689664 total
: 88413K->847K(109248K), 0.0044706 secs] 143936K->56393K(502464K), 0.0045771 secs] [Times: user=0.01 sys=0.01, real=0.00 secs] 
Heap after GC invocations=93 (full 2):
 par new generation   total 109248K, used 847K [0x00000007a0000000, 0x00000007a8000000, 0x00000007a8000000)
  eden space 87424K,   0% used [0x00000007a0000000, 0x00000007a0000000, 0x00000007a5560000)
  from space 21824K,   3% used [0x00000007a6ab0000, 0x00000007a6b83dc0, 0x00000007a8000000)
  to   space 21824K,   0% used [0x00000007a5560000, 0x00000007a5560000, 0x00000007a6ab0000)
 concurrent mark-sweep generation total 393216K, used 55545K [0x00000007a8000000, 0x00000007c0000000, 0x00000007c0000000)
 Metaspace       used 44012K, capacity 45591K, committed 45684K, reserved 1089536K
  class space    used 5090K, capacity 5436K, committed 5524K, reserved 1048576K
}
2018-01-08T12:59:00.107-0100: 7125.054: Total time for which application threads were stopped: 0.0050390 seconds, Stopping threads took: 0.0000599 seconds
2018-01-08T12:59:00.107-0100: 7125.054: Total time for which application threads were stopped: 0.0002734 seconds, Stopping threads took: 0.0000489 seconds
2018-01-08T12:59:00.209-0100: 7125.156: Total time for which application threads were stopped: 0.0001314 seconds, Stopping threads took: 0.0000197 seconds
2018-01-08T12:59:10.100-0100: 7135.046: Total time for which application threads were stopped: 0.0002789 seconds, Stopping threads took: 0.0000575 seconds
2018-01-08T12:59:10.101-0100: 7135.047: Total time for which application threads were stopped: 0.0003497 seconds, Stopping threads took: 0.0000599 seconds
2018-01-08T12:59:10.217-0100: 7135.164: Total time for which application threads were stopped: 0.0002233 seconds, Stopping threads took: 0.0000295 seconds
2018-01-08T12:59:11.217-0100: 7136.164: Total time for which application threads were stopped: 0.0004121 seconds, Stopping threads took: 0.0000554 seconds
{Heap before GC invocations=93 (full 2):
 par new generation   total 109248K, used 88271K [0x00000007a0000000, 0x00000007a8000000, 0x00000007a8000000)
  eden space 87424K, 100% used [0x00000007a0000000, 0x00000007a5560000, 0x00000007a5560000)
  from space 21824K,   3% used [0x00000007a6ab0000, 0x00000007a6b83dc0, 0x00000007a8000000)
  to   space 21824K,   0% used [0x00000007a5560000, 0x00000007a5560000, 0x00000007a6ab0000)
 concurrent mark-sweep generation total 393216K, used 55545K [0x00000007a8000000, 0x00000007c0000000, 0x00000007c0000000)
 Metaspace       used 44013K, capacity 45591K, committed 45684K, reserved 1089536K
  class space    used 5090K, capacity 5436K, committed 5524K, reserved 1048576K
2018-01-08T12:59:11.227-0100: 7136.174: [GC (Allocation Failure) 2018-01-08T12:59:11.227-0100: 7136.174: [ParNew
Desired survivor size 20112992 bytes, new threshold 8 (max 8)
- age   1:     293960 bytes,     293960 total
- age   2:      59464 bytes,     353424 total
- age   3:      33472 bytes,     386896 total
- age   4:      26312 bytes,     413208 total
- age   5:      34008 bytes,     447216 total
- age   6:      99312 bytes,     546528 total
- age   7:      37544 bytes,     584072 total
- age   8:      12112 bytes,     596184 total
: 88271K->916K(109248K), 0.0051053 secs] 143817K->56529K(502464K), 0.0052189 secs] [Times: user=0.01 sys=0.00, real=0.01 secs] 
Heap after GC invocations=94 (full 2):
 par new generation   total 109248K, used 916K [0x00000007a0000000, 0x00000007a8000000, 0x00000007a8000000)
  eden space 87424K,   0% used [0x00000007a0000000, 0x00000007a0000000, 0x00000007a5560000)
  from space 21824K,   4% used [0x00000007a5560000, 0x00000007a5645290, 0x00000007a6ab0000)
  to   space 21824K,   0% used [0x00000007a6ab0000, 0x00000007a6ab0000, 0x00000007a8000000)
 concurrent mark-sweep generation total 393216K, used 55613K [0x00000007a8000000, 0x00000007c0000000, 0x00000007c0000000)
 Metaspace       used 44013K, capacity 45591K, committed 45684K, reserved 1089536K
  class space    used 5090K, capacity 5436K, committed 5524K, reserved 1048576K
}
2018-01-08T12:59:11.232-0100: 7136.179: Total time for which application threads were stopped: 0.0055035 seconds, Stopping threads took: 0.0000247 seconds
2018-01-08T12:59:16.240-0100: 7141.187: Total time for which application threads were stopped: 0.0002757 seconds, Stopping threads took: 0.0000421 seconds
2018-01-08T12:59:20.104-0100: 7145.050: Total time for which application threads were stopped: 0.0002723 seconds, Stopping threads took: 0.0000602 seconds
2018-01-08T12:59:20.104-0100: 7145.051: Total time for which application threads were stopped: 0.0002066 seconds, Stopping threads took: 0.0000536 seconds
2018-01-08T12:59:20.199-0100: 7145.146: Total time for which application threads were stopped: 0.0001342 seconds, Stopping threads took: 0.0000204 seconds
2018-01-08T12:59:25.445-0100: 7150.391: Total time for which application threads were stopped: 0.0003821 seconds, Stopping threads took: 0.0000237 seconds
2018-01-08T12:59:30.114-0100: 7155.061: Total time for which application threads were stopped: 0.0002909 seconds, Stopping threads took: 0.0000635 seconds
2018-01-08T12:59:30.116-0100: 7155.062: Total time for which application threads were stopped: 0.0005283 seconds, Stopping threads took: 0.0000608 seconds
2018-01-08T12:59:30.116-0100: 7155.063: Total time for which application threads were stopped: 0.0004435 seconds, Stopping threads took: 0.0000693 seconds
{Heap before GC invocations=94 (full 2):
 par new generation   total 109248K, used 88340K [0x00000007a0000000, 0x00000007a8000000, 0x00000007a8000000)
  eden space 87424K, 100% used [0x00000007a0000000, 0x00000007a5560000, 0x00000007a5560000)
  from space 21824K,   4% used [0x00000007a5560000, 0x00000007a5645290, 0x00000007a6ab0000)
  to   space 21824K,   0% used [0x00000007a6ab0000, 0x00000007a6ab0000, 0x00000007a8000000)
 concurrent mark-sweep generation total 393216K, used 55613K [0x00000007a8000000, 0x00000007c0000000, 0x00000007c0000000)
 Metaspace       used 44016K, capacity 45591K, committed 45684K, reserved 1089536K
  class space    used 5090K, capacity 5436K, committed 5524K, reserved 1048576K
2018-01-08T12:59:30.196-0100: 7155.142: [GC (Allocation Failure) 2018-01-08T12:59:30.196-0100: 7155.142: [ParNew
Desired survivor size 20112992 bytes, new threshold 8 (max 8)
- age   1:     362848 bytes,     362848 total
- age   2:      32656 bytes,     395504 total
- age   3:      31192 bytes,     426696 total
- age   4:      31672 bytes,     458368 total
- age   5:      24864 bytes,     483232 total
- age   6:      34008 bytes,     517240 total
- age   7:      99168 bytes,     616408 total
- age   8:      37248 bytes,     653656 total
: 88340K->820K(109248K), 0.0036849 secs] 143953K->56445K(502464K), 0.0037686 secs] [Times: user=0.01 sys=0.00, real=0.01 secs] 
Heap after GC invocations=95 (full 2):
 par new generation   total 109248K, used 820K [0x00000007a0000000, 0x00000007a8000000, 0x00000007a8000000)
  eden space 87424K,   0% used [0x00000007a0000000, 0x00000007a0000000, 0x00000007a5560000)
  from space 21824K,   3% used [0x00000007a6ab0000, 0x00000007a6b7d170, 0x00000007a8000000)
  to   space 21824K,   0% used [0x00000007a5560000, 0x00000007a5560000, 0x00000007a6ab0000)
 concurrent mark-sweep generation total 393216K, used 55624K [0x00000007a8000000, 0x00000007c0000000, 0x00000007c0000000)
 Metaspace       used 44016K, capacity 45591K, committed 45684K, reserved 1089536K
  class space    used 5090K, capacity 5436K, committed 5524K, reserved 1048576K
}
2018-01-08T12:59:30.200-0100: 7155.146: Total time for which application threads were stopped: 0.0040451 seconds, Stopping threads took: 0.0000461 seconds
2018-01-08T12:59:30.217-0100: 7155.164: Total time for which application threads were stopped: 0.0001418 seconds, Stopping threads took: 0.0000199 seconds
2018-01-08T12:59:40.106-0100: 7165.052: Total time for which application threads were stopped: 0.0002099 seconds, Stopping threads took: 0.0000545 seconds
2018-01-08T12:59:40.111-0100: 7165.057: Total time for which application threads were stopped: 0.0002252 seconds, Stopping threads took: 0.0000667 seconds
2018-01-08T12:59:40.111-0100: 7165.058: Total time for which application threads were stopped: 0.0002286 seconds, Stopping threads took: 0.0000790 seconds
2018-01-08T12:59:40.207-0100: 7165.153: Total time for which application threads were stopped: 0.0001454 seconds, Stopping threads took: 0.0000337 seconds
2018-01-08T12:59:50.118-0100: 7175.064: Total time for which application threads were stopped: 0.0002833 seconds, Stopping threads took: 0.0000451 seconds
2018-01-08T12:59:50.119-0100: 7175.065: Total time for which application threads were stopped: 0.0003804 seconds, Stopping threads took: 0.0000351 seconds
{Heap before GC invocations=95 (full 2):
 par new generation   total 109248K, used 88244K [0x00000007a0000000, 0x00000007a8000000, 0x00000007a8000000)
  eden space 87424K, 100% used [0x00000007a0000000, 0x00000007a5560000, 0x00000007a5560000)
  from space 21824K,   3% used [0x00000007a6ab0000, 0x00000007a6b7d170, 0x00000007a8000000)
  to   space 21824K,   0% used [0x00000007a5560000, 0x00000007a5560000, 0x00000007a6ab0000)
 concurrent mark-sweep generation total 393216K, used 55624K [0x00000007a8000000, 0x00000007c0000000, 0x00000007c0000000)
 Metaspace       used 44018K, capacity 45591K, committed 45684K, reserved 1089536K
  class space    used 5090K, capacity 5436K, committed 5524K, reserved 1048576K
2018-01-08T12:59:50.180-0100: 7175.126: [GC (Allocation Failure) 2018-01-08T12:59:50.180-0100: 7175.126: [ParNew
Desired survivor size 20112992 bytes, new threshold 8 (max 8)
- age   1:     402704 bytes,     402704 total
- age   2:      41544 bytes,     444248 total
- age   3:      17352 bytes,     461600 total
- age   4:      29016 bytes,     490616 total
- age   5:      29488 bytes,     520104 total
- age   6:      23256 bytes,     543360 total
- age   7:      33872 bytes,     577232 total
- age   8:      97904 bytes,     675136 total
: 88244K->968K(109248K), 0.0029711 secs] 143869K->56629K(502464K), 0.0030784 secs] [Times: user=0.01 sys=0.00, real=0.00 secs] 
Heap after GC invocations=96 (full 2):
 par new generation   total 109248K, used 968K [0x00000007a0000000, 0x00000007a8000000, 0x00000007a8000000)
  eden space 87424K,   0% used [0x00000007a0000000, 0x00000007a0000000, 0x00000007a5560000)
  from space 21824K,   4% used [0x00000007a5560000, 0x00000007a5652168, 0x00000007a6ab0000)
  to   space 21824K,   0% used [0x00000007a6ab0000, 0x00000007a6ab0000, 0x00000007a8000000)
 concurrent mark-sweep generation total 393216K, used 55661K [0x00000007a8000000, 0x00000007c0000000, 0x00000007c0000000)
 Metaspace       used 44018K, capacity 45591K, committed 45684K, reserved 1089536K
  class space    used 5090K, capacity 5436K, committed 5524K, reserved 1048576K
}
2018-01-08T12:59:50.183-0100: 7175.130: Total time for which application threads were stopped: 0.0034064 seconds, Stopping threads took: 0.0000460 seconds
2018-01-08T12:59:50.222-0100: 7175.168: Total time for which application threads were stopped: 0.0001351 seconds, Stopping threads took: 0.0000203 seconds
2018-01-08T13:00:00.115-0100: 7185.061: Total time for which application threads were stopped: 0.0005898 seconds, Stopping threads took: 0.0001491 seconds
2018-01-08T13:00:00.122-0100: 7185.068: Total time for which application threads were stopped: 0.0002713 seconds, Stopping threads took: 0.0000609 seconds
2018-01-08T13:00:00.123-0100: 7185.069: Total time for which application threads were stopped: 0.0002138 seconds, Stopping threads took: 0.0000461 seconds
2018-01-08T13:00:00.217-0100: 7185.163: Total time for which application threads were stopped: 0.0001376 seconds, Stopping threads took: 0.0000196 seconds
2018-01-08T13:00:10.125-0100: 7195.071: Total time for which application threads were stopped: 0.0002375 seconds, Stopping threads took: 0.0000307 seconds
2018-01-08T13:00:10.126-0100: 7195.072: Total time for which application threads were stopped: 0.0002253 seconds, Stopping threads took: 0.0000436 seconds
{Heap before GC invocations=96 (full 2):
 par new generation   total 109248K, used 88392K [0x00000007a0000000, 0x00000007a8000000, 0x00000007a8000000)
  eden space 87424K, 100% used [0x00000007a0000000, 0x00000007a5560000, 0x00000007a5560000)
  from space 21824K,   4% used [0x00000007a5560000, 0x00000007a5652168, 0x00000007a6ab0000)
  to   space 21824K,   0% used [0x00000007a6ab0000, 0x00000007a6ab0000, 0x00000007a8000000)
 concurrent mark-sweep generation total 393216K, used 55661K [0x00000007a8000000, 0x00000007c0000000, 0x00000007c0000000)
 Metaspace       used 44018K, capacity 45591K, committed 45684K, reserved 1089536K
  class space    used 5090K, capacity 5436K, committed 5524K, reserved 1048576K
2018-01-08T13:00:10.164-0100: 7195.110: [GC (Allocation Failure) 2018-01-08T13:00:10.164-0100: 7195.110: [ParNew
Desired survivor size 20112992 bytes, new threshold 8 (max 8)
- age   1:     366952 bytes,     366952 total
- age   2:      85144 bytes,     452096 total
- age   3:      27584 bytes,     479680 total
- age   4:      16392 bytes,     496072 total
- age   5:      26184 bytes,     522256 total
- age   6:      28608 bytes,     550864 total
- age   7:      23256 bytes,     574120 total
- age   8:      33872 bytes,     607992 total
: 88392K->781K(109248K), 0.0028857 secs] 144053K->56538K(502464K), 0.0029796 secs] [Times: user=0.01 sys=0.00, real=0.00 secs] 
Heap after GC invocations=97 (full 2):
 par new generation   total 109248K, used 781K [0x00000007a0000000, 0x00000007a8000000, 0x00000007a8000000)
  eden space 87424K,   0% used [0x00000007a0000000, 0x00000007a0000000, 0x00000007a5560000)
  from space 21824K,   3% used [0x00000007a6ab0000, 0x00000007a6b73538, 0x00000007a8000000)
  to   space 21824K,   0% used [0x00000007a5560000, 0x00000007a5560000, 0x00000007a6ab0000)
 concurrent mark-sweep generation total 393216K, used 55757K [0x00000007a8000000, 0x00000007c0000000, 0x00000007c0000000)
 Metaspace       used 44018K, capacity 45591K, committed 45684K, reserved 1089536K
  class space    used 5090K, capacity 5436K, committed 5524K, reserved 1048576K
}
2018-01-08T13:00:10.167-0100: 7195.113: Total time for which application threads were stopped: 0.0032139 seconds, Stopping threads took: 0.0000224 seconds
2018-01-08T13:00:10.223-0100: 7195.169: Total time for which application threads were stopped: 0.0001362 seconds, Stopping threads took: 0.0000196 seconds
2018-01-08T13:00:20.128-0100: 7205.074: Total time for which application threads were stopped: 0.0002450 seconds, Stopping threads took: 0.0000626 seconds
2018-01-08T13:00:20.128-0100: 7205.075: Total time for which application threads were stopped: 0.0002828 seconds, Stopping threads took: 0.0000447 seconds
2018-01-08T13:00:20.238-0100: 7205.184: Total time for which application threads were stopped: 0.0001340 seconds, Stopping threads took: 0.0000200 seconds
2018-01-08T13:00:24.253-0100: 7209.199: Total time for which application threads were stopped: 0.0002527 seconds, Stopping threads took: 0.0000360 seconds
2018-01-08T13:00:26.258-0100: 7211.204: Total time for which application threads were stopped: 0.0003388 seconds, Stopping threads took: 0.0000748 seconds
2018-01-08T13:00:30.141-0100: 7215.087: Total time for which application threads were stopped: 0.0003586 seconds, Stopping threads took: 0.0000427 seconds
2018-01-08T13:00:30.142-0100: 7215.088: Total time for which application threads were stopped: 0.0003200 seconds, Stopping threads took: 0.0000503 seconds
{Heap before GC invocations=97 (full 2):
 par new generation   total 109248K, used 88205K [0x00000007a0000000, 0x00000007a8000000, 0x00000007a8000000)
  eden space 87424K, 100% used [0x00000007a0000000, 0x00000007a5560000, 0x00000007a5560000)
  from space 21824K,   3% used [0x00000007a6ab0000, 0x00000007a6b73538, 0x00000007a8000000)
  to   space 21824K,   0% used [0x00000007a5560000, 0x00000007a5560000, 0x00000007a6ab0000)
 concurrent mark-sweep generation total 393216K, used 55757K [0x00000007a8000000, 0x00000007c0000000, 0x00000007c0000000)
 Metaspace       used 44021K, capacity 45591K, committed 45684K, reserved 1089536K
  class space    used 5091K, capacity 5436K, committed 5524K, reserved 1048576K
2018-01-08T13:00:30.162-0100: 7215.108: [GC (Allocation Failure) 2018-01-08T13:00:30.162-0100: 7215.108: [ParNew
Desired survivor size 20112992 bytes, new threshold 8 (max 8)
- age   1:     368856 bytes,     368856 total
- age   2:      44560 bytes,     413416 total
- age   3:      71072 bytes,     484488 total
- age   4:      25176 bytes,     509664 total
- age   5:      14976 bytes,     524640 total
- age   6:      26184 bytes,     550824 total
- age   7:      28608 bytes,     579432 total
- age   8:      23256 bytes,     602688 total
: 88205K->709K(109248K), 0.0037357 secs] 143962K->56500K(502464K), 0.0038457 secs] [Times: user=0.01 sys=0.01, real=0.00 secs] 
Heap after GC invocations=98 (full 2):
 par new generation   total 109248K, used 709K [0x00000007a0000000, 0x00000007a8000000, 0x00000007a8000000)
  eden space 87424K,   0% used [0x00000007a0000000, 0x00000007a0000000, 0x00000007a5560000)
  from space 21824K,   3% used [0x00000007a5560000, 0x00000007a5611588, 0x00000007a6ab0000)
  to   space 21824K,   0% used [0x00000007a6ab0000, 0x00000007a6ab0000, 0x00000007a8000000)
 concurrent mark-sweep generation total 393216K, used 55790K [0x00000007a8000000, 0x00000007c0000000, 0x00000007c0000000)
 Metaspace       used 44021K, capacity 45591K, committed 45684K, reserved 1089536K
  class space    used 5091K, capacity 5436K, committed 5524K, reserved 1048576K
}
2018-01-08T13:00:30.166-0100: 7215.112: Total time for which application threads were stopped: 0.0041392 seconds, Stopping threads took: 0.0000236 seconds
2018-01-08T13:00:30.261-0100: 7215.207: Total time for which application threads were stopped: 0.0001473 seconds, Stopping threads took: 0.0000224 seconds
2018-01-08T13:00:35.265-0100: 7220.211: Total time for which application threads were stopped: 0.0002573 seconds, Stopping threads took: 0.0000540 seconds
2018-01-08T13:00:37.274-0100: 7222.220: Total time for which application threads were stopped: 0.0003401 seconds, Stopping threads took: 0.0000728 seconds
2018-01-08T13:00:40.144-0100: 7225.090: Total time for which application threads were stopped: 0.0002263 seconds, Stopping threads took: 0.0000359 seconds
2018-01-08T13:00:40.145-0100: 7225.091: Total time for which application threads were stopped: 0.0003451 seconds, Stopping threads took: 0.0000531 seconds
2018-01-08T13:00:40.260-0100: 7225.206: Total time for which application threads were stopped: 0.0001601 seconds, Stopping threads took: 0.0000214 seconds
2018-01-08T13:00:42.263-0100: 7227.209: Total time for which application threads were stopped: 0.0003766 seconds, Stopping threads took: 0.0000442 seconds
2018-01-08T13:00:43.264-0100: 7228.210: Total time for which application threads were stopped: 0.0002236 seconds, Stopping threads took: 0.0000353 seconds
{Heap before GC invocations=98 (full 2):
 par new generation   total 109248K, used 88133K [0x00000007a0000000, 0x00000007a8000000, 0x00000007a8000000)
  eden space 87424K,  99% used [0x00000007a0000000, 0x00000007a555ffd0, 0x00000007a5560000)
  from space 21824K,   3% used [0x00000007a5560000, 0x00000007a5611588, 0x00000007a6ab0000)
  to   space 21824K,   0% used [0x00000007a6ab0000, 0x00000007a6ab0000, 0x00000007a8000000)
 concurrent mark-sweep generation total 393216K, used 55790K [0x00000007a8000000, 0x00000007c0000000, 0x00000007c0000000)
 Metaspace       used 44025K, capacity 45591K, committed 45684K, reserved 1089536K
  class space    used 5091K, capacity 5436K, committed 5524K, reserved 1048576K
2018-01-08T13:00:47.286-0100: 7232.232: [GC (Allocation Failure) 2018-01-08T13:00:47.286-0100: 7232.232: [ParNew
Desired survivor size 20112992 bytes, new threshold 8 (max 8)
- age   1:     290576 bytes,     290576 total
- age   2:      49536 bytes,     340112 total
- age   3:      30600 bytes,     370712 total
- age   4:      68664 bytes,     439376 total
- age   5:      23760 bytes,     463136 total
- age   6:      14976 bytes,     478112 total
- age   7:      26184 bytes,     504296 total
- age   8:      28608 bytes,     532904 total
: 88133K->910K(109248K), 0.0048013 secs] 143924K->56724K(502464K), 0.0049672 secs] [Times: user=0.01 sys=0.00, real=0.01 secs] 
Heap after GC invocations=99 (full 2):
 par new generation   total 109248K, used 910K [0x00000007a0000000, 0x00000007a8000000, 0x00000007a8000000)
  eden space 87424K,   0% used [0x00000007a0000000, 0x00000007a0000000, 0x00000007a5560000)
  from space 21824K,   4% used [0x00000007a6ab0000, 0x00000007a6b939f8, 0x00000007a8000000)
  to   space 21824K,   0% used [0x00000007a5560000, 0x00000007a5560000, 0x00000007a6ab0000)
 concurrent mark-sweep generation total 393216K, used 55813K [0x00000007a8000000, 0x00000007c0000000, 0x00000007c0000000)
 Metaspace       used 44025K, capacity 45591K, committed 45684K, reserved 1089536K
  class space    used 5091K, capacity 5436K, committed 5524K, reserved 1048576K
}
2018-01-08T13:00:47.291-0100: 7232.237: Total time for which application threads were stopped: 0.0054291 seconds, Stopping threads took: 0.0000391 seconds
2018-01-08T13:00:50.147-0100: 7235.093: Total time for which application threads were stopped: 0.0002974 seconds, Stopping threads took: 0.0000559 seconds
2018-01-08T13:00:50.148-0100: 7235.094: Total time for which application threads were stopped: 0.0002802 seconds, Stopping threads took: 0.0000619 seconds
2018-01-08T13:00:50.248-0100: 7235.194: Total time for which application threads were stopped: 0.0001722 seconds, Stopping threads took: 0.0000352 seconds
2018-01-08T13:00:53.252-0100: 7238.198: Total time for which application threads were stopped: 0.0003071 seconds, Stopping threads took: 0.0000402 seconds
2018-01-08T13:00:58.263-0100: 7243.209: Total time for which application threads were stopped: 0.0003864 seconds, Stopping threads took: 0.0000660 seconds
2018-01-08T13:01:00.150-0100: 7245.097: Total time for which application threads were stopped: 0.0002383 seconds, Stopping threads took: 0.0000528 seconds
2018-01-08T13:01:00.151-0100: 7245.097: Total time for which application threads were stopped: 0.0003088 seconds, Stopping threads took: 0.0000542 seconds
{Heap before GC invocations=99 (full 2):
 par new generation   total 109248K, used 88334K [0x00000007a0000000, 0x00000007a8000000, 0x00000007a8000000)
  eden space 87424K, 100% used [0x00000007a0000000, 0x00000007a5560000, 0x00000007a5560000)
  from space 21824K,   4% used [0x00000007a6ab0000, 0x00000007a6b939f8, 0x00000007a8000000)
  to   space 21824K,   0% used [0x00000007a5560000, 0x00000007a5560000, 0x00000007a6ab0000)
 concurrent mark-sweep generation total 393216K, used 55813K [0x00000007a8000000, 0x00000007c0000000, 0x00000007c0000000)
 Metaspace       used 44027K, capacity 45591K, committed 45684K, reserved 1089536K
  class space    used 5091K, capacity 5436K, committed 5524K, reserved 1048576K
2018-01-08T13:01:00.254-0100: 7245.200: [GC (Allocation Failure) 2018-01-08T13:01:00.254-0100: 7245.200: [ParNew
Desired survivor size 20112992 bytes, new threshold 8 (max 8)
- age   1:     356312 bytes,     356312 total
- age   2:      41024 bytes,     397336 total
- age   3:      35320 bytes,     432656 total
- age   4:      28224 bytes,     460880 total
- age   5:      66368 bytes,     527248 total
- age   6:      23760 bytes,     551008 total
- age   7:      14976 bytes,     565984 total
- age   8:      26184 bytes,     592168 total
: 88334K->715K(109248K), 0.0032875 secs] 144148K->56556K(502464K), 0.0033715 secs] [Times: user=0.00 sys=0.00, real=0.00 secs] 
Heap after GC invocations=100 (full 2):
 par new generation   total 109248K, used 715K [0x00000007a0000000, 0x00000007a8000000, 0x00000007a8000000)
  eden space 87424K,   0% used [0x00000007a0000000, 0x00000007a0000000, 0x00000007a5560000)
  from space 21824K,   3% used [0x00000007a5560000, 0x00000007a5612db8, 0x00000007a6ab0000)
  to   space 21824K,   0% used [0x00000007a6ab0000, 0x00000007a6ab0000, 0x00000007a8000000)
 concurrent mark-sweep generation total 393216K, used 55841K [0x00000007a8000000, 0x00000007c0000000, 0x00000007c0000000)
 Metaspace       used 44027K, capacity 45591K, committed 45684K, reserved 1089536K
  class space    used 5091K, capacity 5436K, committed 5524K, reserved 1048576K
}
2018-01-08T13:01:00.257-0100: 7245.203: Total time for which application threads were stopped: 0.0036616 seconds, Stopping threads took: 0.0000686 seconds
2018-01-08T13:01:00.261-0100: 7245.207: Total time for which application threads were stopped: 0.0001450 seconds, Stopping threads took: 0.0000200 seconds
2018-01-08T13:01:03.266-0100: 7248.212: Total time for which application threads were stopped: 0.0003573 seconds, Stopping threads took: 0.0000430 seconds
2018-01-08T13:01:10.157-0100: 7255.103: Total time for which application threads were stopped: 0.0003168 seconds, Stopping threads took: 0.0000890 seconds
2018-01-08T13:01:10.158-0100: 7255.104: Total time for which application threads were stopped: 0.0003642 seconds, Stopping threads took: 0.0000664 seconds
2018-01-08T13:01:10.258-0100: 7255.204: Total time for which application threads were stopped: 0.0003597 seconds, Stopping threads took: 0.0000231 seconds
2018-01-08T13:01:10.259-0100: 7255.205: Total time for which application threads were stopped: 0.0001238 seconds, Stopping threads took: 0.0000234 seconds
2018-01-08T13:01:16.275-0100: 7261.221: Total time for which application threads were stopped: 0.0002364 seconds, Stopping threads took: 0.0000275 seconds
2018-01-08T13:01:20.163-0100: 7265.109: Total time for which application threads were stopped: 0.0002667 seconds, Stopping threads took: 0.0000690 seconds
2018-01-08T13:01:20.164-0100: 7265.110: Total time for which application threads were stopped: 0.0002566 seconds, Stopping threads took: 0.0000428 seconds
{Heap before GC invocations=100 (full 2):
 par new generation   total 109248K, used 88139K [0x00000007a0000000, 0x00000007a8000000, 0x00000007a8000000)
  eden space 87424K, 100% used [0x00000007a0000000, 0x00000007a5560000, 0x00000007a5560000)
  from space 21824K,   3% used [0x00000007a5560000, 0x00000007a5612db8, 0x00000007a6ab0000)
  to   space 21824K,   0% used [0x00000007a6ab0000, 0x00000007a6ab0000, 0x00000007a8000000)
 concurrent mark-sweep generation total 393216K, used 55841K [0x00000007a8000000, 0x00000007c0000000, 0x00000007c0000000)
 Metaspace       used 44036K, capacity 45591K, committed 45684K, reserved 1089536K
  class space    used 5091K, capacity 5436K, committed 5524K, reserved 1048576K
2018-01-08T13:01:20.236-0100: 7265.182: [GC (Allocation Failure) 2018-01-08T13:01:20.236-0100: 7265.182: [ParNew
Desired survivor size 20112992 bytes, new threshold 8 (max 8)
- age   1:     457264 bytes,     457264 total
- age   2:      34392 bytes,     491656 total
- age   3:      25264 bytes,     516920 total
- age   4:      32416 bytes,     549336 total
- age   5:      25672 bytes,     575008 total
- age   6:      66144 bytes,     641152 total
- age   7:      23568 bytes,     664720 total
- age   8:      14848 bytes,     679568 total
: 88139K->872K(109248K), 0.0039723 secs] 143980K->56739K(502464K), 0.0040689 secs] [Times: user=0.01 sys=0.00, real=0.01 secs] 
Heap after GC invocations=101 (full 2):
 par new generation   total 109248K, used 872K [0x00000007a0000000, 0x00000007a8000000, 0x00000007a8000000)
  eden space 87424K,   0% used [0x00000007a0000000, 0x00000007a0000000, 0x00000007a5560000)
  from space 21824K,   3% used [0x00000007a6ab0000, 0x00000007a6b8a378, 0x00000007a8000000)
  to   space 21824K,   0% used [0x00000007a5560000, 0x00000007a5560000, 0x00000007a6ab0000)
 concurrent mark-sweep generation total 393216K, used 55866K [0x00000007a8000000, 0x00000007c0000000, 0x00000007c0000000)
 Metaspace       used 44036K, capacity 45591K, committed 45684K, reserved 1089536K
  class space    used 5091K, capacity 5436K, committed 5524K, reserved 1048576K
}
2018-01-08T13:01:20.240-0100: 7265.186: Total time for which application threads were stopped: 0.0043566 seconds, Stopping threads took: 0.0000247 seconds
2018-01-08T13:01:20.262-0100: 7265.208: Total time for which application threads were stopped: 0.0001350 seconds, Stopping threads took: 0.0000204 seconds
2018-01-08T13:01:30.166-0100: 7275.112: Total time for which application threads were stopped: 0.0002830 seconds, Stopping threads took: 0.0000623 seconds
2018-01-08T13:01:30.167-0100: 7275.113: Total time for which application threads were stopped: 0.0005390 seconds, Stopping threads took: 0.0001152 seconds
2018-01-08T13:01:30.168-0100: 7275.114: Total time for which application threads were stopped: 0.0004764 seconds, Stopping threads took: 0.0001021 seconds
2018-01-08T13:01:30.263-0100: 7275.209: Total time for which application threads were stopped: 0.0001334 seconds, Stopping threads took: 0.0000188 seconds
2018-01-08T13:01:34.266-0100: 7279.212: Total time for which application threads were stopped: 0.0002266 seconds, Stopping threads took: 0.0000339 seconds
2018-01-08T13:01:36.269-0100: 7281.215: Total time for which application threads were stopped: 0.0001807 seconds, Stopping threads took: 0.0000278 seconds
2018-01-08T13:01:40.167-0100: 7285.113: Total time for which application threads were stopped: 0.0003101 seconds, Stopping threads took: 0.0000563 seconds
2018-01-08T13:01:40.167-0100: 7285.113: Total time for which application threads were stopped: 0.0002028 seconds, Stopping threads took: 0.0000338 seconds
{Heap before GC invocations=101 (full 2):
 par new generation   total 109248K, used 88296K [0x00000007a0000000, 0x00000007a8000000, 0x00000007a8000000)
  eden space 87424K, 100% used [0x00000007a0000000, 0x00000007a5560000, 0x00000007a5560000)
  from space 21824K,   3% used [0x00000007a6ab0000, 0x00000007a6b8a378, 0x00000007a8000000)
  to   space 21824K,   0% used [0x00000007a5560000, 0x00000007a5560000, 0x00000007a6ab0000)
 concurrent mark-sweep generation total 393216K, used 55866K [0x00000007a8000000, 0x00000007c0000000, 0x00000007c0000000)
 Metaspace       used 44061K, capacity 45591K, committed 45684K, reserved 1089536K
  class space    used 5091K, capacity 5436K, committed 5524K, reserved 1048576K
2018-01-08T13:01:40.231-0100: 7285.177: [GC (Allocation Failure) 2018-01-08T13:01:40.231-0100: 7285.177: [ParNew
Desired survivor size 20112992 bytes, new threshold 8 (max 8)
- age   1:     368368 bytes,     368368 total
- age   2:     135360 bytes,     503728 total
- age   3:      20352 bytes,     524080 total
- age   4:      24304 bytes,     548384 total
- age   5:      30056 bytes,     578440 total
- age   6:      25672 bytes,     604112 total
- age   7:      65800 bytes,     669912 total
- age   8:      23392 bytes,     693304 total
: 88296K->933K(109248K), 0.0034945 secs] 144163K->56815K(502464K), 0.0035969 secs] [Times: user=0.01 sys=0.00, real=0.00 secs] 
Heap after GC invocations=102 (full 2):
 par new generation   total 109248K, used 933K [0x00000007a0000000, 0x00000007a8000000, 0x00000007a8000000)
  eden space 87424K,   0% used [0x00000007a0000000, 0x00000007a0000000, 0x00000007a5560000)
  from space 21824K,   4% used [0x00000007a5560000, 0x00000007a56497a0, 0x00000007a6ab0000)
  to   space 21824K,   0% used [0x00000007a6ab0000, 0x00000007a6ab0000, 0x00000007a8000000)
 concurrent mark-sweep generation total 393216K, used 55881K [0x00000007a8000000, 0x00000007c0000000, 0x00000007c0000000)
 Metaspace       used 44061K, capacity 45591K, committed 45684K, reserved 1089536K
  class space    used 5091K, capacity 5436K, committed 5524K, reserved 1048576K
}
2018-01-08T13:01:40.234-0100: 7285.180: Total time for which application threads were stopped: 0.0038403 seconds, Stopping threads took: 0.0000216 seconds
2018-01-08T13:01:40.278-0100: 7285.224: Total time for which application threads were stopped: 0.0001434 seconds, Stopping threads took: 0.0000212 seconds
2018-01-08T13:01:40.339-0100: 7285.285: Total time for which application threads were stopped: 0.0002072 seconds, Stopping threads took: 0.0000249 seconds
2018-01-08T13:01:40.341-0100: 7285.287: Total time for which application threads were stopped: 0.0002372 seconds, Stopping threads took: 0.0000319 seconds
2018-01-08T13:01:42.348-0100: 7287.294: Total time for which application threads were stopped: 0.0001891 seconds, Stopping threads took: 0.0000338 seconds
2018-01-08T13:01:46.353-0100: 7291.299: Total time for which application threads were stopped: 0.0001485 seconds, Stopping threads took: 0.0000250 seconds
2018-01-08T13:01:50.168-0100: 7295.114: Total time for which application threads were stopped: 0.0002199 seconds, Stopping threads took: 0.0000256 seconds
2018-01-08T13:01:50.169-0100: 7295.115: Total time for which application threads were stopped: 0.0001900 seconds, Stopping threads took: 0.0000190 seconds
2018-01-08T13:01:50.266-0100: 7295.212: Total time for which application threads were stopped: 0.0001952 seconds, Stopping threads took: 0.0000296 seconds
2018-01-08T13:01:56.278-0100: 7301.224: Total time for which application threads were stopped: 0.0002285 seconds, Stopping threads took: 0.0000331 seconds
2018-01-08T13:02:00.170-0100: 7305.116: Total time for which application threads were stopped: 0.0004022 seconds, Stopping threads took: 0.0001148 seconds
2018-01-08T13:02:00.171-0100: 7305.117: Total time for which application threads were stopped: 0.0002959 seconds, Stopping threads took: 0.0000459 seconds
{Heap before GC invocations=102 (full 2):
 par new generation   total 109248K, used 88357K [0x00000007a0000000, 0x00000007a8000000, 0x00000007a8000000)
  eden space 87424K, 100% used [0x00000007a0000000, 0x00000007a5560000, 0x00000007a5560000)
  from space 21824K,   4% used [0x00000007a5560000, 0x00000007a56497a0, 0x00000007a6ab0000)
  to   space 21824K,   0% used [0x00000007a6ab0000, 0x00000007a6ab0000, 0x00000007a8000000)
 concurrent mark-sweep generation total 393216K, used 55881K [0x00000007a8000000, 0x00000007c0000000, 0x00000007c0000000)
 Metaspace       used 44067K, capacity 45591K, committed 45684K, reserved 1089536K
  class space    used 5091K, capacity 5436K, committed 5524K, reserved 1048576K
2018-01-08T13:02:00.215-0100: 7305.161: [GC (Allocation Failure) 2018-01-08T13:02:00.216-0100: 7305.161: [ParNew
Desired survivor size 20112992 bytes, new threshold 8 (max 8)
- age   1:     375472 bytes,     375472 total
- age   2:      46928 bytes,     422400 total
- age   3:     121296 bytes,     543696 total
- age   4:      17096 bytes,     560792 total
- age   5:      22680 bytes,     583472 total
- age   6:      25448 bytes,     608920 total
- age   7:      25072 bytes,     633992 total
- age   8:      65576 bytes,     699568 total
: 88357K->955K(109248K), 0.0045143 secs] 144239K->56858K(502464K), 0.0046637 secs] [Times: user=0.01 sys=0.00, real=0.01 secs] 
Heap after GC invocations=103 (full 2):
 par new generation   total 109248K, used 955K [0x00000007a0000000, 0x00000007a8000000, 0x00000007a8000000)
  eden space 87424K,   0% used [0x00000007a0000000, 0x00000007a0000000, 0x00000007a5560000)
  from space 21824K,   4% used [0x00000007a6ab0000, 0x00000007a6b9ec18, 0x00000007a8000000)
  to   space 21824K,   0% used [0x00000007a5560000, 0x00000007a5560000, 0x00000007a6ab0000)
 concurrent mark-sweep generation total 393216K, used 55903K [0x00000007a8000000, 0x00000007c0000000, 0x00000007c0000000)
 Metaspace       used 44067K, capacity 45591K, committed 45684K, reserved 1089536K
  class space    used 5091K, capacity 5436K, committed 5524K, reserved 1048576K
}
2018-01-08T13:02:00.220-0100: 7305.166: Total time for which application threads were stopped: 0.0049338 seconds, Stopping threads took: 0.0000217 seconds
2018-01-08T13:02:00.298-0100: 7305.244: Total time for which application threads were stopped: 0.0002119 seconds, Stopping threads took: 0.0000275 seconds
2018-01-08T13:02:10.171-0100: 7315.116: Total time for which application threads were stopped: 0.0002158 seconds, Stopping threads took: 0.0000411 seconds
2018-01-08T13:02:10.171-0100: 7315.117: Total time for which application threads were stopped: 0.0002331 seconds, Stopping threads took: 0.0000619 seconds
2018-01-08T13:02:10.298-0100: 7315.244: Total time for which application threads were stopped: 0.0001818 seconds, Stopping threads took: 0.0000293 seconds
2018-01-08T13:02:20.177-0100: 7325.123: Total time for which application threads were stopped: 0.0002761 seconds, Stopping threads took: 0.0000597 seconds
2018-01-08T13:02:20.178-0100: 7325.123: Total time for which application threads were stopped: 0.0002907 seconds, Stopping threads took: 0.0000838 seconds
{Heap before GC invocations=103 (full 2):
 par new generation   total 109248K, used 88379K [0x00000007a0000000, 0x00000007a8000000, 0x00000007a8000000)
  eden space 87424K, 100% used [0x00000007a0000000, 0x00000007a5560000, 0x00000007a5560000)
  from space 21824K,   4% used [0x00000007a6ab0000, 0x00000007a6b9ec18, 0x00000007a8000000)
  to   space 21824K,   0% used [0x00000007a5560000, 0x00000007a5560000, 0x00000007a6ab0000)
 concurrent mark-sweep generation total 393216K, used 55903K [0x00000007a8000000, 0x00000007c0000000, 0x00000007c0000000)
 Metaspace       used 44067K, capacity 45591K, committed 45684K, reserved 1089536K
  class space    used 5091K, capacity 5436K, committed 5524K, reserved 1048576K
2018-01-08T13:02:20.192-0100: 7325.138: [GC (Allocation Failure) 2018-01-08T13:02:20.192-0100: 7325.138: [ParNew
Desired survivor size 20112992 bytes, new threshold 8 (max 8)
- age   1:     370192 bytes,     370192 total
- age   2:      53504 bytes,     423696 total
- age   3:      32600 bytes,     456296 total
- age   4:     118888 bytes,     575184 total
- age   5:      15680 bytes,     590864 total
- age   6:      22592 bytes,     613456 total
- age   7:      25376 bytes,     638832 total
- age   8:      24976 bytes,     663808 total
: 88379K->857K(109248K), 0.0041508 secs] 144282K->56825K(502464K), 0.0042601 secs] [Times: user=0.01 sys=0.00, real=0.00 secs] 
Heap after GC invocations=104 (full 2):
 par new generation   total 109248K, used 857K [0x00000007a0000000, 0x00000007a8000000, 0x00000007a8000000)
  eden space 87424K,   0% used [0x00000007a0000000, 0x00000007a0000000, 0x00000007a5560000)
  from space 21824K,   3% used [0x00000007a5560000, 0x00000007a5636600, 0x00000007a6ab0000)
  to   space 21824K,   0% used [0x00000007a6ab0000, 0x00000007a6ab0000, 0x00000007a8000000)
 concurrent mark-sweep generation total 393216K, used 55967K [0x00000007a8000000, 0x00000007c0000000, 0x00000007c0000000)
 Metaspace       used 44067K, capacity 45591K, committed 45684K, reserved 1089536K
  class space    used 5091K, capacity 5436K, committed 5524K, reserved 1048576K
}
2018-01-08T13:02:20.196-0100: 7325.142: Total time for which application threads were stopped: 0.0045330 seconds, Stopping threads took: 0.0000254 seconds
2018-01-08T13:02:20.285-0100: 7325.231: Total time for which application threads were stopped: 0.0001383 seconds, Stopping threads took: 0.0000203 seconds
2018-01-08T13:02:30.180-0100: 7335.126: Total time for which application threads were stopped: 0.0003099 seconds, Stopping threads took: 0.0000600 seconds
2018-01-08T13:02:30.181-0100: 7335.127: Total time for which application threads were stopped: 0.0002874 seconds, Stopping threads took: 0.0000261 seconds
2018-01-08T13:02:30.279-0100: 7335.225: Total time for which application threads were stopped: 0.0001357 seconds, Stopping threads took: 0.0000188 seconds
{Heap before GC invocations=104 (full 2):
 par new generation   total 109248K, used 88281K [0x00000007a0000000, 0x00000007a8000000, 0x00000007a8000000)
  eden space 87424K, 100% used [0x00000007a0000000, 0x00000007a5560000, 0x00000007a5560000)
  from space 21824K,   3% used [0x00000007a5560000, 0x00000007a5636600, 0x00000007a6ab0000)
  to   space 21824K,   0% used [0x00000007a6ab0000, 0x00000007a6ab0000, 0x00000007a8000000)
 concurrent mark-sweep generation total 393216K, used 55967K [0x00000007a8000000, 0x00000007c0000000, 0x00000007c0000000)
 Metaspace       used 44069K, capacity 45591K, committed 45684K, reserved 1089536K
  class space    used 5091K, capacity 5436K, committed 5524K, reserved 1048576K
2018-01-08T13:02:35.540-0100: 7340.485: [GC (Allocation Failure) 2018-01-08T13:02:35.545-0100: 7340.491: [ParNew
Desired survivor size 20112992 bytes, new threshold 8 (max 8)
- age   1:     300960 bytes,     300960 total
- age   2:      57768 bytes,     358728 total
- age   3:      39472 bytes,     398200 total
- age   4:      31104 bytes,     429304 total
- age   5:     116592 bytes,     545896 total
- age   6:      15680 bytes,     561576 total
- age   7:      22592 bytes,     584168 total
- age   8:      25280 bytes,     609448 total
: 88281K->822K(109248K), 0.0050735 secs] 144249K->56813K(502464K), 0.0106340 secs] [Times: user=0.01 sys=0.00, real=0.01 secs] 
Heap after GC invocations=105 (full 2):
 par new generation   total 109248K, used 822K [0x00000007a0000000, 0x00000007a8000000, 0x00000007a8000000)
  eden space 87424K,   0% used [0x00000007a0000000, 0x00000007a0000000, 0x00000007a5560000)
  from space 21824K,   3% used [0x00000007a6ab0000, 0x00000007a6b7d870, 0x00000007a8000000)
  to   space 21824K,   0% used [0x00000007a5560000, 0x00000007a5560000, 0x00000007a6ab0000)
 concurrent mark-sweep generation total 393216K, used 55991K [0x00000007a8000000, 0x00000007c0000000, 0x00000007c0000000)
 Metaspace       used 44069K, capacity 45591K, committed 45684K, reserved 1089536K
  class space    used 5091K, capacity 5436K, committed 5524K, reserved 1048576K
}
2018-01-08T13:02:35.550-0100: 7340.496: Total time for which application threads were stopped: 0.0109384 seconds, Stopping threads took: 0.0000250 seconds
2018-01-08T13:02:38.560-0100: 7343.506: Total time for which application threads were stopped: 0.0003191 seconds, Stopping threads took: 0.0000413 seconds
2018-01-08T13:02:40.179-0100: 7345.125: Total time for which application threads were stopped: 0.0002407 seconds, Stopping threads took: 0.0000429 seconds
2018-01-08T13:02:40.179-0100: 7345.125: Total time for which application threads were stopped: 0.0001951 seconds, Stopping threads took: 0.0000243 seconds
2018-01-08T13:02:40.310-0100: 7345.256: Total time for which application threads were stopped: 0.0001633 seconds, Stopping threads took: 0.0000202 seconds
2018-01-08T13:02:50.187-0100: 7355.133: Total time for which application threads were stopped: 0.0002229 seconds, Stopping threads took: 0.0000380 seconds
2018-01-08T13:02:50.188-0100: 7355.133: Total time for which application threads were stopped: 0.0002193 seconds, Stopping threads took: 0.0000214 seconds
{Heap before GC invocations=105 (full 2):
 par new generation   total 109248K, used 88246K [0x00000007a0000000, 0x00000007a8000000, 0x00000007a8000000)
  eden space 87424K, 100% used [0x00000007a0000000, 0x00000007a5560000, 0x00000007a5560000)
  from space 21824K,   3% used [0x00000007a6ab0000, 0x00000007a6b7d870, 0x00000007a8000000)
  to   space 21824K,   0% used [0x00000007a5560000, 0x00000007a5560000, 0x00000007a6ab0000)
 concurrent mark-sweep generation total 393216K, used 55991K [0x00000007a8000000, 0x00000007c0000000, 0x00000007c0000000)
 Metaspace       used 44069K, capacity 45591K, committed 45684K, reserved 1089536K
  class space    used 5091K, capacity 5436K, committed 5524K, reserved 1048576K
2018-01-08T13:02:50.282-0100: 7355.227: [GC (Allocation Failure) 2018-01-08T13:02:50.282-0100: 7355.228: [ParNew
Desired survivor size 20112992 bytes, new threshold 8 (max 8)
- age   1:     382120 bytes,     382120 total
- age   2:      38600 bytes,     420720 total
- age   3:      34440 bytes,     455160 total
- age   4:      36952 bytes,     492112 total
- age   5:      28696 bytes,     520808 total
- age   6:     116616 bytes,     637424 total
- age   7:      15680 bytes,     653104 total
- age   8:      22592 bytes,     675696 total
: 88246K->839K(109248K), 0.0037611 secs] 144237K->56855K(502464K), 0.0041591 secs] [Times: user=0.01 sys=0.00, real=0.00 secs] 
Heap after GC invocations=106 (full 2):
 par new generation   total 109248K, used 839K [0x00000007a0000000, 0x00000007a8000000, 0x00000007a8000000)
  eden space 87424K,   0% used [0x00000007a0000000, 0x00000007a0000000, 0x00000007a5560000)
  from space 21824K,   3% used [0x00000007a5560000, 0x00000007a5631f78, 0x00000007a6ab0000)
  to   space 21824K,   0% used [0x00000007a6ab0000, 0x00000007a6ab0000, 0x00000007a8000000)
 concurrent mark-sweep generation total 393216K, used 56015K [0x00000007a8000000, 0x00000007c0000000, 0x00000007c0000000)
 Metaspace       used 44069K, capacity 45591K, committed 45684K, reserved 1089536K
  class space    used 5091K, capacity 5436K, committed 5524K, reserved 1048576K
}
2018-01-08T13:02:50.286-0100: 7355.232: Total time for which application threads were stopped: 0.0043991 seconds, Stopping threads took: 0.0000212 seconds
2018-01-08T13:02:50.292-0100: 7355.238: Total time for which application threads were stopped: 0.0001264 seconds, Stopping threads took: 0.0000181 seconds
2018-01-08T13:03:00.195-0100: 7365.140: Total time for which application threads were stopped: 0.0002191 seconds, Stopping threads took: 0.0000414 seconds
2018-01-08T13:03:00.195-0100: 7365.141: Total time for which application threads were stopped: 0.0001871 seconds, Stopping threads took: 0.0000420 seconds
2018-01-08T13:03:00.293-0100: 7365.239: Total time for which application threads were stopped: 0.0001411 seconds, Stopping threads took: 0.0000195 seconds
2018-01-08T13:03:05.527-0100: 7370.473: Total time for which application threads were stopped: 0.0003055 seconds, Stopping threads took: 0.0000198 seconds
2018-01-08T13:03:10.196-0100: 7375.142: Total time for which application threads were stopped: 0.0002121 seconds, Stopping threads took: 0.0000455 seconds
2018-01-08T13:03:10.197-0100: 7375.143: Total time for which application threads were stopped: 0.0002043 seconds, Stopping threads took: 0.0000510 seconds
{Heap before GC invocations=106 (full 2):
 par new generation   total 109248K, used 88263K [0x00000007a0000000, 0x00000007a8000000, 0x00000007a8000000)
  eden space 87424K, 100% used [0x00000007a0000000, 0x00000007a5560000, 0x00000007a5560000)
  from space 21824K,   3% used [0x00000007a5560000, 0x00000007a5631f78, 0x00000007a6ab0000)
  to   space 21824K,   0% used [0x00000007a6ab0000, 0x00000007a6ab0000, 0x00000007a8000000)
 concurrent mark-sweep generation total 393216K, used 56015K [0x00000007a8000000, 0x00000007c0000000, 0x00000007c0000000)
 Metaspace       used 44070K, capacity 45591K, committed 45684K, reserved 1089536K
  class space    used 5091K, capacity 5436K, committed 5524K, reserved 1048576K
2018-01-08T13:03:10.276-0100: 7375.221: [GC (Allocation Failure) 2018-01-08T13:03:10.278-0100: 7375.223: [ParNew
Desired survivor size 20112992 bytes, new threshold 8 (max 8)
- age   1:     364512 bytes,     364512 total
- age   2:      63552 bytes,     428064 total
- age   3:      23328 bytes,     451392 total
- age   4:      34016 bytes,     485408 total
- age   5:      35472 bytes,     520880 total
- age   6:      28472 bytes,     549352 total
- age   7:     116616 bytes,     665968 total
- age   8:      15680 bytes,     681648 total
: 88263K->1142K(109248K), 0.0035834 secs] 144279K->57179K(502464K), 0.0054995 secs] [Times: user=0.01 sys=0.00, real=0.01 secs] 
Heap after GC invocations=107 (full 2):
 par new generation   total 109248K, used 1142K [0x00000007a0000000, 0x00000007a8000000, 0x00000007a8000000)
  eden space 87424K,   0% used [0x00000007a0000000, 0x00000007a0000000, 0x00000007a5560000)
  from space 21824K,   5% used [0x00000007a6ab0000, 0x00000007a6bcda00, 0x00000007a8000000)
  to   space 21824K,   0% used [0x00000007a5560000, 0x00000007a5560000, 0x00000007a6ab0000)
 concurrent mark-sweep generation total 393216K, used 56036K [0x00000007a8000000, 0x00000007c0000000, 0x00000007c0000000)
 Metaspace       used 44070K, capacity 45591K, committed 45684K, reserved 1089536K
  class space    used 5091K, capacity 5436K, committed 5524K, reserved 1048576K
}
2018-01-08T13:03:10.281-0100: 7375.227: Total time for which application threads were stopped: 0.0057333 seconds, Stopping threads took: 0.0000206 seconds
2018-01-08T13:03:10.311-0100: 7375.257: Total time for which application threads were stopped: 0.0001502 seconds, Stopping threads took: 0.0000232 seconds
2018-01-08T13:03:20.211-0100: 7385.157: Total time for which application threads were stopped: 0.0002581 seconds, Stopping threads took: 0.0000572 seconds
2018-01-08T13:03:20.212-0100: 7385.157: Total time for which application threads were stopped: 0.0002202 seconds, Stopping threads took: 0.0000491 seconds
2018-01-08T13:03:20.339-0100: 7385.285: Total time for which application threads were stopped: 0.0001342 seconds, Stopping threads took: 0.0000199 seconds
2018-01-08T13:03:30.210-0100: 7395.156: Total time for which application threads were stopped: 0.0002626 seconds, Stopping threads took: 0.0000666 seconds
2018-01-08T13:03:30.212-0100: 7395.157: Total time for which application threads were stopped: 0.0005786 seconds, Stopping threads took: 0.0000658 seconds
2018-01-08T13:03:30.212-0100: 7395.158: Total time for which application threads were stopped: 0.0003772 seconds, Stopping threads took: 0.0000440 seconds
{Heap before GC invocations=107 (full 2):
 par new generation   total 109248K, used 88566K [0x00000007a0000000, 0x00000007a8000000, 0x00000007a8000000)
  eden space 87424K, 100% used [0x00000007a0000000, 0x00000007a5560000, 0x00000007a5560000)
  from space 21824K,   5% used [0x00000007a6ab0000, 0x00000007a6bcda00, 0x00000007a8000000)
  to   space 21824K,   0% used [0x00000007a5560000, 0x00000007a5560000, 0x00000007a6ab0000)
 concurrent mark-sweep generation total 393216K, used 56036K [0x00000007a8000000, 0x00000007c0000000, 0x00000007c0000000)
 Metaspace       used 44071K, capacity 45591K, committed 45684K, reserved 1089536K
  class space    used 5091K, capacity 5436K, committed 5524K, reserved 1048576K
2018-01-08T13:03:30.278-0100: 7395.223: [GC (Allocation Failure) 2018-01-08T13:03:30.278-0100: 7395.224: [ParNew
Desired survivor size 20112992 bytes, new threshold 8 (max 8)
- age   1:     364744 bytes,     364744 total
- age   2:      43896 bytes,     408640 total
- age   3:      49416 bytes,     458056 total
- age   4:      23248 bytes,     481304 total
- age   5:      31112 bytes,     512416 total
- age   6:      34480 bytes,     546896 total
- age   7:      28472 bytes,     575368 total
- age   8:     116336 bytes,     691704 total
: 88566K->866K(109248K), 0.0037850 secs] 144603K->56918K(502464K), 0.0041597 secs] [Times: user=0.02 sys=0.00, real=0.01 secs] 
Heap after GC invocations=108 (full 2):
 par new generation   total 109248K, used 866K [0x00000007a0000000, 0x00000007a8000000, 0x00000007a8000000)
  eden space 87424K,   0% used [0x00000007a0000000, 0x00000007a0000000, 0x00000007a5560000)
  from space 21824K,   3% used [0x00000007a5560000, 0x00000007a5638978, 0x00000007a6ab0000)
  to   space 21824K,   0% used [0x00000007a6ab0000, 0x00000007a6ab0000, 0x00000007a8000000)
 concurrent mark-sweep generation total 393216K, used 56051K [0x00000007a8000000, 0x00000007c0000000, 0x00000007c0000000)
 Metaspace       used 44071K, capacity 45591K, committed 45684K, reserved 1089536K
  class space    used 5091K, capacity 5436K, committed 5524K, reserved 1048576K
}
2018-01-08T13:03:30.282-0100: 7395.228: Total time for which application threads were stopped: 0.0044106 seconds, Stopping threads took: 0.0000222 seconds
2018-01-08T13:03:30.330-0100: 7395.276: Total time for which application threads were stopped: 0.0001425 seconds, Stopping threads took: 0.0000225 seconds
2018-01-08T13:03:33.333-0100: 7398.279: Total time for which application threads were stopped: 0.0002418 seconds, Stopping threads took: 0.0000358 seconds
2018-01-08T13:03:36.342-0100: 7401.288: Total time for which application threads were stopped: 0.0001511 seconds, Stopping threads took: 0.0000256 seconds
2018-01-08T13:03:40.219-0100: 7405.164: Total time for which application threads were stopped: 0.0002403 seconds, Stopping threads took: 0.0000659 seconds
2018-01-08T13:03:40.219-0100: 7405.165: Total time for which application threads were stopped: 0.0002168 seconds, Stopping threads took: 0.0000239 seconds
2018-01-08T13:03:40.358-0100: 7405.304: Total time for which application threads were stopped: 0.0001580 seconds, Stopping threads took: 0.0000228 seconds
2018-01-08T13:03:43.641-0100: 7408.586: Total time for which application threads were stopped: 0.0001870 seconds, Stopping threads took: 0.0000251 seconds
2018-01-08T13:03:50.224-0100: 7415.170: Total time for which application threads were stopped: 0.0002815 seconds, Stopping threads took: 0.0000485 seconds
2018-01-08T13:03:50.225-0100: 7415.171: Total time for which application threads were stopped: 0.0002999 seconds, Stopping threads took: 0.0000692 seconds
{Heap before GC invocations=108 (full 2):
 par new generation   total 109248K, used 88290K [0x00000007a0000000, 0x00000007a8000000, 0x00000007a8000000)
  eden space 87424K, 100% used [0x00000007a0000000, 0x00000007a5560000, 0x00000007a5560000)
  from space 21824K,   3% used [0x00000007a5560000, 0x00000007a5638978, 0x00000007a6ab0000)
  to   space 21824K,   0% used [0x00000007a6ab0000, 0x00000007a6ab0000, 0x00000007a8000000)
 concurrent mark-sweep generation total 393216K, used 56051K [0x00000007a8000000, 0x00000007c0000000, 0x00000007c0000000)
 Metaspace       used 44072K, capacity 45591K, committed 45684K, reserved 1089536K
  class space    used 5091K, capacity 5436K, committed 5524K, reserved 1048576K
2018-01-08T13:03:50.261-0100: 7415.206: [GC (Allocation Failure) 2018-01-08T13:03:50.261-0100: 7415.207: [ParNew
Desired survivor size 20112992 bytes, new threshold 8 (max 8)
- age   1:     397416 bytes,     397416 total
- age   2:      44320 bytes,     441736 total
- age   3:      28264 bytes,     470000 total
- age   4:      46424 bytes,     516424 total
- age   5:      21832 bytes,     538256 total
- age   6:      30232 bytes,     568488 total
- age   7:      34480 bytes,     602968 total
- age   8:      28088 bytes,     631056 total
: 88290K->811K(109248K), 0.0038402 secs] 144342K->56976K(502464K), 0.0042952 secs] [Times: user=0.01 sys=0.00, real=0.00 secs] 
Heap after GC invocations=109 (full 2):
 par new generation   total 109248K, used 811K [0x00000007a0000000, 0x00000007a8000000, 0x00000007a8000000)
  eden space 87424K,   0% used [0x00000007a0000000, 0x00000007a0000000, 0x00000007a5560000)
  from space 21824K,   3% used [0x00000007a6ab0000, 0x00000007a6b7adf0, 0x00000007a8000000)
  to   space 21824K,   0% used [0x00000007a5560000, 0x00000007a5560000, 0x00000007a6ab0000)
 concurrent mark-sweep generation total 393216K, used 56164K [0x00000007a8000000, 0x00000007c0000000, 0x00000007c0000000)
 Metaspace       used 44072K, capacity 45591K, committed 45684K, reserved 1089536K
  class space    used 5091K, capacity 5436K, committed 5524K, reserved 1048576K
}
2018-01-08T13:03:50.265-0100: 7415.211: Total time for which application threads were stopped: 0.0045631 seconds, Stopping threads took: 0.0000241 seconds
2018-01-08T13:03:50.327-0100: 7415.273: Total time for which application threads were stopped: 0.0001359 seconds, Stopping threads took: 0.0000201 seconds
2018-01-08T13:04:00.227-0100: 7425.172: Total time for which application threads were stopped: 0.0002822 seconds, Stopping threads took: 0.0000730 seconds
2018-01-08T13:04:00.227-0100: 7425.173: Total time for which application threads were stopped: 0.0002302 seconds, Stopping threads took: 0.0000453 seconds
2018-01-08T13:04:00.335-0100: 7425.281: Total time for which application threads were stopped: 0.0001427 seconds, Stopping threads took: 0.0000202 seconds
2018-01-08T13:04:05.344-0100: 7430.289: Total time for which application threads were stopped: 0.0002918 seconds, Stopping threads took: 0.0000427 seconds
2018-01-08T13:04:10.234-0100: 7435.179: Total time for which application threads were stopped: 0.0003104 seconds, Stopping threads took: 0.0000603 seconds
2018-01-08T13:04:10.235-0100: 7435.180: Total time for which application threads were stopped: 0.0003724 seconds, Stopping threads took: 0.0000443 seconds
{Heap before GC invocations=109 (full 2):
 par new generation   total 109248K, used 88235K [0x00000007a0000000, 0x00000007a8000000, 0x00000007a8000000)
  eden space 87424K, 100% used [0x00000007a0000000, 0x00000007a5560000, 0x00000007a5560000)
  from space 21824K,   3% used [0x00000007a6ab0000, 0x00000007a6b7adf0, 0x00000007a8000000)
  to   space 21824K,   0% used [0x00000007a5560000, 0x00000007a5560000, 0x00000007a6ab0000)
 concurrent mark-sweep generation total 393216K, used 56164K [0x00000007a8000000, 0x00000007c0000000, 0x00000007c0000000)
 Metaspace       used 44073K, capacity 45591K, committed 45684K, reserved 1089536K
  class space    used 5091K, capacity 5436K, committed 5524K, reserved 1048576K
2018-01-08T13:04:10.249-0100: 7435.194: [GC (Allocation Failure) 2018-01-08T13:04:10.249-0100: 7435.194: [ParNew
Desired survivor size 20112992 bytes, new threshold 8 (max 8)
- age   1:     360448 bytes,     360448 total
- age   2:      84664 bytes,     445112 total
- age   3:      30288 bytes,     475400 total
- age   4:      26768 bytes,     502168 total
- age   5:      45008 bytes,     547176 total
- age   6:      20952 bytes,     568128 total
- age   7:      30232 bytes,     598360 total
- age   8:      34088 bytes,     632448 total
: 88235K->780K(109248K), 0.0039192 secs] 144400K->56972K(502464K), 0.0040279 secs] [Times: user=0.02 sys=0.00, real=0.01 secs] 
Heap after GC invocations=110 (full 2):
 par new generation   total 109248K, used 780K [0x00000007a0000000, 0x00000007a8000000, 0x00000007a8000000)
  eden space 87424K,   0% used [0x00000007a0000000, 0x00000007a0000000, 0x00000007a5560000)
  from space 21824K,   3% used [0x00000007a5560000, 0x00000007a5623280, 0x00000007a6ab0000)
  to   space 21824K,   0% used [0x00000007a6ab0000, 0x00000007a6ab0000, 0x00000007a8000000)
 concurrent mark-sweep generation total 393216K, used 56191K [0x00000007a8000000, 0x00000007c0000000, 0x00000007c0000000)
 Metaspace       used 44073K, capacity 45591K, committed 45684K, reserved 1089536K
  class space    used 5091K, capacity 5436K, committed 5524K, reserved 1048576K
}
2018-01-08T13:04:10.253-0100: 7435.198: Total time for which application threads were stopped: 0.0043002 seconds, Stopping threads took: 0.0000235 seconds
2018-01-08T13:04:10.339-0100: 7435.284: Total time for which application threads were stopped: 0.0001490 seconds, Stopping threads took: 0.0000335 seconds
2018-01-08T13:04:20.243-0100: 7445.188: Total time for which application threads were stopped: 0.0002768 seconds, Stopping threads took: 0.0000546 seconds
2018-01-08T13:04:20.244-0100: 7445.189: Total time for which application threads were stopped: 0.0002238 seconds, Stopping threads took: 0.0000589 seconds
2018-01-08T13:04:20.341-0100: 7445.286: Total time for which application threads were stopped: 0.0001456 seconds, Stopping threads took: 0.0000318 seconds
{Heap before GC invocations=110 (full 2):
 par new generation   total 109248K, used 88204K [0x00000007a0000000, 0x00000007a8000000, 0x00000007a8000000)
  eden space 87424K, 100% used [0x00000007a0000000, 0x00000007a5560000, 0x00000007a5560000)
  from space 21824K,   3% used [0x00000007a5560000, 0x00000007a5623280, 0x00000007a6ab0000)
  to   space 21824K,   0% used [0x00000007a6ab0000, 0x00000007a6ab0000, 0x00000007a8000000)
 concurrent mark-sweep generation total 393216K, used 56191K [0x00000007a8000000, 0x00000007c0000000, 0x00000007c0000000)
 Metaspace       used 44073K, capacity 45591K, committed 45684K, reserved 1089536K
  class space    used 5091K, capacity 5436K, committed 5524K, reserved 1048576K
2018-01-08T13:04:25.389-0100: 7450.335: [GC (Allocation Failure) 2018-01-08T13:04:25.390-0100: 7450.335: [ParNew
Desired survivor size 20112992 bytes, new threshold 8 (max 8)
- age   1:     303600 bytes,     303600 total
- age   2:      60216 bytes,     363816 total
- age   3:      70560 bytes,     434376 total
- age   4:      28760 bytes,     463136 total
- age   5:      25352 bytes,     488488 total
- age   6:      45008 bytes,     533496 total
- age   7:      20952 bytes,     554448 total
- age   8:      29912 bytes,     584360 total
: 88204K->811K(109248K), 0.0046083 secs] 144396K->57036K(502464K), 0.0047274 secs] [Times: user=0.02 sys=0.00, real=0.01 secs] 
Heap after GC invocations=111 (full 2):
 par new generation   total 109248K, used 811K [0x00000007a0000000, 0x00000007a8000000, 0x00000007a8000000)
  eden space 87424K,   0% used [0x00000007a0000000, 0x00000007a0000000, 0x00000007a5560000)
  from space 21824K,   3% used [0x00000007a6ab0000, 0x00000007a6b7afb0, 0x00000007a8000000)
  to   space 21824K,   0% used [0x00000007a5560000, 0x00000007a5560000, 0x00000007a6ab0000)
 concurrent mark-sweep generation total 393216K, used 56224K [0x00000007a8000000, 0x00000007c0000000, 0x00000007c0000000)
 Metaspace       used 44073K, capacity 45591K, committed 45684K, reserved 1089536K
  class space    used 5091K, capacity 5436K, committed 5524K, reserved 1048576K
}
2018-01-08T13:04:25.394-0100: 7450.340: Total time for which application threads were stopped: 0.0050758 seconds, Stopping threads took: 0.0000283 seconds
2018-01-08T13:04:30.245-0100: 7455.191: Total time for which application threads were stopped: 0.0002542 seconds, Stopping threads took: 0.0000561 seconds
2018-01-08T13:04:30.246-0100: 7455.192: Total time for which application threads were stopped: 0.0002984 seconds, Stopping threads took: 0.0000608 seconds
2018-01-08T13:04:30.353-0100: 7455.298: Total time for which application threads were stopped: 0.0001627 seconds, Stopping threads took: 0.0000247 seconds
2018-01-08T13:04:40.248-0100: 7465.193: Total time for which application threads were stopped: 0.0003368 seconds, Stopping threads took: 0.0000775 seconds
2018-01-08T13:04:40.249-0100: 7465.194: Total time for which application threads were stopped: 0.0002607 seconds, Stopping threads took: 0.0000460 seconds
{Heap before GC invocations=111 (full 2):
 par new generation   total 109248K, used 88235K [0x00000007a0000000, 0x00000007a8000000, 0x00000007a8000000)
  eden space 87424K, 100% used [0x00000007a0000000, 0x00000007a5560000, 0x00000007a5560000)
  from space 21824K,   3% used [0x00000007a6ab0000, 0x00000007a6b7afb0, 0x00000007a8000000)
  to   space 21824K,   0% used [0x00000007a5560000, 0x00000007a5560000, 0x00000007a6ab0000)
 concurrent mark-sweep generation total 393216K, used 56224K [0x00000007a8000000, 0x00000007c0000000, 0x00000007c0000000)
 Metaspace       used 44073K, capacity 45591K, committed 45684K, reserved 1089536K
  class space    used 5091K, capacity 5436K, committed 5524K, reserved 1048576K
2018-01-08T13:04:40.347-0100: 7465.292: [GC (Allocation Failure) 2018-01-08T13:04:40.347-0100: 7465.292: [ParNew
Desired survivor size 20112992 bytes, new threshold 8 (max 8)
- age   1:     352248 bytes,     352248 total
- age   2:      42584 bytes,     394832 total
- age   3:      31552 bytes,     426384 total
- age   4:      68184 bytes,     494568 total
- age   5:      26464 bytes,     521032 total
- age   6:      25352 bytes,     546384 total
- age   7:      45008 bytes,     591392 total
- age   8:      20856 bytes,     612248 total
: 88235K->812K(109248K), 0.0030360 secs] 144460K->57064K(502464K), 0.0031231 secs] [Times: user=0.00 sys=0.00, real=0.01 secs] 
Heap after GC invocations=112 (full 2):
 par new generation   total 109248K, used 812K [0x00000007a0000000, 0x00000007a8000000, 0x00000007a8000000)
  eden space 87424K,   0% used [0x00000007a0000000, 0x00000007a0000000, 0x00000007a5560000)
  from space 21824K,   3% used [0x00000007a5560000, 0x00000007a562b058, 0x00000007a6ab0000)
  to   space 21824K,   0% used [0x00000007a6ab0000, 0x00000007a6ab0000, 0x00000007a8000000)
 concurrent mark-sweep generation total 393216K, used 56252K [0x00000007a8000000, 0x00000007c0000000, 0x00000007c0000000)
 Metaspace       used 44073K, capacity 45591K, committed 45684K, reserved 1089536K
  class space    used 5091K, capacity 5436K, committed 5524K, reserved 1048576K
}
2018-01-08T13:04:40.350-0100: 7465.296: Total time for which application threads were stopped: 0.0033878 seconds, Stopping threads took: 0.0000389 seconds
2018-01-08T13:04:40.358-0100: 7465.303: Total time for which application threads were stopped: 0.0001369 seconds, Stopping threads took: 0.0000193 seconds
2018-01-08T13:04:50.255-0100: 7475.200: Total time for which application threads were stopped: 0.0002332 seconds, Stopping threads took: 0.0000395 seconds
2018-01-08T13:04:50.256-0100: 7475.201: Total time for which application threads were stopped: 0.0002309 seconds, Stopping threads took: 0.0000221 seconds
2018-01-08T13:04:50.354-0100: 7475.299: Total time for which application threads were stopped: 0.0003271 seconds, Stopping threads took: 0.0000204 seconds
2018-01-08T13:04:50.354-0100: 7475.299: Total time for which application threads were stopped: 0.0000856 seconds, Stopping threads took: 0.0000091 seconds
2018-01-08T13:04:57.369-0100: 7482.314: Total time for which application threads were stopped: 0.0002809 seconds, Stopping threads took: 0.0000419 seconds
2018-01-08T13:05:00.262-0100: 7485.207: Total time for which application threads were stopped: 0.0003539 seconds, Stopping threads took: 0.0000741 seconds
2018-01-08T13:05:00.263-0100: 7485.208: Total time for which application threads were stopped: 0.0002167 seconds, Stopping threads took: 0.0000413 seconds
{Heap before GC invocations=112 (full 2):
 par new generation   total 109248K, used 88236K [0x00000007a0000000, 0x00000007a8000000, 0x00000007a8000000)
  eden space 87424K, 100% used [0x00000007a0000000, 0x00000007a5560000, 0x00000007a5560000)
  from space 21824K,   3% used [0x00000007a5560000, 0x00000007a562b058, 0x00000007a6ab0000)
  to   space 21824K,   0% used [0x00000007a6ab0000, 0x00000007a6ab0000, 0x00000007a8000000)
 concurrent mark-sweep generation total 393216K, used 56252K [0x00000007a8000000, 0x00000007c0000000, 0x00000007c0000000)
 Metaspace       used 44074K, capacity 45591K, committed 45684K, reserved 1089536K
  class space    used 5091K, capacity 5436K, committed 5524K, reserved 1048576K
2018-01-08T13:05:00.340-0100: 7485.286: [GC (Allocation Failure) 2018-01-08T13:05:00.340-0100: 7485.286: [ParNew
Desired survivor size 20112992 bytes, new threshold 8 (max 8)
- age   1:     359000 bytes,     359000 total
- age   2:      36816 bytes,     395816 total
- age   3:      27200 bytes,     423016 total
- age   4:      30208 bytes,     453224 total
- age   5:      65856 bytes,     519080 total
- age   6:      26464 bytes,     545544 total
- age   7:      25208 bytes,     570752 total
- age   8:      44816 bytes,     615568 total
: 88236K->754K(109248K), 0.0033860 secs] 144488K->57026K(502464K), 0.0034859 secs] [Times: user=0.01 sys=0.00, real=0.00 secs] 
Heap after GC invocations=113 (full 2):
 par new generation   total 109248K, used 754K [0x00000007a0000000, 0x00000007a8000000, 0x00000007a8000000)
  eden space 87424K,   0% used [0x00000007a0000000, 0x00000007a0000000, 0x00000007a5560000)
  from space 21824K,   3% used [0x00000007a6ab0000, 0x00000007a6b6c980, 0x00000007a8000000)
  to   space 21824K,   0% used [0x00000007a5560000, 0x00000007a5560000, 0x00000007a6ab0000)
 concurrent mark-sweep generation total 393216K, used 56272K [0x00000007a8000000, 0x00000007c0000000, 0x00000007c0000000)
 Metaspace       used 44074K, capacity 45591K, committed 45684K, reserved 1089536K
  class space    used 5091K, capacity 5436K, committed 5524K, reserved 1048576K
}
2018-01-08T13:05:00.344-0100: 7485.289: Total time for which application threads were stopped: 0.0037329 seconds, Stopping threads took: 0.0000221 seconds
2018-01-08T13:05:00.371-0100: 7485.316: Total time for which application threads were stopped: 0.0001651 seconds, Stopping threads took: 0.0000228 seconds
2018-01-08T13:05:10.268-0100: 7495.213: Total time for which application threads were stopped: 0.0003141 seconds, Stopping threads took: 0.0000368 seconds
2018-01-08T13:05:10.269-0100: 7495.214: Total time for which application threads were stopped: 0.0003398 seconds, Stopping threads took: 0.0000574 seconds
2018-01-08T13:05:10.378-0100: 7495.323: Total time for which application threads were stopped: 0.0001339 seconds, Stopping threads took: 0.0000190 seconds
2018-01-08T13:05:14.392-0100: 7499.337: Total time for which application threads were stopped: 0.0003147 seconds, Stopping threads took: 0.0000419 seconds
2018-01-08T13:05:20.274-0100: 7505.219: Total time for which application threads were stopped: 0.0002770 seconds, Stopping threads took: 0.0000505 seconds
2018-01-08T13:05:20.275-0100: 7505.220: Total time for which application threads were stopped: 0.0002165 seconds, Stopping threads took: 0.0000366 seconds
{Heap before GC invocations=113 (full 2):
 par new generation   total 109248K, used 88178K [0x00000007a0000000, 0x00000007a8000000, 0x00000007a8000000)
  eden space 87424K, 100% used [0x00000007a0000000, 0x00000007a5560000, 0x00000007a5560000)
  from space 21824K,   3% used [0x00000007a6ab0000, 0x00000007a6b6c980, 0x00000007a8000000)
  to   space 21824K,   0% used [0x00000007a5560000, 0x00000007a5560000, 0x00000007a6ab0000)
 concurrent mark-sweep generation total 393216K, used 56272K [0x00000007a8000000, 0x00000007c0000000, 0x00000007c0000000)
 Metaspace       used 44080K, capacity 45655K, committed 45940K, reserved 1089536K
  class space    used 5091K, capacity 5436K, committed 5524K, reserved 1048576K
2018-01-08T13:05:20.327-0100: 7505.272: [GC (Allocation Failure) 2018-01-08T13:05:20.329-0100: 7505.274: [ParNew
Desired survivor size 20112992 bytes, new threshold 8 (max 8)
- age   1:     358696 bytes,     358696 total
- age   2:      43880 bytes,     402576 total
- age   3:      22000 bytes,     424576 total
- age   4:      27088 bytes,     451664 total
- age   5:      26496 bytes,     478160 total
- age   6:      65856 bytes,     544016 total
- age   7:      26320 bytes,     570336 total
- age   8:      24648 bytes,     594984 total
: 88178K->921K(109248K), 0.0035454 secs] 144450K->57236K(502464K), 0.0055327 secs] [Times: user=0.01 sys=0.00, real=0.01 secs] 
Heap after GC invocations=114 (full 2):
 par new generation   total 109248K, used 921K [0x00000007a0000000, 0x00000007a8000000, 0x00000007a8000000)
  eden space 87424K,   0% used [0x00000007a0000000, 0x00000007a0000000, 0x00000007a5560000)
  from space 21824K,   4% used [0x00000007a5560000, 0x00000007a5646430, 0x00000007a6ab0000)
  to   space 21824K,   0% used [0x00000007a6ab0000, 0x00000007a6ab0000, 0x00000007a8000000)
 concurrent mark-sweep generation total 393216K, used 56315K [0x00000007a8000000, 0x00000007c0000000, 0x00000007c0000000)
 Metaspace       used 44080K, capacity 45655K, committed 45940K, reserved 1089536K
  class space    used 5091K, capacity 5436K, committed 5524K, reserved 1048576K
}
2018-01-08T13:05:20.332-0100: 7505.278: Total time for which application threads were stopped: 0.0057645 seconds, Stopping threads took: 0.0000209 seconds
2018-01-08T13:05:20.377-0100: 7505.322: Total time for which application threads were stopped: 0.0001387 seconds, Stopping threads took: 0.0000204 seconds
2018-01-08T13:05:26.386-0100: 7511.331: Total time for which application threads were stopped: 0.0002101 seconds, Stopping threads took: 0.0000348 seconds
2018-01-08T13:05:30.276-0100: 7515.221: Total time for which application threads were stopped: 0.0002928 seconds, Stopping threads took: 0.0000406 seconds
2018-01-08T13:05:30.277-0100: 7515.222: Total time for which application threads were stopped: 0.0005729 seconds, Stopping threads took: 0.0000552 seconds
2018-01-08T13:05:30.278-0100: 7515.223: Total time for which application threads were stopped: 0.0004240 seconds, Stopping threads took: 0.0000391 seconds
2018-01-08T13:05:30.376-0100: 7515.322: Total time for which application threads were stopped: 0.0001376 seconds, Stopping threads took: 0.0000212 seconds
2018-01-08T13:05:40.280-0100: 7525.225: Total time for which application threads were stopped: 0.0002410 seconds, Stopping threads took: 0.0000399 seconds
2018-01-08T13:05:40.281-0100: 7525.226: Total time for which application threads were stopped: 0.0002594 seconds, Stopping threads took: 0.0000792 seconds
{Heap before GC invocations=114 (full 2):
 par new generation   total 109248K, used 88345K [0x00000007a0000000, 0x00000007a8000000, 0x00000007a8000000)
  eden space 87424K, 100% used [0x00000007a0000000, 0x00000007a5560000, 0x00000007a5560000)
  from space 21824K,   4% used [0x00000007a5560000, 0x00000007a5646430, 0x00000007a6ab0000)
  to   space 21824K,   0% used [0x00000007a6ab0000, 0x00000007a6ab0000, 0x00000007a8000000)
 concurrent mark-sweep generation total 393216K, used 56315K [0x00000007a8000000, 0x00000007c0000000, 0x00000007c0000000)
 Metaspace       used 44080K, capacity 45655K, committed 45940K, reserved 1089536K
  class space    used 5091K, capacity 5436K, committed 5524K, reserved 1048576K
2018-01-08T13:05:40.319-0100: 7525.264: [GC (Allocation Failure) 2018-01-08T13:05:40.319-0100: 7525.264: [ParNew
Desired survivor size 20112992 bytes, new threshold 8 (max 8)
- age   1:     365128 bytes,     365128 total
- age   2:      43664 bytes,     408792 total
- age   3:      29848 bytes,     438640 total
- age   4:      19648 bytes,     458288 total
- age   5:      24792 bytes,     483080 total
- age   6:      26496 bytes,     509576 total
- age   7:      65880 bytes,     575456 total
- age   8:      25744 bytes,     601200 total
: 88345K->761K(109248K), 0.0044204 secs] 144660K->57100K(502464K), 0.0047822 secs] [Times: user=0.01 sys=0.00, real=0.01 secs] 
Heap after GC invocations=115 (full 2):
 par new generation   total 109248K, used 761K [0x00000007a0000000, 0x00000007a8000000, 0x00000007a8000000)
  eden space 87424K,   0% used [0x00000007a0000000, 0x00000007a0000000, 0x00000007a5560000)
  from space 21824K,   3% used [0x00000007a6ab0000, 0x00000007a6b6e548, 0x00000007a8000000)
  to   space 21824K,   0% used [0x00000007a5560000, 0x00000007a5560000, 0x00000007a6ab0000)
 concurrent mark-sweep generation total 393216K, used 56339K [0x00000007a8000000, 0x00000007c0000000, 0x00000007c0000000)
 Metaspace       used 44080K, capacity 45655K, committed 45940K, reserved 1089536K
  class space    used 5091K, capacity 5436K, committed 5524K, reserved 1048576K
}
2018-01-08T13:05:40.324-0100: 7525.269: Total time for which application threads were stopped: 0.0050573 seconds, Stopping threads took: 0.0000234 seconds
2018-01-08T13:05:40.403-0100: 7525.348: Total time for which application threads were stopped: 0.0001422 seconds, Stopping threads took: 0.0000190 seconds
2018-01-08T13:05:43.411-0100: 7528.356: Total time for which application threads were stopped: 0.0002981 seconds, Stopping threads took: 0.0000422 seconds
2018-01-08T13:05:44.000-0100: 7528.945: Total time for which application threads were stopped: 0.0002241 seconds, Stopping threads took: 0.0000309 seconds
2018-01-08T13:05:44.392-0100: 7529.337: Total time for which application threads were stopped: 0.0003803 seconds, Stopping threads took: 0.0000384 seconds
2018-01-08T13:05:50.281-0100: 7535.226: Total time for which application threads were stopped: 0.0002435 seconds, Stopping threads took: 0.0000500 seconds
2018-01-08T13:05:50.282-0100: 7535.227: Total time for which application threads were stopped: 0.0001987 seconds, Stopping threads took: 0.0000356 seconds
2018-01-08T13:05:50.384-0100: 7535.329: Total time for which application threads were stopped: 0.0001500 seconds, Stopping threads took: 0.0000222 seconds
2018-01-08T13:05:54.392-0100: 7539.337: Total time for which application threads were stopped: 0.0003136 seconds, Stopping threads took: 0.0000405 seconds
2018-01-08T13:06:00.293-0100: 7545.238: Total time for which application threads were stopped: 0.0002596 seconds, Stopping threads took: 0.0000494 seconds
2018-01-08T13:06:00.294-0100: 7545.239: Total time for which application threads were stopped: 0.0002464 seconds, Stopping threads took: 0.0000431 seconds
{Heap before GC invocations=115 (full 2):
 par new generation   total 109248K, used 88185K [0x00000007a0000000, 0x00000007a8000000, 0x00000007a8000000)
  eden space 87424K, 100% used [0x00000007a0000000, 0x00000007a5560000, 0x00000007a5560000)
  from space 21824K,   3% used [0x00000007a6ab0000, 0x00000007a6b6e548, 0x00000007a8000000)
  to   space 21824K,   0% used [0x00000007a5560000, 0x00000007a5560000, 0x00000007a6ab0000)
 concurrent mark-sweep generation total 393216K, used 56339K [0x00000007a8000000, 0x00000007c0000000, 0x00000007c0000000)
 Metaspace       used 44080K, capacity 45655K, committed 45940K, reserved 1089536K
  class space    used 5091K, capacity 5436K, committed 5524K, reserved 1048576K
2018-01-08T13:06:00.301-0100: 7545.246: [GC (Allocation Failure) 2018-01-08T13:06:00.301-0100: 7545.246: [ParNew
Desired survivor size 20112992 bytes, new threshold 8 (max 8)
- age   1:     379136 bytes,     379136 total
- age   2:      42792 bytes,     421928 total
- age   3:      29528 bytes,     451456 total
- age   4:      26384 bytes,     477840 total
- age   5:      18208 bytes,     496048 total
- age   6:      20184 bytes,     516232 total
- age   7:      25896 bytes,     542128 total
- age   8:      65312 bytes,     607440 total
: 88185K->731K(109248K), 0.0041097 secs] 144524K->57095K(502464K), 0.0045051 secs] [Times: user=0.01 sys=0.00, real=0.00 secs] 
Heap after GC invocations=116 (full 2):
 par new generation   total 109248K, used 731K [0x00000007a0000000, 0x00000007a8000000, 0x00000007a8000000)
  eden space 87424K,   0% used [0x00000007a0000000, 0x00000007a0000000, 0x00000007a5560000)
  from space 21824K,   3% used [0x00000007a5560000, 0x00000007a5616dd0, 0x00000007a6ab0000)
  to   space 21824K,   0% used [0x00000007a6ab0000, 0x00000007a6ab0000, 0x00000007a8000000)
 concurrent mark-sweep generation total 393216K, used 56363K [0x00000007a8000000, 0x00000007c0000000, 0x00000007c0000000)
 Metaspace       used 44080K, capacity 45655K, committed 45940K, reserved 1089536K
  class space    used 5091K, capacity 5436K, committed 5524K, reserved 1048576K
}
2018-01-08T13:06:00.305-0100: 7545.250: Total time for which application threads were stopped: 0.0048367 seconds, Stopping threads took: 0.0000727 seconds
2018-01-08T13:06:00.408-0100: 7545.353: Total time for which application threads were stopped: 0.0001365 seconds, Stopping threads took: 0.0000197 seconds
2018-01-08T13:06:10.288-0100: 7555.233: Total time for which application threads were stopped: 0.0002572 seconds, Stopping threads took: 0.0000529 seconds
2018-01-08T13:06:10.289-0100: 7555.234: Total time for which application threads were stopped: 0.0002506 seconds, Stopping threads took: 0.0000861 seconds
2018-01-08T13:06:10.386-0100: 7555.331: Total time for which application threads were stopped: 0.0001472 seconds, Stopping threads took: 0.0000313 seconds
{Heap before GC invocations=116 (full 2):
 par new generation   total 109248K, used 88155K [0x00000007a0000000, 0x00000007a8000000, 0x00000007a8000000)
  eden space 87424K, 100% used [0x00000007a0000000, 0x00000007a5560000, 0x00000007a5560000)
  from space 21824K,   3% used [0x00000007a5560000, 0x00000007a5616dd0, 0x00000007a6ab0000)
  to   space 21824K,   0% used [0x00000007a6ab0000, 0x00000007a6ab0000, 0x00000007a8000000)
 concurrent mark-sweep generation total 393216K, used 56363K [0x00000007a8000000, 0x00000007c0000000, 0x00000007c0000000)
 Metaspace       used 44082K, capacity 45655K, committed 45940K, reserved 1089536K
  class space    used 5091K, capacity 5436K, committed 5524K, reserved 1048576K
2018-01-08T13:06:13.472-0100: 7558.417: [GC (Allocation Failure) 2018-01-08T13:06:13.472-0100: 7558.417: [ParNew
Desired survivor size 20112992 bytes, new threshold 8 (max 8)
- age   1:     285104 bytes,     285104 total
- age   2:      71152 bytes,     356256 total
- age   3:      28464 bytes,     384720 total
- age   4:      27152 bytes,     411872 total
- age   5:      24880 bytes,     436752 total
- age   6:      18208 bytes,     454960 total
- age   7:      20136 bytes,     475096 total
- age   8:      25544 bytes,     500640 total
: 88155K->766K(109248K), 0.0052026 secs] 144519K->57194K(502464K), 0.0053627 secs] [Times: user=0.02 sys=0.00, real=0.00 secs] 
Heap after GC invocations=117 (full 2):
 par new generation   total 109248K, used 766K [0x00000007a0000000, 0x00000007a8000000, 0x00000007a8000000)
  eden space 87424K,   0% used [0x00000007a0000000, 0x00000007a0000000, 0x00000007a5560000)
  from space 21824K,   3% used [0x00000007a6ab0000, 0x00000007a6b6fbb0, 0x00000007a8000000)
  to   space 21824K,   0% used [0x00000007a5560000, 0x00000007a5560000, 0x00000007a6ab0000)
 concurrent mark-sweep generation total 393216K, used 56427K [0x00000007a8000000, 0x00000007c0000000, 0x00000007c0000000)
 Metaspace       used 44082K, capacity 45655K, committed 45940K, reserved 1089536K
  class space    used 5091K, capacity 5436K, committed 5524K, reserved 1048576K
}
2018-01-08T13:06:13.477-0100: 7558.422: Total time for which application threads were stopped: 0.0057784 seconds, Stopping threads took: 0.0000393 seconds
2018-01-08T13:06:20.298-0100: 7565.243: Total time for which application threads were stopped: 0.0002434 seconds, Stopping threads took: 0.0000431 seconds
2018-01-08T13:06:20.298-0100: 7565.244: Total time for which application threads were stopped: 0.0003174 seconds, Stopping threads took: 0.0000891 seconds
2018-01-08T13:06:20.396-0100: 7565.341: Total time for which application threads were stopped: 0.0001415 seconds, Stopping threads took: 0.0000203 seconds
2018-01-08T13:06:30.295-0100: 7575.240: Total time for which application threads were stopped: 0.0002257 seconds, Stopping threads took: 0.0000421 seconds
2018-01-08T13:06:30.296-0100: 7575.241: Total time for which application threads were stopped: 0.0002122 seconds, Stopping threads took: 0.0000478 seconds
{Heap before GC invocations=117 (full 2):
 par new generation   total 109248K, used 88190K [0x00000007a0000000, 0x00000007a8000000, 0x00000007a8000000)
  eden space 87424K, 100% used [0x00000007a0000000, 0x00000007a5560000, 0x00000007a5560000)
  from space 21824K,   3% used [0x00000007a6ab0000, 0x00000007a6b6fbb0, 0x00000007a8000000)
  to   space 21824K,   0% used [0x00000007a5560000, 0x00000007a5560000, 0x00000007a6ab0000)
 concurrent mark-sweep generation total 393216K, used 56427K [0x00000007a8000000, 0x00000007c0000000, 0x00000007c0000000)
 Metaspace       used 44090K, capacity 45655K, committed 45940K, reserved 1089536K
  class space    used 5091K, capacity 5436K, committed 5524K, reserved 1048576K
2018-01-08T13:06:30.385-0100: 7575.330: [GC (Allocation Failure) 2018-01-08T13:06:30.386-0100: 7575.331: [ParNew
Desired survivor size 20112992 bytes, new threshold 8 (max 8)
- age   1:     358192 bytes,     358192 total
- age   2:      34808 bytes,     393000 total
- age   3:      41256 bytes,     434256 total
- age   4:      26968 bytes,     461224 total
- age   5:      24824 bytes,     486048 total
- age   6:      24768 bytes,     510816 total
- age   7:      18208 bytes,     529024 total
- age   8:      20048 bytes,     549072 total
: 88190K->687K(109248K), 0.0034201 secs] 144618K->57139K(502464K), 0.0037914 secs] [Times: user=0.01 sys=0.00, real=0.00 secs] 
Heap after GC invocations=118 (full 2):
 par new generation   total 109248K, used 687K [0x00000007a0000000, 0x00000007a8000000, 0x00000007a8000000)
  eden space 87424K,   0% used [0x00000007a0000000, 0x00000007a0000000, 0x00000007a5560000)
  from space 21824K,   3% used [0x00000007a5560000, 0x00000007a560be58, 0x00000007a6ab0000)
  to   space 21824K,   0% used [0x00000007a6ab0000, 0x00000007a6ab0000, 0x00000007a8000000)
 concurrent mark-sweep generation total 393216K, used 56452K [0x00000007a8000000, 0x00000007c0000000, 0x00000007c0000000)
 Metaspace       used 44090K, capacity 45655K, committed 45940K, reserved 1089536K
  class space    used 5091K, capacity 5436K, committed 5524K, reserved 1048576K
}
2018-01-08T13:06:30.389-0100: 7575.334: Total time for which application threads were stopped: 0.0040635 seconds, Stopping threads took: 0.0000330 seconds
2018-01-08T13:06:30.402-0100: 7575.347: Total time for which application threads were stopped: 0.0001425 seconds, Stopping threads took: 0.0000192 seconds
2018-01-08T13:06:32.407-0100: 7577.352: Total time for which application threads were stopped: 0.0001949 seconds, Stopping threads took: 0.0000299 seconds
2018-01-08T13:06:40.298-0100: 7585.243: Total time for which application threads were stopped: 0.0002207 seconds, Stopping threads took: 0.0000395 seconds
2018-01-08T13:06:40.299-0100: 7585.244: Total time for which application threads were stopped: 0.0002624 seconds, Stopping threads took: 0.0000383 seconds
2018-01-08T13:06:40.413-0100: 7585.358: Total time for which application threads were stopped: 0.0001311 seconds, Stopping threads took: 0.0000179 seconds
2018-01-08T13:06:44.423-0100: 7589.368: Total time for which application threads were stopped: 0.0001889 seconds, Stopping threads took: 0.0000332 seconds
2018-01-08T13:06:45.596-0100: 7590.541: Total time for which application threads were stopped: 0.0004110 seconds, Stopping threads took: 0.0000245 seconds
2018-01-08T13:06:50.305-0100: 7595.250: Total time for which application threads were stopped: 0.0010034 seconds, Stopping threads took: 0.0007817 seconds
2018-01-08T13:06:50.306-0100: 7595.251: Total time for which application threads were stopped: 0.0003047 seconds, Stopping threads took: 0.0001331 seconds
{Heap before GC invocations=118 (full 2):
 par new generation   total 109248K, used 88111K [0x00000007a0000000, 0x00000007a8000000, 0x00000007a8000000)
  eden space 87424K, 100% used [0x00000007a0000000, 0x00000007a5560000, 0x00000007a5560000)
  from space 21824K,   3% used [0x00000007a5560000, 0x00000007a560be58, 0x00000007a6ab0000)
  to   space 21824K,   0% used [0x00000007a6ab0000, 0x00000007a6ab0000, 0x00000007a8000000)
 concurrent mark-sweep generation total 393216K, used 56452K [0x00000007a8000000, 0x00000007c0000000, 0x00000007c0000000)
 Metaspace       used 44120K, capacity 45655K, committed 45940K, reserved 1089536K
  class space    used 5091K, capacity 5436K, committed 5524K, reserved 1048576K
2018-01-08T13:06:50.370-0100: 7595.315: [GC (Allocation Failure) 2018-01-08T13:06:50.370-0100: 7595.315: [ParNew
Desired survivor size 20112992 bytes, new threshold 8 (max 8)
- age   1:     379736 bytes,     379736 total
- age   2:      44392 bytes,     424128 total
- age   3:      18656 bytes,     442784 total
- age   4:      40504 bytes,     483288 total
- age   5:      24672 bytes,     507960 total
- age   6:      24600 bytes,     532560 total
- age   7:      24768 bytes,     557328 total
- age   8:      18016 bytes,     575344 total
: 88111K->813K(109248K), 0.0033389 secs] 144563K->57284K(502464K), 0.0034232 secs] [Times: user=0.01 sys=0.00, real=0.00 secs] 
Heap after GC invocations=119 (full 2):
 par new generation   total 109248K, used 813K [0x00000007a0000000, 0x00000007a8000000, 0x00000007a8000000)
  eden space 87424K,   0% used [0x00000007a0000000, 0x00000007a0000000, 0x00000007a5560000)
  from space 21824K,   3% used [0x00000007a6ab0000, 0x00000007a6b7b4d0, 0x00000007a8000000)
  to   space 21824K,   0% used [0x00000007a5560000, 0x00000007a5560000, 0x00000007a6ab0000)
 concurrent mark-sweep generation total 393216K, used 56471K [0x00000007a8000000, 0x00000007c0000000, 0x00000007c0000000)
 Metaspace       used 44120K, capacity 45655K, committed 45940K, reserved 1089536K
  class space    used 5091K, capacity 5436K, committed 5524K, reserved 1048576K
}
2018-01-08T13:06:50.373-0100: 7595.318: Total time for which application threads were stopped: 0.0036476 seconds, Stopping threads took: 0.0000201 seconds
2018-01-08T13:06:50.407-0100: 7595.352: Total time for which application threads were stopped: 0.0001304 seconds, Stopping threads took: 0.0000197 seconds
2018-01-08T13:07:00.310-0100: 7605.255: Total time for which application threads were stopped: 0.0002050 seconds, Stopping threads took: 0.0000284 seconds
2018-01-08T13:07:00.311-0100: 7605.256: Total time for which application threads were stopped: 0.0001904 seconds, Stopping threads took: 0.0000368 seconds
2018-01-08T13:07:00.428-0100: 7605.373: Total time for which application threads were stopped: 0.0001306 seconds, Stopping threads took: 0.0000186 seconds
2018-01-08T13:07:10.309-0100: 7615.254: Total time for which application threads were stopped: 0.0003190 seconds, Stopping threads took: 0.0000533 seconds
2018-01-08T13:07:10.310-0100: 7615.255: Total time for which application threads were stopped: 0.0002496 seconds, Stopping threads took: 0.0000456 seconds
{Heap before GC invocations=119 (full 2):
 par new generation   total 109248K, used 88237K [0x00000007a0000000, 0x00000007a8000000, 0x00000007a8000000)
  eden space 87424K, 100% used [0x00000007a0000000, 0x00000007a5560000, 0x00000007a5560000)
  from space 21824K,   3% used [0x00000007a6ab0000, 0x00000007a6b7b4d0, 0x00000007a8000000)
  to   space 21824K,   0% used [0x00000007a5560000, 0x00000007a5560000, 0x00000007a6ab0000)
 concurrent mark-sweep generation total 393216K, used 56471K [0x00000007a8000000, 0x00000007c0000000, 0x00000007c0000000)
 Metaspace       used 44122K, capacity 45655K, committed 45940K, reserved 1089536K
  class space    used 5091K, capacity 5436K, committed 5524K, reserved 1048576K
2018-01-08T13:07:10.357-0100: 7615.302: [GC (Allocation Failure) 2018-01-08T13:07:10.357-0100: 7615.302: [ParNew
Desired survivor size 20112992 bytes, new threshold 8 (max 8)
- age   1:     363120 bytes,     363120 total
- age   2:      54616 bytes,     417736 total
- age   3:      29480 bytes,     447216 total
- age   4:      18576 bytes,     465792 total
- age   5:      36792 bytes,     502584 total
- age   6:      24672 bytes,     527256 total
- age   7:      24600 bytes,     551856 total
- age   8:      24352 bytes,     576208 total
: 88237K->745K(109248K), 0.0030736 secs] 144708K->57233K(502464K), 0.0031599 secs] [Times: user=0.01 sys=0.00, real=0.01 secs] 
Heap after GC invocations=120 (full 2):
 par new generation   total 109248K, used 745K [0x00000007a0000000, 0x00000007a8000000, 0x00000007a8000000)
  eden space 87424K,   0% used [0x00000007a0000000, 0x00000007a0000000, 0x00000007a5560000)
  from space 21824K,   3% used [0x00000007a5560000, 0x00000007a561a658, 0x00000007a6ab0000)
  to   space 21824K,   0% used [0x00000007a6ab0000, 0x00000007a6ab0000, 0x00000007a8000000)
 concurrent mark-sweep generation total 393216K, used 56488K [0x00000007a8000000, 0x00000007c0000000, 0x00000007c0000000)
 Metaspace       used 44122K, capacity 45655K, committed 45940K, reserved 1089536K
  class space    used 5091K, capacity 5436K, committed 5524K, reserved 1048576K
}
2018-01-08T13:07:10.361-0100: 7615.305: Total time for which application threads were stopped: 0.0033847 seconds, Stopping threads took: 0.0000219 seconds
2018-01-08T13:07:10.411-0100: 7615.356: Total time for which application threads were stopped: 0.0001306 seconds, Stopping threads took: 0.0000195 seconds
2018-01-08T13:07:20.314-0100: 7625.259: Total time for which application threads were stopped: 0.0002862 seconds, Stopping threads took: 0.0000651 seconds
2018-01-08T13:07:20.315-0100: 7625.260: Total time for which application threads were stopped: 0.0002293 seconds, Stopping threads took: 0.0000479 seconds
2018-01-08T13:07:20.417-0100: 7625.362: Total time for which application threads were stopped: 0.0001388 seconds, Stopping threads took: 0.0000196 seconds
2018-01-08T13:07:30.321-0100: 7635.266: Total time for which application threads were stopped: 0.0002969 seconds, Stopping threads took: 0.0000652 seconds
2018-01-08T13:07:30.322-0100: 7635.267: Total time for which application threads were stopped: 0.0005246 seconds, Stopping threads took: 0.0000547 seconds
2018-01-08T13:07:30.323-0100: 7635.268: Total time for which application threads were stopped: 0.0004703 seconds, Stopping threads took: 0.0000498 seconds
{Heap before GC invocations=120 (full 2):
 par new generation   total 109248K, used 88169K [0x00000007a0000000, 0x00000007a8000000, 0x00000007a8000000)
  eden space 87424K, 100% used [0x00000007a0000000, 0x00000007a5560000, 0x00000007a5560000)
  from space 21824K,   3% used [0x00000007a5560000, 0x00000007a561a658, 0x00000007a6ab0000)
  to   space 21824K,   0% used [0x00000007a6ab0000, 0x00000007a6ab0000, 0x00000007a8000000)
 concurrent mark-sweep generation total 393216K, used 56488K [0x00000007a8000000, 0x00000007c0000000, 0x00000007c0000000)
 Metaspace       used 44122K, capacity 45655K, committed 45940K, reserved 1089536K
  class space    used 5091K, capacity 5436K, committed 5524K, reserved 1048576K
2018-01-08T13:07:30.355-0100: 7635.300: [GC (Allocation Failure) 2018-01-08T13:07:30.355-0100: 7635.300: [ParNew
Desired survivor size 20112992 bytes, new threshold 8 (max 8)
- age   1:     364464 bytes,     364464 total
- age   2:      43728 bytes,     408192 total
- age   3:      40480 bytes,     448672 total
- age   4:      27952 bytes,     476624 total
- age   5:      17160 bytes,     493784 total
- age   6:      36792 bytes,     530576 total
- age   7:      24672 bytes,     555248 total
- age   8:      24088 bytes,     579336 total
: 88169K->722K(109248K), 0.0039598 secs] 144657K->57233K(502464K), 0.0040687 secs] [Times: user=0.01 sys=0.00, real=0.00 secs] 
Heap after GC invocations=121 (full 2):
 par new generation   total 109248K, used 722K [0x00000007a0000000, 0x00000007a8000000, 0x00000007a8000000)
  eden space 87424K,   0% used [0x00000007a0000000, 0x00000007a0000000, 0x00000007a5560000)
  from space 21824K,   3% used [0x00000007a6ab0000, 0x00000007a6b64960, 0x00000007a8000000)
  to   space 21824K,   0% used [0x00000007a5560000, 0x00000007a5560000, 0x00000007a6ab0000)
 concurrent mark-sweep generation total 393216K, used 56511K [0x00000007a8000000, 0x00000007c0000000, 0x00000007c0000000)
 Metaspace       used 44122K, capacity 45655K, committed 45940K, reserved 1089536K
  class space    used 5091K, capacity 5436K, committed 5524K, reserved 1048576K
}
2018-01-08T13:07:30.360-0100: 7635.304: Total time for which application threads were stopped: 0.0043366 seconds, Stopping threads took: 0.0000229 seconds
2018-01-08T13:07:30.429-0100: 7635.374: Total time for which application threads were stopped: 0.0001326 seconds, Stopping threads took: 0.0000199 seconds
2018-01-08T13:07:40.326-0100: 7645.271: Total time for which application threads were stopped: 0.0002681 seconds, Stopping threads took: 0.0000565 seconds
2018-01-08T13:07:40.327-0100: 7645.272: Total time for which application threads were stopped: 0.0002430 seconds, Stopping threads took: 0.0000244 seconds
2018-01-08T13:07:40.427-0100: 7645.372: Total time for which application threads were stopped: 0.0001311 seconds, Stopping threads took: 0.0000186 seconds
2018-01-08T13:07:47.194-0100: 7652.139: Total time for which application threads were stopped: 0.0008608 seconds, Stopping threads took: 0.0004860 seconds
2018-01-08T13:07:47.195-0100: 7652.140: Total time for which application threads were stopped: 0.0002338 seconds, Stopping threads took: 0.0000385 seconds
2018-01-08T13:07:48.199-0100: 7653.144: Total time for which application threads were stopped: 0.0002948 seconds, Stopping threads took: 0.0000494 seconds
2018-01-08T13:07:50.328-0100: 7655.273: Total time for which application threads were stopped: 0.0003048 seconds, Stopping threads took: 0.0000596 seconds
2018-01-08T13:07:50.329-0100: 7655.274: Total time for which application threads were stopped: 0.0003231 seconds, Stopping threads took: 0.0000509 seconds
{Heap before GC invocations=121 (full 2):
 par new generation   total 109248K, used 88146K [0x00000007a0000000, 0x00000007a8000000, 0x00000007a8000000)
  eden space 87424K, 100% used [0x00000007a0000000, 0x00000007a5560000, 0x00000007a5560000)
  from space 21824K,   3% used [0x00000007a6ab0000, 0x00000007a6b64960, 0x00000007a8000000)
  to   space 21824K,   0% used [0x00000007a5560000, 0x00000007a5560000, 0x00000007a6ab0000)
 concurrent mark-sweep generation total 393216K, used 56511K [0x00000007a8000000, 0x00000007c0000000, 0x00000007c0000000)
 Metaspace       used 44128K, capacity 45655K, committed 45940K, reserved 1089536K
  class space    used 5092K, capacity 5436K, committed 5524K, reserved 1048576K
2018-01-08T13:07:50.335-0100: 7655.280: [GC (Allocation Failure) 2018-01-08T13:07:50.336-0100: 7655.280: [ParNew
Desired survivor size 20112992 bytes, new threshold 8 (max 8)
- age   1:     404528 bytes,     404528 total
- age   2:      44200 bytes,     448728 total
- age   3:      28952 bytes,     477680 total
- age   4:      36608 bytes,     514288 total
- age   5:      26536 bytes,     540824 total
- age   6:      17160 bytes,     557984 total
- age   7:      36792 bytes,     594776 total
- age   8:      24320 bytes,     619096 total
: 88146K->993K(109248K), 0.0045289 secs] 144657K->57527K(502464K), 0.0046205 secs] [Times: user=0.01 sys=0.00, real=0.01 secs] 
Heap after GC invocations=122 (full 2):
 par new generation   total 109248K, used 993K [0x00000007a0000000, 0x00000007a8000000, 0x00000007a8000000)
  eden space 87424K,   0% used [0x00000007a0000000, 0x00000007a0000000, 0x00000007a5560000)
  from space 21824K,   4% used [0x00000007a5560000, 0x00000007a5658480, 0x00000007a6ab0000)
  to   space 21824K,   0% used [0x00000007a6ab0000, 0x00000007a6ab0000, 0x00000007a8000000)
 concurrent mark-sweep generation total 393216K, used 56533K [0x00000007a8000000, 0x00000007c0000000, 0x00000007c0000000)
 Metaspace       used 44128K, capacity 45655K, committed 45940K, reserved 1089536K
  class space    used 5092K, capacity 5436K, committed 5524K, reserved 1048576K
}
2018-01-08T13:07:50.340-0100: 7655.285: Total time for which application threads were stopped: 0.0048838 seconds, Stopping threads took: 0.0000221 seconds
2018-01-08T13:07:50.431-0100: 7655.375: Total time for which application threads were stopped: 0.0001342 seconds, Stopping threads took: 0.0000187 seconds
2018-01-08T13:08:00.325-0100: 7665.270: Total time for which application threads were stopped: 0.0002107 seconds, Stopping threads took: 0.0000288 seconds
2018-01-08T13:08:00.326-0100: 7665.271: Total time for which application threads were stopped: 0.0002518 seconds, Stopping threads took: 0.0000382 seconds
2018-01-08T13:08:00.431-0100: 7665.376: Total time for which application threads were stopped: 0.0001393 seconds, Stopping threads took: 0.0000202 seconds
{Heap before GC invocations=122 (full 2):
 par new generation   total 109248K, used 88417K [0x00000007a0000000, 0x00000007a8000000, 0x00000007a8000000)
  eden space 87424K, 100% used [0x00000007a0000000, 0x00000007a5560000, 0x00000007a5560000)
  from space 21824K,   4% used [0x00000007a5560000, 0x00000007a5658480, 0x00000007a6ab0000)
  to   space 21824K,   0% used [0x00000007a6ab0000, 0x00000007a6ab0000, 0x00000007a8000000)
 concurrent mark-sweep generation total 393216K, used 56533K [0x00000007a8000000, 0x00000007c0000000, 0x00000007c0000000)
 Metaspace       used 44132K, capacity 45687K, committed 45940K, reserved 1089536K
  class space    used 5092K, capacity 5468K, committed 5524K, reserved 1048576K
2018-01-08T13:08:03.558-0100: 7668.503: [GC (Allocation Failure) 2018-01-08T13:08:03.558-0100: 7668.503: [ParNew
Desired survivor size 20112992 bytes, new threshold 8 (max 8)
- age   1:     304256 bytes,     304256 total
- age   2:     103208 bytes,     407464 total
- age   3:      29360 bytes,     436824 total
- age   4:      27456 bytes,     464280 total
- age   5:      35192 bytes,     499472 total
- age   6:      26536 bytes,     526008 total
- age   7:      17160 bytes,     543168 total
- age   8:      36696 bytes,     579864 total
: 88417K->688K(109248K), 0.0048711 secs] 144951K->57245K(502464K), 0.0050103 secs] [Times: user=0.01 sys=0.01, real=0.01 secs] 
Heap after GC invocations=123 (full 2):
 par new generation   total 109248K, used 688K [0x00000007a0000000, 0x00000007a8000000, 0x00000007a8000000)
  eden space 87424K,   0% used [0x00000007a0000000, 0x00000007a0000000, 0x00000007a5560000)
  from space 21824K,   3% used [0x00000007a6ab0000, 0x00000007a6b5c0d0, 0x00000007a8000000)
  to   space 21824K,   0% used [0x00000007a5560000, 0x00000007a5560000, 0x00000007a6ab0000)
 concurrent mark-sweep generation total 393216K, used 56557K [0x00000007a8000000, 0x00000007c0000000, 0x00000007c0000000)
 Metaspace       used 44132K, capacity 45687K, committed 45940K, reserved 1089536K
  class space    used 5092K, capacity 5468K, committed 5524K, reserved 1048576K
}
2018-01-08T13:08:03.563-0100: 7668.508: Total time for which application threads were stopped: 0.0053544 seconds, Stopping threads took: 0.0000279 seconds
2018-01-08T13:08:10.332-0100: 7675.277: Total time for which application threads were stopped: 0.0002705 seconds, Stopping threads took: 0.0000502 seconds
2018-01-08T13:08:10.333-0100: 7675.278: Total time for which application threads were stopped: 0.0002824 seconds, Stopping threads took: 0.0000485 seconds
2018-01-08T13:08:10.441-0100: 7675.386: Total time for which application threads were stopped: 0.0001533 seconds, Stopping threads took: 0.0000232 seconds
2018-01-08T13:08:13.442-0100: 7678.386: Total time for which application threads were stopped: 0.0003093 seconds, Stopping threads took: 0.0000401 seconds
2018-01-08T13:08:20.335-0100: 7685.280: Total time for which application threads were stopped: 0.0002204 seconds, Stopping threads took: 0.0000294 seconds
2018-01-08T13:08:20.336-0100: 7685.280: Total time for which application threads were stopped: 0.0002354 seconds, Stopping threads took: 0.0000654 seconds
{Heap before GC invocations=123 (full 2):
 par new generation   total 109248K, used 88112K [0x00000007a0000000, 0x00000007a8000000, 0x00000007a8000000)
  eden space 87424K, 100% used [0x00000007a0000000, 0x00000007a5560000, 0x00000007a5560000)
  from space 21824K,   3% used [0x00000007a6ab0000, 0x00000007a6b5c0d0, 0x00000007a8000000)
  to   space 21824K,   0% used [0x00000007a5560000, 0x00000007a5560000, 0x00000007a6ab0000)
 concurrent mark-sweep generation total 393216K, used 56557K [0x00000007a8000000, 0x00000007c0000000, 0x00000007c0000000)
 Metaspace       used 44135K, capacity 45687K, committed 45940K, reserved 1089536K
  class space    used 5092K, capacity 5468K, committed 5524K, reserved 1048576K
2018-01-08T13:08:20.422-0100: 7685.366: [GC (Allocation Failure) 2018-01-08T13:08:20.422-0100: 7685.366: [ParNew
Desired survivor size 20112992 bytes, new threshold 8 (max 8)
- age   1:     355528 bytes,     355528 total
- age   2:      40544 bytes,     396072 total
- age   3:      74424 bytes,     470496 total
- age   4:      27832 bytes,     498328 total
- age   5:      26040 bytes,     524368 total
- age   6:      35192 bytes,     559560 total
- age   7:      26536 bytes,     586096 total
- age   8:      17128 bytes,     603224 total
: 88112K->740K(109248K), 0.0035996 secs] 144669K->57332K(502464K), 0.0036916 secs] [Times: user=0.01 sys=0.00, real=0.00 secs] 
Heap after GC invocations=124 (full 2):
 par new generation   total 109248K, used 740K [0x00000007a0000000, 0x00000007a8000000, 0x00000007a8000000)
  eden space 87424K,   0% used [0x00000007a0000000, 0x00000007a0000000, 0x00000007a5560000)
  from space 21824K,   3% used [0x00000007a5560000, 0x00000007a5619130, 0x00000007a6ab0000)
  to   space 21824K,   0% used [0x00000007a6ab0000, 0x00000007a6ab0000, 0x00000007a8000000)
 concurrent mark-sweep generation total 393216K, used 56592K [0x00000007a8000000, 0x00000007c0000000, 0x00000007c0000000)
 Metaspace       used 44135K, capacity 45687K, committed 45940K, reserved 1089536K
  class space    used 5092K, capacity 5468K, committed 5524K, reserved 1048576K
}
2018-01-08T13:08:20.425-0100: 7685.370: Total time for which application threads were stopped: 0.0039309 seconds, Stopping threads took: 0.0000339 seconds
2018-01-08T13:08:20.438-0100: 7685.383: Total time for which application threads were stopped: 0.0001321 seconds, Stopping threads took: 0.0000188 seconds
2018-01-08T13:08:30.339-0100: 7695.283: Total time for which application threads were stopped: 0.0002367 seconds, Stopping threads took: 0.0000402 seconds
2018-01-08T13:08:30.339-0100: 7695.284: Total time for which application threads were stopped: 0.0002085 seconds, Stopping threads took: 0.0000385 seconds
2018-01-08T13:08:30.440-0100: 7695.385: Total time for which application threads were stopped: 0.0003166 seconds, Stopping threads took: 0.0000200 seconds
2018-01-08T13:08:30.440-0100: 7695.385: Total time for which application threads were stopped: 0.0000823 seconds, Stopping threads took: 0.0000079 seconds
2018-01-08T13:08:40.346-0100: 7705.290: Total time for which application threads were stopped: 0.0007329 seconds, Stopping threads took: 0.0005328 seconds
2018-01-08T13:08:40.346-0100: 7705.291: Total time for which application threads were stopped: 0.0002154 seconds, Stopping threads took: 0.0000464 seconds
{Heap before GC invocations=124 (full 2):
 par new generation   total 109248K, used 88164K [0x00000007a0000000, 0x00000007a8000000, 0x00000007a8000000)
  eden space 87424K, 100% used [0x00000007a0000000, 0x00000007a5560000, 0x00000007a5560000)
  from space 21824K,   3% used [0x00000007a5560000, 0x00000007a5619130, 0x00000007a6ab0000)
  to   space 21824K,   0% used [0x00000007a6ab0000, 0x00000007a6ab0000, 0x00000007a8000000)
 concurrent mark-sweep generation total 393216K, used 56592K [0x00000007a8000000, 0x00000007c0000000, 0x00000007c0000000)
 Metaspace       used 44136K, capacity 45687K, committed 45940K, reserved 1089536K
  class space    used 5092K, capacity 5468K, committed 5524K, reserved 1048576K
2018-01-08T13:08:40.411-0100: 7705.355: [GC (Allocation Failure) 2018-01-08T13:08:40.411-0100: 7705.355: [ParNew
Desired survivor size 20112992 bytes, new threshold 8 (max 8)
- age   1:     359472 bytes,     359472 total
- age   2:      44256 bytes,     403728 total
- age   3:      25200 bytes,     428928 total
- age   4:      73080 bytes,     502008 total
- age   5:      26416 bytes,     528424 total
- age   6:      26040 bytes,     554464 total
- age   7:      35016 bytes,     589480 total
- age   8:      25320 bytes,     614800 total
: 88164K->847K(109248K), 0.0033298 secs] 144756K->57456K(502464K), 0.0034196 secs] [Times: user=0.01 sys=0.00, real=0.00 secs] 
Heap after GC invocations=125 (full 2):
 par new generation   total 109248K, used 847K [0x00000007a0000000, 0x00000007a8000000, 0x00000007a8000000)
  eden space 87424K,   0% used [0x00000007a0000000, 0x00000007a0000000, 0x00000007a5560000)
  from space 21824K,   3% used [0x00000007a6ab0000, 0x00000007a6b83f50, 0x00000007a8000000)
  to   space 21824K,   0% used [0x00000007a5560000, 0x00000007a5560000, 0x00000007a6ab0000)
 concurrent mark-sweep generation total 393216K, used 56608K [0x00000007a8000000, 0x00000007c0000000, 0x00000007c0000000)
 Metaspace       used 44136K, capacity 45687K, committed 45940K, reserved 1089536K
  class space    used 5092K, capacity 5468K, committed 5524K, reserved 1048576K
}
2018-01-08T13:08:40.414-0100: 7705.359: Total time for which application threads were stopped: 0.0036635 seconds, Stopping threads took: 0.0000204 seconds
2018-01-08T13:08:40.447-0100: 7705.392: Total time for which application threads were stopped: 0.0001349 seconds, Stopping threads took: 0.0000192 seconds
2018-01-08T13:08:50.351-0100: 7715.296: Total time for which application threads were stopped: 0.0002926 seconds, Stopping threads took: 0.0000666 seconds
2018-01-08T13:08:50.352-0100: 7715.297: Total time for which application threads were stopped: 0.0002485 seconds, Stopping threads took: 0.0000243 seconds
2018-01-08T13:08:50.451-0100: 7715.395: Total time for which application threads were stopped: 0.0002450 seconds, Stopping threads took: 0.0000334 seconds
2018-01-08T13:08:51.453-0100: 7716.398: Total time for which application threads were stopped: 0.0002300 seconds, Stopping threads took: 0.0000324 seconds
2018-01-08T13:08:53.458-0100: 7718.403: Total time for which application threads were stopped: 0.0003169 seconds, Stopping threads took: 0.0000513 seconds
2018-01-08T13:09:00.352-0100: 7725.297: Total time for which application threads were stopped: 0.0002183 seconds, Stopping threads took: 0.0000397 seconds
2018-01-08T13:09:00.353-0100: 7725.298: Total time for which application threads were stopped: 0.0002506 seconds, Stopping threads took: 0.0000198 seconds
{Heap before GC invocations=125 (full 2):
 par new generation   total 109248K, used 88271K [0x00000007a0000000, 0x00000007a8000000, 0x00000007a8000000)
  eden space 87424K, 100% used [0x00000007a0000000, 0x00000007a5560000, 0x00000007a5560000)
  from space 21824K,   3% used [0x00000007a6ab0000, 0x00000007a6b83f50, 0x00000007a8000000)
  to   space 21824K,   0% used [0x00000007a5560000, 0x00000007a5560000, 0x00000007a6ab0000)
 concurrent mark-sweep generation total 393216K, used 56608K [0x00000007a8000000, 0x00000007c0000000, 0x00000007c0000000)
 Metaspace       used 44147K, capacity 45687K, committed 45940K, reserved 1089536K
  class space    used 5092K, capacity 5468K, committed 5524K, reserved 1048576K
2018-01-08T13:09:00.407-0100: 7725.351: [GC (Allocation Failure) 2018-01-08T13:09:00.407-0100: 7725.351: [ParNew
Desired survivor size 20112992 bytes, new threshold 8 (max 8)
- age   1:     365856 bytes,     365856 total
- age   2:      44368 bytes,     410224 total
- age   3:      30216 bytes,     440440 total
- age   4:      24240 bytes,     464680 total
- age   5:      69336 bytes,     534016 total
- age   6:      26416 bytes,     560432 total
- age   7:      26040 bytes,     586472 total
- age   8:      34712 bytes,     621184 total
: 88271K->840K(109248K), 0.0031483 secs] 144880K->57473K(502464K), 0.0032404 secs] [Times: user=0.01 sys=0.00, real=0.01 secs] 
Heap after GC invocations=126 (full 2):
 par new generation   total 109248K, used 840K [0x00000007a0000000, 0x00000007a8000000, 0x00000007a8000000)
  eden space 87424K,   0% used [0x00000007a0000000, 0x00000007a0000000, 0x00000007a5560000)
  from space 21824K,   3% used [0x00000007a5560000, 0x00000007a5632248, 0x00000007a6ab0000)
  to   space 21824K,   0% used [0x00000007a6ab0000, 0x00000007a6ab0000, 0x00000007a8000000)
 concurrent mark-sweep generation total 393216K, used 56632K [0x00000007a8000000, 0x00000007c0000000, 0x00000007c0000000)
 Metaspace       used 44147K, capacity 45687K, committed 45940K, reserved 1089536K
  class space    used 5092K, capacity 5468K, committed 5524K, reserved 1048576K
}
2018-01-08T13:09:00.410-0100: 7725.355: Total time for which application threads were stopped: 0.0034739 seconds, Stopping threads took: 0.0000208 seconds
2018-01-08T13:09:00.463-0100: 7725.407: Total time for which application threads were stopped: 0.0001493 seconds, Stopping threads took: 0.0000326 seconds
2018-01-08T13:09:01.465-0100: 7726.410: Total time for which application threads were stopped: 0.0003124 seconds, Stopping threads took: 0.0000451 seconds
2018-01-08T13:09:06.478-0100: 7731.423: Total time for which application threads were stopped: 0.0002214 seconds, Stopping threads took: 0.0000343 seconds
2018-01-08T13:09:07.483-0100: 7732.427: Total time for which application threads were stopped: 0.0002190 seconds, Stopping threads took: 0.0000420 seconds
2018-01-08T13:09:10.356-0100: 7735.300: Total time for which application threads were stopped: 0.0002177 seconds, Stopping threads took: 0.0000458 seconds
2018-01-08T13:09:10.356-0100: 7735.301: Total time for which application threads were stopped: 0.0002051 seconds, Stopping threads took: 0.0000451 seconds
2018-01-08T13:09:10.461-0100: 7735.405: Total time for which application threads were stopped: 0.0001438 seconds, Stopping threads took: 0.0000209 seconds
2018-01-08T13:09:12.466-0100: 7737.410: Total time for which application threads were stopped: 0.0004355 seconds, Stopping threads took: 0.0000563 seconds
2018-01-08T13:09:12.803-0100: 7737.748: Total time for which application threads were stopped: 0.0003245 seconds, Stopping threads took: 0.0000515 seconds
2018-01-08T13:09:12.804-0100: 7737.749: Total time for which application threads were stopped: 0.0002929 seconds, Stopping threads took: 0.0000297 seconds
{Heap before GC invocations=126 (full 2):
 par new generation   total 109248K, used 88264K [0x00000007a0000000, 0x00000007a8000000, 0x00000007a8000000)
  eden space 87424K, 100% used [0x00000007a0000000, 0x00000007a5560000, 0x00000007a5560000)
  from space 21824K,   3% used [0x00000007a5560000, 0x00000007a5632248, 0x00000007a6ab0000)
  to   space 21824K,   0% used [0x00000007a6ab0000, 0x00000007a6ab0000, 0x00000007a8000000)
 concurrent mark-sweep generation total 393216K, used 56632K [0x00000007a8000000, 0x00000007c0000000, 0x00000007c0000000)
 Metaspace       used 44148K, capacity 45687K, committed 45940K, reserved 1089536K
  class space    used 5092K, capacity 5468K, committed 5524K, reserved 1048576K
2018-01-08T13:09:12.860-0100: 7737.804: [GC (Allocation Failure) 2018-01-08T13:09:12.860-0100: 7737.805: [ParNew
Desired survivor size 20112992 bytes, new threshold 8 (max 8)
- age   1:     362744 bytes,     362744 total
- age   2:      59696 bytes,     422440 total
- age   3:      29528 bytes,     451968 total
- age   4:      27840 bytes,     479808 total
- age   5:      22824 bytes,     502632 total
- age   6:      69312 bytes,     571944 total
- age   7:      26416 bytes,     598360 total
- age   8:      25976 bytes,     624336 total
: 88264K->782K(109248K), 0.0164765 secs] 144897K->57448K(502464K), 0.0165861 secs] [Times: user=0.02 sys=0.00, real=0.01 secs] 
Heap after GC invocations=127 (full 2):
 par new generation   total 109248K, used 782K [0x00000007a0000000, 0x00000007a8000000, 0x00000007a8000000)
  eden space 87424K,   0% used [0x00000007a0000000, 0x00000007a0000000, 0x00000007a5560000)
  from space 21824K,   3% used [0x00000007a6ab0000, 0x00000007a6b73af0, 0x00000007a8000000)
  to   space 21824K,   0% used [0x00000007a5560000, 0x00000007a5560000, 0x00000007a6ab0000)
 concurrent mark-sweep generation total 393216K, used 56665K [0x00000007a8000000, 0x00000007c0000000, 0x00000007c0000000)
 Metaspace       used 44148K, capacity 45687K, committed 45940K, reserved 1089536K
  class space    used 5092K, capacity 5468K, committed 5524K, reserved 1048576K
}
2018-01-08T13:09:12.877-0100: 7737.821: Total time for which application threads were stopped: 0.0169145 seconds, Stopping threads took: 0.0000307 seconds
2018-01-08T13:09:12.960-0100: 7737.904: Total time for which application threads were stopped: 0.0001570 seconds, Stopping threads took: 0.0000207 seconds
2018-01-08T13:09:13.963-0100: 7738.908: Total time for which application threads were stopped: 0.0003224 seconds, Stopping threads took: 0.0000435 seconds
2018-01-08T13:09:14.965-0100: 7739.910: Total time for which application threads were stopped: 0.0003172 seconds, Stopping threads took: 0.0000482 seconds
2018-01-08T13:09:15.966-0100: 7740.910: Total time for which application threads were stopped: 0.0003382 seconds, Stopping threads took: 0.0000475 seconds
2018-01-08T13:09:16.966-0100: 7741.911: Total time for which application threads were stopped: 0.0002966 seconds, Stopping threads took: 0.0000431 seconds
2018-01-08T13:09:20.979-0100: 7745.923: Total time for which application threads were stopped: 0.0003098 seconds, Stopping threads took: 0.0000427 seconds
2018-01-08T13:09:27.993-0100: 7752.938: Total time for which application threads were stopped: 0.0003057 seconds, Stopping threads took: 0.0000418 seconds
2018-01-08T13:09:33.007-0100: 7757.951: Total time for which application threads were stopped: 0.0002980 seconds, Stopping threads took: 0.0000460 seconds
2018-01-08T13:09:35.012-0100: 7759.956: Total time for which application threads were stopped: 0.0003102 seconds, Stopping threads took: 0.0000478 seconds
2018-01-08T13:09:36.012-0100: 7760.957: Total time for which application threads were stopped: 0.0002694 seconds, Stopping threads took: 0.0000469 seconds
2018-01-08T13:11:20.232-0100: 7865.176: Total time for which application threads were stopped: 0.0002403 seconds, Stopping threads took: 0.0000504 seconds
2018-01-08T13:11:36.350-0100: 7881.295: Total time for which application threads were stopped: 0.0001797 seconds, Stopping threads took: 0.0000415 seconds
2018-01-08T13:11:36.351-0100: 7881.295: Total time for which application threads were stopped: 0.0001695 seconds, Stopping threads took: 0.0000264 seconds
2018-01-08T13:11:36.352-0100: 7881.296: Total time for which application threads were stopped: 0.0001999 seconds, Stopping threads took: 0.0000548 seconds
2018-01-08T13:11:36.352-0100: 7881.297: Total time for which application threads were stopped: 0.0003390 seconds, Stopping threads took: 0.0000401 seconds
2018-01-08T13:11:36.353-0100: 7881.297: Total time for which application threads were stopped: 0.0002945 seconds, Stopping threads took: 0.0000712 seconds
{Heap before GC invocations=127 (full 2):
 par new generation   total 109248K, used 88202K [0x00000007a0000000, 0x00000007a8000000, 0x00000007a8000000)
  eden space 87424K,  99% used [0x00000007a0000000, 0x00000007a555eda0, 0x00000007a5560000)
  from space 21824K,   3% used [0x00000007a6ab0000, 0x00000007a6b73af0, 0x00000007a8000000)
  to   space 21824K,   0% used [0x00000007a5560000, 0x00000007a5560000, 0x00000007a6ab0000)
 concurrent mark-sweep generation total 393216K, used 56665K [0x00000007a8000000, 0x00000007c0000000, 0x00000007c0000000)
 Metaspace       used 44149K, capacity 45687K, committed 45940K, reserved 1089536K
  class space    used 5092K, capacity 5468K, committed 5524K, reserved 1048576K
2018-01-08T13:11:36.448-0100: 7881.392: [GC (Allocation Failure) 2018-01-08T13:11:36.448-0100: 7881.392: [ParNew
Desired survivor size 20112992 bytes, new threshold 8 (max 8)
- age   1:     480008 bytes,     480008 total
- age   2:      23360 bytes,     503368 total
- age   3:      30680 bytes,     534048 total
- age   4:      27776 bytes,     561824 total
- age   5:      26392 bytes,     588216 total
- age   6:      22824 bytes,     611040 total
- age   7:      30056 bytes,     641096 total
- age   8:      25936 bytes,     667032 total
: 88202K->937K(109248K), 0.0037160 secs] 144867K->57627K(502464K), 0.0038361 secs] [Times: user=0.01 sys=0.00, real=0.01 secs] 
Heap after GC invocations=128 (full 2):
 par new generation   total 109248K, used 937K [0x00000007a0000000, 0x00000007a8000000, 0x00000007a8000000)
  eden space 87424K,   0% used [0x00000007a0000000, 0x00000007a0000000, 0x00000007a5560000)
  from space 21824K,   4% used [0x00000007a5560000, 0x00000007a564a4f0, 0x00000007a6ab0000)
  to   space 21824K,   0% used [0x00000007a6ab0000, 0x00000007a6ab0000, 0x00000007a8000000)
 concurrent mark-sweep generation total 393216K, used 56690K [0x00000007a8000000, 0x00000007c0000000, 0x00000007c0000000)
 Metaspace       used 44149K, capacity 45687K, committed 45940K, reserved 1089536K
  class space    used 5092K, capacity 5468K, committed 5524K, reserved 1048576K
}
2018-01-08T13:11:36.451-0100: 7881.396: Total time for which application threads were stopped: 0.0040957 seconds, Stopping threads took: 0.0000454 seconds
2018-01-08T13:11:36.458-0100: 7881.402: Total time for which application threads were stopped: 0.0001128 seconds, Stopping threads took: 0.0000180 seconds
2018-01-08T13:11:37.461-0100: 7882.406: Total time for which application threads were stopped: 0.0002152 seconds, Stopping threads took: 0.0000289 seconds
2018-01-08T13:11:41.466-0100: 7886.410: Total time for which application threads were stopped: 0.0002099 seconds, Stopping threads took: 0.0000349 seconds
2018-01-08T13:11:42.472-0100: 7887.416: Total time for which application threads were stopped: 0.0002504 seconds, Stopping threads took: 0.0000421 seconds
2018-01-08T13:11:46.359-0100: 7891.303: Total time for which application threads were stopped: 0.0002975 seconds, Stopping threads took: 0.0000551 seconds
2018-01-08T13:11:46.362-0100: 7891.306: Total time for which application threads were stopped: 0.0002233 seconds, Stopping threads took: 0.0000618 seconds
2018-01-08T13:11:46.462-0100: 7891.406: Total time for which application threads were stopped: 0.0001259 seconds, Stopping threads took: 0.0000200 seconds
2018-01-08T13:11:47.475-0100: 7892.419: Total time for which application threads were stopped: 0.0001735 seconds, Stopping threads took: 0.0000251 seconds
2018-01-08T13:11:47.476-0100: 7892.420: Total time for which application threads were stopped: 0.0001457 seconds, Stopping threads took: 0.0000219 seconds
2018-01-08T13:11:49.868-0100: 7894.812: Total time for which application threads were stopped: 0.0002712 seconds, Stopping threads took: 0.0000445 seconds
2018-01-08T13:11:49.869-0100: 7894.813: Total time for which application threads were stopped: 0.0003016 seconds, Stopping threads took: 0.0000589 seconds
2018-01-08T13:11:50.061-0100: 7895.005: Total time for which application threads were stopped: 0.0004542 seconds, Stopping threads took: 0.0000580 seconds
2018-01-08T13:11:50.757-0100: 7895.701: Total time for which application threads were stopped: 0.0001766 seconds, Stopping threads took: 0.0000221 seconds
{Heap before GC invocations=128 (full 2):
 par new generation   total 109248K, used 88361K [0x00000007a0000000, 0x00000007a8000000, 0x00000007a8000000)
  eden space 87424K, 100% used [0x00000007a0000000, 0x00000007a5560000, 0x00000007a5560000)
  from space 21824K,   4% used [0x00000007a5560000, 0x00000007a564a4f0, 0x00000007a6ab0000)
  to   space 21824K,   0% used [0x00000007a6ab0000, 0x00000007a6ab0000, 0x00000007a8000000)
 concurrent mark-sweep generation total 393216K, used 56690K [0x00000007a8000000, 0x00000007c0000000, 0x00000007c0000000)
 Metaspace       used 44151K, capacity 45687K, committed 45940K, reserved 1089536K
  class space    used 5093K, capacity 5468K, committed 5524K, reserved 1048576K
2018-01-08T13:11:51.511-0100: 7896.455: [GC (Allocation Failure) 2018-01-08T13:11:51.511-0100: 7896.455: [ParNew
Desired survivor size 20112992 bytes, new threshold 8 (max 8)
- age   1:     394400 bytes,     394400 total
- age   2:     142024 bytes,     536424 total
- age   3:      21016 bytes,     557440 total
- age   4:      29792 bytes,     587232 total
- age   5:      26360 bytes,     613592 total
- age   6:      25664 bytes,     639256 total
- age   7:      22800 bytes,     662056 total
- age   8:      29032 bytes,     691088 total
: 88361K->850K(109248K), 0.0044017 secs] 145051K->57566K(502464K), 0.0045005 secs] [Times: user=0.01 sys=0.00, real=0.00 secs] 
Heap after GC invocations=129 (full 2):
 par new generation   total 109248K, used 850K [0x00000007a0000000, 0x00000007a8000000, 0x00000007a8000000)
  eden space 87424K,   0% used [0x00000007a0000000, 0x00000007a0000000, 0x00000007a5560000)
  from space 21824K,   3% used [0x00000007a6ab0000, 0x00000007a6b84b68, 0x00000007a8000000)
  to   space 21824K,   0% used [0x00000007a5560000, 0x00000007a5560000, 0x00000007a6ab0000)
 concurrent mark-sweep generation total 393216K, used 56715K [0x00000007a8000000, 0x00000007c0000000, 0x00000007c0000000)
 Metaspace       used 44151K, capacity 45687K, committed 45940K, reserved 1089536K
  class space    used 5093K, capacity 5468K, committed 5524K, reserved 1048576K
}
2018-01-08T13:11:51.515-0100: 7896.459: Total time for which application threads were stopped: 0.0047895 seconds, Stopping threads took: 0.0000255 seconds
2018-01-08T13:11:54.518-0100: 7899.462: Total time for which application threads were stopped: 0.0001833 seconds, Stopping threads took: 0.0000231 seconds
2018-01-08T13:11:59.530-0100: 7904.474: Total time for which application threads were stopped: 0.0001558 seconds, Stopping threads took: 0.0000225 seconds
2018-01-08T13:12:09.057-0100: 7914.001: Total time for which application threads were stopped: 0.0001937 seconds, Stopping threads took: 0.0000239 seconds
2018-01-08T13:12:10.059-0100: 7915.003: Total time for which application threads were stopped: 0.0003779 seconds, Stopping threads took: 0.0000442 seconds
2018-01-08T13:12:19.377-0100: 7924.321: Total time for which application threads were stopped: 0.0002477 seconds, Stopping threads took: 0.0000477 seconds
2018-01-08T13:12:19.378-0100: 7924.322: Total time for which application threads were stopped: 0.0001703 seconds, Stopping threads took: 0.0000348 seconds
2018-01-08T13:12:19.480-0100: 7924.424: Total time for which application threads were stopped: 0.0001351 seconds, Stopping threads took: 0.0000323 seconds
2018-01-08T13:12:29.385-0100: 7934.329: Total time for which application threads were stopped: 0.0002218 seconds, Stopping threads took: 0.0000469 seconds
2018-01-08T13:12:29.386-0100: 7934.330: Total time for which application threads were stopped: 0.0002156 seconds, Stopping threads took: 0.0000430 seconds
{Heap before GC invocations=129 (full 2):
 par new generation   total 109248K, used 88274K [0x00000007a0000000, 0x00000007a8000000, 0x00000007a8000000)
  eden space 87424K, 100% used [0x00000007a0000000, 0x00000007a5560000, 0x00000007a5560000)
  from space 21824K,   3% used [0x00000007a6ab0000, 0x00000007a6b84b68, 0x00000007a8000000)
  to   space 21824K,   0% used [0x00000007a5560000, 0x00000007a5560000, 0x00000007a6ab0000)
 concurrent mark-sweep generation total 393216K, used 56715K [0x00000007a8000000, 0x00000007c0000000, 0x00000007c0000000)
 Metaspace       used 44152K, capacity 45687K, committed 45940K, reserved 1089536K
  class space    used 5093K, capacity 5468K, committed 5524K, reserved 1048576K
2018-01-08T13:12:29.459-0100: 7934.403: [GC (Allocation Failure) 2018-01-08T13:12:29.459-0100: 7934.403: [ParNew
Desired survivor size 20112992 bytes, new threshold 8 (max 8)
- age   1:     365136 bytes,     365136 total
- age   2:     110504 bytes,     475640 total
- age   3:     128264 bytes,     603904 total
- age   4:      18184 bytes,     622088 total
- age   5:      26784 bytes,     648872 total
- age   6:      26360 bytes,     675232 total
- age   7:      20904 bytes,     696136 total
- age   8:      22200 bytes,     718336 total
: 88274K->1051K(109248K), 0.0033267 secs] 144990K->57794K(502464K), 0.0034214 secs] [Times: user=0.01 sys=0.00, real=0.01 secs] 
Heap after GC invocations=130 (full 2):
 par new generation   total 109248K, used 1051K [0x00000007a0000000, 0x00000007a8000000, 0x00000007a8000000)
  eden space 87424K,   0% used [0x00000007a0000000, 0x00000007a0000000, 0x00000007a5560000)
  from space 21824K,   4% used [0x00000007a5560000, 0x00000007a5666d08, 0x00000007a6ab0000)
  to   space 21824K,   0% used [0x00000007a6ab0000, 0x00000007a6ab0000, 0x00000007a8000000)
 concurrent mark-sweep generation total 393216K, used 56742K [0x00000007a8000000, 0x00000007c0000000, 0x00000007c0000000)
 Metaspace       used 44152K, capacity 45687K, committed 45940K, reserved 1089536K
  class space    used 5093K, capacity 5468K, committed 5524K, reserved 1048576K
}
2018-01-08T13:12:29.462-0100: 7934.406: Total time for which application threads were stopped: 0.0036439 seconds, Stopping threads took: 0.0000215 seconds
2018-01-08T13:12:29.495-0100: 7934.439: Total time for which application threads were stopped: 0.0001323 seconds, Stopping threads took: 0.0000209 seconds
2018-01-08T13:12:39.091-0100: 7944.035: Total time for which application threads were stopped: 0.0002563 seconds, Stopping threads took: 0.0000477 seconds
2018-01-08T13:12:39.092-0100: 7944.036: Total time for which application threads were stopped: 0.0002957 seconds, Stopping threads took: 0.0000243 seconds
2018-01-08T13:12:39.241-0100: 7944.185: Total time for which application threads were stopped: 0.0001975 seconds, Stopping threads took: 0.0000246 seconds
2018-01-08T13:12:44.684-0100: 7949.628: Total time for which application threads were stopped: 0.0003960 seconds, Stopping threads took: 0.0000239 seconds
2018-01-08T13:12:55.695-0100: 7960.638: Total time for which application threads were stopped: 0.0002611 seconds, Stopping threads took: 0.0000354 seconds
2018-01-08T13:14:25.023-0100: 8049.966: Total time for which application threads were stopped: 0.0001543 seconds, Stopping threads took: 0.0000319 seconds
2018-01-08T13:14:25.023-0100: 8049.966: Total time for which application threads were stopped: 0.0001095 seconds, Stopping threads took: 0.0000127 seconds
2018-01-08T13:14:25.029-0100: 8049.972: Total time for which application threads were stopped: 0.0001605 seconds, Stopping threads took: 0.0000325 seconds
2018-01-08T13:14:25.029-0100: 8049.972: Total time for which application threads were stopped: 0.0001304 seconds, Stopping threads took: 0.0000390 seconds
2018-01-08T13:14:26.032-0100: 8050.976: Total time for which application threads were stopped: 0.0002654 seconds, Stopping threads took: 0.0000421 seconds
2018-01-08T13:15:25.032-0100: 8109.976: Total time for which application threads were stopped: 0.0002239 seconds, Stopping threads took: 0.0000391 seconds
2018-01-08T13:15:43.200-0100: 8128.143: Total time for which application threads were stopped: 0.0006790 seconds, Stopping threads took: 0.0000346 seconds
2018-01-08T13:15:43.200-0100: 8128.144: Total time for which application threads were stopped: 0.0002095 seconds, Stopping threads took: 0.0000492 seconds
2018-01-08T13:15:43.201-0100: 8128.144: Total time for which application threads were stopped: 0.0001949 seconds, Stopping threads took: 0.0000375 seconds
2018-01-08T13:15:43.202-0100: 8128.145: Total time for which application threads were stopped: 0.0002284 seconds, Stopping threads took: 0.0000454 seconds
{Heap before GC invocations=130 (full 2):
 par new generation   total 109248K, used 88475K [0x00000007a0000000, 0x00000007a8000000, 0x00000007a8000000)
  eden space 87424K, 100% used [0x00000007a0000000, 0x00000007a5560000, 0x00000007a5560000)
  from space 21824K,   4% used [0x00000007a5560000, 0x00000007a5666d08, 0x00000007a6ab0000)
  to   space 21824K,   0% used [0x00000007a6ab0000, 0x00000007a6ab0000, 0x00000007a8000000)
 concurrent mark-sweep generation total 393216K, used 56742K [0x00000007a8000000, 0x00000007c0000000, 0x00000007c0000000)
 Metaspace       used 44162K, capacity 45687K, committed 45940K, reserved 1089536K
  class space    used 5093K, capacity 5468K, committed 5524K, reserved 1048576K
2018-01-08T13:15:43.216-0100: 8128.160: [GC (Allocation Failure) 2018-01-08T13:15:43.217-0100: 8128.160: [ParNew
Desired survivor size 20112992 bytes, new threshold 8 (max 8)
- age   1:     440576 bytes,     440576 total
- age   2:      34336 bytes,     474912 total
- age   3:      28848 bytes,     503760 total
- age   4:      53688 bytes,     557448 total
- age   5:      18184 bytes,     575632 total
- age   6:      26696 bytes,     602328 total
- age   7:      26360 bytes,     628688 total
- age   8:      20320 bytes,     649008 total
: 88475K->826K(109248K), 0.0031447 secs] 145218K->57590K(502464K), 0.0035142 secs] [Times: user=0.01 sys=0.00, real=0.01 secs] 
